###############################################################################
#
# IAR ELF Linker V8.22.1.15669/W32 for ARM                21/Sep/2018  01:04:08
# Copyright 2007-2018 IAR Systems AB.
#
#    Output file  =  
#        D:\WORK\DEVO\CODE\SFOX_ZERO\SFOX_ZERO\EWARM\SFOX_ZERO\Exe\SFOX_ZERO.out
#    Map file     =  
#        D:\WORK\DEVO\CODE\SFOX_ZERO\SFOX_ZERO\EWARM\SFOX_ZERO\List\SFOX_ZERO.map
#    Command line =  
#        -f C:\Users\tsuig\AppData\Local\Temp\EWC265.tmp
#        (D:\WORK\DEVO\CODE\SFOX_ZERO\SFOX_ZERO\EWARM\SFOX_ZERO\Obj\app_ano.o
#        D:\WORK\DEVO\CODE\SFOX_ZERO\SFOX_ZERO\EWARM\SFOX_ZERO\Obj\app_ctrl.o
#        D:\WORK\DEVO\CODE\SFOX_ZERO\SFOX_ZERO\EWARM\SFOX_ZERO\Obj\app_ins.o
#        D:\WORK\DEVO\CODE\SFOX_ZERO\SFOX_ZERO\EWARM\SFOX_ZERO\Obj\app_ins_ekf_quaternion.o
#        D:\WORK\DEVO\CODE\SFOX_ZERO\SFOX_ZERO\EWARM\SFOX_ZERO\Obj\app_led.o
#        D:\WORK\DEVO\CODE\SFOX_ZERO\SFOX_ZERO\EWARM\SFOX_ZERO\Obj\app_ros.o
#        D:\WORK\DEVO\CODE\SFOX_ZERO\SFOX_ZERO\EWARM\SFOX_ZERO\Obj\app_uwb.o
#        D:\WORK\DEVO\CODE\SFOX_ZERO\SFOX_ZERO\EWARM\SFOX_ZERO\Obj\CMatrix.o
#        D:\WORK\DEVO\CODE\SFOX_ZERO\SFOX_ZERO\EWARM\SFOX_ZERO\Obj\cmsis_os.o
#        D:\WORK\DEVO\CODE\SFOX_ZERO\SFOX_ZERO\EWARM\SFOX_ZERO\Obj\croutine.o
#        D:\WORK\DEVO\CODE\SFOX_ZERO\SFOX_ZERO\EWARM\SFOX_ZERO\Obj\dma.o
#        D:\WORK\DEVO\CODE\SFOX_ZERO\SFOX_ZERO\EWARM\SFOX_ZERO\Obj\event_groups.o
#        D:\WORK\DEVO\CODE\SFOX_ZERO\SFOX_ZERO\EWARM\SFOX_ZERO\Obj\flash_on_chip.o
#        D:\WORK\DEVO\CODE\SFOX_ZERO\SFOX_ZERO\EWARM\SFOX_ZERO\Obj\freertos.o
#        D:\WORK\DEVO\CODE\SFOX_ZERO\SFOX_ZERO\EWARM\SFOX_ZERO\Obj\gpio.o
#        D:\WORK\DEVO\CODE\SFOX_ZERO\SFOX_ZERO\EWARM\SFOX_ZERO\Obj\heap_4.o
#        D:\WORK\DEVO\CODE\SFOX_ZERO\SFOX_ZERO\EWARM\SFOX_ZERO\Obj\list.o
#        D:\WORK\DEVO\CODE\SFOX_ZERO\SFOX_ZERO\EWARM\SFOX_ZERO\Obj\main.o
#        D:\WORK\DEVO\CODE\SFOX_ZERO\SFOX_ZERO\EWARM\SFOX_ZERO\Obj\motor_pwm.o
#        D:\WORK\DEVO\CODE\SFOX_ZERO\SFOX_ZERO\EWARM\SFOX_ZERO\Obj\mpu9250.o
#        D:\WORK\DEVO\CODE\SFOX_ZERO\SFOX_ZERO\EWARM\SFOX_ZERO\Obj\ms5803.o
#        D:\WORK\DEVO\CODE\SFOX_ZERO\SFOX_ZERO\EWARM\SFOX_ZERO\Obj\port.o
#        D:\WORK\DEVO\CODE\SFOX_ZERO\SFOX_ZERO\EWARM\SFOX_ZERO\Obj\portasm.o
#        D:\WORK\DEVO\CODE\SFOX_ZERO\SFOX_ZERO\EWARM\SFOX_ZERO\Obj\queue.o
#        D:\WORK\DEVO\CODE\SFOX_ZERO\SFOX_ZERO\EWARM\SFOX_ZERO\Obj\rc_pwm.o
#        D:\WORK\DEVO\CODE\SFOX_ZERO\SFOX_ZERO\EWARM\SFOX_ZERO\Obj\spi.o
#        D:\WORK\DEVO\CODE\SFOX_ZERO\SFOX_ZERO\EWARM\SFOX_ZERO\Obj\startup_stm32f407xx.o
#        D:\WORK\DEVO\CODE\SFOX_ZERO\SFOX_ZERO\EWARM\SFOX_ZERO\Obj\stm32f4xx_hal.o
#        D:\WORK\DEVO\CODE\SFOX_ZERO\SFOX_ZERO\EWARM\SFOX_ZERO\Obj\stm32f4xx_hal_cortex.o
#        D:\WORK\DEVO\CODE\SFOX_ZERO\SFOX_ZERO\EWARM\SFOX_ZERO\Obj\stm32f4xx_hal_dma.o
#        D:\WORK\DEVO\CODE\SFOX_ZERO\SFOX_ZERO\EWARM\SFOX_ZERO\Obj\stm32f4xx_hal_dma_ex.o
#        D:\WORK\DEVO\CODE\SFOX_ZERO\SFOX_ZERO\EWARM\SFOX_ZERO\Obj\stm32f4xx_hal_flash.o
#        D:\WORK\DEVO\CODE\SFOX_ZERO\SFOX_ZERO\EWARM\SFOX_ZERO\Obj\stm32f4xx_hal_flash_ex.o
#        D:\WORK\DEVO\CODE\SFOX_ZERO\SFOX_ZERO\EWARM\SFOX_ZERO\Obj\stm32f4xx_hal_flash_ramfunc.o
#        D:\WORK\DEVO\CODE\SFOX_ZERO\SFOX_ZERO\EWARM\SFOX_ZERO\Obj\stm32f4xx_hal_gpio.o
#        D:\WORK\DEVO\CODE\SFOX_ZERO\SFOX_ZERO\EWARM\SFOX_ZERO\Obj\stm32f4xx_hal_msp.o
#        D:\WORK\DEVO\CODE\SFOX_ZERO\SFOX_ZERO\EWARM\SFOX_ZERO\Obj\stm32f4xx_hal_pwr.o
#        D:\WORK\DEVO\CODE\SFOX_ZERO\SFOX_ZERO\EWARM\SFOX_ZERO\Obj\stm32f4xx_hal_pwr_ex.o
#        D:\WORK\DEVO\CODE\SFOX_ZERO\SFOX_ZERO\EWARM\SFOX_ZERO\Obj\stm32f4xx_hal_rcc.o
#        D:\WORK\DEVO\CODE\SFOX_ZERO\SFOX_ZERO\EWARM\SFOX_ZERO\Obj\stm32f4xx_hal_rcc_ex.o
#        D:\WORK\DEVO\CODE\SFOX_ZERO\SFOX_ZERO\EWARM\SFOX_ZERO\Obj\stm32f4xx_hal_spi.o
#        D:\WORK\DEVO\CODE\SFOX_ZERO\SFOX_ZERO\EWARM\SFOX_ZERO\Obj\stm32f4xx_hal_tim.o
#        D:\WORK\DEVO\CODE\SFOX_ZERO\SFOX_ZERO\EWARM\SFOX_ZERO\Obj\stm32f4xx_hal_tim_ex.o
#        D:\WORK\DEVO\CODE\SFOX_ZERO\SFOX_ZERO\EWARM\SFOX_ZERO\Obj\stm32f4xx_hal_timebase_TIM.o
#        D:\WORK\DEVO\CODE\SFOX_ZERO\SFOX_ZERO\EWARM\SFOX_ZERO\Obj\stm32f4xx_hal_uart.o
#        D:\WORK\DEVO\CODE\SFOX_ZERO\SFOX_ZERO\EWARM\SFOX_ZERO\Obj\stm32f4xx_it.o
#        D:\WORK\DEVO\CODE\SFOX_ZERO\SFOX_ZERO\EWARM\SFOX_ZERO\Obj\system_stm32f4xx.o
#        D:\WORK\DEVO\CODE\SFOX_ZERO\SFOX_ZERO\EWARM\SFOX_ZERO\Obj\tasks.o
#        D:\WORK\DEVO\CODE\SFOX_ZERO\SFOX_ZERO\EWARM\SFOX_ZERO\Obj\tim.o
#        D:\WORK\DEVO\CODE\SFOX_ZERO\SFOX_ZERO\EWARM\SFOX_ZERO\Obj\time.o
#        D:\WORK\DEVO\CODE\SFOX_ZERO\SFOX_ZERO\EWARM\SFOX_ZERO\Obj\timers.o
#        D:\WORK\DEVO\CODE\SFOX_ZERO\SFOX_ZERO\EWARM\SFOX_ZERO\Obj\usart.o
#        D:\WORK\DEVO\CODE\SFOX_ZERO\SFOX_ZERO\EWARM\SFOX_ZERO\Obj\usart_cfg.o
#        D:\WORK\DEVO\CODE\SFOX_ZERO\SFOX_ZERO\EWARM\SFOX_ZERO\Obj\uwb1000.o
#        --redirect _Printf=_PrintfFull --redirect _Scanf=_ScanfFull -o
#        D:\WORK\DEVO\CODE\SFOX_ZERO\SFOX_ZERO\EWARM\SFOX_ZERO\Exe\SFOX_ZERO.out
#        --map
#        D:\WORK\DEVO\CODE\SFOX_ZERO\SFOX_ZERO\EWARM\SFOX_ZERO\List\SFOX_ZERO.map
#        --config
#        D:\WORK\DEVO\CODE\SFOX_ZERO\SFOX_ZERO\EWARM/stm32f407xx_flash.icf
#        --semihosting --entry __iar_program_start "D:\Program Files (x86)\IAR
#        Systems\Embedded Workbench
#        8.0\arm\CMSIS\Lib\IAR\iar_cortexM4lf_math.a" --vfe --text_out locale)
#
###############################################################################

*******************************************************************************
*** RUNTIME MODEL ATTRIBUTES
***

CppFlavor       = *
__Heap_Handler  = DLMalloc
__SystemLibrary = DLib
__dlib_version  = 6


*******************************************************************************
*** HEAP SELECTION
***

The advanced heap was selected because the application calls memory
allocation functions outside of system library functions, and there
are calls to deallocation functions in the application.


*******************************************************************************
*** PLACEMENT SUMMARY
***

"A0":  place at 0x08000000 { ro section .intvec };
"P1":  place in [from 0x08000000 to 0x080fffff] { ro };
define block CSTACK with size = 1536, alignment = 8 { };
define block HEAP with size = 68K, alignment = 8 { };
"P2":  place in [from 0x20000000 to 0x2001ffff] {
          rw, block CSTACK, block HEAP };
initialize by copy { rw };

  Section            Kind        Address     Size  Object
  -------            ----        -------     ----  ------
"A0":                                       0x188
  .intvec            ro code  0x08000000    0x188  startup_stm32f407xx.o [1]
                            - 0x08000188    0x188

"P1":                                      0xcfb2
  .text              ro code  0x08000188   0x1710  app_ins_ekf_quaternion.o [1]
  .text              ro code  0x08001898    0xb7c  CMatrix.o [1]
  .text              ro code  0x08002414     0xa6  ABImemcpy.o [5]
  .text              ro code  0x080024bc     0x48  FltToDbl.o [4]
  .text              ro code  0x08002504    0x102  sqrt.o [4]
  .text              ro code  0x08002608    0x246  DblDiv.o [4]
  .text              ro code  0x08002850     0x68  DblToFlt.o [4]
  .text              ro code  0x080028b8     0x22  math_wrappers64.o [4]
  .text              ro code  0x080028dc    0x1a2  DblMul.o [4]
  .text              ro code  0x08002a80   0x14d4  dlmalloc.o [3]
  .text              ro code  0x08003f54      0x6  ABImemclr4.o [5]
  .text              ro code  0x08003f5a      0x4  heaptramp0.o [3]
  .text              ro code  0x08003f60      0x6  ABImemclr.o [5]
  .text              ro code  0x08003f68     0xf0  asin64.o [4]
  .text              ro code  0x08004058    0x13c  atan2_64.o [4]
  .text              ro code  0x08004194      0x6  abort.o [3]
  .text              ro code  0x0800419c     0x2c  xgetmemchunk.o [3]
  .text              ro code  0x080041c8     0x32  ABImemset48.o [5]
  .text              ro code  0x080041fc     0x5e  ABImemset.o [5]
  .text              ro code  0x0800425c     0x2e  DblCmpLe.o [4]
  .text              ro code  0x0800428c     0xe2  DblSub.o [4]
  .text              ro code  0x08004370    0x178  DblAdd.o [4]
  .text              ro code  0x080044e8    0x208  iar_Atan64.o [4]
  .text              ro code  0x080046f0     0x14  exit.o [6]
  .text              ro code  0x08004704     0x20  DblCmpEq.o [4]
  .text              ro code  0x08004724     0x2e  DblCmpGe.o [4]
  .text              ro code  0x08004754     0x2c  iarttio.o [6]
  .text              ro code  0x08004780      0xc  XShttio.o [3]
  .text              ro code  0x0800478c    0xd48  app_ano.o [1]
  .text              ro code  0x080054d4    0x168  usart_cfg.o [1]
  .text              ro code  0x0800563c    0x128  cmsis_os.o [1]
  .text              ro code  0x08005764     0x22  S32ToDbl.o [4]
  .text              ro code  0x08005788    0x834  flash_on_chip.o [1]
  .text              ro code  0x08005fbc    0x620  stm32f4xx_hal_uart.o [1]
  .text              ro code  0x080065dc    0x13e  main.o [1]
  .text              ro code  0x0800671c    0x1ac  uwb1000.o [1]
  .text              ro code  0x080068c8    0x668  app_ros.o [1]
  .text              ro code  0x08006f30    0x7b8  tasks.o [1]
  .text              ro code  0x080076e8    0x61c  queue.o [1]
  .text              ro code  0x08007d04    0x200  port.o [1]
  .text              ro code  0x08007f04    0x21c  stm32f4xx_hal_flash.o [1]
  .text              ro code  0x08008120    0x168  stm32f4xx_hal_flash_ex.o [1]
  .text              ro code  0x08008288     0x28  stm32f4xx_hal.o [1]
  .text              ro code  0x080082b0    0x584  usart.o [1]
  .text              ro code  0x08008834    0x41c  stm32f4xx_hal_dma.o [1]
  .text              ro code  0x08008c50      0x2  stm32f4xx_hal_uart.o [1]
  .text              ro code  0x08008c52      0x2  stm32f4xx_hal_uart.o [1]
  .text              ro code  0x08008c54      0x2  stm32f4xx_hal_uart.o [1]
  .text              ro code  0x08008c58    0x1e4  stm32f4xx_hal_rcc.o [1]
  .text              ro code  0x08008e3c     0x34  stm32f4xx_hal.o [1]
  .text              ro code  0x08008e70     0xb4  gpio.o [1]
  .text              ro code  0x08008f24     0xb8  dma.o [1]
  .text              ro code  0x08008fdc    0x20c  spi.o [1]
  .text              ro code  0x080091e8    0x470  tim.o [1]
  .text              ro code  0x08009658    0x31c  rc_pwm.o [1]
  .text              ro code  0x08009974    0x158  motor_pwm.o [1]
  .text              ro code  0x08009acc    0x730  mpu9250.o [1]
  .text              ro code  0x0800a1fc    0x36c  ms5803.o [1]
  .text              ro code  0x0800a568     0xc8  app_led.o [1]
  .text              ro code  0x0800a630    0x300  freertos.o [1]
  .text              ro code  0x0800a930    0x2fc  stm32f4xx_hal_rcc.o [1]
  .text              ro code  0x0800ac2c     0xdc  stm32f4xx_hal_cortex.o [1]
  .text              ro code  0x0800ad08     0x14  stm32f4xx_hal.o [1]
  .text              ro code  0x0800ad1c    0x174  iar_Stoulx.o [3]
  .text              ro code  0x0800ae90    0x1c4  heap_4.o [1]
  .text              ro code  0x0800b054     0x90  list.o [1]
  .text              ro code  0x0800b0e4      0x2  freertos.o [1]
  .text              ro code  0x0800b0e6      0x2  freertos.o [1]
  CODE               ro code  0x0800b0e8     0xa8  portasm.o [1]
  .text              ro code  0x0800b190      0xc  stm32f4xx_hal.o [1]
  .text              ro code  0x0800b19c    0x200  stm32f4xx_hal_gpio.o [1]
  .text              ro code  0x0800b39c     0x80  stm32f4xx_hal_timebase_TIM.o [1]
  .text              ro code  0x0800b41c    0x272  I64DivMod.o [5]
  .text              ro code  0x0800b690     0x94  stm32f4xx_hal_msp.o [1]
  .text              ro code  0x0800b724    0xa86  stm32f4xx_hal_spi.o [1]
  .text              ro code  0x0800c1ac    0x768  stm32f4xx_hal_tim.o [1]
  .text              ro code  0x0800c914     0x4e  stm32f4xx_hal_tim_ex.o [1]
  .text              ro code  0x0800c964     0x58  S64ToFlt.o [4]
  .text              ro code  0x0800c9bc     0x98  time.o [1]
  .text              ro code  0x0800ca54    0x1d0  app_ctrl.o [1]
  .text              ro code  0x0800cc24      0x4  app_uwb.o [1]
  .text              ro code  0x0800cc28     0x14  isspace.o [3]
  .text              ro code  0x0800cc3c     0x14  tolower.o [3]
  .text              ro code  0x0800cc50     0x58  memchr.o [5]
  .text              ro code  0x0800cca8      0x2  I64DivZer.o [5]
  .text              ro code  0x0800ccaa      0x2  stm32f4xx_hal_spi.o [1]
  .text              ro code  0x0800ccac      0x2  stm32f4xx_hal_spi.o [1]
  .text              ro code  0x0800ccae      0x2  stm32f4xx_hal_spi.o [1]
  .text              ro code  0x0800ccb0      0x2  stm32f4xx_hal_spi.o [1]
  .text              ro code  0x0800ccb2      0x2  stm32f4xx_hal_tim.o [1]
  .text              ro code  0x0800ccb4      0x2  stm32f4xx_hal_tim.o [1]
  .text              ro code  0x0800ccb6      0x2  stm32f4xx_hal_tim_ex.o [1]
  .text              ro code  0x0800ccb8      0x2  stm32f4xx_hal_tim.o [1]
  .text              ro code  0x0800ccba      0x2  stm32f4xx_hal_tim_ex.o [1]
  .text              ro code  0x0800ccbc     0x34  xlocale_c.o [3]
  .text              ro code  0x0800ccf0     0xd0  stm32f4xx_it.o [1]
  .rodata            const    0x0800cdc0     0x60  freertos.o [1]
  .text              ro code  0x0800ce20     0x60  system_stm32f4xx.o [1]
  .text              ro code  0x0800ce80     0x40  zero_init3.o [5]
  .text              ro code  0x0800cec0     0x38  packbits_init_single.o [5]
  .text              ro code  0x0800cef8     0x28  data_init.o [5]
  .text              ro code  0x0800cf20     0x22  fpinit_M.o [4]
  .iar.init_table    const    0x0800cf44     0x20  - Linker created -
  .text              ro code  0x0800cf64     0x1e  cmain.o [5]
  .text              ro code  0x0800cf82      0x4  low_level_init.o [3]
  .text              ro code  0x0800cf86      0x4  exit.o [3]
  .text              ro code  0x0800cf8c      0xa  cexit.o [5]
  .text              ro code  0x0800cf98     0x10  startup_stm32f407xx.o [1]
  .text              ro code  0x0800cfa8      0xc  cstartup_M.o [5]
  .rodata            const    0x0800cfb4      0x8  system_stm32f4xx.o [1]
  .text              ro code  0x0800cfbc      0x4  startup_stm32f407xx.o [1]
  .text              ro code  0x0800cfc0      0x4  startup_stm32f407xx.o [1]
  .text              ro code  0x0800cfc4      0x4  startup_stm32f407xx.o [1]
  .text              ro code  0x0800cfc8      0x4  startup_stm32f407xx.o [1]
  .text              ro code  0x0800cfcc      0x4  startup_stm32f407xx.o [1]
  .text              ro code  0x0800cfd0      0x4  startup_stm32f407xx.o [1]
  .text              ro code  0x0800cfd4      0x4  startup_stm32f407xx.o [1]
  .text              ro code  0x0800cfd8      0x4  startup_stm32f407xx.o [1]
  .text              ro code  0x0800cfdc      0x4  startup_stm32f407xx.o [1]
  .text              ro code  0x0800cfe0      0x4  startup_stm32f407xx.o [1]
  .text              ro code  0x0800cfe4      0x4  startup_stm32f407xx.o [1]
  .text              ro code  0x0800cfe8      0x4  startup_stm32f407xx.o [1]
  .text              ro code  0x0800cfec      0x4  startup_stm32f407xx.o [1]
  .text              ro code  0x0800cff0      0x4  startup_stm32f407xx.o [1]
  .text              ro code  0x0800cff4      0x4  startup_stm32f407xx.o [1]
  .text              ro code  0x0800cff8      0x4  startup_stm32f407xx.o [1]
  .text              ro code  0x0800cffc      0x4  startup_stm32f407xx.o [1]
  .text              ro code  0x0800d000      0x4  startup_stm32f407xx.o [1]
  .text              ro code  0x0800d004      0x4  startup_stm32f407xx.o [1]
  .text              ro code  0x0800d008      0x4  startup_stm32f407xx.o [1]
  .text              ro code  0x0800d00c      0x4  startup_stm32f407xx.o [1]
  .text              ro code  0x0800d010      0x4  startup_stm32f407xx.o [1]
  .text              ro code  0x0800d014      0x4  startup_stm32f407xx.o [1]
  .text              ro code  0x0800d018      0x4  startup_stm32f407xx.o [1]
  .text              ro code  0x0800d01c      0x4  startup_stm32f407xx.o [1]
  .text              ro code  0x0800d020      0x4  startup_stm32f407xx.o [1]
  .text              ro code  0x0800d024      0x4  startup_stm32f407xx.o [1]
  .text              ro code  0x0800d028      0x4  startup_stm32f407xx.o [1]
  .text              ro code  0x0800d02c      0x4  startup_stm32f407xx.o [1]
  .text              ro code  0x0800d030      0x4  startup_stm32f407xx.o [1]
  .text              ro code  0x0800d034      0x4  startup_stm32f407xx.o [1]
  .text              ro code  0x0800d038      0x4  startup_stm32f407xx.o [1]
  .text              ro code  0x0800d03c      0x4  startup_stm32f407xx.o [1]
  .text              ro code  0x0800d040      0x4  startup_stm32f407xx.o [1]
  .text              ro code  0x0800d044      0x4  startup_stm32f407xx.o [1]
  .text              ro code  0x0800d048      0x4  startup_stm32f407xx.o [1]
  .text              ro code  0x0800d04c      0x4  startup_stm32f407xx.o [1]
  .text              ro code  0x0800d050      0x4  startup_stm32f407xx.o [1]
  .text              ro code  0x0800d054      0x4  startup_stm32f407xx.o [1]
  .text              ro code  0x0800d058      0x4  startup_stm32f407xx.o [1]
  .text              ro code  0x0800d05c      0x4  startup_stm32f407xx.o [1]
  .text              ro code  0x0800d060      0x4  startup_stm32f407xx.o [1]
  .text              ro code  0x0800d064      0x4  startup_stm32f407xx.o [1]
  .text              ro code  0x0800d068      0x4  startup_stm32f407xx.o [1]
  .text              ro code  0x0800d06c      0x4  startup_stm32f407xx.o [1]
  .text              ro code  0x0800d070      0x4  startup_stm32f407xx.o [1]
  .text              ro code  0x0800d074      0x4  startup_stm32f407xx.o [1]
  .text              ro code  0x0800d078      0x4  startup_stm32f407xx.o [1]
  .text              ro code  0x0800d07c      0x4  startup_stm32f407xx.o [1]
  .text              ro code  0x0800d080      0x4  startup_stm32f407xx.o [1]
  .text              ro code  0x0800d084      0x4  startup_stm32f407xx.o [1]
  .text              ro code  0x0800d088      0x4  startup_stm32f407xx.o [1]
  .text              ro code  0x0800d08c      0x4  startup_stm32f407xx.o [1]
  .text              ro code  0x0800d090      0x4  startup_stm32f407xx.o [1]
  .text              ro code  0x0800d094      0x4  startup_stm32f407xx.o [1]
  .text              ro code  0x0800d098      0x4  startup_stm32f407xx.o [1]
  .text              ro code  0x0800d09c      0x4  startup_stm32f407xx.o [1]
  .text              ro code  0x0800d0a0      0x4  startup_stm32f407xx.o [1]
  .text              ro code  0x0800d0a4      0x4  startup_stm32f407xx.o [1]
  .text              ro code  0x0800d0a8      0x4  startup_stm32f407xx.o [1]
  .text              ro code  0x0800d0ac      0x4  startup_stm32f407xx.o [1]
  .text              ro code  0x0800d0b0      0x4  startup_stm32f407xx.o [1]
  .text              ro code  0x0800d0b4      0x4  startup_stm32f407xx.o [1]
  .rodata            const    0x0800d0b8      0x2  xlocale_c.o [3]
  .rodata            const    0x0800d0ba      0x0  zero_init3.o [5]
  .rodata            const    0x0800d0ba      0x0  packbits_init_single.o [5]
  Initializer bytes  const    0x0800d0ba     0x72  <for P2-1>
                            - 0x0800d12c   0xcfa4

"P2", part 1 of 3:                          0x148
  P2-1                        0x20000000    0x148  <Init block>
    .data            inited   0x20000000     0x5c  app_ins_ekf_quaternion.o [1]
    .data            inited   0x2000005c     0x80  mpu9250.o [1]
    .data            inited   0x200000dc      0xc  port.o [1]
    .data            inited   0x200000e8      0xc  stm32f4xx_hal.o [1]
    .data            inited   0x200000f4      0x4  system_stm32f4xx.o [1]
    .data            inited   0x200000f8     0x48  xlocale_c.o [3]
    .data            inited   0x20000140      0x8  XShttio.o [3]
                            - 0x20000148    0x148

"P2", part 2 of 3:                         0x50f4
  .bss               zero     0x20000148   0x3c18  heap_4.o [1]
  .bss               zero     0x20003d60    0x2dc  uwb1000.o [1]
  .bss               zero     0x2000403c    0x240  usart.o [1]
  .bss               zero     0x2000427c    0x1d8  dlmalloc.o [3]
  .bss               zero     0x20004454    0x12c  flash_on_chip.o [1]
  .bss               zero     0x20004580     0xf0  time.o [1]
  .bss               zero     0x20004670     0xc8  app_ros.o [1]
  .bss               zero     0x20004738     0xc8  app_ros.o [1]
  .bss               zero     0x20004800     0xc0  spi.o [1]
  .bss               zero     0x200048c0     0xa0  tasks.o [1]
  .bss               zero     0x20004960     0xa0  time.o [1]
  .bss               zero     0x20004a00     0x8c  tasks.o [1]
  .bss               zero     0x20004a8c     0x80  app_ano.o [1]
  .bss               zero     0x20004b0c     0x80  rc_pwm.o [1]
  .bss               zero     0x20004b8c     0x7c  app_ano.o [1]
  .bss               zero     0x20004c08     0x64  app_ano.o [1]
  .bss               zero     0x20004c6c     0x5c  app_ctrl.o [1]
  .bss               zero     0x20004cc8     0x58  spi.o [1]
  .bss               zero     0x20004d20     0x58  spi.o [1]
  .bss               zero     0x20004d78     0x40  mpu9250.o [1]
  .bss               zero     0x20004db8     0x40  usart.o [1]
  .bss               zero     0x20004df8     0x40  usart.o [1]
  .bss               zero     0x20004e38     0x40  usart.o [1]
  .bss               zero     0x20004e78     0x40  usart.o [1]
  .bss               zero     0x20004eb8     0x40  usart.o [1]
  .bss               zero     0x20004ef8     0x40  usart.o [1]
  .bss               zero     0x20004f38     0x3c  app_ins_ekf_quaternion.o [1]
  .bss               zero     0x20004f74     0x3c  app_ros.o [1]
  .bss               zero     0x20004fb0     0x3c  stm32f4xx_hal_timebase_TIM.o [1]
  .bss               zero     0x20004fec     0x3c  tim.o [1]
  .bss               zero     0x20005028     0x3c  tim.o [1]
  .bss               zero     0x20005064     0x3c  tim.o [1]
  .bss               zero     0x200050a0     0x3c  tim.o [1]
  .bss               zero     0x200050dc     0x34  app_ano.o [1]
  .bss               zero     0x20005110     0x34  freertos.o [1]
  .bss               zero     0x20005144     0x14  flash_on_chip.o [1]
  .bss               zero     0x20005158     0x30  ms5803.o [1]
  .bss               zero     0x20005188     0x28  uwb1000.o [1]
  .bss               zero     0x200051b0     0x20  stm32f4xx_hal_flash.o [1]
  .bss               zero     0x200051d0     0x18  dlmalloc.o [3]
  .bss               zero     0x200051e8     0x10  app_ros.o [1]
  .bss               zero     0x200051f8     0x10  time.o [1]
  .bss               zero     0x20005208      0x8  time.o [1]
  .bss               zero     0x20005210      0x5  usart_cfg.o [1]
  .bss               zero     0x20005218      0x4  motor_pwm.o [1]
  .bss               zero     0x2000521c      0x4  motor_pwm.o [1]
  .bss               zero     0x20005220      0x4  motor_pwm.o [1]
  .bss               zero     0x20005224      0x4  motor_pwm.o [1]
  .bss               zero     0x20005228      0x4  time.o [1]
  .bss               zero     0x2000522c      0x4  time.o [1]
  .bss               zero     0x20005230      0x4  time.o [1]
  .bss               zero     0x20005234      0x4  time.o [1]
  .bss               zero     0x20005238      0x4  xgetmemchunk.o [3]
                            - 0x2000523c   0x50f4

"P2", part 3 of 3:                        0x11600
  CSTACK                      0x20005240    0x600  <Block>
    CSTACK           uninit   0x20005240    0x600  <Block tail>
  HEAP                        0x20005840  0x11000  <Block>
    HEAP             uninit   0x20005840  0x11000  <Block tail>
                            - 0x20016840  0x11600


*******************************************************************************
*** INIT TABLE
***

          Address     Size
          -------     ----
Zero (__iar_zero_init3)
    1 destination range, total size 0x50f4:
          0x20000148  0x50f4

Copy/packbits (__iar_packbits_init_single3)
    1 source range, total size 0x72 (34% of destination):
          0x0800d0ba    0x72
    1 destination range, total size 0x148:
          0x20000000   0x148



*******************************************************************************
*** MODULE SUMMARY
***

    Module                        ro code  ro data  rw data
    ------                        -------  -------  -------
D:\WORK\DEVO\CODE\SFOX_ZERO\SFOX_ZERO\EWARM\SFOX_ZERO\Obj: [1]
    CMatrix.o                       2 940
    app_ano.o                       3 400               404
    app_ctrl.o                        464                92
    app_ins_ekf_quaternion.o        5 904       31      152
    app_led.o                         200
    app_ros.o                       1 640               476
    app_uwb.o                           4
    cmsis_os.o                        296
    dma.o                             184
    flash_on_chip.o                 2 100               320
    freertos.o                        772       96       52
    gpio.o                            180
    heap_4.o                          452            15 384
    list.o                            144
    main.o                            318
    motor_pwm.o                       344                16
    mpu9250.o                       1 840       45      192
    ms5803.o                          876                48
    port.o                            512        4       12
    portasm.o                         168
    queue.o                         1 564
    rc_pwm.o                          796               128
    spi.o                             524               368
    startup_stm32f407xx.o             660
    stm32f4xx_hal.o                   124        4       12
    stm32f4xx_hal_cortex.o            220
    stm32f4xx_hal_dma.o             1 052
    stm32f4xx_hal_flash.o             540                32
    stm32f4xx_hal_flash_ex.o          360
    stm32f4xx_hal_gpio.o              512
    stm32f4xx_hal_msp.o               148
    stm32f4xx_hal_rcc.o             1 248
    stm32f4xx_hal_spi.o             2 702
    stm32f4xx_hal_tim.o             1 902
    stm32f4xx_hal_tim_ex.o             82
    stm32f4xx_hal_timebase_TIM.o      128                60
    stm32f4xx_hal_uart.o            1 574
    stm32f4xx_it.o                    208
    system_stm32f4xx.o                 96       10        4
    tasks.o                         1 976               300
    tim.o                           1 136               240
    time.o                            152               440
    usart.o                         1 412               960
    usart_cfg.o                       360                 5
    uwb1000.o                         428               772
    -------------------------------------------------------
    Total:                         42 642      190   20 469

command line: [2]
    -------------------------------------------------------
    Total:

dl7M_tlf.a: [3]
    XShttio.o                          12        2        8
    abort.o                             6
    dlmalloc.o                      5 332               496
    exit.o                              4
    heaptramp0.o                        4
    iar_Stoulx.o                      372
    isspace.o                          20
    low_level_init.o                    4
    tolower.o                          20
    xgetmemchunk.o                     44                 4
    xlocale_c.o                        52       27       72
    -------------------------------------------------------
    Total:                          5 870       29      580

m7M_tls.a: [4]
    DblAdd.o                          376
    DblCmpEq.o                         32
    DblCmpGe.o                         46
    DblCmpLe.o                         46
    DblDiv.o                          582
    DblMul.o                          418
    DblSub.o                          226
    DblToFlt.o                        104
    FltToDbl.o                         72
    S32ToDbl.o                         34
    S64ToFlt.o                         88
    asin64.o                          240
    atan2_64.o                        316
    fpinit_M.o                         34
    iar_Atan64.o                      520
    math_wrappers64.o                  34
    sqrt.o                            258
    -------------------------------------------------------
    Total:                          3 426

rt7M_tl.a: [5]
    ABImemclr.o                         6
    ABImemclr4.o                        6
    ABImemcpy.o                       166
    ABImemset.o                        94
    ABImemset48.o                      50
    I64DivMod.o                       626
    I64DivZer.o                         2
    cexit.o                            10
    cmain.o                            30
    cstartup_M.o                       12
    data_init.o                        40
    memchr.o                           88
    packbits_init_single.o             56
    zero_init3.o                       64
    -------------------------------------------------------
    Total:                          1 250

shb_l.a: [6]
    exit.o                             20
    iarttio.o                          44
    -------------------------------------------------------
    Total:                             64

    Gaps                               42        2        3
    Linker created                              33   71 168
-----------------------------------------------------------
    Grand Total:                   53 294      254   92 220


*******************************************************************************
*** ENTRY LIST
***

Entry                      Address    Size  Type      Object
-----                      -------    ----  ----      ------
.iar.init_table$$Base   0x0800cf44           --   Gb  - Linker created -
.iar.init_table$$Limit  0x0800cf64           --   Gb  - Linker created -
?main                   0x0800cf65          Code  Gb  cmain.o [5]
AHBPrescTable           0x0800ce70    0x10  Data  Gb  system_stm32f4xx.o [1]
ANCHOR_INDEX            0x20004030     0x2  Data  Gb  uwb1000.o [1]
ANO_DT_Data_Receive_Anl
                        0x08004d95   0x68a  Code  Gb  app_ano.o [1]
ANO_DT_Send_Check       0x0800541f    0x26  Code  Gb  app_ano.o [1]
ANO_DT_Send_PID         0x08004a45   0x13a  Code  Gb  app_ano.o [1]
ANO_data_receive_prepara
                        0x08004cfd    0x96  Code  Gb  app_ano.o [1]
ANO_send_15_data        0x08004881   0x1c2  Code  Gb  app_ano.o [1]
ANO_sending             0x0800478d    0xf4  Code  Gb  app_ano.o [1]
APBPrescTable           0x0800cfb4     0x8  Data  Gb  system_stm32f4xx.o [1]
BusFault_Handler        0x0800ccf7     0x2  Code  Gb  stm32f4xx_it.o [1]
CSTACK$$Base            0x20005240           --   Gb  - Linker created -
CSTACK$$Limit           0x20005840           --   Gb  - Linker created -
DMA1_Stream3_IRQHandler
                        0x0800cd0b     0x6  Code  Gb  stm32f4xx_it.o [1]
DMA1_Stream4_IRQHandler
                        0x0800cd11     0x6  Code  Gb  stm32f4xx_it.o [1]
DMA1_Stream6_IRQHandler
                        0x0800cd17     0x6  Code  Gb  stm32f4xx_it.o [1]
DMA1_Stream7_IRQHandler
                        0x0800cd47     0x6  Code  Gb  stm32f4xx_it.o [1]
DMA2_Stream0_IRQHandler
                        0x0800cd59     0x6  Code  Gb  stm32f4xx_it.o [1]
DMA2_Stream3_IRQHandler
                        0x0800cd5f     0x6  Code  Gb  stm32f4xx_it.o [1]
DMA2_Stream6_IRQHandler
                        0x0800cd65     0x6  Code  Gb  stm32f4xx_it.o [1]
DMA2_Stream7_IRQHandler
                        0x0800cd6b     0x6  Code  Gb  stm32f4xx_it.o [1]
DMA_CalcBaseAndBitshift
                        0x08008c0d    0x2c  Code  Lc  stm32f4xx_hal_dma.o [1]
DMA_CalcBaseAndBitshift::flagBitshiftOffset
                        0x08008c48     0x8  Data  Lc  stm32f4xx_hal_dma.o [1]
DebugMon_Handler        0x0800ccfb     0x2  Code  Gb  stm32f4xx_it.o [1]
EraseInitStruct         0x20005144    0x14  Data  Gb  flash_on_chip.o [1]
FLASH_Erase_Sector      0x080081dd    0x4e  Code  Gb  stm32f4xx_hal_flash_ex.o [1]
FLASH_FlushCaches       0x0800822b    0x50  Code  Gb  stm32f4xx_hal_flash_ex.o [1]
FLASH_MassErase         0x080081bd    0x20  Code  Lc  stm32f4xx_hal_flash_ex.o [1]
FLASH_Program_Byte      0x0800808b    0x1e  Code  Lc  stm32f4xx_hal_flash.o [1]
FLASH_Program_DoubleWord
                        0x08008021    0x26  Code  Lc  stm32f4xx_hal_flash.o [1]
FLASH_Program_HalfWord  0x08008069    0x22  Code  Lc  stm32f4xx_hal_flash.o [1]
FLASH_Program_Word      0x08008047    0x22  Code  Lc  stm32f4xx_hal_flash.o [1]
FLASH_SetErrorCode      0x080080a9    0x60  Code  Lc  stm32f4xx_hal_flash.o [1]
FLASH_WaitForLastOperation
                        0x08007fd5    0x44  Code  Gb  stm32f4xx_hal_flash.o [1]
FLASHinit               0x08005d99    0x14  Code  Gb  flash_on_chip.o [1]
HAL_DMA_Abort           0x080089af    0x8c  Code  Gb  stm32f4xx_hal_dma.o [1]
HAL_DMA_Abort_IT        0x08008a3b    0x24  Code  Gb  stm32f4xx_hal_dma.o [1]
HAL_DMA_IRQHandler      0x08008a5f   0x1aa  Code  Gb  stm32f4xx_hal_dma.o [1]
HAL_DMA_Init            0x08008835    0xec  Code  Gb  stm32f4xx_hal_dma.o [1]
HAL_DMA_Start_IT        0x08008921    0x8e  Code  Gb  stm32f4xx_hal_dma.o [1]
HAL_Delay               0x08008289    0x28  Code  Wk  stm32f4xx_hal.o [1]
HAL_FLASHEx_Erase       0x08008121    0x9c  Code  Gb  stm32f4xx_hal_flash_ex.o [1]
HAL_FLASH_Lock          0x08007fc7     0x8  Code  Gb  stm32f4xx_hal_flash.o [1]
HAL_FLASH_Program       0x08007f05    0xa6  Code  Gb  stm32f4xx_hal_flash.o [1]
HAL_FLASH_Unlock        0x08007fab    0x1c  Code  Gb  stm32f4xx_hal_flash.o [1]
HAL_GPIO_Init           0x0800b19d   0x1ae  Code  Gb  stm32f4xx_hal_gpio.o [1]
HAL_GPIO_ReadPin        0x0800b34b    0x10  Code  Gb  stm32f4xx_hal_gpio.o [1]
HAL_GPIO_TogglePin      0x0800b367     0x8  Code  Gb  stm32f4xx_hal_gpio.o [1]
HAL_GPIO_WritePin       0x0800b35b     0xc  Code  Gb  stm32f4xx_hal_gpio.o [1]
HAL_GetTick             0x0800b191     0xc  Code  Wk  stm32f4xx_hal.o [1]
HAL_IncTick             0x0800ad09    0x14  Code  Wk  stm32f4xx_hal.o [1]
HAL_Init                0x08008e3d    0x30  Code  Gb  stm32f4xx_hal.o [1]
HAL_InitTick            0x0800b39d    0x70  Code  Gb  stm32f4xx_hal_timebase_TIM.o [1]
HAL_MspInit             0x0800b691    0x94  Code  Gb  stm32f4xx_hal_msp.o [1]
HAL_NVIC_EnableIRQ      0x0800ac99     0xa  Code  Gb  stm32f4xx_hal_cortex.o [1]
HAL_NVIC_SetPriority    0x0800ac47    0x52  Code  Gb  stm32f4xx_hal_cortex.o [1]
HAL_NVIC_SetPriorityGrouping
                        0x0800ac2d    0x1a  Code  Gb  stm32f4xx_hal_cortex.o [1]
HAL_RCC_ClockConfig     0x08008c59   0x110  Code  Gb  stm32f4xx_hal_rcc.o [1]
HAL_RCC_GetClockConfig  0x08008d93    0x38  Code  Gb  stm32f4xx_hal_rcc.o [1]
HAL_RCC_GetHCLKFreq     0x08008d69     0x6  Code  Gb  stm32f4xx_hal_rcc.o [1]
HAL_RCC_GetPCLK1Freq    0x08008d6f    0x10  Code  Gb  stm32f4xx_hal_rcc.o [1]
HAL_RCC_GetPCLK2Freq    0x08008d7f     0xe  Code  Gb  stm32f4xx_hal_rcc.o [1]
HAL_RCC_OscConfig       0x0800a931   0x2fc  Code  Wk  stm32f4xx_hal_rcc.o [1]
HAL_SPI_DMAStop         0x0800beaf    0x28  Code  Gb  stm32f4xx_hal_spi.o [1]
HAL_SPI_IRQHandler      0x0800bed7    0xf8  Code  Gb  stm32f4xx_hal_spi.o [1]
HAL_SPI_Init            0x0800b725    0x80  Code  Gb  stm32f4xx_hal_spi.o [1]
HAL_SPI_MspInit         0x08009061   0x12c  Code  Gb  spi.o [1]
HAL_SPI_Receive         0x0800b97f   0x13e  Code  Gb  stm32f4xx_hal_spi.o [1]
HAL_SPI_Receive_DMA     0x0800bcf3    0xc6  Code  Gb  stm32f4xx_hal_spi.o [1]
HAL_SPI_RxCpltCallback  0x08009d97    0x20  Code  Gb  mpu9250.o [1]
HAL_SPI_Transmit        0x0800b7a5   0x1da  Code  Gb  stm32f4xx_hal_spi.o [1]
HAL_SPI_TransmitReceive
                        0x0800babd   0x236  Code  Gb  stm32f4xx_hal_spi.o [1]
HAL_SPI_TransmitReceive_DMA
                        0x0800bdb9    0xee  Code  Gb  stm32f4xx_hal_spi.o [1]
HAL_SYSTICK_CLKSourceConfig
                        0x0800accf    0x1a  Code  Gb  stm32f4xx_hal_cortex.o [1]
HAL_SYSTICK_Config      0x0800acad    0x22  Code  Gb  stm32f4xx_hal_cortex.o [1]
HAL_TIMEx_BreakCallback
                        0x0800ccb7     0x2  Code  Wk  stm32f4xx_hal_tim_ex.o [1]
HAL_TIMEx_CommutationCallback
                        0x0800ccbb     0x2  Code  Wk  stm32f4xx_hal_tim_ex.o [1]
HAL_TIMEx_MasterConfigSynchronization
                        0x0800c915    0x4e  Code  Gb  stm32f4xx_hal_tim_ex.o [1]
HAL_TIM_Base_Init       0x0800c1ad    0x20  Code  Gb  stm32f4xx_hal_tim.o [1]
HAL_TIM_Base_Start_IT   0x0800c1cd    0x16  Code  Gb  stm32f4xx_hal_tim.o [1]
HAL_TIM_IC_CaptureCallback
                        0x080096ab   0x2ac  Code  Gb  rc_pwm.o [1]
HAL_TIM_IC_ConfigChannel
                        0x0800c423   0x11a  Code  Gb  stm32f4xx_hal_tim.o [1]
HAL_TIM_IC_Init         0x0800c255    0x20  Code  Gb  stm32f4xx_hal_tim.o [1]
HAL_TIM_IC_MspInit      0x0800949b    0xb6  Code  Gb  tim.o [1]
HAL_TIM_IC_Start_IT     0x0800c275    0x3a  Code  Gb  stm32f4xx_hal_tim.o [1]
HAL_TIM_IRQHandler      0x0800c2d9   0x14a  Code  Gb  stm32f4xx_hal_tim.o [1]
HAL_TIM_MspPostInit     0x08009593    0x66  Code  Gb  tim.o [1]
HAL_TIM_PWM_ConfigChannel
                        0x0800c53d    0xd2  Code  Gb  stm32f4xx_hal_tim.o [1]
HAL_TIM_PWM_Init        0x0800c20f    0x20  Code  Gb  stm32f4xx_hal_tim.o [1]
HAL_TIM_PWM_MspInit     0x08009551    0x42  Code  Gb  tim.o [1]
HAL_TIM_PWM_Start       0x0800c22f    0x26  Code  Gb  stm32f4xx_hal_tim.o [1]
HAL_TIM_PeriodElapsedCallback
                        0x080066f3     0xe  Code  Gb  main.o [1]
HAL_TIM_ReadCapturedValue
                        0x0800c61b    0x44  Code  Gb  stm32f4xx_hal_tim.o [1]
HAL_UART_IRQHandler     0x080060f1   0x158  Code  Gb  stm32f4xx_hal_uart.o [1]
HAL_UART_Init           0x08005fbd    0x44  Code  Gb  stm32f4xx_hal_uart.o [1]
HAL_UART_MspInit        0x080083f1   0x3be  Code  Gb  usart.o [1]
HAL_UART_Receive_IT     0x0800601b    0x48  Code  Gb  stm32f4xx_hal_uart.o [1]
HAL_UART_RxCpltCallback
                        0x08005547    0x78  Code  Gb  usart_cfg.o [1]
HAL_UART_Transmit_DMA   0x08006077    0x7a  Code  Gb  stm32f4xx_hal_uart.o [1]
HEAP$$Base              0x20005840           --   Gb  - Linker created -
HEAP$$Limit             0x20016840           --   Gb  - Linker created -
HardFault_Handler       0x0800ccf3     0x2  Code  Gb  stm32f4xx_it.o [1]
MPU9250_Check           0x08009c73    0xd4  Code  Gb  mpu9250.o [1]
MPU9250_ERROR           0x20004dac     0x4  Data  Gb  mpu9250.o [1]
MPU9250_Handler         0x2000007c     0x4  Data  Gb  mpu9250.o [1]
MPU9250_Init            0x08009c21    0x52  Code  Gb  mpu9250.o [1]
MPU9250_Mag_ReadReg     0x08009bcf    0x52  Code  Gb  mpu9250.o [1]
MPU9250_Mag_WriteReg    0x08009b79    0x56  Code  Gb  mpu9250.o [1]
MPU9250_ReadReg         0x08009adb    0x4e  Code  Gb  mpu9250.o [1]
MPU9250_WriteReg        0x08009b29    0x50  Code  Gb  mpu9250.o [1]
MPU9250_data_buffer     0x2000005c    0x1c  Data  Gb  mpu9250.o [1]
MPU9250_data_push       0x08009fd1   0x136  Code  Gb  mpu9250.o [1]
MPU9250_gyro_acc_calibrate_offset_func
                        0x08009db9   0x10a  Code  Gb  mpu9250.o [1]
MPU9250_gyro_acc_calibrate_offset_func::cnt_g
                        0x20004d78     0x2  Data  Lc  mpu9250.o [1]
MPU9250_gyro_acc_calibrate_offset_func::gyrox_high
                        0x20004db4     0x4  Data  Lc  mpu9250.o [1]
MPU9250_gyro_acc_calibrate_offset_func::gyrox_low
                        0x20004db0     0x4  Data  Lc  mpu9250.o [1]
MPU9250_gyro_acc_calibrate_offset_func::tempAcc
                        0x20004d88     0xc  Data  Lc  mpu9250.o [1]
MPU9250_gyro_acc_calibrate_offset_func::tempGyro
                        0x20004d7c     0xc  Data  Lc  mpu9250.o [1]
MPU9250_mag_calibrate   0x08009ec3   0x10e  Code  Gb  mpu9250.o [1]
MPU9250_mag_calibrate::cnt
                        0x200000d4     0x4  Data  Lc  mpu9250.o [1]
MPU9250_mag_calibrate::magx_high
                        0x200000c0     0x4  Data  Lc  mpu9250.o [1]
MPU9250_mag_calibrate::magx_low
                        0x200000bc     0x4  Data  Lc  mpu9250.o [1]
MPU9250_mag_calibrate::magy_high
                        0x200000c8     0x4  Data  Lc  mpu9250.o [1]
MPU9250_mag_calibrate::magy_low
                        0x200000c4     0x4  Data  Lc  mpu9250.o [1]
MPU9250_mag_calibrate::magz_high
                        0x200000d0     0x4  Data  Lc  mpu9250.o [1]
MPU9250_mag_calibrate::magz_low
                        0x200000cc     0x4  Data  Lc  mpu9250.o [1]
MPU9250_process         0x0800a10d    0xa6  Code  Gb  mpu9250.o [1]
MPU9250_process::MPU9250MagCalibrateStart
                        0x200000d8     0x4  Data  Lc  mpu9250.o [1]
MPU9250_read_raw_data   0x08009d49    0x4e  Code  Gb  mpu9250.o [1]
MS5803_C1               0x20005158     0x2  Data  Gb  ms5803.o [1]
MS5803_C2               0x2000515a     0x2  Data  Gb  ms5803.o [1]
MS5803_C3               0x2000515c     0x2  Data  Gb  ms5803.o [1]
MS5803_C4               0x2000515e     0x2  Data  Gb  ms5803.o [1]
MS5803_C5               0x20005160     0x2  Data  Gb  ms5803.o [1]
MS5803_C6               0x20005162     0x2  Data  Gb  ms5803.o [1]
MS5803_D1               0x20005178     0x4  Data  Gb  ms5803.o [1]
MS5803_D2               0x2000517c     0x4  Data  Gb  ms5803.o [1]
MS5803_Handler          0x20005184     0x4  Data  Gb  ms5803.o [1]
MS5803_Init             0x0800a1fd    0xb0  Code  Gb  ms5803.o [1]
MS5803_ReadRegs         0x0800a4e1    0x42  Code  Gb  ms5803.o [1]
MS5803_WriteReg         0x0800a523    0x2e  Code  Gb  ms5803.o [1]
MS5803_caculate         0x0800a2b9   0x1ba  Code  Gb  ms5803.o [1]
MS5803_pressure         0x20005168     0x8  Data  Gb  ms5803.o [1]
MS5803_process          0x0800a2ad     0xc  Code  Gb  ms5803.o [1]
MS5803_read_data        0x0800a473    0x6e  Code  Gb  ms5803.o [1]
MS5803_temperature      0x20005170     0x8  Data  Gb  ms5803.o [1]
MX_DMA_Init             0x08008f25    0xb8  Code  Gb  dma.o [1]
MX_FREERTOS_Init        0x0800a631   0x12a  Code  Gb  freertos.o [1]
MX_GPIO_Init            0x08008e71    0xb4  Code  Gb  gpio.o [1]
MX_SPI1_Init            0x08008fdd    0x3e  Code  Gb  spi.o [1]
MX_SPI2_Init            0x0800901b    0x3e  Code  Gb  spi.o [1]
MX_TIM1_Init            0x080091e9    0xb0  Code  Gb  tim.o [1]
MX_TIM2_Init            0x08009299    0xae  Code  Gb  tim.o [1]
MX_TIM3_Init            0x08009347    0xa6  Code  Gb  tim.o [1]
MX_TIM4_Init            0x080093ed    0xa4  Code  Gb  tim.o [1]
MX_UART4_Init           0x080082b1    0x34  Code  Gb  usart.o [1]
MX_UART5_Init           0x080082e5    0x34  Code  Gb  usart.o [1]
MX_USART1_UART_Init     0x08008321    0x34  Code  Gb  usart.o [1]
MX_USART2_UART_Init     0x08008355    0x34  Code  Gb  usart.o [1]
MX_USART3_UART_Init     0x08008389    0x34  Code  Gb  usart.o [1]
MX_USART6_UART_Init     0x080083bd    0x34  Code  Gb  usart.o [1]
MatAdd                  0x08001ef9    0x8e  Code  Gb  CMatrix.o [1]
MatAt                   0x08002361    0x20  Code  Gb  CMatrix.o [1]
MatBlockCompose         0x080020c5   0x1d6  Code  Gb  CMatrix.o [1]
MatBlockDecompose       0x0800229b    0x86  Code  Gb  CMatrix.o [1]
MatCopy                 0x080023bd    0x58  Code  Gb  CMatrix.o [1]
MatCreate               0x08001899    0x58  Code  Gb  CMatrix.o [1]
MatDelete               0x0800197f    0x50  Code  Gb  CMatrix.o [1]
MatDiag                 0x08002321    0x40  Code  Gb  CMatrix.o [1]
MatEye                  0x08001e35    0x7e  Code  Gb  CMatrix.o [1]
MatInit                 0x080018f1    0x50  Code  Gb  CMatrix.o [1]
MatInverse              0x08001a8d   0x3a4  Code  Gb  CMatrix.o [1]
MatIsValid              0x08001941    0x3e  Code  Gb  CMatrix.o [1]
MatMultiply             0x080019d1    0xb8  Code  Gb  CMatrix.o [1]
MatScalarMultiply       0x08002015    0x56  Code  Gb  CMatrix.o [1]
MatSetValAt             0x08002381    0x3c  Code  Gb  CMatrix.o [1]
MatSub                  0x08001f87    0x8e  Code  Gb  CMatrix.o [1]
MatTrans                0x0800206b    0x5a  Code  Gb  CMatrix.o [1]
MatZeros                0x08001eb3    0x46  Code  Gb  CMatrix.o [1]
MemManage_Handler       0x0800ccf5     0x2  Code  Gb  stm32f4xx_it.o [1]
NMI_Handler             0x0800ccf1     0x2  Code  Gb  stm32f4xx_it.o [1]
PendSV_Handler          0x0800b0e9          Code  Gb  portasm.o [1]
RC_PWM                  0x20004b0c    0x20  Data  Gb  rc_pwm.o [1]
RC_PWM_init             0x08009659    0x52  Code  Gb  rc_pwm.o [1]
ReadTheFLASH            0x08005f59    0x20  Code  Gb  flash_on_chip.o [1]
Region$$Table$$Base     0x0800cf44           --   Gb  - Linker created -
Region$$Table$$Limit    0x0800cf64           --   Gb  - Linker created -
RxBuffer                0x200050dc    0x34  Data  Lc  app_ano.o [1]
RxBuffer                0x20004738    0xc8  Data  Lc  app_ros.o [1]
SPI1_IRQHandler         0x0800cd29     0x6  Code  Gb  stm32f4xx_it.o [1]
SPI_DMAAbortOnError     0x0800c10d     0xc  Code  Lc  stm32f4xx_hal_spi.o [1]
SPI_DMAError            0x0800c0ed    0x1e  Code  Lc  stm32f4xx_hal_spi.o [1]
SPI_DMAHalfReceiveCplt  0x0800c0dd     0x6  Code  Lc  stm32f4xx_hal_spi.o [1]
SPI_DMAHalfTransmitReceiveCplt
                        0x0800c0e5     0x6  Code  Lc  stm32f4xx_hal_spi.o [1]
SPI_DMAReceiveCplt      0x0800bfd1    0x4e  Code  Lc  stm32f4xx_hal_spi.o [1]
SPI_DMATransmitReceiveCplt
                        0x0800c021    0xba  Code  Lc  stm32f4xx_hal_spi.o [1]
SPI_WaitFlagStateUntilTimeout
                        0x0800c119    0x92  Code  Lc  stm32f4xx_hal_spi.o [1]
SVC_Handler             0x0800b141          Code  Gb  portasm.o [1]
StartDefaultTask        0x0800a75b     0xa  Code  Gb  freertos.o [1]
StartTask02LED          0x0800a765     0x8  Code  Gb  freertos.o [1]
StartTask03COM          0x0800a76d    0x40  Code  Gb  freertos.o [1]
StartTask04MPU9250      0x0800a7ad    0x3a  Code  Gb  freertos.o [1]
StartTask05MS5803       0x0800a7e7     0xe  Code  Gb  freertos.o [1]
StartTask06BackEnd      0x0800a7f5    0x42  Code  Gb  freertos.o [1]
StartTask07UWB          0x0800a837    0x3a  Code  Gb  freertos.o [1]
SysTick_Handler         0x0800ccfd     0xe  Code  Gb  stm32f4xx_it.o [1]
SystemClock_Config      0x08006649    0xaa  Code  Gb  main.o [1]
SystemCoreClock         0x200000f4     0x4  Data  Gb  system_stm32f4xx.o [1]
SystemInit              0x0800ce21    0x3a  Code  Gb  system_stm32f4xx.o [1]
TIM1_CC_IRQHandler      0x0800cd1d     0x6  Code  Gb  stm32f4xx_it.o [1]
TIM2_IRQHandler         0x0800cd23     0x6  Code  Gb  stm32f4xx_it.o [1]
TIM8_TRG_COM_TIM14_IRQHandler
                        0x0800cd41     0x6  Code  Gb  stm32f4xx_it.o [1]
TIM_Base_SetConfig      0x0800c65f    0x98  Code  Gb  stm32f4xx_hal_tim.o [1]
TIM_OC1_SetConfig       0x0800c7bd    0x52  Code  Lc  stm32f4xx_hal_tim.o [1]
TIM_OC2_SetConfig       0x0800c765    0x56  Code  Gb  stm32f4xx_hal_tim.o [1]
TIM_OC3_SetConfig       0x0800c80f    0x52  Code  Lc  stm32f4xx_hal_tim.o [1]
TIM_OC4_SetConfig       0x0800c867    0x48  Code  Lc  stm32f4xx_hal_tim.o [1]
TIM_TI1_SetConfig       0x0800c6f7    0x6c  Code  Gb  stm32f4xx_hal_tim.o [1]
TIM_TI2_SetConfig       0x0800c8dd    0x36  Code  Lc  stm32f4xx_hal_tim.o [1]
UART4_IRQHandler        0x0800cd4d     0x6  Code  Gb  stm32f4xx_it.o [1]
UART5_IRQHandler        0x0800cd53     0x6  Code  Gb  stm32f4xx_it.o [1]
UART_DMAAbortOnError    0x080062f5     0xc  Code  Lc  stm32f4xx_hal_uart.o [1]
UART_DMAError           0x0800627d    0x5c  Code  Lc  stm32f4xx_hal_uart.o [1]
UART_DMATransmitCplt    0x08006249    0x2a  Code  Lc  stm32f4xx_hal_uart.o [1]
UART_DMATxHalfCplt      0x08006275     0x6  Code  Lc  stm32f4xx_hal_uart.o [1]
UART_EndRxTransfer      0x080062d9    0x1c  Code  Lc  stm32f4xx_hal_uart.o [1]
UART_Receive_IT         0x08006301    0x8c  Code  Lc  stm32f4xx_hal_uart.o [1]
UART_SetConfig          0x0800638d   0x23e  Code  Lc  stm32f4xx_hal_uart.o [1]
USART1_DMA_send_data    0x080055bf     0xa  Code  Gb  usart_cfg.o [1]
USART1_IRQHandler       0x0800cd2f     0x6  Code  Gb  stm32f4xx_it.o [1]
USART2_IRQHandler       0x0800cd35     0x6  Code  Gb  stm32f4xx_it.o [1]
USART3_IRQHandler       0x0800cd3b     0x6  Code  Gb  stm32f4xx_it.o [1]
USART4_DMA_send_data    0x080055c9     0xa  Code  Gb  usart_cfg.o [1]
USART6_IRQHandler       0x0800cd71     0x6  Code  Gb  stm32f4xx_it.o [1]
USART_init              0x080054d5    0x72  Code  Gb  usart_cfg.o [1]
UpdateTheFLASH          0x08005dad    0x92  Code  Gb  flash_on_chip.o [1]
UsageFault_Handler      0x0800ccf9     0x2  Code  Gb  stm32f4xx_it.o [1]
_Error_Handler          0x08006719     0x2  Code  Gb  main.o [1]
_LocaleC_isspace        0x0800ccc9    0x14  Code  Gb  xlocale_c.o [3]
_LocaleC_isupper        0x0800ccbd     0x2  Code  Gb  xlocale_c.o [3]
_LocaleC_tolower        0x0800ccdd     0xc  Code  Gb  xlocale_c.o [3]
__aeabi_cdcmpeq         0x08004705          Code  Gb  DblCmpEq.o [4]
__aeabi_cdcmple         0x0800425d          Code  Gb  DblCmpLe.o [4]
__aeabi_cdrcmple        0x08004725          Code  Gb  DblCmpGe.o [4]
__aeabi_d2f             0x08002851          Code  Gb  DblToFlt.o [4]
__aeabi_dadd            0x08004371          Code  Gb  DblAdd.o [4]
__aeabi_ddiv            0x08002609          Code  Gb  DblDiv.o [4]
__aeabi_dmul            0x080028dd          Code  Gb  DblMul.o [4]
__aeabi_dsub            0x0800428d          Code  Gb  DblSub.o [4]
__aeabi_f2d             0x080024bd          Code  Gb  FltToDbl.o [4]
__aeabi_i2d             0x08005765          Code  Gb  S32ToDbl.o [4]
__aeabi_l2f             0x0800c965          Code  Gb  S64ToFlt.o [4]
__aeabi_ldiv0           0x0800cca9          Code  Gb  I64DivZer.o [5]
__aeabi_ldivmod         0x0800b41d          Code  Gb  I64DivMod.o [5]
__aeabi_memclr          0x08003f61          Code  Gb  ABImemclr.o [5]
__aeabi_memclr4         0x08003f55          Code  Gb  ABImemclr4.o [5]
__aeabi_memcpy          0x08002415          Code  Gb  ABImemcpy.o [5]
__aeabi_memcpy4         0x08002435          Code  Gb  ABImemcpy.o [5]
__aeabi_memcpy8         0x08002435          Code  Gb  ABImemcpy.o [5]
__aeabi_uldivmod        0x0800b461          Code  Gb  I64DivMod.o [5]
__cmain                 0x0800cf65          Code  Gb  cmain.o [5]
__data_GetMemChunk      0x0800419d    0x2c  Code  Gb  xgetmemchunk.o [3]
__data_GetMemChunk::start
                        0x20005238     0x4  Data  Lc  xgetmemchunk.o [3]
__exit                  0x080046f1    0x14  Code  Gb  exit.o [6]
__iar_Atan64            0x080044e9   0x170  Code  Gb  iar_Atan64.o [4]
__iar_Memchr            0x0800cc51          Code  Gb  memchr.o [5]
__iar_Memset4_word      0x080041c9          Code  Gb  ABImemset48.o [5]
__iar_Memset8_word      0x080041c9          Code  Gb  ABImemset48.o [5]
__iar_Memset_word       0x080041fd          Code  Gb  ABImemset.o [5]
__iar_Stoulx            0x0800ad1d   0x112  Code  Gb  iar_Stoulx.o [3]
__iar_asin64            0x08003f69    0xf0  Code  Gb  asin64.o [4]
__iar_atan2_64          0x08004059   0x13c  Code  Gb  atan2_64.o [4]
__iar_close_ttio        0x08004755    0x2c  Code  Gb  iarttio.o [6]
__iar_dadd              0x0800429d          Code  Gb  DblSub.o [4]
__iar_data_init3        0x0800cef9    0x28  Code  Gb  data_init.o [5]
__iar_dlfree            0x08003a5b   0x4f6  Code  Gb  dlmalloc.o [3]
__iar_dlmalloc          0x080037a5   0x2b6  Code  Gb  dlmalloc.o [3]
__iar_dsub              0x08004381          Code  Gb  DblAdd.o [4]
__iar_dsubStart         0x08004393          Code  Gb  DblAdd.o [4]
__iar_globLocale        0x200000f8    0x48  Data  Lc  xlocale_c.o [3]
__iar_global_Locale     0x0800cce9     0x4  Code  Gb  xlocale_c.o [3]
__iar_init_vfp          0x0800cf21          Code  Gb  fpinit_M.o [4]
__iar_lookup_ttioh      0x08004781     0x4  Code  Gb  XShttio.o [3]
__iar_packbits_init_single3
                        0x0800cec1    0x38  Code  Gb  packbits_init_single.o [5]
__iar_program_start     0x0800cfa9          Code  Gb  cstartup_M.o [5]
__iar_sqrt64            0x08002515          Code  Gb  sqrt.o [4]
__iar_systems$$module {Abs}
                        0x00000001          Data  Gb  command line/config [2]
__iar_ttio_handles      0x20000140     0x8  Data  Lc  XShttio.o [3]
__iar_vfp___iar_sqrt64  0x08002505          Code  Gb  sqrt.o [4]
__iar_vfp_asin          0x080028bf     0xc  Code  Gb  math_wrappers64.o [4]
__iar_vfp_atan2         0x080028cb    0x10  Code  Gb  math_wrappers64.o [4]
__iar_vfp_sqrt          0x08002505          Code  Gb  sqrt.o [4]
__iar_vfp_sqrtl         0x08002505          Code  Gb  sqrt.o [4]
__iar_zero_init3        0x0800ce81    0x40  Code  Gb  zero_init3.o [5]
__low_level_init        0x0800cf83     0x4  Code  Gb  low_level_init.o [3]
__vector_table          0x08000000          Data  Gb  startup_stm32f407xx.o [1]
_buf_index              0x20004034     0x4  Data  Lc  uwb1000.o [1]
_call_main              0x0800cf71          Code  Gb  cmain.o [5]
_comma_index            0x20004038     0x4  Data  Lc  uwb1000.o [1]
_data_cnt               0x20004b94     0x4  Data  Lc  app_ano.o [1]
_data_cnt               0x200051f0     0x4  Data  Lc  app_ros.o [1]
_data_cnt               0x200051ac     0x4  Data  Lc  uwb1000.o [1]
_data_len               0x20004b90     0x4  Data  Lc  app_ano.o [1]
_data_len               0x200051ec     0x4  Data  Lc  app_ros.o [1]
_data_len               0x200051a8     0x4  Data  Lc  uwb1000.o [1]
_exit                   0x0800cf8d          Code  Gb  cexit.o [5]
_gm_                    0x2000427c   0x1d8  Data  Lc  dlmalloc.o [3]
_main                   0x0800cf7f          Code  Gb  cmain.o [5]
a                       0x080046b0    0x40  Data  Lc  iar_Atan64.o [4]
aRxBuffer1              0x20005210     0x1  Data  Gb  usart_cfg.o [1]
aRxBuffer2              0x20005211     0x1  Data  Gb  usart_cfg.o [1]
aRxBuffer3              0x20005213     0x1  Data  Gb  usart_cfg.o [1]
aRxBuffer5              0x20005212     0x1  Data  Gb  usart_cfg.o [1]
aRxBuffer6              0x20005214     0x1  Data  Gb  usart_cfg.o [1]
abort                   0x08004195     0x6  Code  Gb  abort.o [3]
accx_mps                0x20004f44     0x4  Data  Gb  app_ins_ekf_quaternion.o [1]
accx_raw_bias_mps       0x20004d94     0x4  Data  Gb  mpu9250.o [1]
accx_raw_mps            0x20000080     0x4  Data  Gb  mpu9250.o [1]
accy_mps                0x20004f48     0x4  Data  Gb  app_ins_ekf_quaternion.o [1]
accy_raw_bias_mps       0x20004d98     0x4  Data  Gb  mpu9250.o [1]
accy_raw_mps            0x20000084     0x4  Data  Gb  mpu9250.o [1]
accz_mps                0x20004f4c     0x4  Data  Gb  app_ins_ekf_quaternion.o [1]
accz_raw_bias_mps       0x20004d9c     0x4  Data  Gb  mpu9250.o [1]
accz_raw_mps            0x20000088     0x4  Data  Gb  mpu9250.o [1]
add_segment             0x08002e45   0x1f2  Code  Lc  dlmalloc.o [3]
alt_d                   0x20004ab8     0x4  Data  Gb  app_ano.o [1]
alt_i                   0x20004ab4     0x4  Data  Gb  app_ano.o [1]
alt_p                   0x20004ab0     0x4  Data  Gb  app_ano.o [1]
anchor                  0x20003d60   0x2d0  Data  Gb  uwb1000.o [1]
anchor_index            0x20004032     0x1  Data  Gb  uwb1000.o [1]
ano_data_to_send        0x20004c08    0x64  Data  Lc  app_ano.o [1]
ano_process             0x08005445    0x46  Code  Gb  app_ano.o [1]
ano_process::delay_cnt  0x20004c04     0x4  Data  Lc  app_ano.o [1]
app_ano_time_consume_us
                        0x20005228     0x4  Data  Gb  time.o [1]
app_backend_time_consume_us
                        0x2000522c     0x4  Data  Gb  time.o [1]
app_ctrl_thread         0x0800ca55     0xa  Code  Gb  app_ctrl.o [1]
app_ins_ekf_quaternion_thread
                        0x08000189    0x5c  Code  Gb  app_ins_ekf_quaternion.o [1]
app_led_thread          0x0800a569    0x92  Code  Gb  app_led.o [1]
app_ros_thread          0x08006ed5    0x1e  Code  Gb  app_ros.o [1]
app_uwb_thread          0x0800cc25     0x4  Code  Gb  app_uwb.o [1]
app_uwb_time_consume_us
                        0x20005234     0x4  Data  Gb  time.o [1]
asin                    0x08003f69    0xf0  Code  Gb  asin64.o [4]
asinl                   0x08003f69    0xf0  Code  Gb  asin64.o [4]
atan2                   0x08004059   0x13c  Code  Gb  atan2_64.o [4]
atan2l                  0x08004059   0x13c  Code  Gb  atan2_64.o [4]
atoi                    0x0800ae35     0x2  Code  Gb  iar_Stoulx.o [3]
attitude_ctrl           0x0800ca7d    0x4c  Code  Gb  app_ctrl.o [1]
control                 0x0800ca5f    0x1e  Code  Gb  app_ctrl.o [1]
cycle_T                 0x20004580    0xf0  Data  Gb  time.o [1]
d1d2_convert_step       0x20005180     0x4  Data  Lc  ms5803.o [1]
data_from_ANO_updata    0x20004ba0     0x4  Data  Lc  app_ano.o [1]
data_from_ros_updata    0x200051f4     0x4  Data  Lc  app_ros.o [1]
data_parse_state        0x200051a4     0x1  Data  Gb  uwb1000.o [1]
data_trans_with_ano     0x08004b89   0x16e  Code  Gb  app_ano.o [1]
defaultTaskHandle       0x20005110     0x4  Data  Gb  freertos.o [1]
det_t_s                 0x200051f8    0x10  Data  Gb  time.o [1]
digits                  0x0800ae40    0x28  Data  Lc  iar_Stoulx.o [3]
ekf_P                   0x20000050     0xc  Data  Gb  app_ins_ekf_quaternion.o [1]
ekf_basedon_quaternion  0x08000279   0xf96  Code  Gb  app_ins_ekf_quaternion.o [1]
ekf_basedon_quaternion::RunOnce
                        0x20000040     0x4  Data  Lc  app_ins_ekf_quaternion.o [1]
ekf_sigmas_accelBias_process_noise_mps2
                        0x20000034     0x4  Data  Gb  app_ins_ekf_quaternion.o [1]
ekf_sigmas_accel_bias_mps2
                        0x20000020     0x4  Data  Gb  app_ins_ekf_quaternion.o [1]
ekf_sigmas_gyroBias_process_noise_rps
                        0x20000030     0x4  Data  Gb  app_ins_ekf_quaternion.o [1]
ekf_sigmas_gyro_bias_rps
                        0x2000001c     0x4  Data  Gb  app_ins_ekf_quaternion.o [1]
ekf_sigmas_pos_meas_m   0x20000038     0x4  Data  Gb  app_ins_ekf_quaternion.o [1]
ekf_sigmas_pos_process_noise_m
                        0x20000028     0x4  Data  Gb  app_ins_ekf_quaternion.o [1]
ekf_sigmas_quad_process_noise
                        0x20000024     0x4  Data  Gb  app_ins_ekf_quaternion.o [1]
ekf_sigmas_vel_meas_m   0x2000003c     0x4  Data  Gb  app_ins_ekf_quaternion.o [1]
ekf_sigmas_vel_process_noise_mps
                        0x2000002c     0x4  Data  Gb  app_ins_ekf_quaternion.o [1]
ekf_xhat                0x20000044     0xc  Data  Gb  app_ins_ekf_quaternion.o [1]
exit                    0x0800cf87     0x4  Code  Gb  exit.o [3]
flash_byte_to_float     0x08005f79    0x2e  Code  Gb  flash_on_chip.o [1]
flash_float_to_byte     0x08005fa7    0x16  Code  Gb  flash_on_chip.o [1]
flash_read_parameters   0x08005ac9   0x2d0  Code  Gb  flash_on_chip.o [1]
flash_save_parameters   0x08005789   0x340  Code  Gb  flash_on_chip.o [1]
free                    0x08003f5b     0x4  Code  Gb  heaptramp0.o [3]
get_cycle_time          0x0800c9bd    0x50  Code  Gb  time.o [1]
get_data_from_ANO       0x20004b98     0x4  Data  Lc  app_ano.o [1]
get_sys_time_us         0x0800ca0d    0x22  Code  Gb  time.o [1]
gravity_mps2            0x2000000c     0x4  Data  Gb  app_ins_ekf_quaternion.o [1]
gyrox_raw_bias_dps      0x20004da0     0x4  Data  Gb  mpu9250.o [1]
gyrox_raw_dps           0x2000008c     0x4  Data  Gb  mpu9250.o [1]
gyrox_rps               0x20004f38     0x4  Data  Gb  app_ins_ekf_quaternion.o [1]
gyroy_raw_bias_dps      0x20004da4     0x4  Data  Gb  mpu9250.o [1]
gyroy_raw_dps           0x20000090     0x4  Data  Gb  mpu9250.o [1]
gyroy_rps               0x20004f3c     0x4  Data  Gb  app_ins_ekf_quaternion.o [1]
gyroz_raw_bias_dps      0x20004da8     0x4  Data  Gb  mpu9250.o [1]
gyroz_raw_dps           0x20000094     0x4  Data  Gb  mpu9250.o [1]
gyroz_rps               0x20004f40     0x4  Data  Gb  app_ins_ekf_quaternion.o [1]
hdma_spi1_rx            0x20004800    0x60  Data  Gb  spi.o [1]
hdma_spi1_tx            0x20004860    0x60  Data  Gb  spi.o [1]
hdma_uart4_tx           0x2000403c    0x60  Data  Gb  usart.o [1]
hdma_uart5_tx           0x2000409c    0x60  Data  Gb  usart.o [1]
hdma_usart1_tx          0x200040fc    0x60  Data  Gb  usart.o [1]
hdma_usart2_tx          0x2000415c    0x60  Data  Gb  usart.o [1]
hdma_usart3_tx          0x200041bc    0x60  Data  Gb  usart.o [1]
hdma_usart6_tx          0x2000421c    0x60  Data  Gb  usart.o [1]
hspi1                   0x20004cc8    0x58  Data  Gb  spi.o [1]
hspi2                   0x20004d20    0x58  Data  Gb  spi.o [1]
htim1                   0x20004fec    0x3c  Data  Gb  tim.o [1]
htim14                  0x20004fb0    0x3c  Data  Gb  stm32f4xx_hal_timebase_TIM.o [1]
htim2                   0x20005028    0x3c  Data  Gb  tim.o [1]
htim3                   0x20005064    0x3c  Data  Gb  tim.o [1]
htim4                   0x200050a0    0x3c  Data  Gb  tim.o [1]
huart1                  0x20004e38    0x40  Data  Gb  usart.o [1]
huart2                  0x20004e78    0x40  Data  Gb  usart.o [1]
huart3                  0x20004eb8    0x40  Data  Gb  usart.o [1]
huart4                  0x20004db8    0x40  Data  Gb  usart.o [1]
huart5                  0x20004df8    0x40  Data  Gb  usart.o [1]
huart6                  0x20004ef8    0x40  Data  Gb  usart.o [1]
init_mparams            0x08002a9f    0x32  Code  Lc  dlmalloc.o [3]
init_top                0x08002ad1    0x32  Code  Lc  dlmalloc.o [3]
isspace                 0x0800cc29    0x14  Code  Gb  isspace.o [3]
large_pos_uncertainty_m
                        0x20000014     0x4  Data  Gb  app_ins_ekf_quaternion.o [1]
large_quad_uncertainty  0x20000010     0x4  Data  Gb  app_ins_ekf_quaternion.o [1]
large_vel_uncertainty_mps
                        0x20000018     0x4  Data  Gb  app_ins_ekf_quaternion.o [1]
led_init                0x0800a5fb     0x4  Code  Gb  app_led.o [1]
magx_gain               0x200000b0     0x4  Data  Gb  mpu9250.o [1]
magx_offset             0x200000a4     0x4  Data  Gb  mpu9250.o [1]
magx_raw_uT             0x20000098     0x4  Data  Gb  mpu9250.o [1]
magx_ut                 0x20004f50     0x4  Data  Gb  app_ins_ekf_quaternion.o [1]
magy_gain               0x200000b4     0x4  Data  Gb  mpu9250.o [1]
magy_offset             0x200000a8     0x4  Data  Gb  mpu9250.o [1]
magy_raw_uT             0x2000009c     0x4  Data  Gb  mpu9250.o [1]
magy_ut                 0x20004f54     0x4  Data  Gb  app_ins_ekf_quaternion.o [1]
magz_gain               0x200000b8     0x4  Data  Gb  mpu9250.o [1]
magz_offset             0x200000ac     0x4  Data  Gb  mpu9250.o [1]
magz_raw_uT             0x200000a0     0x4  Data  Gb  mpu9250.o [1]
magz_ut                 0x20004f58     0x4  Data  Gb  app_ins_ekf_quaternion.o [1]
main                    0x080065dd    0x6c  Code  Gb  main.o [1]
memchr                  0x0800cc51          Code  Gb  memchr.o [5]
motor1_output           0x20005218     0x4  Data  Gb  motor_pwm.o [1]
motor2_output           0x2000521c     0x4  Data  Gb  motor_pwm.o [1]
motor3_output           0x20005220     0x4  Data  Gb  motor_pwm.o [1]
motor4_output           0x20005224     0x4  Data  Gb  motor_pwm.o [1]
motor_esc_init          0x08009975    0xa4  Code  Gb  motor_pwm.o [1]
motor_pwm_set_value     0x08009a19    0x22  Code  Gb  motor_pwm.o [1]
mparams                 0x200051d0    0x18  Data  Lc  dlmalloc.o [3]
mpu9250_time_consume_us
                        0x20005230     0x4  Data  Gb  time.o [1]
mpu_data_ok             0x20000078     0x1  Data  Gb  mpu9250.o [1]
myBinarySem01MPU9250GyroAccCalibrateOffsetHandle
                        0x2000512c     0x4  Data  Gb  freertos.o [1]
myBinarySem02LED1ONHandle
                        0x20005130     0x4  Data  Gb  freertos.o [1]
myBinarySem03LED2ONHandle
                        0x20005134     0x4  Data  Gb  freertos.o [1]
myBinarySem04MPU9250MagCalibrateHandle
                        0x20005140     0x4  Data  Gb  freertos.o [1]
myBinarySem05LED1PulsateHandle
                        0x20005138     0x4  Data  Gb  freertos.o [1]
myBinarySem06LED2PulsateHandle
                        0x2000513c     0x4  Data  Gb  freertos.o [1]
myTask02LEDHandle       0x20005114     0x4  Data  Gb  freertos.o [1]
myTask03COMHandle       0x20005118     0x4  Data  Gb  freertos.o [1]
myTask04MPU9250Handle   0x2000511c     0x4  Data  Gb  freertos.o [1]
myTask05MS5803Handle    0x20005120     0x4  Data  Gb  freertos.o [1]
myTask06BackEndHandle   0x20005124     0x4  Data  Gb  freertos.o [1]
myTask07UWBHandle       0x20005128     0x4  Data  Gb  freertos.o [1]
ndigs                   0x0800ae68    0x28  Data  Lc  iar_Stoulx.o [3]
obtain_sensors_data     0x080001e5    0x66  Code  Gb  app_ins_ekf_quaternion.o [1]
osDelay                 0x08005677     0xe  Code  Gb  cmsis_os.o [1]
osKernelStart           0x0800563d     0xa  Code  Gb  cmsis_os.o [1]
osSemaphoreCreate       0x08005685    0x2c  Code  Gb  cmsis_os.o [1]
osSemaphoreRelease      0x08005707    0x44  Code  Gb  cmsis_os.o [1]
osSemaphoreWait         0x080056b1    0x56  Code  Gb  cmsis_os.o [1]
osSystickHandler        0x0800574b    0x14  Code  Gb  cmsis_os.o [1]
osThreadCreate          0x08005647    0x30  Code  Gb  cmsis_os.o [1]
pFlash                  0x200051b0    0x20  Data  Gb  stm32f4xx_hal_flash.o [1]
parse_ready             0x200051a5     0x1  Data  Lc  uwb1000.o [1]
pid10_d                 0x20004b00     0x4  Data  Gb  app_ano.o [1]
pid10_i                 0x20004afc     0x4  Data  Gb  app_ano.o [1]
pid10_p                 0x20004af8     0x4  Data  Gb  app_ano.o [1]
pid11_d                 0x20004bac     0x4  Data  Gb  app_ano.o [1]
pid11_i                 0x20004b08     0x4  Data  Gb  app_ano.o [1]
pid11_p                 0x20004b04     0x4  Data  Gb  app_ano.o [1]
pid12_d                 0x20004bb8     0x4  Data  Gb  app_ano.o [1]
pid12_i                 0x20004bb4     0x4  Data  Gb  app_ano.o [1]
pid12_p                 0x20004bb0     0x4  Data  Gb  app_ano.o [1]
pid13_d                 0x20004bc4     0x4  Data  Gb  app_ano.o [1]
pid13_i                 0x20004bc0     0x4  Data  Gb  app_ano.o [1]
pid13_p                 0x20004bbc     0x4  Data  Gb  app_ano.o [1]
pid14_d                 0x20004bd0     0x4  Data  Gb  app_ano.o [1]
pid14_i                 0x20004bcc     0x4  Data  Gb  app_ano.o [1]
pid14_p                 0x20004bc8     0x4  Data  Gb  app_ano.o [1]
pid15_d                 0x20004bdc     0x4  Data  Gb  app_ano.o [1]
pid15_i                 0x20004bd8     0x4  Data  Gb  app_ano.o [1]
pid15_p                 0x20004bd4     0x4  Data  Gb  app_ano.o [1]
pid16_d                 0x20004be8     0x4  Data  Gb  app_ano.o [1]
pid16_i                 0x20004be4     0x4  Data  Gb  app_ano.o [1]
pid16_p                 0x20004be0     0x4  Data  Gb  app_ano.o [1]
pid17_d                 0x20004bf4     0x4  Data  Gb  app_ano.o [1]
pid17_i                 0x20004bf0     0x4  Data  Gb  app_ano.o [1]
pid17_p                 0x20004bec     0x4  Data  Gb  app_ano.o [1]
pid18_d                 0x20004c00     0x4  Data  Gb  app_ano.o [1]
pid18_i                 0x20004bfc     0x4  Data  Gb  app_ano.o [1]
pid18_p                 0x20004bf8     0x4  Data  Gb  app_ano.o [1]
pid6_d                  0x20004ad0     0x4  Data  Gb  app_ano.o [1]
pid6_i                  0x20004acc     0x4  Data  Gb  app_ano.o [1]
pid6_p                  0x20004ac8     0x4  Data  Gb  app_ano.o [1]
pid7_d                  0x20004adc     0x4  Data  Gb  app_ano.o [1]
pid7_i                  0x20004ad8     0x4  Data  Gb  app_ano.o [1]
pid7_p                  0x20004ad4     0x4  Data  Gb  app_ano.o [1]
pid8_d                  0x20004ae8     0x4  Data  Gb  app_ano.o [1]
pid8_i                  0x20004ae4     0x4  Data  Gb  app_ano.o [1]
pid8_p                  0x20004ae0     0x4  Data  Gb  app_ano.o [1]
pid9_d                  0x20004af4     0x4  Data  Gb  app_ano.o [1]
pid9_i                  0x20004af0     0x4  Data  Gb  app_ano.o [1]
pid9_p                  0x20004aec     0x4  Data  Gb  app_ano.o [1]
pit_d                   0x20004aa0     0x4  Data  Gb  app_ano.o [1]
pit_i                   0x20004a9c     0x4  Data  Gb  app_ano.o [1]
pit_p                   0x20004a98     0x4  Data  Gb  app_ano.o [1]
pitch_deg               0x20000004     0x4  Data  Gb  app_ins_ekf_quaternion.o [1]
pitch_input             0x20004c74     0x4  Data  Gb  app_ctrl.o [1]
pos_alt                 0x20004f64     0x4  Data  Gb  app_ins_ekf_quaternion.o [1]
pos_d                   0x20004ac4     0x4  Data  Gb  app_ano.o [1]
pos_east                0x20004f60     0x4  Data  Gb  app_ins_ekf_quaternion.o [1]
pos_i                   0x20004ac0     0x4  Data  Gb  app_ano.o [1]
pos_north               0x20004f5c     0x4  Data  Gb  app_ins_ekf_quaternion.o [1]
pos_p                   0x20004abc     0x4  Data  Gb  app_ano.o [1]
prepend_alloc           0x08002b03   0x342  Code  Lc  dlmalloc.o [3]
prvAddCurrentTaskToDelayedList
                        0x08007675    0x64  Code  Lc  tasks.o [1]
prvAddNewTaskToReadyList
                        0x08006ffb    0xe4  Code  Lc  tasks.o [1]
prvCopyDataFromQueue    0x08007c7b    0x26  Code  Lc  queue.o [1]
prvCopyDataToQueue      0x08007c13    0x68  Code  Lc  queue.o [1]
prvIdleTask             0x08007495    0x6e  Code  Lc  tasks.o [1]
prvInsertBlockIntoFreeList
                        0x0800b007    0x48  Code  Lc  heap_4.o [1]
prvResetNextTaskUnblockTime
                        0x08007503    0x1c  Code  Lc  tasks.o [1]
prvTaskExitError        0x08007d2d    0x28  Code  Lc  port.o [1]
prvUnlockQueue          0x08007ca1    0x60  Code  Lc  queue.o [1]
pvPortMalloc            0x0800ae91   0x11e  Code  Gb  heap_4.o [1]
pvTaskIncrementMutexHeldCount
                        0x08007649    0x14  Code  Gb  tasks.o [1]
pxCurrentTCB            0x200048e8     0x4  Data  Gb  tasks.o [1]
pxDelayedTaskList       0x200048ec     0x4  Data  Lc  tasks.o [1]
pxEnd                   0x20000150     0x4  Data  Lc  heap_4.o [1]
pxOverflowDelayedTaskList
                        0x200048f0     0x4  Data  Lc  tasks.o [1]
pxPortInitialiseStack   0x08007d05    0x26  Code  Gb  port.o [1]
pxReadyTasksLists       0x20004a00    0x8c  Data  Lc  tasks.o [1]
rc_d                    0x20004c94     0x4  Data  Gb  app_ctrl.o [1]
rc_e                    0x20004c8c     0x4  Data  Gb  app_ctrl.o [1]
rc_g                    0x20004c90     0x4  Data  Gb  app_ctrl.o [1]
rc_pitch                0x20004c80     0x4  Data  Gb  app_ctrl.o [1]
rc_pitch_max            0x20004ca0     0x4  Data  Gb  app_ctrl.o [1]
rc_pitch_min            0x20004ca4     0x4  Data  Gb  app_ctrl.o [1]
rc_pitch_threshold      0x20004cbc     0x4  Data  Gb  app_ctrl.o [1]
rc_roll                 0x20004c7c     0x4  Data  Gb  app_ctrl.o [1]
rc_roll_max             0x20004c98     0x4  Data  Gb  app_ctrl.o [1]
rc_roll_min             0x20004c9c     0x4  Data  Gb  app_ctrl.o [1]
rc_roll_threshold       0x20004cb8     0x4  Data  Gb  app_ctrl.o [1]
rc_throttle             0x20004c84     0x4  Data  Gb  app_ctrl.o [1]
rc_throttle_max         0x20004cb0     0x4  Data  Gb  app_ctrl.o [1]
rc_throttle_min         0x20004cb4     0x4  Data  Gb  app_ctrl.o [1]
rc_throttle_threshold   0x20004cc0     0x4  Data  Gb  app_ctrl.o [1]
rc_yaw                  0x20004c88     0x4  Data  Gb  app_ctrl.o [1]
rc_yaw_max              0x20004ca8     0x4  Data  Gb  app_ctrl.o [1]
rc_yaw_min              0x20004cac     0x4  Data  Gb  app_ctrl.o [1]
rc_yaw_threshold        0x20004cc4     0x4  Data  Gb  app_ctrl.o [1]
read_data_from_inner_flash
                        0x20004ba8     0x4  Data  Lc  app_ano.o [1]
remote_control_data_obtain
                        0x0800cac9   0x124  Code  Gb  app_ctrl.o [1]
rol_d                   0x20004a94     0x4  Data  Gb  app_ano.o [1]
rol_i                   0x20004a90     0x4  Data  Gb  app_ano.o [1]
rol_p                   0x20004a8c     0x4  Data  Gb  app_ano.o [1]
roll_deg                0x20000000     0x4  Data  Gb  app_ins_ekf_quaternion.o [1]
roll_input              0x20004c70     0x4  Data  Gb  app_ctrl.o [1]
ros_a_x                 0x20004f74     0x4  Data  Gb  app_ros.o [1]
ros_a_y                 0x20004f78     0x4  Data  Gb  app_ros.o [1]
ros_a_z                 0x20004f7c     0x4  Data  Gb  app_ros.o [1]
ros_b_x                 0x20004f80     0x4  Data  Gb  app_ros.o [1]
ros_b_y                 0x20004f84     0x4  Data  Gb  app_ros.o [1]
ros_b_z                 0x20004f88     0x4  Data  Gb  app_ros.o [1]
ros_c_x                 0x20004f8c     0x4  Data  Gb  app_ros.o [1]
ros_c_y                 0x20004f90     0x4  Data  Gb  app_ros.o [1]
ros_c_z                 0x20004f94     0x4  Data  Gb  app_ros.o [1]
ros_d_x                 0x20004f98     0x4  Data  Gb  app_ros.o [1]
ros_d_y                 0x20004f9c     0x4  Data  Gb  app_ros.o [1]
ros_d_z                 0x20004fa0     0x4  Data  Gb  app_ros.o [1]
ros_data_receive_analyse
                        0x08006a51   0x270  Code  Gb  app_ros.o [1]
ros_data_receive_prepara
                        0x080069a5    0xa8  Code  Gb  app_ros.o [1]
ros_data_to_send        0x20004670    0xc8  Data  Lc  app_ros.o [1]
ros_e_x                 0x20004fa4     0x4  Data  Gb  app_ros.o [1]
ros_e_y                 0x20004fa8     0x4  Data  Gb  app_ros.o [1]
ros_e_z                 0x20004fac     0x4  Data  Gb  app_ros.o [1]
ros_send_15_data        0x08006cc5   0x210  Code  Gb  app_ros.o [1]
ros_sending             0x080068c9    0xdc  Code  Gb  app_ros.o [1]
save_arry               0x20004454   0x12c  Data  Gb  flash_on_chip.o [1]
segment_holding         0x08002a81    0x1e  Code  Lc  dlmalloc.o [3]
send_pid_para           0x20004b9c     0x4  Data  Lc  app_ano.o [1]
simpdelay               0x08009acd     0xe  Code  Lc  mpu9250.o [1]
sqrt                    0x08002515          Code  Gb  sqrt.o [4]
sqrtl                   0x08002515          Code  Gb  sqrt.o [4]
state                   0x20004b8c     0x4  Data  Lc  app_ano.o [1]
state                   0x200051e8     0x4  Data  Lc  app_ros.o [1]
sysTickUptime           0x20005208     0x8  Data  Gb  time.o [1]
sys_alloc               0x0800303d   0x164  Code  Lc  dlmalloc.o [3]
sys_trim                0x080031a1    0x66  Code  Lc  dlmalloc.o [3]
throttle_input          0x20004c6c     0x4  Data  Gb  app_ctrl.o [1]
time_consume            0x20004960    0xa0  Data  Gb  time.o [1]
time_inc_tick           0x0800ca2f    0x16  Code  Gb  time.o [1]
timer1_channel1_PE9_DiffCapture
                        0x20004b34     0x4  Data  Gb  rc_pwm.o [1]
timer1_channel1_PE9_IC1Value1
                        0x20004b2c     0x4  Data  Gb  rc_pwm.o [1]
timer1_channel1_PE9_IC1Value2
                        0x20004b30     0x4  Data  Gb  rc_pwm.o [1]
timer1_channel2_PE11_DiffCapture
                        0x20004b40     0x4  Data  Gb  rc_pwm.o [1]
timer1_channel2_PE11_IC1Value1
                        0x20004b38     0x4  Data  Gb  rc_pwm.o [1]
timer1_channel2_PE11_IC1Value2
                        0x20004b3c     0x4  Data  Gb  rc_pwm.o [1]
timer1_channel3_PE13_DiffCapture
                        0x20004b4c     0x4  Data  Gb  rc_pwm.o [1]
timer1_channel3_PE13_IC1Value1
                        0x20004b44     0x4  Data  Gb  rc_pwm.o [1]
timer1_channel3_PE13_IC1Value2
                        0x20004b48     0x4  Data  Gb  rc_pwm.o [1]
timer1_channel4_PE14_DiffCapture
                        0x20004b58     0x4  Data  Gb  rc_pwm.o [1]
timer1_channel4_PE14_IC1Value1
                        0x20004b50     0x4  Data  Gb  rc_pwm.o [1]
timer1_channel4_PE14_IC1Value2
                        0x20004b54     0x4  Data  Gb  rc_pwm.o [1]
timer2_channel1_PA5_DiffCapture
                        0x20004b64     0x4  Data  Gb  rc_pwm.o [1]
timer2_channel1_PA5_IC1Value1
                        0x20004b5c     0x4  Data  Gb  rc_pwm.o [1]
timer2_channel1_PA5_IC1Value2
                        0x20004b60     0x4  Data  Gb  rc_pwm.o [1]
timer2_channel2_PA1_DiffCapture
                        0x20004b70     0x4  Data  Gb  rc_pwm.o [1]
timer2_channel2_PA1_IC1Value1
                        0x20004b68     0x4  Data  Gb  rc_pwm.o [1]
timer2_channel2_PA1_IC1Value2
                        0x20004b6c     0x4  Data  Gb  rc_pwm.o [1]
timer2_channel3_PB10_DiffCapture
                        0x20004b7c     0x4  Data  Gb  rc_pwm.o [1]
timer2_channel3_PB10_IC1Value1
                        0x20004b74     0x4  Data  Gb  rc_pwm.o [1]
timer2_channel3_PB10_IC1Value2
                        0x20004b78     0x4  Data  Gb  rc_pwm.o [1]
timer2_channel4_PB11_DiffCapture
                        0x20004b88     0x4  Data  Gb  rc_pwm.o [1]
timer2_channel4_PB11_IC1Value1
                        0x20004b80     0x4  Data  Gb  rc_pwm.o [1]
timer2_channel4_PB11_IC1Value2
                        0x20004b84     0x4  Data  Gb  rc_pwm.o [1]
timer4_channel1_PD12_PWM_setvalue
                        0x08009a3b    0x14  Code  Gb  motor_pwm.o [1]
timer4_channel2_PD13_PWM_setvalue
                        0x08009a63    0x20  Code  Gb  motor_pwm.o [1]
timer4_channel3_PD14_PWM_setvalue
                        0x08009a83    0x20  Code  Gb  motor_pwm.o [1]
timer4_channel4_PD15_PWM_setvalue
                        0x08009aa3    0x20  Code  Gb  motor_pwm.o [1]
tmalloc_large           0x08003215   0x384  Code  Lc  dlmalloc.o [3]
tmalloc_small           0x08003599   0x1fe  Code  Lc  dlmalloc.o [3]
tolower                 0x0800cc3d    0x14  Code  Gb  tolower.o [3]
ucHeap                  0x20000160  0x3c00  Data  Lc  heap_4.o [1]
ucMaxSysCallPriority    0x200000dc     0x1  Data  Lc  port.o [1]
ulMaxPRIGROUPValue      0x200000e4     0x4  Data  Lc  port.o [1]
uwTick                  0x200000ec     0x4  Data  Gb  stm32f4xx_hal.o [1]
uwTickFreq              0x200000e8     0x1  Data  Gb  stm32f4xx_hal.o [1]
uwTickPrio              0x200000f0     0x4  Data  Gb  stm32f4xx_hal.o [1]
uwb1000_buffer          0x20005188    0x1c  Data  Gb  uwb1000.o [1]
uwb1000_buffer_fill     0x080067f9    0x82  Code  Gb  uwb1000.o [1]
uwb1000_data_prepare    0x0800671d    0xdc  Code  Gb  uwb1000.o [1]
uwb1000_data_prepare::Sbuf
                        0x20004033     0x1  Data  Lc  uwb1000.o [1]
uwb1000_str_find        0x08006885    0x3a  Code  Gb  uwb1000.o [1]
uxCriticalNesting       0x200000e0     0x4  Data  Lc  port.o [1]
uxCurrentNumberOfTasks  0x2000490c     0x4  Data  Lc  tasks.o [1]
uxDeletedTasksWaitingCleanUp
                        0x200048f4     0x4  Data  Lc  tasks.o [1]
uxListRemove            0x0800b0c1    0x24  Code  Gb  list.o [1]
uxPendedTicks           0x2000491c     0x4  Data  Lc  tasks.o [1]
uxSchedulerSuspended    0x20004930     0x4  Data  Lc  tasks.o [1]
uxTaskNumber            0x20004928     0x4  Data  Lc  tasks.o [1]
uxTopReadyPriority      0x20004914     0x4  Data  Lc  tasks.o [1]
vApplicationIdleHook    0x0800b0e7     0x2  Code  Wk  freertos.o [1]
vApplicationTickHook    0x0800b0e5     0x2  Code  Wk  freertos.o [1]
vListInitialise         0x0800b055    0x1a  Code  Gb  list.o [1]
vListInitialiseItem     0x0800b06f     0x6  Code  Gb  list.o [1]
vListInsert             0x0800b08d    0x34  Code  Gb  list.o [1]
vListInsertEnd          0x0800b075    0x18  Code  Gb  list.o [1]
vPortEnableVFP          0x0800b175          Code  Gb  portasm.o [1]
vPortEnterCritical      0x08007df9    0x32  Code  Gb  port.o [1]
vPortExitCritical       0x08007e2b    0x22  Code  Gb  port.o [1]
vPortFree               0x0800afaf    0x58  Code  Gb  heap_4.o [1]
vPortStartFirstTask     0x0800b15d          Code  Gb  portasm.o [1]
vPortValidateInterruptPriority
                        0x08007e75    0x44  Code  Gb  port.o [1]
vTaskDelay              0x080070df    0x42  Code  Gb  tasks.o [1]
vTaskMissedYield        0x08007487     0xa  Code  Gb  tasks.o [1]
vTaskPlaceOnEventList   0x08007363    0x26  Code  Gb  tasks.o [1]
vTaskPriorityInherit    0x08007537    0x80  Code  Gb  tasks.o [1]
vTaskSetTimeOutState    0x080073fd    0x20  Code  Gb  tasks.o [1]
vTaskStartScheduler     0x08007121    0x62  Code  Gb  tasks.o [1]
vTaskSuspendAll         0x08007183     0xc  Code  Gb  tasks.o [1]
vTaskSwitchContext      0x08007309    0x5a  Code  Gb  tasks.o [1]
vel_down                0x20004f70     0x4  Data  Gb  app_ins_ekf_quaternion.o [1]
vel_east                0x20004f6c     0x4  Data  Gb  app_ins_ekf_quaternion.o [1]
vel_north               0x20004f68     0x4  Data  Gb  app_ins_ekf_quaternion.o [1]
write_data_to_inner_flash
                        0x20004ba4     0x4  Data  Lc  app_ano.o [1]
xBlockAllocatedBit      0x2000015c     0x4  Data  Lc  heap_4.o [1]
xDelayedTaskList1       0x20004934    0x14  Data  Lc  tasks.o [1]
xDelayedTaskList2       0x20004948    0x14  Data  Lc  tasks.o [1]
xFreeBytesRemaining     0x20000154     0x4  Data  Lc  heap_4.o [1]
xIdleTaskHandle         0x2000495c     0x4  Data  Lc  tasks.o [1]
xMinimumEverFreeBytesRemaining
                        0x20000158     0x4  Data  Lc  heap_4.o [1]
xNextTaskUnblockTime    0x2000492c     0x4  Data  Lc  tasks.o [1]
xNumOfOverflows         0x20004924     0x4  Data  Lc  tasks.o [1]
xPendingReadyList       0x200048c0    0x14  Data  Lc  tasks.o [1]
xPortStartScheduler     0x08007d55    0xa4  Code  Gb  port.o [1]
xPortSysTickHandler     0x08007e4d    0x26  Code  Gb  port.o [1]
xQueueCreateCountingSemaphore
                        0x080077b7    0x4e  Code  Gb  queue.o [1]
xQueueGenericCreate     0x0800776f    0x48  Code  Gb  queue.o [1]
xQueueGenericReceive    0x08007a11   0x176  Code  Gb  queue.o [1]
xQueueGenericReset      0x080076e9    0x86  Code  Gb  queue.o [1]
xQueueGenericSend       0x08007805   0x15c  Code  Gb  queue.o [1]
xQueueGiveFromISR       0x08007975    0x9c  Code  Gb  queue.o [1]
xQueueReceiveFromISR    0x08007b87    0x8c  Code  Gb  queue.o [1]
xSchedulerRunning       0x20004918     0x4  Data  Lc  tasks.o [1]
xStart                  0x20000148     0x8  Data  Lc  heap_4.o [1]
xSuspendedTaskList      0x200048f8    0x14  Data  Lc  tasks.o [1]
xTaskCheckForTimeOut    0x0800741d    0x6a  Code  Gb  tasks.o [1]
xTaskCreate             0x08006f31    0xca  Code  Gb  tasks.o [1]
xTaskGetSchedulerState  0x0800751f    0x18  Code  Gb  tasks.o [1]
xTaskIncrementTick      0x0800723b    0xce  Code  Gb  tasks.o [1]
xTaskPriorityDisinherit
                        0x080075b7    0x92  Code  Gb  tasks.o [1]
xTaskRemoveFromEventList
                        0x08007393    0x64  Code  Gb  tasks.o [1]
xTaskResumeAll          0x0800718f    0xac  Code  Gb  tasks.o [1]
xTasksWaitingTermination
                        0x200048d4    0x14  Data  Lc  tasks.o [1]
xTickCount              0x20004910     0x4  Data  Lc  tasks.o [1]
xYieldPending           0x20004920     0x4  Data  Lc  tasks.o [1]
yaw_d                   0x20004aac     0x4  Data  Gb  app_ano.o [1]
yaw_deg                 0x20000008     0x4  Data  Gb  app_ins_ekf_quaternion.o [1]
yaw_i                   0x20004aa8     0x4  Data  Gb  app_ano.o [1]
yaw_input               0x20004c78     0x4  Data  Gb  app_ctrl.o [1]
yaw_p                   0x20004aa4     0x4  Data  Gb  app_ano.o [1]


[1] = D:\WORK\DEVO\CODE\SFOX_ZERO\SFOX_ZERO\EWARM\SFOX_ZERO\Obj
[2] = command line
[3] = dl7M_tlf.a
[4] = m7M_tls.a
[5] = rt7M_tl.a
[6] = shb_l.a

  53 294 bytes of readonly  code memory
     254 bytes of readonly  data memory
  92 220 bytes of readwrite data memory

Errors: none
Warnings: none
