###############################################################################
#
# IAR ELF Linker V8.22.1.15669/W32 for ARM                29/Sep/2018  00:50:02
# Copyright 2007-2018 IAR Systems AB.
#
#    Output file  =  
#        D:\WORK\DEVO\CODE\SFOX_ZERO\SFOX_ZERO\EWARM\SFOX_ZERO\Exe\SFOX_ZERO.out
#    Map file     =  
#        D:\WORK\DEVO\CODE\SFOX_ZERO\SFOX_ZERO\EWARM\SFOX_ZERO\List\SFOX_ZERO.map
#    Command line =  
#        -f C:\Users\tsuig\AppData\Local\Temp\EW9729.tmp
#        (D:\WORK\DEVO\CODE\SFOX_ZERO\SFOX_ZERO\EWARM\SFOX_ZERO\Obj\app_ano.o
#        D:\WORK\DEVO\CODE\SFOX_ZERO\SFOX_ZERO\EWARM\SFOX_ZERO\Obj\app_ctrl.o
#        D:\WORK\DEVO\CODE\SFOX_ZERO\SFOX_ZERO\EWARM\SFOX_ZERO\Obj\app_ins.o
#        D:\WORK\DEVO\CODE\SFOX_ZERO\SFOX_ZERO\EWARM\SFOX_ZERO\Obj\app_ins_ekf_quaternion.o
#        D:\WORK\DEVO\CODE\SFOX_ZERO\SFOX_ZERO\EWARM\SFOX_ZERO\Obj\app_led.o
#        D:\WORK\DEVO\CODE\SFOX_ZERO\SFOX_ZERO\EWARM\SFOX_ZERO\Obj\app_ros.o
#        D:\WORK\DEVO\CODE\SFOX_ZERO\SFOX_ZERO\EWARM\SFOX_ZERO\Obj\app_uwb.o
#        D:\WORK\DEVO\CODE\SFOX_ZERO\SFOX_ZERO\EWARM\SFOX_ZERO\Obj\CMatrix.o
#        D:\WORK\DEVO\CODE\SFOX_ZERO\SFOX_ZERO\EWARM\SFOX_ZERO\Obj\cmsis_os.o
#        D:\WORK\DEVO\CODE\SFOX_ZERO\SFOX_ZERO\EWARM\SFOX_ZERO\Obj\croutine.o
#        D:\WORK\DEVO\CODE\SFOX_ZERO\SFOX_ZERO\EWARM\SFOX_ZERO\Obj\dma.o
#        D:\WORK\DEVO\CODE\SFOX_ZERO\SFOX_ZERO\EWARM\SFOX_ZERO\Obj\event_groups.o
#        D:\WORK\DEVO\CODE\SFOX_ZERO\SFOX_ZERO\EWARM\SFOX_ZERO\Obj\flash_on_chip.o
#        D:\WORK\DEVO\CODE\SFOX_ZERO\SFOX_ZERO\EWARM\SFOX_ZERO\Obj\freertos.o
#        D:\WORK\DEVO\CODE\SFOX_ZERO\SFOX_ZERO\EWARM\SFOX_ZERO\Obj\gpio.o
#        D:\WORK\DEVO\CODE\SFOX_ZERO\SFOX_ZERO\EWARM\SFOX_ZERO\Obj\gps_m8n.o
#        D:\WORK\DEVO\CODE\SFOX_ZERO\SFOX_ZERO\EWARM\SFOX_ZERO\Obj\heap_4.o
#        D:\WORK\DEVO\CODE\SFOX_ZERO\SFOX_ZERO\EWARM\SFOX_ZERO\Obj\list.o
#        D:\WORK\DEVO\CODE\SFOX_ZERO\SFOX_ZERO\EWARM\SFOX_ZERO\Obj\main.o
#        D:\WORK\DEVO\CODE\SFOX_ZERO\SFOX_ZERO\EWARM\SFOX_ZERO\Obj\motor_pwm.o
#        D:\WORK\DEVO\CODE\SFOX_ZERO\SFOX_ZERO\EWARM\SFOX_ZERO\Obj\mpu9250.o
#        D:\WORK\DEVO\CODE\SFOX_ZERO\SFOX_ZERO\EWARM\SFOX_ZERO\Obj\ms5803.o
#        D:\WORK\DEVO\CODE\SFOX_ZERO\SFOX_ZERO\EWARM\SFOX_ZERO\Obj\port.o
#        D:\WORK\DEVO\CODE\SFOX_ZERO\SFOX_ZERO\EWARM\SFOX_ZERO\Obj\portasm.o
#        D:\WORK\DEVO\CODE\SFOX_ZERO\SFOX_ZERO\EWARM\SFOX_ZERO\Obj\queue.o
#        D:\WORK\DEVO\CODE\SFOX_ZERO\SFOX_ZERO\EWARM\SFOX_ZERO\Obj\rc_pwm.o
#        D:\WORK\DEVO\CODE\SFOX_ZERO\SFOX_ZERO\EWARM\SFOX_ZERO\Obj\spi.o
#        D:\WORK\DEVO\CODE\SFOX_ZERO\SFOX_ZERO\EWARM\SFOX_ZERO\Obj\startup_stm32f407xx.o
#        D:\WORK\DEVO\CODE\SFOX_ZERO\SFOX_ZERO\EWARM\SFOX_ZERO\Obj\stm32f4xx_hal.o
#        D:\WORK\DEVO\CODE\SFOX_ZERO\SFOX_ZERO\EWARM\SFOX_ZERO\Obj\stm32f4xx_hal_cortex.o
#        D:\WORK\DEVO\CODE\SFOX_ZERO\SFOX_ZERO\EWARM\SFOX_ZERO\Obj\stm32f4xx_hal_dma.o
#        D:\WORK\DEVO\CODE\SFOX_ZERO\SFOX_ZERO\EWARM\SFOX_ZERO\Obj\stm32f4xx_hal_dma_ex.o
#        D:\WORK\DEVO\CODE\SFOX_ZERO\SFOX_ZERO\EWARM\SFOX_ZERO\Obj\stm32f4xx_hal_flash.o
#        D:\WORK\DEVO\CODE\SFOX_ZERO\SFOX_ZERO\EWARM\SFOX_ZERO\Obj\stm32f4xx_hal_flash_ex.o
#        D:\WORK\DEVO\CODE\SFOX_ZERO\SFOX_ZERO\EWARM\SFOX_ZERO\Obj\stm32f4xx_hal_flash_ramfunc.o
#        D:\WORK\DEVO\CODE\SFOX_ZERO\SFOX_ZERO\EWARM\SFOX_ZERO\Obj\stm32f4xx_hal_gpio.o
#        D:\WORK\DEVO\CODE\SFOX_ZERO\SFOX_ZERO\EWARM\SFOX_ZERO\Obj\stm32f4xx_hal_msp.o
#        D:\WORK\DEVO\CODE\SFOX_ZERO\SFOX_ZERO\EWARM\SFOX_ZERO\Obj\stm32f4xx_hal_pwr.o
#        D:\WORK\DEVO\CODE\SFOX_ZERO\SFOX_ZERO\EWARM\SFOX_ZERO\Obj\stm32f4xx_hal_pwr_ex.o
#        D:\WORK\DEVO\CODE\SFOX_ZERO\SFOX_ZERO\EWARM\SFOX_ZERO\Obj\stm32f4xx_hal_rcc.o
#        D:\WORK\DEVO\CODE\SFOX_ZERO\SFOX_ZERO\EWARM\SFOX_ZERO\Obj\stm32f4xx_hal_rcc_ex.o
#        D:\WORK\DEVO\CODE\SFOX_ZERO\SFOX_ZERO\EWARM\SFOX_ZERO\Obj\stm32f4xx_hal_spi.o
#        D:\WORK\DEVO\CODE\SFOX_ZERO\SFOX_ZERO\EWARM\SFOX_ZERO\Obj\stm32f4xx_hal_tim.o
#        D:\WORK\DEVO\CODE\SFOX_ZERO\SFOX_ZERO\EWARM\SFOX_ZERO\Obj\stm32f4xx_hal_tim_ex.o
#        D:\WORK\DEVO\CODE\SFOX_ZERO\SFOX_ZERO\EWARM\SFOX_ZERO\Obj\stm32f4xx_hal_timebase_TIM.o
#        D:\WORK\DEVO\CODE\SFOX_ZERO\SFOX_ZERO\EWARM\SFOX_ZERO\Obj\stm32f4xx_hal_uart.o
#        D:\WORK\DEVO\CODE\SFOX_ZERO\SFOX_ZERO\EWARM\SFOX_ZERO\Obj\stm32f4xx_it.o
#        D:\WORK\DEVO\CODE\SFOX_ZERO\SFOX_ZERO\EWARM\SFOX_ZERO\Obj\system_stm32f4xx.o
#        D:\WORK\DEVO\CODE\SFOX_ZERO\SFOX_ZERO\EWARM\SFOX_ZERO\Obj\tasks.o
#        D:\WORK\DEVO\CODE\SFOX_ZERO\SFOX_ZERO\EWARM\SFOX_ZERO\Obj\tim.o
#        D:\WORK\DEVO\CODE\SFOX_ZERO\SFOX_ZERO\EWARM\SFOX_ZERO\Obj\time.o
#        D:\WORK\DEVO\CODE\SFOX_ZERO\SFOX_ZERO\EWARM\SFOX_ZERO\Obj\timers.o
#        D:\WORK\DEVO\CODE\SFOX_ZERO\SFOX_ZERO\EWARM\SFOX_ZERO\Obj\usart.o
#        D:\WORK\DEVO\CODE\SFOX_ZERO\SFOX_ZERO\EWARM\SFOX_ZERO\Obj\usart_cfg.o
#        D:\WORK\DEVO\CODE\SFOX_ZERO\SFOX_ZERO\EWARM\SFOX_ZERO\Obj\uwb1000.o
#        --redirect _Printf=_PrintfFull --redirect _Scanf=_ScanfFull -o
#        D:\WORK\DEVO\CODE\SFOX_ZERO\SFOX_ZERO\EWARM\SFOX_ZERO\Exe\SFOX_ZERO.out
#        --map
#        D:\WORK\DEVO\CODE\SFOX_ZERO\SFOX_ZERO\EWARM\SFOX_ZERO\List\SFOX_ZERO.map
#        --config
#        D:\WORK\DEVO\CODE\SFOX_ZERO\SFOX_ZERO\EWARM/stm32f407xx_flash.icf
#        --semihosting --entry __iar_program_start "D:\Program Files (x86)\IAR
#        Systems\Embedded Workbench
#        8.0\arm\CMSIS\Lib\IAR\iar_cortexM4lf_math.a" --vfe --text_out locale)
#
###############################################################################

*******************************************************************************
*** RUNTIME MODEL ATTRIBUTES
***

CppFlavor       = *
__Heap_Handler  = DLMalloc
__SystemLibrary = DLib
__dlib_version  = 6


*******************************************************************************
*** HEAP SELECTION
***

The advanced heap was selected because the application calls memory
allocation functions outside of system library functions, and there
are calls to deallocation functions in the application.


*******************************************************************************
*** PLACEMENT SUMMARY
***

"A0":  place at 0x08000000 { ro section .intvec };
"P1":  place in [from 0x08000000 to 0x080fffff] { ro };
define block CSTACK with size = 1536, alignment = 8 { };
define block HEAP with size = 84K, alignment = 8 { };
"P2":  place in [from 0x20000000 to 0x2001ffff] {
          rw, block CSTACK, block HEAP };
initialize by copy { rw };

  Section            Kind        Address     Size  Object
  -------            ----        -------     ----  ------
"A0":                                       0x188
  .intvec            ro code  0x08000000    0x188  startup_stm32f407xx.o [1]
                            - 0x08000188    0x188

"P1":                                      0xe233
  .text              ro code  0x08000188   0x14d4  dlmalloc.o [3]
  .text              ro code  0x0800165c      0x6  abort.o [3]
  .text              ro code  0x08001662     0x7a  lz77_init_single.o [5]
  .text              ro code  0x080016dc     0x2c  xgetmemchunk.o [3]
  .text              ro code  0x08001708     0x14  exit.o [6]
  .text              ro code  0x0800171c     0x2c  iarttio.o [6]
  .text              ro code  0x08001748      0xc  XShttio.o [3]
  .text              ro code  0x08001754   0x134c  app_ins_ekf_quaternion.o [1]
  .text              ro code  0x08002aa0    0x218  cmsis_os.o [1]
  .text              ro code  0x08002cb8    0xb80  CMatrix.o [1]
  .text              ro code  0x08003838     0xa6  ABImemcpy.o [5]
  .text              ro code  0x080038de      0x4  heaptramp0.o [3]
  .text              ro code  0x080038e4     0x48  FltToDbl.o [4]
  .text              ro code  0x0800392c    0x102  sqrt.o [4]
  .text              ro code  0x08003a30    0x246  DblDiv.o [4]
  .text              ro code  0x08003c78     0x68  DblToFlt.o [4]
  .text              ro code  0x08003ce0     0x4a  math_wrappers64.o [4]
  .text              ro code  0x08003d2c    0x1a2  DblMul.o [4]
  .text              ro code  0x08003ed0    0x7b8  tasks.o [1]
  .text              ro code  0x08004688    0x6c8  queue.o [1]
  .text              ro code  0x08004d50    0x200  port.o [1]
  .text              ro code  0x08004f50      0x6  ABImemclr4.o [5]
  .text              ro code  0x08004f58      0x6  ABImemclr.o [5]
  .text              ro code  0x08004f60    0x5a8  strto64.o [4]
  .text              ro code  0x08005508     0xf0  asin64.o [4]
  .text              ro code  0x080055f8    0x13c  atan2_64.o [4]
  .text              ro code  0x08005734    0x44c  cos_sin64.o [4]
  .text              ro code  0x08005b80    0x1c4  heap_4.o [1]
  .text              ro code  0x08005d44     0x90  list.o [1]
  .text              ro code  0x08005dd4      0x2  freertos.o [1]
  .text              ro code  0x08005dd6      0x2  freertos.o [1]
  CODE               ro code  0x08005dd8     0xa8  portasm.o [1]
  .text              ro code  0x08005e80     0x32  ABImemset48.o [5]
  .text              ro code  0x08005eb4     0x5e  ABImemset.o [5]
  .text              ro code  0x08005f14     0x70  frexp.o [4]
  .text              ro code  0x08005f84    0x13a  ldexp.o [4]
  .text              ro code  0x080060be    0x122  iar_Stopfx.o [3]
  .text              ro code  0x080061e0    0x1c8  iar_Stoflt.o [3]
  .text              ro code  0x080063a8     0x22  S32ToDbl.o [4]
  .text              ro code  0x080063cc    0x178  DblAdd.o [4]
  .text              ro code  0x08006544    0x21c  iar_Stoxflt.o [3]
  .text              ro code  0x08006760     0x2e  DblCmpLe.o [4]
  .text              ro code  0x08006790     0xe2  DblSub.o [4]
  .rodata            const    0x08006874     0x44  freertos.o [1]
  .text              ro code  0x080068b8    0x208  iar_Atan64.o [4]
  .text              ro code  0x08006ac0     0x3a  DblToS32.o [4]
  .text              ro code  0x08006afa     0x14  isspace.o [3]
  .text              ro code  0x08006b0e     0x14  isalpha.o [3]
  .text              ro code  0x08006b24     0x4c  xlocale_c.o [3]
  .text              ro code  0x08006b70     0x58  memchr.o [5]
  .text              ro code  0x08006bc8     0x20  DblCmpEq.o [4]
  .text              ro code  0x08006be8     0x2e  DblCmpGe.o [4]
  .text              ro code  0x08006c18    0xd1c  app_ano.o [1]
  .text              ro code  0x08007934    0x158  usart_cfg.o [1]
  .text              ro code  0x08007a8c    0x828  flash_on_chip.o [1]
  .text              ro code  0x080082b4    0x620  stm32f4xx_hal_uart.o [1]
  .text              ro code  0x080088d4    0x146  main.o [1]
  .text              ro code  0x08008a1c    0x910  gps_m8n.o [1]
  .text              ro code  0x0800932c    0x32c  app_ros.o [1]
  .text              ro code  0x08009658    0x21c  stm32f4xx_hal_flash.o [1]
  .text              ro code  0x08009874    0x168  stm32f4xx_hal_flash_ex.o [1]
  .text              ro code  0x080099dc    0x584  usart.o [1]
  .text              ro code  0x08009f60    0x41c  stm32f4xx_hal_dma.o [1]
  .text              ro code  0x0800a37c      0x2  stm32f4xx_hal_uart.o [1]
  .text              ro code  0x0800a37e      0x2  stm32f4xx_hal_uart.o [1]
  .text              ro code  0x0800a380      0x2  stm32f4xx_hal_uart.o [1]
  .text              ro code  0x0800a384    0x208  stm32f4xx_hal_rcc.o [1]
  .text              ro code  0x0800a58c     0x34  stm32f4xx_hal.o [1]
  .text              ro code  0x0800a5c0     0xb4  gpio.o [1]
  .text              ro code  0x0800a674     0xb8  dma.o [1]
  .text              ro code  0x0800a72c    0x20c  spi.o [1]
  .text              ro code  0x0800a938    0x470  tim.o [1]
  .text              ro code  0x0800ada8    0x31c  rc_pwm.o [1]
  .text              ro code  0x0800b0c4    0x134  motor_pwm.o [1]
  .text              ro code  0x0800b1f8    0x764  mpu9250.o [1]
  .text              ro code  0x0800b95c    0x36c  ms5803.o [1]
  .text              ro code  0x0800bcc8     0xe8  app_led.o [1]
  .text              ro code  0x0800bdb0    0x30c  freertos.o [1]
  .text              ro code  0x0800c0bc    0x2fc  stm32f4xx_hal_rcc.o [1]
  .text              ro code  0x0800c3b8     0xdc  stm32f4xx_hal_cortex.o [1]
  .text              ro code  0x0800c494     0x14  stm32f4xx_hal.o [1]
  .text              ro code  0x0800c4a8     0x30  strstr.o [3]
  .text              ro code  0x0800c4d8    0x174  iar_Stoulx.o [3]
  .text              ro code  0x0800c64c     0x98  time.o [1]
  .text              ro code  0x0800c6e4     0x4a  strcmp.o [5]
  .text              ro code  0x0800c730      0xc  stm32f4xx_hal.o [1]
  .text              ro code  0x0800c73c    0x200  stm32f4xx_hal_gpio.o [1]
  .text              ro code  0x0800c93c     0x80  stm32f4xx_hal_timebase_TIM.o [1]
  .text              ro code  0x0800c9bc      0x2  stm32f4xx_hal_rcc.o [1]
  .text              ro code  0x0800c9c0    0x272  I64DivMod.o [5]
  .text              ro code  0x0800cc34     0x94  stm32f4xx_hal_msp.o [1]
  .text              ro code  0x0800ccc8    0xa86  stm32f4xx_hal_spi.o [1]
  .text              ro code  0x0800d750    0x768  stm32f4xx_hal_tim.o [1]
  .text              ro code  0x0800deb8     0x4e  stm32f4xx_hal_tim_ex.o [1]
  .text              ro code  0x0800df08     0x28  stm32f4xx_hal.o [1]
  .text              ro code  0x0800df30     0x58  S64ToFlt.o [4]
  .text              ro code  0x0800df88     0x16  strchr.o [5]
  .text              ro code  0x0800df9e     0x14  tolower.o [3]
  .text              ro code  0x0800dfb4      0x2  I64DivZer.o [5]
  .text              ro code  0x0800dfb6      0x2  stm32f4xx_hal_spi.o [1]
  .text              ro code  0x0800dfb8      0x2  stm32f4xx_hal_spi.o [1]
  .text              ro code  0x0800dfba      0x2  stm32f4xx_hal_spi.o [1]
  .text              ro code  0x0800dfbc      0x2  stm32f4xx_hal_spi.o [1]
  .text              ro code  0x0800dfbe      0x2  stm32f4xx_hal_tim.o [1]
  .text              ro code  0x0800dfc0      0x2  stm32f4xx_hal_tim.o [1]
  .text              ro code  0x0800dfc2      0x2  stm32f4xx_hal_tim_ex.o [1]
  .text              ro code  0x0800dfc4      0x2  stm32f4xx_hal_tim.o [1]
  .text              ro code  0x0800dfc6      0x2  stm32f4xx_hal_tim_ex.o [1]
  .text              ro code  0x0800dfc8     0xd0  stm32f4xx_it.o [1]
  .text              ro code  0x0800e098     0x60  system_stm32f4xx.o [1]
  .rodata            const    0x0800e0f8     0x40  app_ins_ekf_quaternion.o [1]
  .text              ro code  0x0800e138     0x40  zero_init3.o [5]
  .text              ro code  0x0800e178     0x28  data_init.o [5]
  .text              ro code  0x0800e1a0     0x22  fpinit_M.o [4]
  .iar.init_table    const    0x0800e1c4     0x20  - Linker created -
  .text              ro code  0x0800e1e4     0x1e  cmain.o [5]
  .text              ro code  0x0800e202      0x4  low_level_init.o [3]
  .text              ro code  0x0800e206      0x4  exit.o [3]
  .text              ro code  0x0800e20c      0xa  cexit.o [5]
  .text              ro code  0x0800e218     0x10  startup_stm32f407xx.o [1]
  .text              ro code  0x0800e228      0xc  cstartup_M.o [5]
  .rodata            const    0x0800e234      0x8  system_stm32f4xx.o [1]
  .rodata            const    0x0800e23c      0x6  xlocale_c.o [3]
  .text              ro code  0x0800e242      0x4  startup_stm32f407xx.o [1]
  .text              ro code  0x0800e246      0x4  startup_stm32f407xx.o [1]
  .text              ro code  0x0800e24a      0x4  startup_stm32f407xx.o [1]
  .text              ro code  0x0800e24e      0x4  startup_stm32f407xx.o [1]
  .text              ro code  0x0800e252      0x4  startup_stm32f407xx.o [1]
  .text              ro code  0x0800e256      0x4  startup_stm32f407xx.o [1]
  .text              ro code  0x0800e25a      0x4  startup_stm32f407xx.o [1]
  .text              ro code  0x0800e25e      0x4  startup_stm32f407xx.o [1]
  .text              ro code  0x0800e262      0x4  startup_stm32f407xx.o [1]
  .text              ro code  0x0800e266      0x4  startup_stm32f407xx.o [1]
  .text              ro code  0x0800e26a      0x4  startup_stm32f407xx.o [1]
  .text              ro code  0x0800e26e      0x4  startup_stm32f407xx.o [1]
  .text              ro code  0x0800e272      0x4  startup_stm32f407xx.o [1]
  .text              ro code  0x0800e276      0x4  startup_stm32f407xx.o [1]
  .text              ro code  0x0800e27a      0x4  startup_stm32f407xx.o [1]
  .text              ro code  0x0800e27e      0x4  startup_stm32f407xx.o [1]
  .text              ro code  0x0800e282      0x4  startup_stm32f407xx.o [1]
  .text              ro code  0x0800e286      0x4  startup_stm32f407xx.o [1]
  .text              ro code  0x0800e28a      0x4  startup_stm32f407xx.o [1]
  .text              ro code  0x0800e28e      0x4  startup_stm32f407xx.o [1]
  .text              ro code  0x0800e292      0x4  startup_stm32f407xx.o [1]
  .text              ro code  0x0800e296      0x4  startup_stm32f407xx.o [1]
  .text              ro code  0x0800e29a      0x4  startup_stm32f407xx.o [1]
  .text              ro code  0x0800e29e      0x4  startup_stm32f407xx.o [1]
  .text              ro code  0x0800e2a2      0x4  startup_stm32f407xx.o [1]
  .text              ro code  0x0800e2a6      0x4  startup_stm32f407xx.o [1]
  .text              ro code  0x0800e2aa      0x4  startup_stm32f407xx.o [1]
  .text              ro code  0x0800e2ae      0x4  startup_stm32f407xx.o [1]
  .text              ro code  0x0800e2b2      0x4  startup_stm32f407xx.o [1]
  .text              ro code  0x0800e2b6      0x4  startup_stm32f407xx.o [1]
  .text              ro code  0x0800e2ba      0x4  startup_stm32f407xx.o [1]
  .text              ro code  0x0800e2be      0x4  startup_stm32f407xx.o [1]
  .text              ro code  0x0800e2c2      0x4  startup_stm32f407xx.o [1]
  .text              ro code  0x0800e2c6      0x4  startup_stm32f407xx.o [1]
  .text              ro code  0x0800e2ca      0x4  startup_stm32f407xx.o [1]
  .text              ro code  0x0800e2ce      0x4  startup_stm32f407xx.o [1]
  .text              ro code  0x0800e2d2      0x4  startup_stm32f407xx.o [1]
  .text              ro code  0x0800e2d6      0x4  startup_stm32f407xx.o [1]
  .text              ro code  0x0800e2da      0x4  startup_stm32f407xx.o [1]
  .text              ro code  0x0800e2de      0x4  startup_stm32f407xx.o [1]
  .text              ro code  0x0800e2e2      0x4  startup_stm32f407xx.o [1]
  .text              ro code  0x0800e2e6      0x4  startup_stm32f407xx.o [1]
  .text              ro code  0x0800e2ea      0x4  startup_stm32f407xx.o [1]
  .text              ro code  0x0800e2ee      0x4  startup_stm32f407xx.o [1]
  .text              ro code  0x0800e2f2      0x4  startup_stm32f407xx.o [1]
  .text              ro code  0x0800e2f6      0x4  startup_stm32f407xx.o [1]
  .text              ro code  0x0800e2fa      0x4  startup_stm32f407xx.o [1]
  .text              ro code  0x0800e2fe      0x4  startup_stm32f407xx.o [1]
  .text              ro code  0x0800e302      0x4  startup_stm32f407xx.o [1]
  .text              ro code  0x0800e306      0x4  startup_stm32f407xx.o [1]
  .text              ro code  0x0800e30a      0x4  startup_stm32f407xx.o [1]
  .text              ro code  0x0800e30e      0x4  startup_stm32f407xx.o [1]
  .text              ro code  0x0800e312      0x4  startup_stm32f407xx.o [1]
  .text              ro code  0x0800e316      0x4  startup_stm32f407xx.o [1]
  .text              ro code  0x0800e31a      0x4  startup_stm32f407xx.o [1]
  .text              ro code  0x0800e31e      0x4  startup_stm32f407xx.o [1]
  .text              ro code  0x0800e322      0x4  startup_stm32f407xx.o [1]
  .text              ro code  0x0800e326      0x4  startup_stm32f407xx.o [1]
  .text              ro code  0x0800e32a      0x4  startup_stm32f407xx.o [1]
  .text              ro code  0x0800e32e      0x4  startup_stm32f407xx.o [1]
  .text              ro code  0x0800e332      0x4  startup_stm32f407xx.o [1]
  .text              ro code  0x0800e336      0x4  startup_stm32f407xx.o [1]
  .text              ro code  0x0800e33a      0x4  startup_stm32f407xx.o [1]
  .rodata            const    0x0800e33e      0x0  zero_init3.o [5]
  .rodata            const    0x0800e33e      0x0  lz77_init_single.o [5]
  Initializer bytes  const    0x0800e33e     0x7d  <for P2-1>
                            - 0x0800e3bb   0xe233

"P2", part 1 of 3:                          0x134
  P2-1                        0x20000000    0x134  <Init block>
    .data            inited   0x20000000     0x30  gps_m8n.o [1]
    .data            inited   0x20000030     0x60  app_ins_ekf_quaternion.o [1]
    .data            inited   0x20000090      0xc  port.o [1]
    .data            inited   0x2000009c      0xc  stm32f4xx_hal.o [1]
    .data            inited   0x200000a8      0x4  system_stm32f4xx.o [1]
    .data            inited   0x200000ac     0x38  xlocale_c.o [3]
    .data            inited   0x200000e4     0x48  xlocale_c.o [3]
    .data            inited   0x2000012c      0x8  XShttio.o [3]
                            - 0x20000134    0x134

"P2", part 2 of 3:                         0x4f28
  .bss               zero     0x20000134   0x3c18  heap_4.o [1]
  .bss               zero     0x20003d4c    0x240  usart.o [1]
  .bss               zero     0x20003f8c    0x1d8  dlmalloc.o [3]
  .bss               zero     0x20004164    0x12c  flash_on_chip.o [1]
  .bss               zero     0x20004290     0x7c  app_ano.o [1]
  .bss               zero     0x20004310    0x120  gps_m8n.o [1]
  .bss               zero     0x20004430     0xf0  time.o [1]
  .bss               zero     0x20004520     0xc8  app_ros.o [1]
  .bss               zero     0x200045e8     0xc0  spi.o [1]
  .bss               zero     0x200046a8     0xa4  gps_m8n.o [1]
  .bss               zero     0x2000474c     0xa0  tasks.o [1]
  .bss               zero     0x200047ec     0x64  app_ano.o [1]
  .bss               zero     0x20004850     0xa0  time.o [1]
  .bss               zero     0x200048f0     0x8c  tasks.o [1]
  .bss               zero     0x2000497c     0x80  app_ano.o [1]
  .bss               zero     0x200049fc     0x80  mpu9250.o [1]
  .bss               zero     0x20004a7c     0x80  rc_pwm.o [1]
  .bss               zero     0x20004afc     0x58  spi.o [1]
  .bss               zero     0x20004b54     0x58  spi.o [1]
  .bss               zero     0x20004bac     0x40  usart.o [1]
  .bss               zero     0x20004bec     0x40  usart.o [1]
  .bss               zero     0x20004c2c     0x40  usart.o [1]
  .bss               zero     0x20004c6c     0x40  usart.o [1]
  .bss               zero     0x20004cac     0x40  usart.o [1]
  .bss               zero     0x20004cec     0x40  usart.o [1]
  .bss               zero     0x20004d2c     0x3c  app_ins_ekf_quaternion.o [1]
  .bss               zero     0x20004d68     0x3c  app_ros.o [1]
  .bss               zero     0x20004da4     0x3c  freertos.o [1]
  .bss               zero     0x20004de0     0x3c  stm32f4xx_hal_timebase_TIM.o [1]
  .bss               zero     0x20004e1c     0x3c  tim.o [1]
  .bss               zero     0x20004e58     0x3c  tim.o [1]
  .bss               zero     0x20004e94     0x3c  tim.o [1]
  .bss               zero     0x20004ed0     0x3c  tim.o [1]
  .bss               zero     0x20004f0c     0x34  app_ano.o [1]
  .bss               zero     0x20004f40     0x30  ms5803.o [1]
  .bss               zero     0x20004f70     0x24  mpu9250.o [1]
  .bss               zero     0x20004f94     0x20  stm32f4xx_hal_flash.o [1]
  .bss               zero     0x20004fb4     0x1c  mpu9250.o [1]
  .bss               zero     0x20004fd0     0x1c  time.o [1]
  .bss               zero     0x20004fec     0x18  app_ins_ekf_quaternion.o [1]
  .bss               zero     0x20005004     0x18  dlmalloc.o [3]
  .bss               zero     0x2000501c     0x14  flash_on_chip.o [1]
  .bss               zero     0x20005030     0x10  app_ros.o [1]
  .bss               zero     0x20005040      0x8  time.o [1]
  .bss               zero     0x20005048      0x5  usart_cfg.o [1]
  .bss               zero     0x20005050      0x4  time.o [1]
  .bss               zero     0x20005054      0x4  time.o [1]
  .bss               zero     0x20005058      0x4  xgetmemchunk.o [3]
                            - 0x2000505c   0x4f28

"P2", part 3 of 3:                        0x15600
  CSTACK                      0x20005060    0x600  <Block>
    CSTACK           uninit   0x20005060    0x600  <Block tail>
  HEAP                        0x20005660  0x15000  <Block>
    HEAP             uninit   0x20005660  0x15000  <Block tail>
                            - 0x2001a660  0x15600


*******************************************************************************
*** INIT TABLE
***

          Address     Size
          -------     ----
Zero (__iar_zero_init3)
    1 destination range, total size 0x4f28:
          0x20000134  0x4f28

Copy/lz77 (__iar_lz77_init_single3)
    1 source range, total size 0x7d (40% of destination):
          0x0800e33e    0x7d
    1 destination range, total size 0x134:
          0x20000000   0x134



*******************************************************************************
*** MODULE SUMMARY
***

    Module                        ro code  ro data  rw data
    ------                        -------  -------  -------
D:\WORK\DEVO\CODE\SFOX_ZERO\SFOX_ZERO\EWARM\SFOX_ZERO\Obj: [1]
    CMatrix.o                       2 944
    app_ano.o                       3 356               404
    app_ins_ekf_quaternion.o        4 940      103      180
    app_led.o                         232
    app_ros.o                         812               276
    cmsis_os.o                        536
    dma.o                             184
    flash_on_chip.o                 2 088               320
    freertos.o                        784       68       60
    gpio.o                            180
    gps_m8n.o                       2 320       19      500
    heap_4.o                          452            15 384
    list.o                            144
    main.o                            326
    motor_pwm.o                       308
    mpu9250.o                       1 892               192
    ms5803.o                          876                48
    port.o                            512        5       12
    portasm.o                         168
    queue.o                         1 736
    rc_pwm.o                          796               128
    spi.o                             524               368
    startup_stm32f407xx.o             660
    stm32f4xx_hal.o                   124        5       12
    stm32f4xx_hal_cortex.o            220
    stm32f4xx_hal_dma.o             1 052
    stm32f4xx_hal_flash.o             540                32
    stm32f4xx_hal_flash_ex.o          360
    stm32f4xx_hal_gpio.o              512
    stm32f4xx_hal_msp.o               148
    stm32f4xx_hal_rcc.o             1 286
    stm32f4xx_hal_spi.o             2 702
    stm32f4xx_hal_tim.o             1 902
    stm32f4xx_hal_tim_ex.o             82
    stm32f4xx_hal_timebase_TIM.o      128                60
    stm32f4xx_hal_uart.o            1 574
    stm32f4xx_it.o                    208
    system_stm32f4xx.o                 96        9        4
    tasks.o                         1 976               300
    tim.o                           1 136               240
    time.o                            152               444
    usart.o                         1 412               960
    usart_cfg.o                       344                 5
    -------------------------------------------------------
    Total:                         42 724      209   19 929

command line: [2]
    -------------------------------------------------------
    Total:

dl7M_tlf.a: [3]
    XShttio.o                          12        4        8
    abort.o                             6
    dlmalloc.o                      5 332               496
    exit.o                              4
    heaptramp0.o                        4
    iar_Stoflt.o                      456
    iar_Stopfx.o                      290
    iar_Stoulx.o                      372
    iar_Stoxflt.o                     540
    isalpha.o                          20
    isspace.o                          20
    low_level_init.o                    4
    strstr.o                           48
    tolower.o                          20
    xgetmemchunk.o                     44                 4
    xlocale_c.o                        76       58      128
    -------------------------------------------------------
    Total:                          7 248       62      636

m7M_tls.a: [4]
    DblAdd.o                          376
    DblCmpEq.o                         32
    DblCmpGe.o                         46
    DblCmpLe.o                         46
    DblDiv.o                          582
    DblMul.o                          418
    DblSub.o                          226
    DblToFlt.o                        104
    DblToS32.o                         58
    FltToDbl.o                         72
    S32ToDbl.o                         34
    S64ToFlt.o                         88
    asin64.o                          240
    atan2_64.o                        316
    cos_sin64.o                     1 100
    fpinit_M.o                         34
    frexp.o                           112
    iar_Atan64.o                      520
    ldexp.o                           314
    math_wrappers64.o                  74
    sqrt.o                            258
    strto64.o                       1 448
    -------------------------------------------------------
    Total:                          6 498

rt7M_tl.a: [5]
    ABImemclr.o                         6
    ABImemclr4.o                        6
    ABImemcpy.o                       166
    ABImemset.o                        94
    ABImemset48.o                      50
    I64DivMod.o                       626
    I64DivZer.o                         2
    cexit.o                            10
    cmain.o                            30
    cstartup_M.o                       12
    data_init.o                        40
    lz77_init_single.o                122
    memchr.o                           88
    strchr.o                           22
    strcmp.o                           74
    zero_init3.o                       64
    -------------------------------------------------------
    Total:                          1 412

shb_l.a: [6]
    exit.o                             20
    iarttio.o                          44
    -------------------------------------------------------
    Total:                             64

    Gaps                               46        4        7
    Linker created                              32   87 552
-----------------------------------------------------------
    Grand Total:                   57 992      307  108 124


*******************************************************************************
*** ENTRY LIST
***

Entry                      Address    Size  Type      Object
-----                      -------    ----  ----      ------
.iar.init_table$$Base   0x0800e1c4           --   Gb  - Linker created -
.iar.init_table$$Limit  0x0800e1e4           --   Gb  - Linker created -
?main                   0x0800e1e5          Code  Gb  cmain.o [5]
AHBPrescTable           0x0800e0e8    0x10  Data  Gb  system_stm32f4xx.o [1]
ANO_DT_Data_Receive_Anl
                        0x08007211   0x68a  Code  Gb  app_ano.o [1]
ANO_DT_Send_Check       0x0800789b    0x26  Code  Gb  app_ano.o [1]
ANO_DT_Send_PID         0x08006ec9   0x13a  Code  Gb  app_ano.o [1]
ANO_data_receive_prepara
                        0x08007175    0x96  Code  Gb  app_ano.o [1]
ANO_send_15_data        0x08006d01   0x1c2  Code  Gb  app_ano.o [1]
ANO_sending             0x08006c19    0xe8  Code  Gb  app_ano.o [1]
APBPrescTable           0x0800e234     0x8  Data  Gb  system_stm32f4xx.o [1]
BusFault_Handler        0x0800dfd1     0x2  Code  Gb  stm32f4xx_it.o [1]
CSTACK$$Base            0x20005060           --   Gb  - Linker created -
CSTACK$$Limit           0x20005660           --   Gb  - Linker created -
DMA1_Stream3_IRQHandler
                        0x0800dfe5     0x6  Code  Gb  stm32f4xx_it.o [1]
DMA1_Stream4_IRQHandler
                        0x0800dfeb     0x6  Code  Gb  stm32f4xx_it.o [1]
DMA1_Stream6_IRQHandler
                        0x0800dff1     0x6  Code  Gb  stm32f4xx_it.o [1]
DMA1_Stream7_IRQHandler
                        0x0800e021     0x6  Code  Gb  stm32f4xx_it.o [1]
DMA2_Stream0_IRQHandler
                        0x0800e033     0x6  Code  Gb  stm32f4xx_it.o [1]
DMA2_Stream3_IRQHandler
                        0x0800e039     0x6  Code  Gb  stm32f4xx_it.o [1]
DMA2_Stream6_IRQHandler
                        0x0800e03f     0x6  Code  Gb  stm32f4xx_it.o [1]
DMA2_Stream7_IRQHandler
                        0x0800e045     0x6  Code  Gb  stm32f4xx_it.o [1]
DMA_CalcBaseAndBitshift
                        0x0800a339    0x2c  Code  Lc  stm32f4xx_hal_dma.o [1]
DMA_CalcBaseAndBitshift::flagBitshiftOffset
                        0x0800a374     0x8  Data  Lc  stm32f4xx_hal_dma.o [1]
DebugMon_Handler        0x0800dfd5     0x2  Code  Gb  stm32f4xx_it.o [1]
Dtentox                 0x08005115   0x19a  Code  Lc  strto64.o [4]
EraseInitStruct         0x2000501c    0x14  Data  Gb  flash_on_chip.o [1]
FLASH_Erase_Sector      0x08009931    0x4e  Code  Gb  stm32f4xx_hal_flash_ex.o [1]
FLASH_FlushCaches       0x0800997f    0x50  Code  Gb  stm32f4xx_hal_flash_ex.o [1]
FLASH_MassErase         0x08009911    0x20  Code  Lc  stm32f4xx_hal_flash_ex.o [1]
FLASH_Program_Byte      0x080097df    0x1e  Code  Lc  stm32f4xx_hal_flash.o [1]
FLASH_Program_DoubleWord
                        0x08009775    0x26  Code  Lc  stm32f4xx_hal_flash.o [1]
FLASH_Program_HalfWord  0x080097bd    0x22  Code  Lc  stm32f4xx_hal_flash.o [1]
FLASH_Program_Word      0x0800979b    0x22  Code  Lc  stm32f4xx_hal_flash.o [1]
FLASH_SetErrorCode      0x080097fd    0x60  Code  Lc  stm32f4xx_hal_flash.o [1]
FLASH_WaitForLastOperation
                        0x08009729    0x44  Code  Gb  stm32f4xx_hal_flash.o [1]
FLASHinit               0x080080bb    0x14  Code  Gb  flash_on_chip.o [1]
GPS_M8N_HOME_POINT_STATUS
                        0x20000024     0x4  Data  Gb  gps_m8n.o [1]
GPS_M8N_STATUS          0x20000020     0x4  Data  Gb  gps_m8n.o [1]
HAL_DMA_Abort           0x0800a0db    0x8c  Code  Gb  stm32f4xx_hal_dma.o [1]
HAL_DMA_Abort_IT        0x0800a167    0x24  Code  Gb  stm32f4xx_hal_dma.o [1]
HAL_DMA_IRQHandler      0x0800a18b   0x1aa  Code  Gb  stm32f4xx_hal_dma.o [1]
HAL_DMA_Init            0x08009f61    0xec  Code  Gb  stm32f4xx_hal_dma.o [1]
HAL_DMA_Start_IT        0x0800a04d    0x8e  Code  Gb  stm32f4xx_hal_dma.o [1]
HAL_Delay               0x0800df09    0x28  Code  Wk  stm32f4xx_hal.o [1]
HAL_FLASHEx_Erase       0x08009875    0x9c  Code  Gb  stm32f4xx_hal_flash_ex.o [1]
HAL_FLASH_Lock          0x0800971b     0x8  Code  Gb  stm32f4xx_hal_flash.o [1]
HAL_FLASH_Program       0x08009659    0xa6  Code  Gb  stm32f4xx_hal_flash.o [1]
HAL_FLASH_Unlock        0x080096ff    0x1c  Code  Gb  stm32f4xx_hal_flash.o [1]
HAL_GPIO_Init           0x0800c73d   0x1ae  Code  Gb  stm32f4xx_hal_gpio.o [1]
HAL_GPIO_ReadPin        0x0800c8eb    0x10  Code  Gb  stm32f4xx_hal_gpio.o [1]
HAL_GPIO_TogglePin      0x0800c907     0x8  Code  Gb  stm32f4xx_hal_gpio.o [1]
HAL_GPIO_WritePin       0x0800c8fb     0xc  Code  Gb  stm32f4xx_hal_gpio.o [1]
HAL_GetTick             0x0800c731     0xc  Code  Wk  stm32f4xx_hal.o [1]
HAL_IncTick             0x0800c495    0x14  Code  Wk  stm32f4xx_hal.o [1]
HAL_Init                0x0800a58d    0x30  Code  Gb  stm32f4xx_hal.o [1]
HAL_InitTick            0x0800c93d    0x70  Code  Gb  stm32f4xx_hal_timebase_TIM.o [1]
HAL_MspInit             0x0800cc35    0x94  Code  Gb  stm32f4xx_hal_msp.o [1]
HAL_NVIC_EnableIRQ      0x0800c425     0xa  Code  Gb  stm32f4xx_hal_cortex.o [1]
HAL_NVIC_SetPriority    0x0800c3d3    0x52  Code  Gb  stm32f4xx_hal_cortex.o [1]
HAL_NVIC_SetPriorityGrouping
                        0x0800c3b9    0x1a  Code  Gb  stm32f4xx_hal_cortex.o [1]
HAL_RCC_ClockConfig     0x0800a385   0x110  Code  Gb  stm32f4xx_hal_rcc.o [1]
HAL_RCC_EnableCSS       0x0800a495     0x8  Code  Gb  stm32f4xx_hal_rcc.o [1]
HAL_RCC_GetClockConfig  0x0800a4c7    0x38  Code  Gb  stm32f4xx_hal_rcc.o [1]
HAL_RCC_GetHCLKFreq     0x0800a49d     0x6  Code  Gb  stm32f4xx_hal_rcc.o [1]
HAL_RCC_GetPCLK1Freq    0x0800a4a3    0x10  Code  Gb  stm32f4xx_hal_rcc.o [1]
HAL_RCC_GetPCLK2Freq    0x0800a4b3     0xe  Code  Gb  stm32f4xx_hal_rcc.o [1]
HAL_RCC_NMI_IRQHandler  0x0800a4ff    0x14  Code  Gb  stm32f4xx_hal_rcc.o [1]
HAL_RCC_OscConfig       0x0800c0bd   0x2fc  Code  Wk  stm32f4xx_hal_rcc.o [1]
HAL_SPI_DMAStop         0x0800d453    0x28  Code  Gb  stm32f4xx_hal_spi.o [1]
HAL_SPI_IRQHandler      0x0800d47b    0xf8  Code  Gb  stm32f4xx_hal_spi.o [1]
HAL_SPI_Init            0x0800ccc9    0x80  Code  Gb  stm32f4xx_hal_spi.o [1]
HAL_SPI_MspInit         0x0800a7b1   0x12c  Code  Gb  spi.o [1]
HAL_SPI_Receive         0x0800cf23   0x13e  Code  Gb  stm32f4xx_hal_spi.o [1]
HAL_SPI_Receive_DMA     0x0800d297    0xc6  Code  Gb  stm32f4xx_hal_spi.o [1]
HAL_SPI_RxCpltCallback  0x0800b4b3    0x20  Code  Gb  mpu9250.o [1]
HAL_SPI_Transmit        0x0800cd49   0x1da  Code  Gb  stm32f4xx_hal_spi.o [1]
HAL_SPI_TransmitReceive
                        0x0800d061   0x236  Code  Gb  stm32f4xx_hal_spi.o [1]
HAL_SPI_TransmitReceive_DMA
                        0x0800d35d    0xee  Code  Gb  stm32f4xx_hal_spi.o [1]
HAL_SYSTICK_CLKSourceConfig
                        0x0800c45b    0x1a  Code  Gb  stm32f4xx_hal_cortex.o [1]
HAL_SYSTICK_Config      0x0800c439    0x22  Code  Gb  stm32f4xx_hal_cortex.o [1]
HAL_TIMEx_BreakCallback
                        0x0800dfc3     0x2  Code  Wk  stm32f4xx_hal_tim_ex.o [1]
HAL_TIMEx_CommutationCallback
                        0x0800dfc7     0x2  Code  Wk  stm32f4xx_hal_tim_ex.o [1]
HAL_TIMEx_MasterConfigSynchronization
                        0x0800deb9    0x4e  Code  Gb  stm32f4xx_hal_tim_ex.o [1]
HAL_TIM_Base_Init       0x0800d751    0x20  Code  Gb  stm32f4xx_hal_tim.o [1]
HAL_TIM_Base_Start_IT   0x0800d771    0x16  Code  Gb  stm32f4xx_hal_tim.o [1]
HAL_TIM_IC_CaptureCallback
                        0x0800adfb   0x2ac  Code  Gb  rc_pwm.o [1]
HAL_TIM_IC_ConfigChannel
                        0x0800d9c7   0x11a  Code  Gb  stm32f4xx_hal_tim.o [1]
HAL_TIM_IC_Init         0x0800d7f9    0x20  Code  Gb  stm32f4xx_hal_tim.o [1]
HAL_TIM_IC_MspInit      0x0800abeb    0xb6  Code  Gb  tim.o [1]
HAL_TIM_IC_Start_IT     0x0800d819    0x3a  Code  Gb  stm32f4xx_hal_tim.o [1]
HAL_TIM_IRQHandler      0x0800d87d   0x14a  Code  Gb  stm32f4xx_hal_tim.o [1]
HAL_TIM_MspPostInit     0x0800ace3    0x66  Code  Gb  tim.o [1]
HAL_TIM_PWM_ConfigChannel
                        0x0800dae1    0xd2  Code  Gb  stm32f4xx_hal_tim.o [1]
HAL_TIM_PWM_Init        0x0800d7b3    0x20  Code  Gb  stm32f4xx_hal_tim.o [1]
HAL_TIM_PWM_MspInit     0x0800aca1    0x42  Code  Gb  tim.o [1]
HAL_TIM_PWM_Start       0x0800d7d3    0x26  Code  Gb  stm32f4xx_hal_tim.o [1]
HAL_TIM_PeriodElapsedCallback
                        0x080089f3     0xe  Code  Gb  main.o [1]
HAL_TIM_ReadCapturedValue
                        0x0800dbbf    0x44  Code  Gb  stm32f4xx_hal_tim.o [1]
HAL_UART_IRQHandler     0x080083e9   0x158  Code  Gb  stm32f4xx_hal_uart.o [1]
HAL_UART_Init           0x080082b5    0x44  Code  Gb  stm32f4xx_hal_uart.o [1]
HAL_UART_MspInit        0x08009b1d   0x3be  Code  Gb  usart.o [1]
HAL_UART_Receive_IT     0x08008313    0x48  Code  Gb  stm32f4xx_hal_uart.o [1]
HAL_UART_RxCpltCallback
                        0x080079a7    0x78  Code  Gb  usart_cfg.o [1]
HAL_UART_Transmit_DMA   0x0800836f    0x7a  Code  Gb  stm32f4xx_hal_uart.o [1]
HEAP$$Base              0x20005660           --   Gb  - Linker created -
HEAP$$Limit             0x2001a660           --   Gb  - Linker created -
HardFault_Handler       0x0800dfcd     0x2  Code  Gb  stm32f4xx_it.o [1]
MPU9250_Check           0x0800b38d    0xd4  Code  Gb  mpu9250.o [1]
MPU9250_ERROR           0x20004a74     0x4  Data  Gb  mpu9250.o [1]
MPU9250_Handler         0x20004a70     0x4  Data  Gb  mpu9250.o [1]
MPU9250_Init            0x0800b34d    0x40  Code  Gb  mpu9250.o [1]
MPU9250_Mag_ReadReg     0x0800b2fb    0x52  Code  Gb  mpu9250.o [1]
MPU9250_Mag_WriteReg    0x0800b2a5    0x56  Code  Gb  mpu9250.o [1]
MPU9250_ReadReg         0x0800b207    0x4e  Code  Gb  mpu9250.o [1]
MPU9250_WriteReg        0x0800b255    0x50  Code  Gb  mpu9250.o [1]
MPU9250_data_buffer     0x200049fc    0x1c  Data  Gb  mpu9250.o [1]
MPU9250_data_push       0x0800b6fd   0x15e  Code  Gb  mpu9250.o [1]
MPU9250_gyro_acc_calibrate_offset_func
                        0x0800b4d5   0x114  Code  Gb  mpu9250.o [1]
MPU9250_gyro_acc_calibrate_offset_func::cnt_g
                        0x20004f70     0x2  Data  Lc  mpu9250.o [1]
MPU9250_gyro_acc_calibrate_offset_func::gyrox_high
                        0x20004f90     0x4  Data  Lc  mpu9250.o [1]
MPU9250_gyro_acc_calibrate_offset_func::gyrox_low
                        0x20004f8c     0x4  Data  Lc  mpu9250.o [1]
MPU9250_gyro_acc_calibrate_offset_func::tempAcc
                        0x20004f80     0xc  Data  Lc  mpu9250.o [1]
MPU9250_gyro_acc_calibrate_offset_func::tempGyro
                        0x20004f74     0xc  Data  Lc  mpu9250.o [1]
MPU9250_mag_calibrate   0x0800b5e9   0x112  Code  Gb  mpu9250.o [1]
MPU9250_mag_calibrate::cnt
                        0x20004fcc     0x4  Data  Lc  mpu9250.o [1]
MPU9250_mag_calibrate::magx_high
                        0x20004fb8     0x4  Data  Lc  mpu9250.o [1]
MPU9250_mag_calibrate::magx_low
                        0x20004fb4     0x4  Data  Lc  mpu9250.o [1]
MPU9250_mag_calibrate::magy_high
                        0x20004fc0     0x4  Data  Lc  mpu9250.o [1]
MPU9250_mag_calibrate::magy_low
                        0x20004fbc     0x4  Data  Lc  mpu9250.o [1]
MPU9250_mag_calibrate::magz_high
                        0x20004fc8     0x4  Data  Lc  mpu9250.o [1]
MPU9250_mag_calibrate::magz_low
                        0x20004fc4     0x4  Data  Lc  mpu9250.o [1]
MPU9250_process         0x0800b865    0xa6  Code  Gb  mpu9250.o [1]
MPU9250_process::MPU9250MagCalibrateStart
                        0x20004a78     0x4  Data  Lc  mpu9250.o [1]
MPU9250_read_raw_data   0x0800b465    0x4e  Code  Gb  mpu9250.o [1]
MS5803_C1               0x20004f40     0x2  Data  Gb  ms5803.o [1]
MS5803_C2               0x20004f42     0x2  Data  Gb  ms5803.o [1]
MS5803_C3               0x20004f44     0x2  Data  Gb  ms5803.o [1]
MS5803_C4               0x20004f46     0x2  Data  Gb  ms5803.o [1]
MS5803_C5               0x20004f48     0x2  Data  Gb  ms5803.o [1]
MS5803_C6               0x20004f4a     0x2  Data  Gb  ms5803.o [1]
MS5803_D1               0x20004f60     0x4  Data  Gb  ms5803.o [1]
MS5803_D2               0x20004f64     0x4  Data  Gb  ms5803.o [1]
MS5803_Handler          0x20004f6c     0x4  Data  Gb  ms5803.o [1]
MS5803_Init             0x0800b95d    0xb0  Code  Gb  ms5803.o [1]
MS5803_ReadRegs         0x0800bc41    0x42  Code  Gb  ms5803.o [1]
MS5803_WriteReg         0x0800bc83    0x2e  Code  Gb  ms5803.o [1]
MS5803_caculate         0x0800ba19   0x1ba  Code  Gb  ms5803.o [1]
MS5803_pressure         0x20004f50     0x8  Data  Gb  ms5803.o [1]
MS5803_process          0x0800ba0d     0xc  Code  Gb  ms5803.o [1]
MS5803_read_data        0x0800bbd3    0x6e  Code  Gb  ms5803.o [1]
MS5803_temperature      0x20004f58     0x8  Data  Gb  ms5803.o [1]
MX_DMA_Init             0x0800a675    0xb8  Code  Gb  dma.o [1]
MX_FREERTOS_Init        0x0800bdb1   0x14e  Code  Gb  freertos.o [1]
MX_GPIO_Init            0x0800a5c1    0xb4  Code  Gb  gpio.o [1]
MX_SPI1_Init            0x0800a72d    0x3e  Code  Gb  spi.o [1]
MX_SPI2_Init            0x0800a76b    0x3e  Code  Gb  spi.o [1]
MX_TIM1_Init            0x0800a939    0xb0  Code  Gb  tim.o [1]
MX_TIM2_Init            0x0800a9e9    0xae  Code  Gb  tim.o [1]
MX_TIM3_Init            0x0800aa97    0xa6  Code  Gb  tim.o [1]
MX_TIM4_Init            0x0800ab3d    0xa4  Code  Gb  tim.o [1]
MX_UART4_Init           0x080099dd    0x34  Code  Gb  usart.o [1]
MX_UART5_Init           0x08009a11    0x34  Code  Gb  usart.o [1]
MX_USART1_UART_Init     0x08009a4d    0x34  Code  Gb  usart.o [1]
MX_USART2_UART_Init     0x08009a81    0x34  Code  Gb  usart.o [1]
MX_USART3_UART_Init     0x08009ab5    0x34  Code  Gb  usart.o [1]
MX_USART6_UART_Init     0x08009ae9    0x34  Code  Gb  usart.o [1]
MatAdd                  0x0800331d    0x8e  Code  Gb  CMatrix.o [1]
MatAt                   0x08003785    0x20  Code  Gb  CMatrix.o [1]
MatBlockCompose         0x080034e9   0x1d6  Code  Gb  CMatrix.o [1]
MatBlockDecompose       0x080036bf    0x86  Code  Gb  CMatrix.o [1]
MatCopy                 0x080037e1    0x58  Code  Gb  CMatrix.o [1]
MatCreate               0x08002cb9    0x58  Code  Gb  CMatrix.o [1]
MatDelete               0x08002d9f    0x50  Code  Gb  CMatrix.o [1]
MatDiag                 0x08003745    0x40  Code  Gb  CMatrix.o [1]
MatEye                  0x08003259    0x7e  Code  Gb  CMatrix.o [1]
MatInit                 0x08002d11    0x50  Code  Gb  CMatrix.o [1]
MatInverse              0x08002ead   0x3a6  Code  Gb  CMatrix.o [1]
MatIsValid              0x08002d61    0x3e  Code  Gb  CMatrix.o [1]
MatMultiply             0x08002df1    0xb8  Code  Gb  CMatrix.o [1]
MatScalarMultiply       0x08003439    0x56  Code  Gb  CMatrix.o [1]
MatSetValAt             0x080037a5    0x3c  Code  Gb  CMatrix.o [1]
MatSub                  0x080033ab    0x8e  Code  Gb  CMatrix.o [1]
MatTrans                0x0800348f    0x5a  Code  Gb  CMatrix.o [1]
MatZeros                0x080032d7    0x46  Code  Gb  CMatrix.o [1]
MemManage_Handler       0x0800dfcf     0x2  Code  Gb  stm32f4xx_it.o [1]
NMI_Handler             0x0800dfc9     0x4  Code  Gb  stm32f4xx_it.o [1]
PendSV_Handler          0x08005dd9          Code  Gb  portasm.o [1]
RC_PWM                  0x20004a7c    0x20  Data  Gb  rc_pwm.o [1]
RC_PWM_init             0x0800ada9    0x52  Code  Gb  rc_pwm.o [1]
ReadTheFLASH            0x08008251    0x20  Code  Gb  flash_on_chip.o [1]
Region$$Table$$Base     0x0800e1c4           --   Gb  - Linker created -
Region$$Table$$Limit    0x0800e1e4           --   Gb  - Linker created -
RxBuffer                0x20004f0c    0x34  Data  Lc  app_ano.o [1]
RxBuffer                0x20004520    0xc8  Data  Lc  app_ros.o [1]
SPI1_IRQHandler         0x0800e003     0x6  Code  Gb  stm32f4xx_it.o [1]
SPI_DMAAbortOnError     0x0800d6b1     0xc  Code  Lc  stm32f4xx_hal_spi.o [1]
SPI_DMAError            0x0800d691    0x1e  Code  Lc  stm32f4xx_hal_spi.o [1]
SPI_DMAHalfReceiveCplt  0x0800d681     0x6  Code  Lc  stm32f4xx_hal_spi.o [1]
SPI_DMAHalfTransmitReceiveCplt
                        0x0800d689     0x6  Code  Lc  stm32f4xx_hal_spi.o [1]
SPI_DMAReceiveCplt      0x0800d575    0x4e  Code  Lc  stm32f4xx_hal_spi.o [1]
SPI_DMATransmitReceiveCplt
                        0x0800d5c5    0xba  Code  Lc  stm32f4xx_hal_spi.o [1]
SPI_WaitFlagStateUntilTimeout
                        0x0800d6bd    0x92  Code  Lc  stm32f4xx_hal_spi.o [1]
SVC_Handler             0x08005e31          Code  Gb  portasm.o [1]
StartDefaultTask        0x0800beff     0xa  Code  Gb  freertos.o [1]
StartTask01RealTime     0x0800bf71    0x7c  Code  Gb  freertos.o [1]
StartTask02Normal       0x0800bf09    0x68  Code  Gb  freertos.o [1]
StartTask03LED          0x0800c005     0xe  Code  Gb  freertos.o [1]
StartTask04COM          0x0800c013    0x10  Code  Gb  freertos.o [1]
SysTick_Handler         0x0800dfd7     0xe  Code  Gb  stm32f4xx_it.o [1]
SystemClock_Config      0x08008941    0xb2  Code  Gb  main.o [1]
SystemCoreClock         0x200000a8     0x4  Data  Gb  system_stm32f4xx.o [1]
SystemInit              0x0800e099    0x3a  Code  Gb  system_stm32f4xx.o [1]
TIM1_CC_IRQHandler      0x0800dff7     0x6  Code  Gb  stm32f4xx_it.o [1]
TIM2_IRQHandler         0x0800dffd     0x6  Code  Gb  stm32f4xx_it.o [1]
TIM8_UP_TIM13_IRQHandler
                        0x0800e01b     0x6  Code  Gb  stm32f4xx_it.o [1]
TIM_Base_SetConfig      0x0800dc03    0x98  Code  Gb  stm32f4xx_hal_tim.o [1]
TIM_OC1_SetConfig       0x0800dd61    0x52  Code  Lc  stm32f4xx_hal_tim.o [1]
TIM_OC2_SetConfig       0x0800dd09    0x56  Code  Gb  stm32f4xx_hal_tim.o [1]
TIM_OC3_SetConfig       0x0800ddb3    0x52  Code  Lc  stm32f4xx_hal_tim.o [1]
TIM_OC4_SetConfig       0x0800de0b    0x48  Code  Lc  stm32f4xx_hal_tim.o [1]
TIM_TI1_SetConfig       0x0800dc9b    0x6c  Code  Gb  stm32f4xx_hal_tim.o [1]
TIM_TI2_SetConfig       0x0800de81    0x36  Code  Lc  stm32f4xx_hal_tim.o [1]
UART4_IRQHandler        0x0800e027     0x6  Code  Gb  stm32f4xx_it.o [1]
UART5_IRQHandler        0x0800e02d     0x6  Code  Gb  stm32f4xx_it.o [1]
UART_DMAAbortOnError    0x080085ed     0xc  Code  Lc  stm32f4xx_hal_uart.o [1]
UART_DMAError           0x08008575    0x5c  Code  Lc  stm32f4xx_hal_uart.o [1]
UART_DMATransmitCplt    0x08008541    0x2a  Code  Lc  stm32f4xx_hal_uart.o [1]
UART_DMATxHalfCplt      0x0800856d     0x6  Code  Lc  stm32f4xx_hal_uart.o [1]
UART_EndRxTransfer      0x080085d1    0x1c  Code  Lc  stm32f4xx_hal_uart.o [1]
UART_Receive_IT         0x080085f9    0x8c  Code  Lc  stm32f4xx_hal_uart.o [1]
UART_SetConfig          0x08008685   0x23e  Code  Lc  stm32f4xx_hal_uart.o [1]
USART1_DMA_send_data    0x08007a1f     0xa  Code  Gb  usart_cfg.o [1]
USART1_IRQHandler       0x0800e009     0x6  Code  Gb  stm32f4xx_it.o [1]
USART2_IRQHandler       0x0800e00f     0x6  Code  Gb  stm32f4xx_it.o [1]
USART3_IRQHandler       0x0800e015     0x6  Code  Gb  stm32f4xx_it.o [1]
USART6_IRQHandler       0x0800e04b     0x6  Code  Gb  stm32f4xx_it.o [1]
USART_init              0x08007935    0x72  Code  Gb  usart_cfg.o [1]
UpdateTheFLASH          0x080080d1    0x92  Code  Gb  flash_on_chip.o [1]
UsageFault_Handler      0x0800dfd3     0x2  Code  Gb  stm32f4xx_it.o [1]
_Error_Handler          0x08008a19     0x2  Code  Gb  main.o [1]
_LocaleC_isalpha        0x08006b2b     0xc  Code  Gb  xlocale_c.o [3]
_LocaleC_islower        0x08006b25     0x4  Code  Gb  xlocale_c.o [3]
_LocaleC_isspace        0x08006b41    0x14  Code  Gb  xlocale_c.o [3]
_LocaleC_isupper        0x08006b29     0x2  Code  Gb  xlocale_c.o [3]
_LocaleC_tolower        0x08006b55     0xc  Code  Gb  xlocale_c.o [3]
_Locale_lconv           0x200000ac    0x38  Data  Lc  xlocale_c.o [3]
__aeabi_cdcmpeq         0x08006bc9          Code  Gb  DblCmpEq.o [4]
__aeabi_cdcmple         0x08006761          Code  Gb  DblCmpLe.o [4]
__aeabi_cdrcmple        0x08006be9          Code  Gb  DblCmpGe.o [4]
__aeabi_d2f             0x08003c79          Code  Gb  DblToFlt.o [4]
__aeabi_d2iz            0x08006ac1          Code  Gb  DblToS32.o [4]
__aeabi_dadd            0x080063cd          Code  Gb  DblAdd.o [4]
__aeabi_ddiv            0x08003a31          Code  Gb  DblDiv.o [4]
__aeabi_dmul            0x08003d2d          Code  Gb  DblMul.o [4]
__aeabi_dsub            0x08006791          Code  Gb  DblSub.o [4]
__aeabi_f2d             0x080038e5          Code  Gb  FltToDbl.o [4]
__aeabi_i2d             0x080063a9          Code  Gb  S32ToDbl.o [4]
__aeabi_l2f             0x0800df31          Code  Gb  S64ToFlt.o [4]
__aeabi_ldiv0           0x0800dfb5          Code  Gb  I64DivZer.o [5]
__aeabi_ldivmod         0x0800c9c1          Code  Gb  I64DivMod.o [5]
__aeabi_memclr          0x08004f59          Code  Gb  ABImemclr.o [5]
__aeabi_memclr4         0x08004f51          Code  Gb  ABImemclr4.o [5]
__aeabi_memcpy          0x08003839          Code  Gb  ABImemcpy.o [5]
__aeabi_memcpy4         0x08003859          Code  Gb  ABImemcpy.o [5]
__aeabi_memcpy8         0x08003859          Code  Gb  ABImemcpy.o [5]
__aeabi_uldivmod        0x0800ca05          Code  Gb  I64DivMod.o [5]
__cmain                 0x0800e1e5          Code  Gb  cmain.o [5]
__data_GetMemChunk      0x080016dd    0x2c  Code  Gb  xgetmemchunk.o [3]
__data_GetMemChunk::start
                        0x20005058     0x4  Data  Lc  xgetmemchunk.o [3]
__exit                  0x08001709    0x14  Code  Gb  exit.o [6]
__iar_Atan64            0x080068b9   0x170  Code  Gb  iar_Atan64.o [4]
__iar_Memchr            0x08006b71          Code  Gb  memchr.o [5]
__iar_Memset4_word      0x08005e81          Code  Gb  ABImemset48.o [5]
__iar_Memset8_word      0x08005e81          Code  Gb  ABImemset48.o [5]
__iar_Memset_word       0x08005eb5          Code  Gb  ABImemset.o [5]
__iar_Sin64             0x08005735   0x3b2  Code  Lc  cos_sin64.o [4]
__iar_Sto64             0x080052c1   0x1a6  Code  Gb  strto64.o [4]
__iar_Stoflt            0x080061e1   0x1c8  Code  Gb  iar_Stoflt.o [3]
__iar_Stopfx            0x080060bf   0x122  Code  Gb  iar_Stopfx.o [3]
__iar_Stoulx            0x0800c4d9   0x112  Code  Gb  iar_Stoulx.o [3]
__iar_Stoxflt           0x08006545   0x1e6  Code  Gb  iar_Stoxflt.o [3]
__iar_Stoxflt::digits   0x08006730    0x18  Data  Lc  iar_Stoxflt.o [3]
__iar_Stoxflt::vals     0x08006748    0x18  Data  Lc  iar_Stoxflt.o [3]
__iar_Strchr            0x0800df89          Code  Gb  strchr.o [5]
__iar_asin64            0x08005509    0xf0  Code  Gb  asin64.o [4]
__iar_atan2_64          0x080055f9   0x13c  Code  Gb  atan2_64.o [4]
__iar_close_ttio        0x0800171d    0x2c  Code  Gb  iarttio.o [6]
__iar_cos64             0x08005b79     0x4  Code  Gb  cos_sin64.o [4]
__iar_cos_medium        0x08005b79     0x4  Code  Gb  cos_sin64.o [4]
__iar_cos_medium64      0x08005b79     0x4  Code  Gb  cos_sin64.o [4]
__iar_cos_mediuml       0x08005b79     0x4  Code  Gb  cos_sin64.o [4]
__iar_dadd              0x080067a1          Code  Gb  DblSub.o [4]
__iar_data_init3        0x0800e179    0x28  Code  Gb  data_init.o [5]
__iar_dlfree            0x08001163   0x4f6  Code  Gb  dlmalloc.o [3]
__iar_dlmalloc          0x08000ead   0x2b6  Code  Gb  dlmalloc.o [3]
__iar_dsub              0x080063dd          Code  Gb  DblAdd.o [4]
__iar_dsubStart         0x080063ef          Code  Gb  DblAdd.o [4]
__iar_frexp             0x08005f21          Code  Gb  frexp.o [4]
__iar_frexpl            0x08005f21          Code  Gb  frexp.o [4]
__iar_globLocale        0x200000e4    0x48  Data  Lc  xlocale_c.o [3]
__iar_global_Locale     0x08006b61     0x4  Code  Gb  xlocale_c.o [3]
__iar_init_vfp          0x0800e1a1          Code  Gb  fpinit_M.o [4]
__iar_ldexp64           0x08005f85          Code  Gb  ldexp.o [4]
__iar_lookup_ttioh      0x08001749     0x4  Code  Gb  XShttio.o [3]
__iar_lz77_init_single3
                        0x08001663    0x7a  Code  Gb  lz77_init_single.o [5]
__iar_program_start     0x0800e229          Code  Gb  cstartup_M.o [5]
__iar_scalbln64         0x08005f85          Code  Gb  ldexp.o [4]
__iar_scalbn64          0x08005f85          Code  Gb  ldexp.o [4]
__iar_sin64             0x08005b7d     0x4  Code  Gb  cos_sin64.o [4]
__iar_sin_medium        0x08005b7d     0x4  Code  Gb  cos_sin64.o [4]
__iar_sin_medium64      0x08005b7d     0x4  Code  Gb  cos_sin64.o [4]
__iar_sin_mediuml       0x08005b7d     0x4  Code  Gb  cos_sin64.o [4]
__iar_softfp___iar_frexp64
                        0x08005f15          Code  Gb  frexp.o [4]
__iar_softfp_frexp      0x08005f15          Code  Gb  frexp.o [4]
__iar_softfp_frexpl     0x08005f15          Code  Gb  frexp.o [4]
__iar_sqrt64            0x0800393d          Code  Gb  sqrt.o [4]
__iar_systems$$module {Abs}
                        0x00000001          Data  Gb  command line/config [2]
__iar_ttio_handles      0x2000012c     0x8  Data  Lc  XShttio.o [3]
__iar_vfp___iar_sqrt64  0x0800392d          Code  Gb  sqrt.o [4]
__iar_vfp_asin          0x08003cf7     0xc  Code  Gb  math_wrappers64.o [4]
__iar_vfp_atan2         0x08003d03    0x10  Code  Gb  math_wrappers64.o [4]
__iar_vfp_atof          0x08003ce7     0x8  Code  Gb  math_wrappers64.o [4]
__iar_vfp_cos           0x08003d13     0xc  Code  Gb  math_wrappers64.o [4]
__iar_vfp_sin           0x08003d1f     0xc  Code  Gb  math_wrappers64.o [4]
__iar_vfp_sqrt          0x0800392d          Code  Gb  sqrt.o [4]
__iar_vfp_sqrtl         0x0800392d          Code  Gb  sqrt.o [4]
__iar_vfp_strtod        0x08003cef     0x8  Code  Gb  math_wrappers64.o [4]
__iar_zero_init3        0x0800e139    0x40  Code  Gb  zero_init3.o [5]
__low_level_init        0x0800e203     0x4  Code  Gb  low_level_init.o [3]
__vector_table          0x08000000          Data  Gb  startup_stm32f407xx.o [1]
_call_main              0x0800e1f1          Code  Gb  cmain.o [5]
_data_cnt               0x20004298     0x4  Data  Lc  app_ano.o [1]
_data_cnt               0x20005038     0x4  Data  Lc  app_ros.o [1]
_data_len               0x20004294     0x4  Data  Lc  app_ano.o [1]
_data_len               0x20005034     0x4  Data  Lc  app_ros.o [1]
_exit                   0x0800e20d          Code  Gb  cexit.o [5]
_gm_                    0x20003f8c   0x1d8  Data  Lc  dlmalloc.o [3]
_main                   0x0800e1ff          Code  Gb  cmain.o [5]
a                       0x08006a80    0x40  Data  Lc  iar_Atan64.o [4]
aRxBuffer1              0x20005048     0x1  Data  Gb  usart_cfg.o [1]
aRxBuffer2              0x20005049     0x1  Data  Gb  usart_cfg.o [1]
aRxBuffer3              0x2000504b     0x1  Data  Gb  usart_cfg.o [1]
aRxBuffer5              0x2000504a     0x1  Data  Gb  usart_cfg.o [1]
aRxBuffer6              0x2000504c     0x1  Data  Gb  usart_cfg.o [1]
abort                   0x0800165d     0x6  Code  Gb  abort.o [3]
accx_mps                0x20004d38     0x4  Data  Gb  app_ins_ekf_quaternion.o [1]
accy_mps                0x20004d3c     0x4  Data  Gb  app_ins_ekf_quaternion.o [1]
accz_mps                0x20004d40     0x4  Data  Gb  app_ins_ekf_quaternion.o [1]
add_segment             0x0800054d   0x1f2  Code  Lc  dlmalloc.o [3]
alt_d                   0x200049a8     0x4  Data  Gb  app_ano.o [1]
alt_i                   0x200049a4     0x4  Data  Gb  app_ano.o [1]
alt_p                   0x200049a0     0x4  Data  Gb  app_ano.o [1]
ano_data_to_send        0x200047ec    0x64  Data  Lc  app_ano.o [1]
ano_process             0x080078c1    0x46  Code  Gb  app_ano.o [1]
ano_process::delay_cnt  0x20004308     0x4  Data  Lc  app_ano.o [1]
app_ins_ekf_quaternion_thread
                        0x08001755    0x5c  Code  Gb  app_ins_ekf_quaternion.o [1]
app_led_thread          0x0800bcc9    0xb0  Code  Gb  app_led.o [1]
asin                    0x08005509    0xf0  Code  Gb  asin64.o [4]
asinl                   0x08005509    0xf0  Code  Gb  asin64.o [4]
atan2                   0x080055f9   0x13c  Code  Gb  atan2_64.o [4]
atan2l                  0x080055f9   0x13c  Code  Gb  atan2_64.o [4]
atof                    0x080054ad     0x8  Code  Gb  strto64.o [4]
atoi                    0x0800c5f1     0x2  Code  Gb  iar_Stoulx.o [3]
cos                     0x08005b79     0x4  Code  Gb  cos_sin64.o [4]
cosl                    0x08005b79     0x4  Code  Gb  cos_sin64.o [4]
cycle_T                 0x20004430    0xf0  Data  Gb  time.o [1]
d1d2_convert_step       0x20004f68     0x4  Data  Lc  ms5803.o [1]
data_from_ANO_updata    0x200042a4     0x4  Data  Lc  app_ano.o [1]
data_from_ros_updata    0x2000503c     0x4  Data  Lc  app_ros.o [1]
data_trans_with_ano     0x08007003   0x16e  Code  Gb  app_ano.o [1]
ddiv                    0x08005035    0xd0  Code  Lc  strto64.o [4]
defaultTaskHandle       0x20004da4     0x4  Data  Gb  freertos.o [1]
det_t_s                 0x20004fd0    0x1c  Data  Gb  time.o [1]
digits                  0x0800c5fc    0x28  Data  Lc  iar_Stoulx.o [3]
dmul                    0x08004f61    0xd2  Code  Lc  strto64.o [4]
ekf_P                   0x20000084     0xc  Data  Gb  app_ins_ekf_quaternion.o [1]
ekf_basedon_quaternion  0x08001859  0x1240  Code  Gb  app_ins_ekf_quaternion.o [1]
ekf_basedon_quaternion::RunOnce
                        0x20000074     0x4  Data  Lc  app_ins_ekf_quaternion.o [1]
ekf_sigmas_accelBias_process_noise_mps2
                        0x20000064     0x4  Data  Gb  app_ins_ekf_quaternion.o [1]
ekf_sigmas_accel_bias_mps2
                        0x20000050     0x4  Data  Gb  app_ins_ekf_quaternion.o [1]
ekf_sigmas_gyroBias_process_noise_rps
                        0x20000060     0x4  Data  Gb  app_ins_ekf_quaternion.o [1]
ekf_sigmas_gyro_bias_rps
                        0x2000004c     0x4  Data  Gb  app_ins_ekf_quaternion.o [1]
ekf_sigmas_mag3D_unitVector_meas
                        0x20000068     0x4  Data  Gb  app_ins_ekf_quaternion.o [1]
ekf_sigmas_pos_meas_m   0x2000006c     0x4  Data  Gb  app_ins_ekf_quaternion.o [1]
ekf_sigmas_pos_process_noise_m
                        0x20000058     0x4  Data  Gb  app_ins_ekf_quaternion.o [1]
ekf_sigmas_quad_process_noise
                        0x20000054     0x4  Data  Gb  app_ins_ekf_quaternion.o [1]
ekf_sigmas_vel_meas_m   0x20000070     0x4  Data  Gb  app_ins_ekf_quaternion.o [1]
ekf_sigmas_vel_process_noise_mps
                        0x2000005c     0x4  Data  Gb  app_ins_ekf_quaternion.o [1]
ekf_xhat                0x20000078     0xc  Data  Gb  app_ins_ekf_quaternion.o [1]
exit                    0x0800e207     0x4  Code  Gb  exit.o [3]
flash_byte_to_float     0x08008271    0x2e  Code  Gb  flash_on_chip.o [1]
flash_float_to_byte     0x0800829f    0x16  Code  Gb  flash_on_chip.o [1]
flash_read_parameters   0x08007dd1   0x2ea  Code  Gb  flash_on_chip.o [1]
flash_save_parameters   0x08007a8d   0x344  Code  Gb  flash_on_chip.o [1]
free                    0x080038df     0x4  Code  Gb  heaptramp0.o [3]
get_cycle_time          0x0800c64d    0x50  Code  Gb  time.o [1]
get_data_from_ANO       0x2000429c     0x4  Data  Lc  app_ano.o [1]
get_sys_time_us         0x0800c69d    0x22  Code  Gb  time.o [1]
gps_m8n                 0x20004310   0x120  Data  Gb  gps_m8n.o [1]
gps_m8n_buffer          0x200046a8    0x98  Data  Gb  gps_m8n.o [1]
gps_m8n_data_extraction
                        0x08008afd   0x35a  Code  Gb  gps_m8n.o [1]
gps_m8n_evt             0x20004fec     0xc  Data  Gb  app_ins_ekf_quaternion.o [1]
gps_m8n_receive         0x08008a27    0xd6  Code  Gb  gps_m8n.o [1]
gps_m8n_receive::_data_cnt
                        0x20004748     0x4  Data  Lc  gps_m8n.o [1]
gps_m8n_receive::_data_len
                        0x20004744     0x4  Data  Lc  gps_m8n.o [1]
gps_m8n_receive::data_receive_stage
                        0x20004740     0x4  Data  Lc  gps_m8n.o [1]
gps_m8n_set_home_point  0x08008f71    0x8a  Code  Gb  gps_m8n.o [1]
gps_m8n_set_home_point::gps_valid_data_cnt
                        0x2000002c     0x4  Data  Lc  gps_m8n.o [1]
gps_m8n_set_home_point::temp_home_point_latitude
                        0x20000010     0x8  Data  Lc  gps_m8n.o [1]
gps_m8n_set_home_point::temp_home_point_longitude
                        0x20000018     0x8  Data  Lc  gps_m8n.o [1]
gps_m8n_status_preparation
                        0x08008e57   0x108  Code  Gb  gps_m8n.o [1]
gps_m8n_status_preparation::gps_update_watchdog
                        0x20000028     0x4  Data  Lc  gps_m8n.o [1]
gps_m8n_thread          0x08008a1d     0xa  Code  Gb  gps_m8n.o [1]
gps_m8n_wgs84_to_ned_haversine
                        0x08009005   0x2b4  Code  Gb  gps_m8n.o [1]
gravity_mps2            0x2000003c     0x4  Data  Gb  app_ins_ekf_quaternion.o [1]
gyrox_rps               0x20004d2c     0x4  Data  Gb  app_ins_ekf_quaternion.o [1]
gyroy_rps               0x20004d30     0x4  Data  Gb  app_ins_ekf_quaternion.o [1]
gyroz_rps               0x20004d34     0x4  Data  Gb  app_ins_ekf_quaternion.o [1]
hdma_spi1_rx            0x200045e8    0x60  Data  Gb  spi.o [1]
hdma_spi1_tx            0x20004648    0x60  Data  Gb  spi.o [1]
hdma_uart4_tx           0x20003d4c    0x60  Data  Gb  usart.o [1]
hdma_uart5_tx           0x20003dac    0x60  Data  Gb  usart.o [1]
hdma_usart1_tx          0x20003e0c    0x60  Data  Gb  usart.o [1]
hdma_usart2_tx          0x20003e6c    0x60  Data  Gb  usart.o [1]
hdma_usart3_tx          0x20003ecc    0x60  Data  Gb  usart.o [1]
hdma_usart6_tx          0x20003f2c    0x60  Data  Gb  usart.o [1]
home_point_latitude     0x20000000     0x8  Data  Gb  gps_m8n.o [1]
home_point_longitude    0x20000008     0x8  Data  Gb  gps_m8n.o [1]
hspi1                   0x20004afc    0x58  Data  Gb  spi.o [1]
hspi2                   0x20004b54    0x58  Data  Gb  spi.o [1]
htim1                   0x20004e1c    0x3c  Data  Gb  tim.o [1]
htim2                   0x20004e58    0x3c  Data  Gb  tim.o [1]
htim3                   0x20004e94    0x3c  Data  Gb  tim.o [1]
htim4                   0x20004ed0    0x3c  Data  Gb  tim.o [1]
htim8                   0x20004de0    0x3c  Data  Gb  stm32f4xx_hal_timebase_TIM.o [1]
huart1                  0x20004c2c    0x40  Data  Gb  usart.o [1]
huart2                  0x20004c6c    0x40  Data  Gb  usart.o [1]
huart3                  0x20004cac    0x40  Data  Gb  usart.o [1]
huart4                  0x20004bac    0x40  Data  Gb  usart.o [1]
huart5                  0x20004bec    0x40  Data  Gb  usart.o [1]
huart6                  0x20004cec    0x40  Data  Gb  usart.o [1]
init_mparams            0x080001a7    0x32  Code  Lc  dlmalloc.o [3]
init_top                0x080001d9    0x32  Code  Lc  dlmalloc.o [3]
isalpha                 0x08006b0f    0x14  Code  Gb  isalpha.o [3]
isspace                 0x08006afb    0x14  Code  Gb  isspace.o [3]
large_pos_uncertainty_m
                        0x20000044     0x4  Data  Gb  app_ins_ekf_quaternion.o [1]
large_quad_uncertainty  0x20000040     0x4  Data  Gb  app_ins_ekf_quaternion.o [1]
large_vel_uncertainty_mps
                        0x20000048     0x4  Data  Gb  app_ins_ekf_quaternion.o [1]
ldexp                   0x08005f85          Code  Gb  ldexp.o [4]
ldexpl                  0x08005f85          Code  Gb  ldexp.o [4]
led_init                0x0800bd79     0x4  Code  Gb  app_led.o [1]
localeconv              0x08006b65     0x4  Code  Gb  xlocale_c.o [3]
magx_ut                 0x20004d44     0x4  Data  Gb  app_ins_ekf_quaternion.o [1]
magy_ut                 0x20004d48     0x4  Data  Gb  app_ins_ekf_quaternion.o [1]
magz_ut                 0x20004d4c     0x4  Data  Gb  app_ins_ekf_quaternion.o [1]
main                    0x080088d5    0x6c  Code  Gb  main.o [1]
memchr                  0x08006b71          Code  Gb  memchr.o [5]
motor_esc_init          0x0800b0c5    0xa4  Code  Gb  motor_pwm.o [1]
mparams                 0x20005004    0x18  Data  Lc  dlmalloc.o [3]
mpu9250                 0x20004a1c    0x54  Data  Gb  mpu9250.o [1]
mpu9250_evt             0x20004ff8     0xc  Data  Gb  app_ins_ekf_quaternion.o [1]
mpu_data_ok             0x20004a18     0x1  Data  Gb  mpu9250.o [1]
myBinarySem01MPU9250GyroAccCalibrateOffsetHandle
                        0x20004dc4     0x4  Data  Gb  freertos.o [1]
myBinarySem02LED1ONHandle
                        0x20004dc8     0x4  Data  Gb  freertos.o [1]
myBinarySem03LED2ONHandle
                        0x20004dcc     0x4  Data  Gb  freertos.o [1]
myBinarySem04MPU9250MagCalibrateHandle
                        0x20004dd8     0x4  Data  Gb  freertos.o [1]
myBinarySem05LED1PulsateHandle
                        0x20004dd0     0x4  Data  Gb  freertos.o [1]
myBinarySem06LED2PulsateHandle
                        0x20004dd4     0x4  Data  Gb  freertos.o [1]
myBinarySem07GPSUpdateHandle
                        0x20004ddc     0x4  Data  Gb  freertos.o [1]
myQueue01MPU9250ToANOHandle
                        0x20004dbc     0x4  Data  Gb  freertos.o [1]
myQueue02GPSM8NToInsHandle
                        0x20004db8     0x4  Data  Gb  freertos.o [1]
myQueue03MPU9250ToInsHandle
                        0x20004dc0     0x4  Data  Gb  freertos.o [1]
myTask01RealTimHandle   0x20004dac     0x4  Data  Gb  freertos.o [1]
myTask02NormalHandle    0x20004da8     0x4  Data  Gb  freertos.o [1]
myTask03LEDHandle       0x20004db0     0x4  Data  Gb  freertos.o [1]
myTask04COMHandle       0x20004db4     0x4  Data  Gb  freertos.o [1]
ndigs                   0x0800c624    0x28  Data  Lc  iar_Stoulx.o [3]
normal_time_consume_us  0x20005050     0x4  Data  Gb  time.o [1]
obtain_sensors_data     0x080017b1    0x94  Code  Gb  app_ins_ekf_quaternion.o [1]
osDelay                 0x08002adb     0xe  Code  Gb  cmsis_os.o [1]
osKernelStart           0x08002aa1     0xa  Code  Gb  cmsis_os.o [1]
osMessageCreate         0x08002baf     0xa  Code  Gb  cmsis_os.o [1]
osMessageGet            0x08002bfd    0x76  Code  Gb  cmsis_os.o [1]
osMessagePut            0x08002bb9    0x44  Code  Gb  cmsis_os.o [1]
osSemaphoreCreate       0x08002ae9    0x2c  Code  Gb  cmsis_os.o [1]
osSemaphoreRelease      0x08002b6b    0x44  Code  Gb  cmsis_os.o [1]
osSemaphoreWait         0x08002b15    0x56  Code  Gb  cmsis_os.o [1]
osSystickHandler        0x08002c9f    0x14  Code  Gb  cmsis_os.o [1]
osThreadCreate          0x08002aab    0x30  Code  Gb  cmsis_os.o [1]
pFlash                  0x20004f94    0x20  Data  Gb  stm32f4xx_hal_flash.o [1]
pid10_d                 0x200049f0     0x4  Data  Gb  app_ano.o [1]
pid10_i                 0x200049ec     0x4  Data  Gb  app_ano.o [1]
pid10_p                 0x200049e8     0x4  Data  Gb  app_ano.o [1]
pid11_d                 0x200042b0     0x4  Data  Gb  app_ano.o [1]
pid11_i                 0x200049f8     0x4  Data  Gb  app_ano.o [1]
pid11_p                 0x200049f4     0x4  Data  Gb  app_ano.o [1]
pid12_d                 0x200042bc     0x4  Data  Gb  app_ano.o [1]
pid12_i                 0x200042b8     0x4  Data  Gb  app_ano.o [1]
pid12_p                 0x200042b4     0x4  Data  Gb  app_ano.o [1]
pid13_d                 0x200042c8     0x4  Data  Gb  app_ano.o [1]
pid13_i                 0x200042c4     0x4  Data  Gb  app_ano.o [1]
pid13_p                 0x200042c0     0x4  Data  Gb  app_ano.o [1]
pid14_d                 0x200042d4     0x4  Data  Gb  app_ano.o [1]
pid14_i                 0x200042d0     0x4  Data  Gb  app_ano.o [1]
pid14_p                 0x200042cc     0x4  Data  Gb  app_ano.o [1]
pid15_d                 0x200042e0     0x4  Data  Gb  app_ano.o [1]
pid15_i                 0x200042dc     0x4  Data  Gb  app_ano.o [1]
pid15_p                 0x200042d8     0x4  Data  Gb  app_ano.o [1]
pid16_d                 0x200042ec     0x4  Data  Gb  app_ano.o [1]
pid16_i                 0x200042e8     0x4  Data  Gb  app_ano.o [1]
pid16_p                 0x200042e4     0x4  Data  Gb  app_ano.o [1]
pid17_d                 0x200042f8     0x4  Data  Gb  app_ano.o [1]
pid17_i                 0x200042f4     0x4  Data  Gb  app_ano.o [1]
pid17_p                 0x200042f0     0x4  Data  Gb  app_ano.o [1]
pid18_d                 0x20004304     0x4  Data  Gb  app_ano.o [1]
pid18_i                 0x20004300     0x4  Data  Gb  app_ano.o [1]
pid18_p                 0x200042fc     0x4  Data  Gb  app_ano.o [1]
pid6_d                  0x200049c0     0x4  Data  Gb  app_ano.o [1]
pid6_i                  0x200049bc     0x4  Data  Gb  app_ano.o [1]
pid6_p                  0x200049b8     0x4  Data  Gb  app_ano.o [1]
pid7_d                  0x200049cc     0x4  Data  Gb  app_ano.o [1]
pid7_i                  0x200049c8     0x4  Data  Gb  app_ano.o [1]
pid7_p                  0x200049c4     0x4  Data  Gb  app_ano.o [1]
pid8_d                  0x200049d8     0x4  Data  Gb  app_ano.o [1]
pid8_i                  0x200049d4     0x4  Data  Gb  app_ano.o [1]
pid8_p                  0x200049d0     0x4  Data  Gb  app_ano.o [1]
pid9_d                  0x200049e4     0x4  Data  Gb  app_ano.o [1]
pid9_i                  0x200049e0     0x4  Data  Gb  app_ano.o [1]
pid9_p                  0x200049dc     0x4  Data  Gb  app_ano.o [1]
pit_d                   0x20004990     0x4  Data  Gb  app_ano.o [1]
pit_i                   0x2000498c     0x4  Data  Gb  app_ano.o [1]
pit_p                   0x20004988     0x4  Data  Gb  app_ano.o [1]
pitch_deg               0x20000034     0x4  Data  Gb  app_ins_ekf_quaternion.o [1]
pos_alt                 0x20004d58     0x4  Data  Gb  app_ins_ekf_quaternion.o [1]
pos_d                   0x200049b4     0x4  Data  Gb  app_ano.o [1]
pos_east                0x20004d54     0x4  Data  Gb  app_ins_ekf_quaternion.o [1]
pos_i                   0x200049b0     0x4  Data  Gb  app_ano.o [1]
pos_north               0x20004d50     0x4  Data  Gb  app_ins_ekf_quaternion.o [1]
pos_p                   0x200049ac     0x4  Data  Gb  app_ano.o [1]
pows                    0x080054c0    0x48  Data  Lc  strto64.o [4]
prepend_alloc           0x0800020b   0x342  Code  Lc  dlmalloc.o [3]
prvAddCurrentTaskToDelayedList
                        0x08004615    0x64  Code  Lc  tasks.o [1]
prvAddNewTaskToReadyList
                        0x08003f9b    0xe4  Code  Lc  tasks.o [1]
prvCopyDataFromQueue    0x08004cc7    0x26  Code  Lc  queue.o [1]
prvCopyDataToQueue      0x08004c5f    0x68  Code  Lc  queue.o [1]
prvIdleTask             0x08004435    0x6e  Code  Lc  tasks.o [1]
prvInsertBlockIntoFreeList
                        0x08005cf7    0x48  Code  Lc  heap_4.o [1]
prvResetNextTaskUnblockTime
                        0x080044a3    0x1c  Code  Lc  tasks.o [1]
prvTaskExitError        0x08004d79    0x28  Code  Lc  port.o [1]
prvUnlockQueue          0x08004ced    0x60  Code  Lc  queue.o [1]
pvPortMalloc            0x08005b81   0x11e  Code  Gb  heap_4.o [1]
pvTaskIncrementMutexHeldCount
                        0x080045e9    0x14  Code  Gb  tasks.o [1]
pxCurrentTCB            0x20004774     0x4  Data  Gb  tasks.o [1]
pxDelayedTaskList       0x20004778     0x4  Data  Lc  tasks.o [1]
pxEnd                   0x2000013c     0x4  Data  Lc  heap_4.o [1]
pxOverflowDelayedTaskList
                        0x2000477c     0x4  Data  Lc  tasks.o [1]
pxPortInitialiseStack   0x08004d51    0x26  Code  Gb  port.o [1]
pxReadyTasksLists       0x200048f0    0x8c  Data  Lc  tasks.o [1]
read_data_from_inner_flash
                        0x200042ac     0x4  Data  Lc  app_ano.o [1]
real_time_consume_us    0x20005054     0x4  Data  Gb  time.o [1]
rol_d                   0x20004984     0x4  Data  Gb  app_ano.o [1]
rol_i                   0x20004980     0x4  Data  Gb  app_ano.o [1]
rol_p                   0x2000497c     0x4  Data  Gb  app_ano.o [1]
roll_deg                0x20000030     0x4  Data  Gb  app_ins_ekf_quaternion.o [1]
ros_a_x                 0x20004d68     0x4  Data  Gb  app_ros.o [1]
ros_a_y                 0x20004d6c     0x4  Data  Gb  app_ros.o [1]
ros_a_z                 0x20004d70     0x4  Data  Gb  app_ros.o [1]
ros_b_x                 0x20004d74     0x4  Data  Gb  app_ros.o [1]
ros_b_y                 0x20004d78     0x4  Data  Gb  app_ros.o [1]
ros_b_z                 0x20004d7c     0x4  Data  Gb  app_ros.o [1]
ros_c_x                 0x20004d80     0x4  Data  Gb  app_ros.o [1]
ros_c_y                 0x20004d84     0x4  Data  Gb  app_ros.o [1]
ros_c_z                 0x20004d88     0x4  Data  Gb  app_ros.o [1]
ros_d_x                 0x20004d8c     0x4  Data  Gb  app_ros.o [1]
ros_d_y                 0x20004d90     0x4  Data  Gb  app_ros.o [1]
ros_d_z                 0x20004d94     0x4  Data  Gb  app_ros.o [1]
ros_data_receive_analyse
                        0x080093d5   0x270  Code  Gb  app_ros.o [1]
ros_data_receive_prepara
                        0x0800932d    0xa8  Code  Gb  app_ros.o [1]
ros_e_x                 0x20004d98     0x4  Data  Gb  app_ros.o [1]
ros_e_y                 0x20004d9c     0x4  Data  Gb  app_ros.o [1]
ros_e_z                 0x20004da0     0x4  Data  Gb  app_ros.o [1]
save_arry               0x20004164   0x12c  Data  Gb  flash_on_chip.o [1]
scalbln                 0x08005f85          Code  Gb  ldexp.o [4]
scalblnl                0x08005f85          Code  Gb  ldexp.o [4]
scalbn                  0x08005f85          Code  Gb  ldexp.o [4]
scalbnl                 0x08005f85          Code  Gb  ldexp.o [4]
segment_holding         0x08000189    0x1e  Code  Lc  dlmalloc.o [3]
send_pid_para           0x200042a0     0x4  Data  Lc  app_ano.o [1]
simpdelay               0x0800b1f9     0xe  Code  Lc  mpu9250.o [1]
sin                     0x08005b7d     0x4  Code  Gb  cos_sin64.o [4]
sinl                    0x08005b7d     0x4  Code  Gb  cos_sin64.o [4]
sqrt                    0x0800393d          Code  Gb  sqrt.o [4]
sqrtl                   0x0800393d          Code  Gb  sqrt.o [4]
state                   0x20004290     0x4  Data  Lc  app_ano.o [1]
state                   0x20005030     0x4  Data  Lc  app_ros.o [1]
strchr                  0x0800df89          Code  Gb  strchr.o [5]
strcmp                  0x0800c6e5          Code  Gb  strcmp.o [5]
strstr                  0x0800c4a9    0x30  Code  Gb  strstr.o [3]
strtod                  0x080054b5     0x6  Code  Gb  strto64.o [4]
strtold                 0x080054b5     0x6  Code  Gb  strto64.o [4]
sysTickUptime           0x20005040     0x8  Data  Gb  time.o [1]
sys_alloc               0x08000745   0x164  Code  Lc  dlmalloc.o [3]
sys_trim                0x080008a9    0x66  Code  Lc  dlmalloc.o [3]
time_consume            0x20004850    0xa0  Data  Gb  time.o [1]
time_inc_tick           0x0800c6bf    0x16  Code  Gb  time.o [1]
timer1_channel1_PE9_DiffCapture
                        0x20004aa4     0x4  Data  Gb  rc_pwm.o [1]
timer1_channel1_PE9_IC1Value1
                        0x20004a9c     0x4  Data  Gb  rc_pwm.o [1]
timer1_channel1_PE9_IC1Value2
                        0x20004aa0     0x4  Data  Gb  rc_pwm.o [1]
timer1_channel2_PE11_DiffCapture
                        0x20004ab0     0x4  Data  Gb  rc_pwm.o [1]
timer1_channel2_PE11_IC1Value1
                        0x20004aa8     0x4  Data  Gb  rc_pwm.o [1]
timer1_channel2_PE11_IC1Value2
                        0x20004aac     0x4  Data  Gb  rc_pwm.o [1]
timer1_channel3_PE13_DiffCapture
                        0x20004abc     0x4  Data  Gb  rc_pwm.o [1]
timer1_channel3_PE13_IC1Value1
                        0x20004ab4     0x4  Data  Gb  rc_pwm.o [1]
timer1_channel3_PE13_IC1Value2
                        0x20004ab8     0x4  Data  Gb  rc_pwm.o [1]
timer1_channel4_PE14_DiffCapture
                        0x20004ac8     0x4  Data  Gb  rc_pwm.o [1]
timer1_channel4_PE14_IC1Value1
                        0x20004ac0     0x4  Data  Gb  rc_pwm.o [1]
timer1_channel4_PE14_IC1Value2
                        0x20004ac4     0x4  Data  Gb  rc_pwm.o [1]
timer2_channel1_PA5_DiffCapture
                        0x20004ad4     0x4  Data  Gb  rc_pwm.o [1]
timer2_channel1_PA5_IC1Value1
                        0x20004acc     0x4  Data  Gb  rc_pwm.o [1]
timer2_channel1_PA5_IC1Value2
                        0x20004ad0     0x4  Data  Gb  rc_pwm.o [1]
timer2_channel2_PA1_DiffCapture
                        0x20004ae0     0x4  Data  Gb  rc_pwm.o [1]
timer2_channel2_PA1_IC1Value1
                        0x20004ad8     0x4  Data  Gb  rc_pwm.o [1]
timer2_channel2_PA1_IC1Value2
                        0x20004adc     0x4  Data  Gb  rc_pwm.o [1]
timer2_channel3_PB10_DiffCapture
                        0x20004aec     0x4  Data  Gb  rc_pwm.o [1]
timer2_channel3_PB10_IC1Value1
                        0x20004ae4     0x4  Data  Gb  rc_pwm.o [1]
timer2_channel3_PB10_IC1Value2
                        0x20004ae8     0x4  Data  Gb  rc_pwm.o [1]
timer2_channel4_PB11_DiffCapture
                        0x20004af8     0x4  Data  Gb  rc_pwm.o [1]
timer2_channel4_PB11_IC1Value1
                        0x20004af0     0x4  Data  Gb  rc_pwm.o [1]
timer2_channel4_PB11_IC1Value2
                        0x20004af4     0x4  Data  Gb  rc_pwm.o [1]
timer4_channel1_PD12_PWM_setvalue
                        0x0800b169    0x14  Code  Gb  motor_pwm.o [1]
timer4_channel2_PD13_PWM_setvalue
                        0x0800b191    0x20  Code  Gb  motor_pwm.o [1]
timer4_channel3_PD14_PWM_setvalue
                        0x0800b1b1    0x20  Code  Gb  motor_pwm.o [1]
timer4_channel4_PD15_PWM_setvalue
                        0x0800b1d1    0x20  Code  Gb  motor_pwm.o [1]
tmalloc_large           0x0800091d   0x384  Code  Lc  dlmalloc.o [3]
tmalloc_small           0x08000ca1   0x1fe  Code  Lc  dlmalloc.o [3]
tolower                 0x0800df9f    0x14  Code  Gb  tolower.o [3]
ucHeap                  0x2000014c  0x3c00  Data  Lc  heap_4.o [1]
ucMaxSysCallPriority    0x20000090     0x1  Data  Lc  port.o [1]
ulMaxPRIGROUPValue      0x20000098     0x4  Data  Lc  port.o [1]
uwTick                  0x200000a0     0x4  Data  Gb  stm32f4xx_hal.o [1]
uwTickFreq              0x2000009c     0x1  Data  Gb  stm32f4xx_hal.o [1]
uwTickPrio              0x200000a4     0x4  Data  Gb  stm32f4xx_hal.o [1]
uxCriticalNesting       0x20000094     0x4  Data  Lc  port.o [1]
uxCurrentNumberOfTasks  0x20004798     0x4  Data  Lc  tasks.o [1]
uxDeletedTasksWaitingCleanUp
                        0x20004780     0x4  Data  Lc  tasks.o [1]
uxListRemove            0x08005db1    0x24  Code  Gb  list.o [1]
uxPendedTicks           0x200047a8     0x4  Data  Lc  tasks.o [1]
uxSchedulerSuspended    0x200047bc     0x4  Data  Lc  tasks.o [1]
uxTaskNumber            0x200047b4     0x4  Data  Lc  tasks.o [1]
uxTopReadyPriority      0x200047a0     0x4  Data  Lc  tasks.o [1]
vApplicationIdleHook    0x08005dd7     0x2  Code  Wk  freertos.o [1]
vApplicationTickHook    0x08005dd5     0x2  Code  Wk  freertos.o [1]
vListInitialise         0x08005d45    0x1a  Code  Gb  list.o [1]
vListInitialiseItem     0x08005d5f     0x6  Code  Gb  list.o [1]
vListInsert             0x08005d7d    0x34  Code  Gb  list.o [1]
vListInsertEnd          0x08005d65    0x18  Code  Gb  list.o [1]
vPortEnableVFP          0x08005e65          Code  Gb  portasm.o [1]
vPortEnterCritical      0x08004e45    0x32  Code  Gb  port.o [1]
vPortExitCritical       0x08004e77    0x22  Code  Gb  port.o [1]
vPortFree               0x08005c9f    0x58  Code  Gb  heap_4.o [1]
vPortStartFirstTask     0x08005e4d          Code  Gb  portasm.o [1]
vPortValidateInterruptPriority
                        0x08004ec1    0x44  Code  Gb  port.o [1]
vTaskDelay              0x0800407f    0x42  Code  Gb  tasks.o [1]
vTaskMissedYield        0x08004427     0xa  Code  Gb  tasks.o [1]
vTaskPlaceOnEventList   0x08004303    0x26  Code  Gb  tasks.o [1]
vTaskPriorityInherit    0x080044d7    0x80  Code  Gb  tasks.o [1]
vTaskSetTimeOutState    0x0800439d    0x20  Code  Gb  tasks.o [1]
vTaskStartScheduler     0x080040c1    0x62  Code  Gb  tasks.o [1]
vTaskSuspendAll         0x08004123     0xc  Code  Gb  tasks.o [1]
vTaskSwitchContext      0x080042a9    0x5a  Code  Gb  tasks.o [1]
vel_down                0x20004d64     0x4  Data  Gb  app_ins_ekf_quaternion.o [1]
vel_east                0x20004d60     0x4  Data  Gb  app_ins_ekf_quaternion.o [1]
vel_north               0x20004d5c     0x4  Data  Gb  app_ins_ekf_quaternion.o [1]
write_data_to_inner_flash
                        0x200042a8     0x4  Data  Lc  app_ano.o [1]
xBlockAllocatedBit      0x20000148     0x4  Data  Lc  heap_4.o [1]
xDelayedTaskList1       0x200047c0    0x14  Data  Lc  tasks.o [1]
xDelayedTaskList2       0x200047d4    0x14  Data  Lc  tasks.o [1]
xFreeBytesRemaining     0x20000140     0x4  Data  Lc  heap_4.o [1]
xIdleTaskHandle         0x200047e8     0x4  Data  Lc  tasks.o [1]
xMinimumEverFreeBytesRemaining
                        0x20000144     0x4  Data  Lc  heap_4.o [1]
xNextTaskUnblockTime    0x200047b8     0x4  Data  Lc  tasks.o [1]
xNumOfOverflows         0x200047b0     0x4  Data  Lc  tasks.o [1]
xPendingReadyList       0x2000474c    0x14  Data  Lc  tasks.o [1]
xPortStartScheduler     0x08004da1    0xa4  Code  Gb  port.o [1]
xPortSysTickHandler     0x08004e99    0x26  Code  Gb  port.o [1]
xQueueCreateCountingSemaphore
                        0x08004757    0x4e  Code  Gb  queue.o [1]
xQueueGenericCreate     0x0800470f    0x48  Code  Gb  queue.o [1]
xQueueGenericReceive    0x08004a5d   0x176  Code  Gb  queue.o [1]
xQueueGenericReset      0x08004689    0x86  Code  Gb  queue.o [1]
xQueueGenericSend       0x080047a5   0x15c  Code  Gb  queue.o [1]
xQueueGenericSendFromISR
                        0x0800490d    0xac  Code  Gb  queue.o [1]
xQueueGiveFromISR       0x080049c1    0x9c  Code  Gb  queue.o [1]
xQueueReceiveFromISR    0x08004bd3    0x8c  Code  Gb  queue.o [1]
xSchedulerRunning       0x200047a4     0x4  Data  Lc  tasks.o [1]
xStart                  0x20000134     0x8  Data  Lc  heap_4.o [1]
xSuspendedTaskList      0x20004784    0x14  Data  Lc  tasks.o [1]
xTaskCheckForTimeOut    0x080043bd    0x6a  Code  Gb  tasks.o [1]
xTaskCreate             0x08003ed1    0xca  Code  Gb  tasks.o [1]
xTaskGetSchedulerState  0x080044bf    0x18  Code  Gb  tasks.o [1]
xTaskIncrementTick      0x080041db    0xce  Code  Gb  tasks.o [1]
xTaskPriorityDisinherit
                        0x08004557    0x92  Code  Gb  tasks.o [1]
xTaskRemoveFromEventList
                        0x08004333    0x64  Code  Gb  tasks.o [1]
xTaskResumeAll          0x0800412f    0xac  Code  Gb  tasks.o [1]
xTasksWaitingTermination
                        0x20004760    0x14  Data  Lc  tasks.o [1]
xTickCount              0x2000479c     0x4  Data  Lc  tasks.o [1]
xYieldPending           0x200047ac     0x4  Data  Lc  tasks.o [1]
yaw_d                   0x2000499c     0x4  Data  Gb  app_ano.o [1]
yaw_deg                 0x20000038     0x4  Data  Gb  app_ins_ekf_quaternion.o [1]
yaw_i                   0x20004998     0x4  Data  Gb  app_ano.o [1]
yaw_p                   0x20004994     0x4  Data  Gb  app_ano.o [1]


[1] = D:\WORK\DEVO\CODE\SFOX_ZERO\SFOX_ZERO\EWARM\SFOX_ZERO\Obj
[2] = command line
[3] = dl7M_tlf.a
[4] = m7M_tls.a
[5] = rt7M_tl.a
[6] = shb_l.a

   57 992 bytes of readonly  code memory
      307 bytes of readonly  data memory
  108 124 bytes of readwrite data memory

Errors: none
Warnings: none
