###############################################################################
#
# IAR ELF Linker V8.22.1.15669/W32 for ARM                24/May/2018  14:48:04
# Copyright 2007-2018 IAR Systems AB.
#
#    Output file  =  
#        I:\DEVELOPE\LAN\CODE\SFOX_ZERO\SFOX_ZERO\EWARM\SFOX_ZERO\Exe\SFOX_ZERO.out
#    Map file     =  
#        I:\DEVELOPE\LAN\CODE\SFOX_ZERO\SFOX_ZERO\EWARM\SFOX_ZERO\List\SFOX_ZERO.map
#    Command line =  
#        -f C:\Users\tsuig\AppData\Local\Temp\EW3370.tmp
#        (I:\DEVELOPE\LAN\CODE\SFOX_ZERO\SFOX_ZERO\EWARM\SFOX_ZERO\Obj\app_ano.o
#        I:\DEVELOPE\LAN\CODE\SFOX_ZERO\SFOX_ZERO\EWARM\SFOX_ZERO\Obj\app_ctrl.o
#        I:\DEVELOPE\LAN\CODE\SFOX_ZERO\SFOX_ZERO\EWARM\SFOX_ZERO\Obj\app_ins.o
#        I:\DEVELOPE\LAN\CODE\SFOX_ZERO\SFOX_ZERO\EWARM\SFOX_ZERO\Obj\app_led.o
#        I:\DEVELOPE\LAN\CODE\SFOX_ZERO\SFOX_ZERO\EWARM\SFOX_ZERO\Obj\app_ros.o
#        I:\DEVELOPE\LAN\CODE\SFOX_ZERO\SFOX_ZERO\EWARM\SFOX_ZERO\Obj\cmsis_os.o
#        I:\DEVELOPE\LAN\CODE\SFOX_ZERO\SFOX_ZERO\EWARM\SFOX_ZERO\Obj\croutine.o
#        I:\DEVELOPE\LAN\CODE\SFOX_ZERO\SFOX_ZERO\EWARM\SFOX_ZERO\Obj\dma.o
#        I:\DEVELOPE\LAN\CODE\SFOX_ZERO\SFOX_ZERO\EWARM\SFOX_ZERO\Obj\event_groups.o
#        I:\DEVELOPE\LAN\CODE\SFOX_ZERO\SFOX_ZERO\EWARM\SFOX_ZERO\Obj\flash_on_chip.o
#        I:\DEVELOPE\LAN\CODE\SFOX_ZERO\SFOX_ZERO\EWARM\SFOX_ZERO\Obj\freertos.o
#        I:\DEVELOPE\LAN\CODE\SFOX_ZERO\SFOX_ZERO\EWARM\SFOX_ZERO\Obj\gpio.o
#        I:\DEVELOPE\LAN\CODE\SFOX_ZERO\SFOX_ZERO\EWARM\SFOX_ZERO\Obj\heap_4.o
#        I:\DEVELOPE\LAN\CODE\SFOX_ZERO\SFOX_ZERO\EWARM\SFOX_ZERO\Obj\list.o
#        I:\DEVELOPE\LAN\CODE\SFOX_ZERO\SFOX_ZERO\EWARM\SFOX_ZERO\Obj\main.o
#        I:\DEVELOPE\LAN\CODE\SFOX_ZERO\SFOX_ZERO\EWARM\SFOX_ZERO\Obj\motor_pwm.o
#        I:\DEVELOPE\LAN\CODE\SFOX_ZERO\SFOX_ZERO\EWARM\SFOX_ZERO\Obj\mpu9250.o
#        I:\DEVELOPE\LAN\CODE\SFOX_ZERO\SFOX_ZERO\EWARM\SFOX_ZERO\Obj\ms5803.o
#        I:\DEVELOPE\LAN\CODE\SFOX_ZERO\SFOX_ZERO\EWARM\SFOX_ZERO\Obj\port.o
#        I:\DEVELOPE\LAN\CODE\SFOX_ZERO\SFOX_ZERO\EWARM\SFOX_ZERO\Obj\portasm.o
#        I:\DEVELOPE\LAN\CODE\SFOX_ZERO\SFOX_ZERO\EWARM\SFOX_ZERO\Obj\queue.o
#        I:\DEVELOPE\LAN\CODE\SFOX_ZERO\SFOX_ZERO\EWARM\SFOX_ZERO\Obj\rc_pwm.o
#        I:\DEVELOPE\LAN\CODE\SFOX_ZERO\SFOX_ZERO\EWARM\SFOX_ZERO\Obj\spi.o
#        I:\DEVELOPE\LAN\CODE\SFOX_ZERO\SFOX_ZERO\EWARM\SFOX_ZERO\Obj\startup_stm32f407xx.o
#        I:\DEVELOPE\LAN\CODE\SFOX_ZERO\SFOX_ZERO\EWARM\SFOX_ZERO\Obj\stm32f4xx_hal.o
#        I:\DEVELOPE\LAN\CODE\SFOX_ZERO\SFOX_ZERO\EWARM\SFOX_ZERO\Obj\stm32f4xx_hal_cortex.o
#        I:\DEVELOPE\LAN\CODE\SFOX_ZERO\SFOX_ZERO\EWARM\SFOX_ZERO\Obj\stm32f4xx_hal_dma.o
#        I:\DEVELOPE\LAN\CODE\SFOX_ZERO\SFOX_ZERO\EWARM\SFOX_ZERO\Obj\stm32f4xx_hal_dma_ex.o
#        I:\DEVELOPE\LAN\CODE\SFOX_ZERO\SFOX_ZERO\EWARM\SFOX_ZERO\Obj\stm32f4xx_hal_flash.o
#        I:\DEVELOPE\LAN\CODE\SFOX_ZERO\SFOX_ZERO\EWARM\SFOX_ZERO\Obj\stm32f4xx_hal_flash_ex.o
#        I:\DEVELOPE\LAN\CODE\SFOX_ZERO\SFOX_ZERO\EWARM\SFOX_ZERO\Obj\stm32f4xx_hal_flash_ramfunc.o
#        I:\DEVELOPE\LAN\CODE\SFOX_ZERO\SFOX_ZERO\EWARM\SFOX_ZERO\Obj\stm32f4xx_hal_gpio.o
#        I:\DEVELOPE\LAN\CODE\SFOX_ZERO\SFOX_ZERO\EWARM\SFOX_ZERO\Obj\stm32f4xx_hal_msp.o
#        I:\DEVELOPE\LAN\CODE\SFOX_ZERO\SFOX_ZERO\EWARM\SFOX_ZERO\Obj\stm32f4xx_hal_pwr.o
#        I:\DEVELOPE\LAN\CODE\SFOX_ZERO\SFOX_ZERO\EWARM\SFOX_ZERO\Obj\stm32f4xx_hal_pwr_ex.o
#        I:\DEVELOPE\LAN\CODE\SFOX_ZERO\SFOX_ZERO\EWARM\SFOX_ZERO\Obj\stm32f4xx_hal_rcc.o
#        I:\DEVELOPE\LAN\CODE\SFOX_ZERO\SFOX_ZERO\EWARM\SFOX_ZERO\Obj\stm32f4xx_hal_rcc_ex.o
#        I:\DEVELOPE\LAN\CODE\SFOX_ZERO\SFOX_ZERO\EWARM\SFOX_ZERO\Obj\stm32f4xx_hal_spi.o
#        I:\DEVELOPE\LAN\CODE\SFOX_ZERO\SFOX_ZERO\EWARM\SFOX_ZERO\Obj\stm32f4xx_hal_tim.o
#        I:\DEVELOPE\LAN\CODE\SFOX_ZERO\SFOX_ZERO\EWARM\SFOX_ZERO\Obj\stm32f4xx_hal_tim_ex.o
#        I:\DEVELOPE\LAN\CODE\SFOX_ZERO\SFOX_ZERO\EWARM\SFOX_ZERO\Obj\stm32f4xx_hal_timebase_TIM.o
#        I:\DEVELOPE\LAN\CODE\SFOX_ZERO\SFOX_ZERO\EWARM\SFOX_ZERO\Obj\stm32f4xx_hal_uart.o
#        I:\DEVELOPE\LAN\CODE\SFOX_ZERO\SFOX_ZERO\EWARM\SFOX_ZERO\Obj\stm32f4xx_it.o
#        I:\DEVELOPE\LAN\CODE\SFOX_ZERO\SFOX_ZERO\EWARM\SFOX_ZERO\Obj\system_stm32f4xx.o
#        I:\DEVELOPE\LAN\CODE\SFOX_ZERO\SFOX_ZERO\EWARM\SFOX_ZERO\Obj\tasks.o
#        I:\DEVELOPE\LAN\CODE\SFOX_ZERO\SFOX_ZERO\EWARM\SFOX_ZERO\Obj\tim.o
#        I:\DEVELOPE\LAN\CODE\SFOX_ZERO\SFOX_ZERO\EWARM\SFOX_ZERO\Obj\time.o
#        I:\DEVELOPE\LAN\CODE\SFOX_ZERO\SFOX_ZERO\EWARM\SFOX_ZERO\Obj\timers.o
#        I:\DEVELOPE\LAN\CODE\SFOX_ZERO\SFOX_ZERO\EWARM\SFOX_ZERO\Obj\usart.o
#        I:\DEVELOPE\LAN\CODE\SFOX_ZERO\SFOX_ZERO\EWARM\SFOX_ZERO\Obj\usart_cfg.o
#        I:\DEVELOPE\LAN\CODE\SFOX_ZERO\SFOX_ZERO\EWARM\SFOX_ZERO\Obj\uwb1000.o
#        --redirect _Printf=_PrintfFull --redirect _Scanf=_ScanfFull -o
#        I:\DEVELOPE\LAN\CODE\SFOX_ZERO\SFOX_ZERO\EWARM\SFOX_ZERO\Exe\SFOX_ZERO.out
#        --map
#        I:\DEVELOPE\LAN\CODE\SFOX_ZERO\SFOX_ZERO\EWARM\SFOX_ZERO\List\SFOX_ZERO.map
#        --config
#        I:\DEVELOPE\LAN\CODE\SFOX_ZERO\SFOX_ZERO\EWARM/stm32f407xx_flash.icf
#        --semihosting --entry __iar_program_start --vfe --text_out locale)
#
###############################################################################

*******************************************************************************
*** RUNTIME MODEL ATTRIBUTES
***

CppFlavor       = *
__SystemLibrary = DLib
__dlib_version  = 6


*******************************************************************************
*** HEAP SELECTION
***

The basic heap was selected because no calls to memory allocation
functions were found in the application outside of system library
functions, and there are calls to deallocation functions in the
application.


*******************************************************************************
*** PLACEMENT SUMMARY
***

"A0":  place at 0x08000000 { ro section .intvec };
"P1":  place in [from 0x08000000 to 0x080fffff] { ro };
define block CSTACK with size = 1536, alignment = 8 { };
define block HEAP with size = 512, alignment = 8 { };
"P2":  place in [from 0x20000000 to 0x2001ffff] {
          rw, block CSTACK, block HEAP };
initialize by copy { rw };

  Section            Kind        Address    Size  Object
  -------            ----        -------    ----  ------
"A0":                                      0x188
  .intvec            ro code  0x08000000   0x188  startup_stm32f407xx.o [1]
                            - 0x08000188   0x188

"P1":                                     0x8bc6
  .text              ro code  0x08000188   0xa6c  app_ano.o [1]
  .text              ro code  0x08000bf4   0x164  usart_cfg.o [1]
  .text              ro code  0x08000d58   0x130  cmsis_os.o [1]
  .text              ro code  0x08000e88    0x22  S32ToDbl.o [4]
  .text              ro code  0x08000eac    0x68  DblToFlt.o [4]
  .text              ro code  0x08000f14   0x1a2  DblMul.o [4]
  .text              ro code  0x080010b8   0x738  flash_on_chip.o [1]
  .text              ro code  0x080017f0   0x566  stm32f4xx_hal_uart.o [1]
  .text              ro code  0x08001d58   0x142  main.o [1]
  .text              ro code  0x08001e9c   0x190  uwb1000.o [1]
  .text              ro code  0x0800202c   0x4da  app_ros.o [1]
  .text              ro code  0x08002508   0x774  tasks.o [1]
  .text              ro code  0x08002c7c   0x584  queue.o [1]
  .text              ro code  0x08003200   0x1ec  port.o [1]
  .text              ro code  0x080033ec   0x1d4  stm32f4xx_hal_flash.o [1]
  .text              ro code  0x080035c0   0x15c  stm32f4xx_hal_flash_ex.o [1]
  .text              ro code  0x0800371c    0x28  stm32f4xx_hal.o [1]
  .text              ro code  0x08003744   0x488  usart.o [1]
  .text              ro code  0x08003bcc   0x400  stm32f4xx_hal_dma.o [1]
  .text              ro code  0x08003fcc     0x2  stm32f4xx_hal_uart.o [1]
  .text              ro code  0x08003fce     0x2  stm32f4xx_hal_uart.o [1]
  .text              ro code  0x08003fd0     0x2  stm32f4xx_hal_uart.o [1]
  .text              ro code  0x08003fd4   0x1dc  stm32f4xx_hal_rcc.o [1]
  .text              ro code  0x080041b0    0x34  stm32f4xx_hal.o [1]
  .text              ro code  0x080041e4    0xb2  gpio.o [1]
  .text              ro code  0x08004298    0xb8  dma.o [1]
  .text              ro code  0x08004350   0x1f4  spi.o [1]
  .text              ro code  0x08004544   0x3dc  tim.o [1]
  .text              ro code  0x08004920   0x5b8  mpu9250.o [1]
  .text              ro code  0x08004ed8   0x352  ms5803.o [1]
  .text              ro code  0x0800522c   0x296  rc_pwm.o [1]
  .text              ro code  0x080054c4    0x90  app_led.o [1]
  .text              ro code  0x08005554   0x250  freertos.o [1]
  .text              ro code  0x080057a4   0x2f0  stm32f4xx_hal_rcc.o [1]
  .text              ro code  0x08005a94    0xe0  stm32f4xx_hal_cortex.o [1]
  .text              ro code  0x08005b74    0x10  stm32f4xx_hal.o [1]
  .text              ro code  0x08005b84   0x174  iar_Stoulx.o [3]
  .text              ro code  0x08005cf8   0x1b4  heap_4.o [1]
  .text              ro code  0x08005eac    0x8e  list.o [1]
  .text              ro code  0x08005f3a     0x2  freertos.o [1]
  .text              ro code  0x08005f3c     0x2  freertos.o [1]
  .text              ro code  0x08005f40    0xa6  ABImemcpy.o [5]
  CODE               ro code  0x08005fe8    0xa8  portasm.o [1]
  .text              ro code  0x08006090     0xc  stm32f4xx_hal.o [1]
  .text              ro code  0x0800609c   0x200  stm32f4xx_hal_gpio.o [1]
  .text              ro code  0x0800629c    0x7c  stm32f4xx_hal_timebase_TIM.o [1]
  .text              ro code  0x08006318   0x272  I64DivMod.o [5]
  .text              ro code  0x0800658a    0x60  stm32f4xx_hal_msp.o [1]
  .text              ro code  0x080065ec   0x95a  stm32f4xx_hal_spi.o [1]
  .text              ro code  0x08006f48   0x770  stm32f4xx_hal_tim.o [1]
  .text              ro code  0x080076b8    0x4a  stm32f4xx_hal_tim_ex.o [1]
  .text              ro code  0x08007704    0x58  S64ToFlt.o [4]
  .text              ro code  0x0800775c    0x48  FltToDbl.o [4]
  .text              ro code  0x080077a4    0x78  time.o [1]
  .text              ro code  0x0800781c   0x454  app_ins.o [1]
  .text              ro code  0x08007c70    0x90  app_ctrl.o [1]
  .text              ro code  0x08007d00    0x14  isspace.o [3]
  .text              ro code  0x08007d14    0x14  tolower.o [3]
  .text              ro code  0x08007d28    0x58  memchr.o [5]
  .text              ro code  0x08007d80     0x2  I64DivZer.o [5]
  .text              ro code  0x08007d82     0x2  stm32f4xx_hal_spi.o [1]
  .text              ro code  0x08007d84     0x2  stm32f4xx_hal_spi.o [1]
  .text              ro code  0x08007d86     0x2  stm32f4xx_hal_spi.o [1]
  .text              ro code  0x08007d88     0x2  stm32f4xx_hal_spi.o [1]
  .text              ro code  0x08007d8a     0x2  stm32f4xx_hal_tim.o [1]
  .text              ro code  0x08007d8c     0x2  stm32f4xx_hal_tim_ex.o [1]
  .text              ro code  0x08007d8e     0x2  stm32f4xx_hal_tim.o [1]
  .text              ro code  0x08007d90     0x2  stm32f4xx_hal_tim_ex.o [1]
  .text              ro code  0x08007d92     0x2  stm32f4xx_hal_tim.o [1]
  .text              ro code  0x08007d94   0x102  sqrt.o [4]
  .text              ro code  0x08007e96    0x22  math_wrappers64.o [4]
  .text              ro code  0x08007eb8    0x98  motor_pwm.o [1]
  .text              ro code  0x08007f50    0x34  xlocale_c.o [3]
  .text              ro code  0x08007f84    0xf0  asin64.o [4]
  .text              ro code  0x08008074   0x13c  atan2_64.o [4]
  .text              ro code  0x080081b0    0x2e  DblCmpLe.o [4]
  .text              ro code  0x080081e0    0xe2  DblSub.o [4]
  .text              ro code  0x080082c4   0x178  DblAdd.o [4]
  .text              ro code  0x0800843c   0x246  DblDiv.o [4]
  .rodata            const    0x08008684    0x54  freertos.o [1]
  .text              ro code  0x080086d8   0x208  iar_Atan64.o [4]
  .text              ro code  0x080088e0    0x20  DblCmpEq.o [4]
  .text              ro code  0x08008900    0x2e  DblCmpGe.o [4]
  .text              ro code  0x08008930    0xd0  stm32f4xx_it.o [1]
  .text              ro code  0x08008a00    0x60  system_stm32f4xx.o [1]
  .text              ro code  0x08008a60    0x40  zero_init3.o [5]
  .text              ro code  0x08008aa0    0x38  packbits_init_single.o [5]
  .text              ro code  0x08008ad8    0x28  data_init.o [5]
  .text              ro code  0x08008b00    0x22  fpinit_M.o [4]
  .iar.init_table    const    0x08008b24    0x20  - Linker created -
  .text              ro code  0x08008b44    0x1e  cmain.o [5]
  .text              ro code  0x08008b62     0x4  low_level_init.o [3]
  .text              ro code  0x08008b66     0x4  exit.o [3]
  .text              ro code  0x08008b6c     0xa  cexit.o [5]
  .text              ro code  0x08008b78    0x14  exit.o [6]
  .text              ro code  0x08008b8c    0x10  startup_stm32f407xx.o [1]
  .text              ro code  0x08008b9c     0xc  cstartup_M.o [5]
  .rodata            const    0x08008ba8     0x8  system_stm32f4xx.o [1]
  .text              ro code  0x08008bb0     0x4  startup_stm32f407xx.o [1]
  .text              ro code  0x08008bb4     0x4  startup_stm32f407xx.o [1]
  .text              ro code  0x08008bb8     0x4  startup_stm32f407xx.o [1]
  .text              ro code  0x08008bbc     0x4  startup_stm32f407xx.o [1]
  .text              ro code  0x08008bc0     0x4  startup_stm32f407xx.o [1]
  .text              ro code  0x08008bc4     0x4  startup_stm32f407xx.o [1]
  .text              ro code  0x08008bc8     0x4  startup_stm32f407xx.o [1]
  .text              ro code  0x08008bcc     0x4  startup_stm32f407xx.o [1]
  .text              ro code  0x08008bd0     0x4  startup_stm32f407xx.o [1]
  .text              ro code  0x08008bd4     0x4  startup_stm32f407xx.o [1]
  .text              ro code  0x08008bd8     0x4  startup_stm32f407xx.o [1]
  .text              ro code  0x08008bdc     0x4  startup_stm32f407xx.o [1]
  .text              ro code  0x08008be0     0x4  startup_stm32f407xx.o [1]
  .text              ro code  0x08008be4     0x4  startup_stm32f407xx.o [1]
  .text              ro code  0x08008be8     0x4  startup_stm32f407xx.o [1]
  .text              ro code  0x08008bec     0x4  startup_stm32f407xx.o [1]
  .text              ro code  0x08008bf0     0x4  startup_stm32f407xx.o [1]
  .text              ro code  0x08008bf4     0x4  startup_stm32f407xx.o [1]
  .text              ro code  0x08008bf8     0x4  startup_stm32f407xx.o [1]
  .text              ro code  0x08008bfc     0x4  startup_stm32f407xx.o [1]
  .text              ro code  0x08008c00     0x4  startup_stm32f407xx.o [1]
  .text              ro code  0x08008c04     0x4  startup_stm32f407xx.o [1]
  .text              ro code  0x08008c08     0x4  startup_stm32f407xx.o [1]
  .text              ro code  0x08008c0c     0x4  startup_stm32f407xx.o [1]
  .text              ro code  0x08008c10     0x4  startup_stm32f407xx.o [1]
  .text              ro code  0x08008c14     0x4  startup_stm32f407xx.o [1]
  .text              ro code  0x08008c18     0x4  startup_stm32f407xx.o [1]
  .text              ro code  0x08008c1c     0x4  startup_stm32f407xx.o [1]
  .text              ro code  0x08008c20     0x4  startup_stm32f407xx.o [1]
  .text              ro code  0x08008c24     0x4  startup_stm32f407xx.o [1]
  .text              ro code  0x08008c28     0x4  startup_stm32f407xx.o [1]
  .text              ro code  0x08008c2c     0x4  startup_stm32f407xx.o [1]
  .text              ro code  0x08008c30     0x4  startup_stm32f407xx.o [1]
  .text              ro code  0x08008c34     0x4  startup_stm32f407xx.o [1]
  .text              ro code  0x08008c38     0x4  startup_stm32f407xx.o [1]
  .text              ro code  0x08008c3c     0x4  startup_stm32f407xx.o [1]
  .text              ro code  0x08008c40     0x4  startup_stm32f407xx.o [1]
  .text              ro code  0x08008c44     0x4  startup_stm32f407xx.o [1]
  .text              ro code  0x08008c48     0x4  startup_stm32f407xx.o [1]
  .text              ro code  0x08008c4c     0x4  startup_stm32f407xx.o [1]
  .text              ro code  0x08008c50     0x4  startup_stm32f407xx.o [1]
  .text              ro code  0x08008c54     0x4  startup_stm32f407xx.o [1]
  .text              ro code  0x08008c58     0x4  startup_stm32f407xx.o [1]
  .text              ro code  0x08008c5c     0x4  startup_stm32f407xx.o [1]
  .text              ro code  0x08008c60     0x4  startup_stm32f407xx.o [1]
  .text              ro code  0x08008c64     0x4  startup_stm32f407xx.o [1]
  .text              ro code  0x08008c68     0x4  startup_stm32f407xx.o [1]
  .text              ro code  0x08008c6c     0x4  startup_stm32f407xx.o [1]
  .text              ro code  0x08008c70     0x4  startup_stm32f407xx.o [1]
  .text              ro code  0x08008c74     0x4  startup_stm32f407xx.o [1]
  .text              ro code  0x08008c78     0x4  startup_stm32f407xx.o [1]
  .text              ro code  0x08008c7c     0x4  startup_stm32f407xx.o [1]
  .text              ro code  0x08008c80     0x4  startup_stm32f407xx.o [1]
  .text              ro code  0x08008c84     0x4  startup_stm32f407xx.o [1]
  .text              ro code  0x08008c88     0x4  startup_stm32f407xx.o [1]
  .text              ro code  0x08008c8c     0x4  startup_stm32f407xx.o [1]
  .text              ro code  0x08008c90     0x4  startup_stm32f407xx.o [1]
  .text              ro code  0x08008c94     0x4  startup_stm32f407xx.o [1]
  .text              ro code  0x08008c98     0x4  startup_stm32f407xx.o [1]
  .text              ro code  0x08008c9c     0x4  startup_stm32f407xx.o [1]
  .text              ro code  0x08008ca0     0x4  startup_stm32f407xx.o [1]
  .text              ro code  0x08008ca4     0x4  startup_stm32f407xx.o [1]
  .text              ro code  0x08008ca8     0x4  startup_stm32f407xx.o [1]
  .rodata            const    0x08008cac     0x2  xlocale_c.o [3]
  .rodata            const    0x08008cae     0x0  zero_init3.o [5]
  .rodata            const    0x08008cae     0x0  packbits_init_single.o [5]
  Initializer bytes  const    0x08008cae    0x79  <for P2-1>
                            - 0x08008d27  0x8b9f

"P2", part 1 of 3:                         0x6e0
  P2-1                        0x20000000   0x6e0  <Init block>
    .data            inited   0x20000000   0x660  app_ins.o [1]
    .data            inited   0x20000660    0x1c  app_ins.o [1]
    .data            inited   0x2000067c     0xc  port.o [1]
    .data            inited   0x20000688     0xc  stm32f4xx_hal.o [1]
    .data            inited   0x20000694     0x4  system_stm32f4xx.o [1]
    .data            inited   0x20000698    0x48  xlocale_c.o [3]
                            - 0x200006e0   0x6e0

"P2", part 2 of 3:                        0x4eb0
  .bss               zero     0x200006e0  0x3c18  heap_4.o [1]
  .bss               zero     0x200042f8   0x2dc  uwb1000.o [1]
  .bss               zero     0x200045d4   0x240  usart.o [1]
  .bss               zero     0x20004814   0x12c  flash_on_chip.o [1]
  .bss               zero     0x20004940    0xf0  time.o [1]
  .bss               zero     0x20004a30    0xc8  app_ros.o [1]
  .bss               zero     0x20004af8    0xc8  app_ros.o [1]
  .bss               zero     0x20004bc0    0xc0  spi.o [1]
  .bss               zero     0x20004c80    0xa0  tasks.o [1]
  .bss               zero     0x20004d20    0xa0  time.o [1]
  .bss               zero     0x20004dc0    0x8c  tasks.o [1]
  .bss               zero     0x20004e4c    0x84  mpu9250.o [1]
  .bss               zero     0x20004ed0    0x80  app_ano.o [1]
  .bss               zero     0x20004f50    0x80  rc_pwm.o [1]
  .bss               zero     0x20004fd0    0x7c  app_ano.o [1]
  .bss               zero     0x2000504c    0x64  app_ano.o [1]
  .bss               zero     0x200050b0    0x58  spi.o [1]
  .bss               zero     0x20005108    0x58  spi.o [1]
  .bss               zero     0x20005160    0x40  usart.o [1]
  .bss               zero     0x200051a0    0x40  usart.o [1]
  .bss               zero     0x200051e0    0x40  usart.o [1]
  .bss               zero     0x20005220    0x40  usart.o [1]
  .bss               zero     0x20005260    0x40  usart.o [1]
  .bss               zero     0x200052a0    0x40  usart.o [1]
  .bss               zero     0x200052e0    0x3c  app_ros.o [1]
  .bss               zero     0x2000531c    0x3c  stm32f4xx_hal_timebase_TIM.o [1]
  .bss               zero     0x20005358    0x3c  tim.o [1]
  .bss               zero     0x20005394    0x3c  tim.o [1]
  .bss               zero     0x200053d0    0x3c  tim.o [1]
  .bss               zero     0x2000540c    0x3c  tim.o [1]
  .bss               zero     0x20005448    0x34  app_ano.o [1]
  .bss               zero     0x2000547c    0x24  freertos.o [1]
  .bss               zero     0x200054a0    0x30  ms5803.o [1]
  .bss               zero     0x200054d0    0x28  uwb1000.o [1]
  .bss               zero     0x200054f8    0x20  stm32f4xx_hal_flash.o [1]
  .bss               zero     0x20005518    0x1c  app_ctrl.o [1]
  .bss               zero     0x20005534    0x14  flash_on_chip.o [1]
  .bss               zero     0x20005548    0x10  app_ctrl.o [1]
  .bss               zero     0x20005558    0x10  app_ros.o [1]
  .bss               zero     0x20005568     0xc  time.o [1]
  .bss               zero     0x20005574     0x4  time.o [1]
  .bss               zero     0x20005578     0x8  time.o [1]
  .bss               zero     0x20005580     0x5  usart_cfg.o [1]
  .bss               zero     0x20005588     0x4  time.o [1]
  .bss               zero     0x2000558c     0x4  time.o [1]
                            - 0x20005590  0x4eb0

"P2", part 3 of 3:                         0x600
  CSTACK                      0x20005590   0x600  <Block>
    CSTACK           uninit   0x20005590   0x600  <Block tail>
                            - 0x20005b90   0x600


*******************************************************************************
*** INIT TABLE
***

          Address     Size
          -------     ----
Zero (__iar_zero_init3)
    1 destination range, total size 0x4eb0:
          0x200006e0  0x4eb0

Copy/packbits (__iar_packbits_init_single3)
    1 source range, total size 0x79 (6% of destination):
          0x08008cae    0x79
    1 destination range, total size 0x6e0:
          0x20000000   0x6e0



*******************************************************************************
*** MODULE SUMMARY
***

    Module                        ro code  ro data  rw data
    ------                        -------  -------  -------
I:\DEVELOPE\LAN\CODE\SFOX_ZERO\SFOX_ZERO\EWARM\SFOX_ZERO\Obj: [1]
    app_ano.o                       2 668               404
    app_ctrl.o                        144                44
    app_ins.o                       1 108      114    1 660
    app_led.o                         144
    app_ros.o                       1 242               476
    cmsis_os.o                        304
    dma.o                             184
    flash_on_chip.o                 1 848               320
    freertos.o                        596       84       36
    gpio.o                            178
    heap_4.o                          436            15 384
    list.o                            142
    main.o                            322
    motor_pwm.o                       152
    mpu9250.o                       1 464               132
    ms5803.o                          850                48
    port.o                            492                12
    portasm.o                         168
    queue.o                         1 412
    rc_pwm.o                          662               128
    spi.o                             500               368
    startup_stm32f407xx.o             660
    stm32f4xx_hal.o                   120        1       12
    stm32f4xx_hal_cortex.o            224
    stm32f4xx_hal_dma.o             1 024
    stm32f4xx_hal_flash.o             468                32
    stm32f4xx_hal_flash_ex.o          348
    stm32f4xx_hal_gpio.o              512
    stm32f4xx_hal_msp.o                96
    stm32f4xx_hal_rcc.o             1 228
    stm32f4xx_hal_spi.o             2 402
    stm32f4xx_hal_tim.o             1 910
    stm32f4xx_hal_tim_ex.o             78
    stm32f4xx_hal_timebase_TIM.o      124                60
    stm32f4xx_hal_uart.o            1 388
    stm32f4xx_it.o                    208
    system_stm32f4xx.o                 96        9        4
    tasks.o                         1 908               300
    tim.o                             988               240
    time.o                            120               432
    usart.o                         1 160               960
    usart_cfg.o                       356                 5
    uwb1000.o                         400               772
    -------------------------------------------------------
    Total:                         30 834      208   21 829

command line: [2]
    -------------------------------------------------------
    Total:

dl7M_tlf.a: [3]
    exit.o                              4
    iar_Stoulx.o                      372
    isspace.o                          20
    low_level_init.o                    4
    tolower.o                          20
    xlocale_c.o                        52        7       72
    -------------------------------------------------------
    Total:                            472        7       72

m7M_tls.a: [4]
    DblAdd.o                          376
    DblCmpEq.o                         32
    DblCmpGe.o                         46
    DblCmpLe.o                         46
    DblDiv.o                          582
    DblMul.o                          418
    DblSub.o                          226
    DblToFlt.o                        104
    FltToDbl.o                         72
    S32ToDbl.o                         34
    S64ToFlt.o                         88
    asin64.o                          240
    atan2_64.o                        316
    fpinit_M.o                         34
    iar_Atan64.o                      520
    math_wrappers64.o                  34
    sqrt.o                            258
    -------------------------------------------------------
    Total:                          3 426

rt7M_tl.a: [5]
    ABImemcpy.o                       166
    I64DivMod.o                       626
    I64DivZer.o                         2
    cexit.o                            10
    cmain.o                            30
    cstartup_M.o                       12
    data_init.o                        40
    memchr.o                           88
    packbits_init_single.o             56
    zero_init3.o                       64
    -------------------------------------------------------
    Total:                          1 094

shb_l.a: [6]
    exit.o                             20
    -------------------------------------------------------
    Total:                             20

    Gaps                               38        4        3
    Linker created                              32    1 536
-----------------------------------------------------------
    Grand Total:                   35 884      251   23 440


*******************************************************************************
*** ENTRY LIST
***

Entry                      Address    Size  Type      Object
-----                      -------    ----  ----      ------
.iar.init_table$$Base   0x08008b24           --   Gb  - Linker created -
.iar.init_table$$Limit  0x08008b44           --   Gb  - Linker created -
?main                   0x08008b45          Code  Gb  cmain.o [5]
AHBPrescTable           0x08008a50    0x10  Data  Gb  system_stm32f4xx.o [1]
ANCHOR_INDEX            0x200045c8     0x2  Data  Gb  uwb1000.o [1]
ANO_DT_Data_Receive_Anl
                        0x080006ad   0x488  Code  Gb  app_ano.o [1]
ANO_DT_Send_Check       0x08000b5b    0x30  Code  Gb  app_ano.o [1]
ANO_DT_Send_PID         0x080003a1   0x134  Code  Gb  app_ano.o [1]
ANO_data_receive_prepara
                        0x08000621    0x88  Code  Gb  app_ano.o [1]
ANO_send_15_data        0x08000205   0x190  Code  Gb  app_ano.o [1]
ANO_sending             0x08000189    0x70  Code  Gb  app_ano.o [1]
ANO_usart_send_data     0x080001f9     0xa  Code  Gb  app_ano.o [1]
APBPrescTable           0x08008ba8     0x8  Data  Gb  system_stm32f4xx.o [1]
BusFault_Handler        0x08008937     0x2  Code  Gb  stm32f4xx_it.o [1]
CSTACK$$Base            0x20005590           --   Gb  - Linker created -
CSTACK$$Limit           0x20005b90           --   Gb  - Linker created -
DMA1_Stream3_IRQHandler
                        0x0800894b     0x6  Code  Gb  stm32f4xx_it.o [1]
DMA1_Stream4_IRQHandler
                        0x08008951     0x6  Code  Gb  stm32f4xx_it.o [1]
DMA1_Stream6_IRQHandler
                        0x08008957     0x6  Code  Gb  stm32f4xx_it.o [1]
DMA1_Stream7_IRQHandler
                        0x08008987     0x6  Code  Gb  stm32f4xx_it.o [1]
DMA2_Stream0_IRQHandler
                        0x08008999     0x6  Code  Gb  stm32f4xx_it.o [1]
DMA2_Stream3_IRQHandler
                        0x0800899f     0x6  Code  Gb  stm32f4xx_it.o [1]
DMA2_Stream6_IRQHandler
                        0x080089a5     0x6  Code  Gb  stm32f4xx_it.o [1]
DMA2_Stream7_IRQHandler
                        0x080089ab     0x6  Code  Gb  stm32f4xx_it.o [1]
DMA_CalcBaseAndBitshift
                        0x08003f9d    0x28  Code  Lc  stm32f4xx_hal_dma.o [1]
DMA_CalcBaseAndBitshift::flagBitshiftOffset
                        0x08003fc4     0x8  Data  Lc  stm32f4xx_hal_dma.o [1]
DMA_SetConfig           0x08003f7d    0x20  Code  Lc  stm32f4xx_hal_dma.o [1]
DebugMon_Handler        0x0800893b     0x2  Code  Gb  stm32f4xx_it.o [1]
EraseInitStruct         0x20005534    0x14  Data  Gb  flash_on_chip.o [1]
FLASH_Erase_Sector      0x08003673    0x4c  Code  Gb  stm32f4xx_hal_flash_ex.o [1]
FLASH_FlushCaches       0x080036bf    0x50  Code  Gb  stm32f4xx_hal_flash_ex.o [1]
FLASH_MassErase         0x08003653    0x20  Code  Lc  stm32f4xx_hal_flash_ex.o [1]
FLASH_Program_Byte      0x08003533    0x14  Code  Lc  stm32f4xx_hal_flash.o [1]
FLASH_Program_DoubleWord
                        0x080034d1    0x24  Code  Lc  stm32f4xx_hal_flash.o [1]
FLASH_Program_HalfWord  0x08003507    0x12  Code  Lc  stm32f4xx_hal_flash.o [1]
FLASH_Program_Word      0x080034f5    0x12  Code  Lc  stm32f4xx_hal_flash.o [1]
FLASH_SetErrorCode      0x08003547    0x60  Code  Lc  stm32f4xx_hal_flash.o [1]
FLASH_WaitForLastOperation
                        0x08003485    0x4c  Code  Gb  stm32f4xx_hal_flash.o [1]
FLASHinit               0x080015c1    0x26  Code  Gb  flash_on_chip.o [1]
GetSector               0x0800155b    0x66  Code  Lc  flash_on_chip.o [1]
HAL_DMA_Abort           0x08003d1d    0x8a  Code  Gb  stm32f4xx_hal_dma.o [1]
HAL_DMA_Abort_IT        0x08003da7    0x24  Code  Gb  stm32f4xx_hal_dma.o [1]
HAL_DMA_IRQHandler      0x08003dcb   0x188  Code  Gb  stm32f4xx_hal_dma.o [1]
HAL_DMA_Init            0x08003bcd    0xe6  Code  Gb  stm32f4xx_hal_dma.o [1]
HAL_DMA_Start_IT        0x08003cb3    0x6a  Code  Gb  stm32f4xx_hal_dma.o [1]
HAL_Delay               0x0800371d    0x28  Code  Wk  stm32f4xx_hal.o [1]
HAL_FLASHEx_Erase       0x080035c1    0x92  Code  Gb  stm32f4xx_hal_flash_ex.o [1]
HAL_FLASH_Lock          0x08003477     0x8  Code  Gb  stm32f4xx_hal_flash.o [1]
HAL_FLASH_Program       0x080033ed    0x6e  Code  Gb  stm32f4xx_hal_flash.o [1]
HAL_FLASH_Unlock        0x0800345b    0x1c  Code  Gb  stm32f4xx_hal_flash.o [1]
HAL_GPIO_Init           0x0800609d   0x1b2  Code  Gb  stm32f4xx_hal_gpio.o [1]
HAL_GPIO_ReadPin        0x0800624f     0xc  Code  Gb  stm32f4xx_hal_gpio.o [1]
HAL_GPIO_TogglePin      0x08006267     0x8  Code  Gb  stm32f4xx_hal_gpio.o [1]
HAL_GPIO_WritePin       0x0800625b     0xc  Code  Gb  stm32f4xx_hal_gpio.o [1]
HAL_GetTick             0x08006091     0xc  Code  Wk  stm32f4xx_hal.o [1]
HAL_IncTick             0x08005b75    0x10  Code  Wk  stm32f4xx_hal.o [1]
HAL_Init                0x080041b1    0x30  Code  Gb  stm32f4xx_hal.o [1]
HAL_InitTick            0x0800629d    0x6c  Code  Gb  stm32f4xx_hal_timebase_TIM.o [1]
HAL_MspInit             0x0800658b    0x60  Code  Gb  stm32f4xx_hal_msp.o [1]
HAL_NVIC_EnableIRQ      0x08005b07     0xa  Code  Gb  stm32f4xx_hal_cortex.o [1]
HAL_NVIC_SetPriority    0x08005acd    0x3a  Code  Gb  stm32f4xx_hal_cortex.o [1]
HAL_NVIC_SetPriorityGrouping
                        0x08005ab3    0x1a  Code  Gb  stm32f4xx_hal_cortex.o [1]
HAL_RCC_ClockConfig     0x08003fd5    0xfe  Code  Gb  stm32f4xx_hal_rcc.o [1]
HAL_RCC_GetClockConfig  0x08004109    0x36  Code  Gb  stm32f4xx_hal_rcc.o [1]
HAL_RCC_GetHCLKFreq     0x080040df     0x6  Code  Gb  stm32f4xx_hal_rcc.o [1]
HAL_RCC_GetPCLK1Freq    0x080040e5    0x10  Code  Gb  stm32f4xx_hal_rcc.o [1]
HAL_RCC_GetPCLK2Freq    0x080040f5     0xe  Code  Gb  stm32f4xx_hal_rcc.o [1]
HAL_RCC_OscConfig       0x080057a5   0x2f0  Code  Wk  stm32f4xx_hal_rcc.o [1]
HAL_SPI_DMAStop         0x08006c8b    0x22  Code  Gb  stm32f4xx_hal_spi.o [1]
HAL_SPI_IRQHandler      0x08006cad    0xf4  Code  Gb  stm32f4xx_hal_spi.o [1]
HAL_SPI_Init            0x080065ed    0x78  Code  Gb  stm32f4xx_hal_spi.o [1]
HAL_SPI_MspInit         0x080043bb   0x112  Code  Gb  spi.o [1]
HAL_SPI_Receive         0x080067dd   0x12a  Code  Gb  stm32f4xx_hal_spi.o [1]
HAL_SPI_Receive_DMA     0x08006ae7    0x98  Code  Gb  stm32f4xx_hal_spi.o [1]
HAL_SPI_RxCpltCallback  0x08004c0d     0xe  Code  Gb  mpu9250.o [1]
HAL_SPI_Transmit        0x08006671   0x16c  Code  Gb  stm32f4xx_hal_spi.o [1]
HAL_SPI_TransmitReceive
                        0x08006907   0x1a4  Code  Gb  stm32f4xx_hal_spi.o [1]
HAL_SPI_TransmitReceive_DMA
                        0x08006b7f    0x92  Code  Gb  stm32f4xx_hal_spi.o [1]
HAL_SYSTICK_CLKSourceConfig
                        0x08005b43    0x1a  Code  Gb  stm32f4xx_hal_cortex.o [1]
HAL_SYSTICK_Config      0x08005b1b    0x28  Code  Gb  stm32f4xx_hal_cortex.o [1]
HAL_TIMEx_BreakCallback
                        0x08007d8d     0x2  Code  Wk  stm32f4xx_hal_tim_ex.o [1]
HAL_TIMEx_CommutationCallback
                        0x08007d91     0x2  Code  Wk  stm32f4xx_hal_tim_ex.o [1]
HAL_TIMEx_MasterConfigSynchronization
                        0x080076b9    0x4a  Code  Gb  stm32f4xx_hal_tim_ex.o [1]
HAL_TIM_Base_Init       0x08006f49    0x1a  Code  Gb  stm32f4xx_hal_tim.o [1]
HAL_TIM_Base_Start_IT   0x08006f63    0x16  Code  Gb  stm32f4xx_hal_tim.o [1]
HAL_TIM_IC_CaptureCallback
                        0x0800526d   0x1f2  Code  Gb  rc_pwm.o [1]
HAL_TIM_IC_ConfigChannel
                        0x080071c9   0x104  Code  Gb  stm32f4xx_hal_tim.o [1]
HAL_TIM_IC_Init         0x08007003    0x1a  Code  Gb  stm32f4xx_hal_tim.o [1]
HAL_TIM_IC_MspInit      0x08004763    0x94  Code  Gb  tim.o [1]
HAL_TIM_IC_Start_IT     0x0800702d    0x38  Code  Gb  stm32f4xx_hal_tim.o [1]
HAL_TIM_IRQHandler      0x08007081   0x142  Code  Gb  stm32f4xx_hal_tim.o [1]
HAL_TIM_MspPostInit     0x08004849    0x62  Code  Gb  tim.o [1]
HAL_TIM_PWM_ConfigChannel
                        0x080072cd    0xc0  Code  Gb  stm32f4xx_hal_tim.o [1]
HAL_TIM_PWM_Init        0x08006fa3    0x1a  Code  Gb  stm32f4xx_hal_tim.o [1]
HAL_TIM_PWM_MspInit     0x08004809    0x40  Code  Gb  tim.o [1]
HAL_TIM_PWM_Start       0x08006fbd    0x14  Code  Gb  stm32f4xx_hal_tim.o [1]
HAL_TIM_PeriodElapsedCallback
                        0x08001e75     0xe  Code  Gb  main.o [1]
HAL_TIM_ReadCapturedValue
                        0x080073bb    0x44  Code  Gb  stm32f4xx_hal_tim.o [1]
HAL_UART_IRQHandler     0x0800193d   0x152  Code  Gb  stm32f4xx_hal_uart.o [1]
HAL_UART_Init           0x080017f1    0x1e  Code  Gb  stm32f4xx_hal_uart.o [1]
HAL_UART_MspInit        0x08003807   0x2e4  Code  Gb  usart.o [1]
HAL_UART_Receive_IT     0x08001869    0x4a  Code  Gb  stm32f4xx_hal_uart.o [1]
HAL_UART_RxCpltCallback
                        0x08000c53    0x66  Code  Gb  usart_cfg.o [1]
HAL_UART_Transmit_DMA   0x080018b9    0x78  Code  Gb  stm32f4xx_hal_uart.o [1]
HardFault_Handler       0x08008933     0x2  Code  Gb  stm32f4xx_it.o [1]
MPU9250_Check           0x08004af7    0xb0  Code  Gb  mpu9250.o [1]
MPU9250_ERROR           0x20004ec4     0x4  Data  Gb  mpu9250.o [1]
MPU9250_Handler         0x20004e84     0x4  Data  Gb  mpu9250.o [1]
MPU9250_Init            0x08004aa5    0x52  Code  Gb  mpu9250.o [1]
MPU9250_Mag_ReadReg     0x08004a27    0x4e  Code  Gb  mpu9250.o [1]
MPU9250_Mag_ReadRegs    0x08004a75    0x22  Code  Gb  mpu9250.o [1]
MPU9250_Mag_WriteReg    0x080049cf    0x52  Code  Gb  mpu9250.o [1]
MPU9250_ReadReg         0x0800492f    0x48  Code  Gb  mpu9250.o [1]
MPU9250_WriteReg        0x08004979    0x4a  Code  Gb  mpu9250.o [1]
MPU9250_calibrate_offset_func
                        0x08004c1d   0x10a  Code  Gb  mpu9250.o [1]
MPU9250_calibrate_offset_func::cnt_g
                        0x20004e6a     0x2  Data  Lc  mpu9250.o [1]
MPU9250_calibrate_offset_func::gyrox_high
                        0x20004ecc     0x4  Data  Lc  mpu9250.o [1]
MPU9250_calibrate_offset_func::gyrox_low
                        0x20004ec8     0x4  Data  Lc  mpu9250.o [1]
MPU9250_calibrate_offset_func::tempAcc
                        0x20004e78     0xc  Data  Lc  mpu9250.o [1]
MPU9250_calibrate_offset_func::tempGyro
                        0x20004e6c     0xc  Data  Lc  mpu9250.o [1]
MPU9250_data_buffer     0x20004e4c    0x1c  Data  Gb  mpu9250.o [1]
MPU9250_data_push       0x08004d29   0x122  Code  Gb  mpu9250.o [1]
MPU9250_data_ready_to_read
                        0x08004bfd    0x10  Code  Gb  mpu9250.o [1]
MPU9250_process         0x08004e4b    0x4c  Code  Gb  mpu9250.o [1]
MPU9250_read_raw_data   0x08004bb5    0x48  Code  Gb  mpu9250.o [1]
MS5803_C1               0x200054a0     0x2  Data  Gb  ms5803.o [1]
MS5803_C2               0x200054a2     0x2  Data  Gb  ms5803.o [1]
MS5803_C3               0x200054a4     0x2  Data  Gb  ms5803.o [1]
MS5803_C4               0x200054a6     0x2  Data  Gb  ms5803.o [1]
MS5803_C5               0x200054a8     0x2  Data  Gb  ms5803.o [1]
MS5803_C6               0x200054aa     0x2  Data  Gb  ms5803.o [1]
MS5803_D1               0x200054c0     0x4  Data  Gb  ms5803.o [1]
MS5803_D2               0x200054c4     0x4  Data  Gb  ms5803.o [1]
MS5803_Handler          0x200054cc     0x4  Data  Gb  ms5803.o [1]
MS5803_Init             0x08004ed9    0xaa  Code  Gb  ms5803.o [1]
MS5803_ReadRegs         0x080051a5    0x32  Code  Gb  ms5803.o [1]
MS5803_WriteReg         0x080051eb    0x22  Code  Gb  ms5803.o [1]
MS5803_caculate         0x08004f91   0x19a  Code  Gb  ms5803.o [1]
MS5803_pressure         0x200054b0     0x8  Data  Gb  ms5803.o [1]
MS5803_process          0x08004f83     0xc  Code  Gb  ms5803.o [1]
MS5803_read_data        0x08005141    0x4a  Code  Gb  ms5803.o [1]
MS5803_temperature      0x200054b8     0x8  Data  Gb  ms5803.o [1]
MX_DMA_Init             0x08004299    0xb8  Code  Gb  dma.o [1]
MX_FREERTOS_Init        0x08005555    0xd0  Code  Gb  freertos.o [1]
MX_GPIO_Init            0x080041e5    0x9e  Code  Gb  gpio.o [1]
MX_SPI1_Init            0x08004351    0x1c  Code  Gb  spi.o [1]
MX_SPI2_Init            0x0800436d    0x1c  Code  Gb  spi.o [1]
MX_TIM1_Init            0x08004545    0x6a  Code  Gb  tim.o [1]
MX_TIM2_Init            0x080045af    0x68  Code  Gb  tim.o [1]
MX_TIM3_Init            0x08004659    0x5c  Code  Gb  tim.o [1]
MX_TIM4_Init            0x080046c3    0x5a  Code  Gb  tim.o [1]
MX_UART4_Init           0x08003745    0x1a  Code  Gb  usart.o [1]
MX_UART5_Init           0x0800375f    0x1a  Code  Gb  usart.o [1]
MX_USART1_UART_Init     0x08003781    0x1a  Code  Gb  usart.o [1]
MX_USART2_UART_Init     0x0800379b    0x1a  Code  Gb  usart.o [1]
MX_USART3_UART_Init     0x080037d3    0x1a  Code  Gb  usart.o [1]
MX_USART6_UART_Init     0x080037ed    0x1a  Code  Gb  usart.o [1]
MemManage_Handler       0x08008935     0x2  Code  Gb  stm32f4xx_it.o [1]
NMI_Handler             0x08008931     0x2  Code  Gb  stm32f4xx_it.o [1]
NVIC_SetPriority        0x08005a95    0x1e  Code  Lc  stm32f4xx_hal_cortex.o [1]
PendSV_Handler          0x08005fe9          Code  Gb  portasm.o [1]
RC_PWM                  0x20004f50    0x20  Data  Gb  rc_pwm.o [1]
RC_PWM_init             0x0800522d    0x38  Code  Gb  rc_pwm.o [1]
ReadTheFLASH            0x08001791    0x24  Code  Gb  flash_on_chip.o [1]
Region$$Table$$Base     0x08008b24           --   Gb  - Linker created -
Region$$Table$$Limit    0x08008b44           --   Gb  - Linker created -
RxBuffer                0x20005448    0x34  Data  Lc  app_ano.o [1]
RxBuffer                0x20004af8    0xc8  Data  Lc  app_ros.o [1]
SPI1_IRQHandler         0x08008969     0x6  Code  Gb  stm32f4xx_it.o [1]
SPI_CheckFlag_BSY       0x08006f0d    0x1a  Code  Lc  stm32f4xx_hal_spi.o [1]
SPI_DMAAbortOnError     0x08006e75     0xc  Code  Lc  stm32f4xx_hal_spi.o [1]
SPI_DMAError            0x08006e55    0x1e  Code  Lc  stm32f4xx_hal_spi.o [1]
SPI_DMAHalfReceiveCplt  0x08006e45     0x6  Code  Lc  stm32f4xx_hal_spi.o [1]
SPI_DMAHalfTransmitReceiveCplt
                        0x08006e4d     0x6  Code  Lc  stm32f4xx_hal_spi.o [1]
SPI_DMAReceiveCplt      0x08006da1    0x4e  Code  Lc  stm32f4xx_hal_spi.o [1]
SPI_DMATransmitReceiveCplt
                        0x08006df1    0x34  Code  Lc  stm32f4xx_hal_spi.o [1]
SPI_WaitFlagStateUntilTimeout
                        0x08006e81    0x8c  Code  Lc  stm32f4xx_hal_spi.o [1]
SVC_Handler             0x08006041          Code  Gb  portasm.o [1]
StartDefaultTask        0x08005625     0xa  Code  Gb  freertos.o [1]
StartTask02LED          0x0800562f     0x8  Code  Gb  freertos.o [1]
StartTask03COM          0x08005637    0x40  Code  Gb  freertos.o [1]
StartTask04MPU9250      0x08005677    0x34  Code  Gb  freertos.o [1]
StartTask05MS5803       0x080056b1     0xe  Code  Gb  freertos.o [1]
StartTask06BackEnd      0x080056bf    0x3c  Code  Gb  freertos.o [1]
SysTick_Handler         0x0800893d     0xe  Code  Gb  stm32f4xx_it.o [1]
SystemClock_Config      0x08001dc7    0xae  Code  Gb  main.o [1]
SystemCoreClock         0x20000694     0x4  Data  Gb  system_stm32f4xx.o [1]
SystemInit              0x08008a01    0x3a  Code  Gb  system_stm32f4xx.o [1]
TIM1_CC_IRQHandler      0x0800895d     0x6  Code  Gb  stm32f4xx_it.o [1]
TIM2_IRQHandler         0x08008963     0x6  Code  Gb  stm32f4xx_it.o [1]
TIM8_TRG_COM_TIM14_IRQHandler
                        0x08008981     0x6  Code  Gb  stm32f4xx_it.o [1]
TIM_Base_SetConfig      0x080073ff    0x8e  Code  Gb  stm32f4xx_hal_tim.o [1]
TIM_CCxChannelCmd       0x0800754f    0x14  Code  Gb  stm32f4xx_hal_tim.o [1]
TIM_OC1_SetConfig       0x08007563    0x4a  Code  Lc  stm32f4xx_hal_tim.o [1]
TIM_OC2_SetConfig       0x080074f5    0x58  Code  Gb  stm32f4xx_hal_tim.o [1]
TIM_OC3_SetConfig       0x080075ad    0x50  Code  Lc  stm32f4xx_hal_tim.o [1]
TIM_OC4_SetConfig       0x08007609    0x46  Code  Lc  stm32f4xx_hal_tim.o [1]
TIM_TI1_SetConfig       0x0800748f    0x66  Code  Gb  stm32f4xx_hal_tim.o [1]
TIM_TI2_SetConfig       0x08007683    0x34  Code  Lc  stm32f4xx_hal_tim.o [1]
UART4_IRQHandler        0x0800898d     0x6  Code  Gb  stm32f4xx_it.o [1]
UART5_IRQHandler        0x08008993     0x6  Code  Gb  stm32f4xx_it.o [1]
UART_DMAAbortOnError    0x08001b3d     0xc  Code  Lc  stm32f4xx_hal_uart.o [1]
UART_DMAError           0x08001ac5    0x4a  Code  Lc  stm32f4xx_hal_uart.o [1]
UART_DMATransmitCplt    0x08001a91    0x2a  Code  Lc  stm32f4xx_hal_uart.o [1]
UART_DMATxHalfCplt      0x08001abd     0x6  Code  Lc  stm32f4xx_hal_uart.o [1]
UART_EndRxTransfer      0x08001b21    0x1c  Code  Lc  stm32f4xx_hal_uart.o [1]
UART_EndTxTransfer      0x08001b0f    0x12  Code  Lc  stm32f4xx_hal_uart.o [1]
UART_Receive_IT         0x08001b49    0x8c  Code  Lc  stm32f4xx_hal_uart.o [1]
UART_SetConfig          0x08001bd5   0x13a  Code  Lc  stm32f4xx_hal_uart.o [1]
USART1_DMA_send_data    0x08000cd7     0xa  Code  Gb  usart_cfg.o [1]
USART1_IRQHandler       0x0800896f     0x6  Code  Gb  stm32f4xx_it.o [1]
USART2_IRQHandler       0x08008975     0x6  Code  Gb  stm32f4xx_it.o [1]
USART3_IRQHandler       0x0800897b     0x6  Code  Gb  stm32f4xx_it.o [1]
USART4_DMA_send_data    0x08000ce1     0xa  Code  Gb  usart_cfg.o [1]
USART6_IRQHandler       0x080089b1     0x6  Code  Gb  stm32f4xx_it.o [1]
USART_init              0x08000bf5    0x58  Code  Gb  usart_cfg.o [1]
UpdateTheFLASH          0x080015e9    0x90  Code  Gb  flash_on_chip.o [1]
UsageFault_Handler      0x08008939     0x2  Code  Gb  stm32f4xx_it.o [1]
_Error_Handler          0x08001e99     0x2  Code  Gb  main.o [1]
_LocaleC_isspace        0x08007f5d    0x14  Code  Gb  xlocale_c.o [3]
_LocaleC_isupper        0x08007f51     0x2  Code  Gb  xlocale_c.o [3]
_LocaleC_tolower        0x08007f71     0xc  Code  Gb  xlocale_c.o [3]
__aeabi_cdcmpeq         0x080088e1          Code  Gb  DblCmpEq.o [4]
__aeabi_cdcmple         0x080081b1          Code  Gb  DblCmpLe.o [4]
__aeabi_cdrcmple        0x08008901          Code  Gb  DblCmpGe.o [4]
__aeabi_d2f             0x08000ead          Code  Gb  DblToFlt.o [4]
__aeabi_dadd            0x080082c5          Code  Gb  DblAdd.o [4]
__aeabi_ddiv            0x0800843d          Code  Gb  DblDiv.o [4]
__aeabi_dmul            0x08000f15          Code  Gb  DblMul.o [4]
__aeabi_dsub            0x080081e1          Code  Gb  DblSub.o [4]
__aeabi_f2d             0x0800775d          Code  Gb  FltToDbl.o [4]
__aeabi_i2d             0x08000e89          Code  Gb  S32ToDbl.o [4]
__aeabi_l2f             0x08007705          Code  Gb  S64ToFlt.o [4]
__aeabi_ldiv0           0x08007d81          Code  Gb  I64DivZer.o [5]
__aeabi_ldivmod         0x08006319          Code  Gb  I64DivMod.o [5]
__aeabi_memcpy          0x08005f41          Code  Gb  ABImemcpy.o [5]
__aeabi_memcpy4         0x08005f61          Code  Gb  ABImemcpy.o [5]
__aeabi_memcpy8         0x08005f61          Code  Gb  ABImemcpy.o [5]
__aeabi_uldivmod        0x0800635d          Code  Gb  I64DivMod.o [5]
__cmain                 0x08008b45          Code  Gb  cmain.o [5]
__exit                  0x08008b79    0x14  Code  Gb  exit.o [6]
__iar_Atan64            0x080086d9   0x170  Code  Gb  iar_Atan64.o [4]
__iar_Memchr            0x08007d29          Code  Gb  memchr.o [5]
__iar_Stoulx            0x08005b85   0x112  Code  Gb  iar_Stoulx.o [3]
__iar_asin64            0x08007f85    0xf0  Code  Gb  asin64.o [4]
__iar_atan2_64          0x08008075   0x13c  Code  Gb  atan2_64.o [4]
__iar_dadd              0x080081f1          Code  Gb  DblSub.o [4]
__iar_data_init3        0x08008ad9    0x28  Code  Gb  data_init.o [5]
__iar_dsub              0x080082d5          Code  Gb  DblAdd.o [4]
__iar_dsubStart         0x080082e7          Code  Gb  DblAdd.o [4]
__iar_globLocale        0x20000698    0x48  Data  Lc  xlocale_c.o [3]
__iar_global_Locale     0x08007f7d     0x4  Code  Gb  xlocale_c.o [3]
__iar_init_vfp          0x08008b01          Code  Gb  fpinit_M.o [4]
__iar_packbits_init_single3
                        0x08008aa1    0x38  Code  Gb  packbits_init_single.o [5]
__iar_program_start     0x08008b9d          Code  Gb  cstartup_M.o [5]
__iar_sqrt64            0x08007da5          Code  Gb  sqrt.o [4]
__iar_systems$$module {Abs}
                        0x00000001          Data  Gb  command line/config [2]
__iar_vfp___iar_sqrt64  0x08007d95          Code  Gb  sqrt.o [4]
__iar_vfp_asin          0x08007e9d     0xc  Code  Gb  math_wrappers64.o [4]
__iar_vfp_atan2         0x08007ea9    0x10  Code  Gb  math_wrappers64.o [4]
__iar_vfp_sqrt          0x08007d95          Code  Gb  sqrt.o [4]
__iar_vfp_sqrtl         0x08007d95          Code  Gb  sqrt.o [4]
__iar_zero_init3        0x08008a61    0x40  Code  Gb  zero_init3.o [5]
__low_level_init        0x08008b63     0x4  Code  Gb  low_level_init.o [3]
__vector_table          0x08000000          Data  Gb  startup_stm32f407xx.o [1]
_buf_index              0x200045cc     0x4  Data  Lc  uwb1000.o [1]
_call_main              0x08008b51          Code  Gb  cmain.o [5]
_comma_index            0x200045d0     0x4  Data  Lc  uwb1000.o [1]
_data_cnt               0x20004fd8     0x4  Data  Lc  app_ano.o [1]
_data_cnt               0x20005560     0x4  Data  Lc  app_ros.o [1]
_data_cnt               0x200054f4     0x4  Data  Lc  uwb1000.o [1]
_data_len               0x20004fd4     0x4  Data  Lc  app_ano.o [1]
_data_len               0x2000555c     0x4  Data  Lc  app_ros.o [1]
_data_len               0x200054f0     0x4  Data  Lc  uwb1000.o [1]
_exit                   0x08008b6d          Code  Gb  cexit.o [5]
_main                   0x08008b5f          Code  Gb  cmain.o [5]
a                       0x080088a0    0x40  Data  Lc  iar_Atan64.o [4]
aRxBuffer1              0x20005580     0x1  Data  Gb  usart_cfg.o [1]
aRxBuffer2              0x20005581     0x1  Data  Gb  usart_cfg.o [1]
aRxBuffer3              0x20005583     0x1  Data  Gb  usart_cfg.o [1]
aRxBuffer5              0x20005582     0x1  Data  Gb  usart_cfg.o [1]
aRxBuffer6              0x20005584     0x1  Data  Gb  usart_cfg.o [1]
accx_raw_bias_mps       0x20004e94     0x4  Data  Gb  mpu9250.o [1]
accx_raw_mps            0x20004e88     0x4  Data  Gb  mpu9250.o [1]
accy_raw_bias_mps       0x20004e98     0x4  Data  Gb  mpu9250.o [1]
accy_raw_mps            0x20004e8c     0x4  Data  Gb  mpu9250.o [1]
accz_raw_bias_mps       0x20004e9c     0x4  Data  Gb  mpu9250.o [1]
accz_raw_mps            0x20004e90     0x4  Data  Gb  mpu9250.o [1]
alt_d                   0x20004efc     0x4  Data  Gb  app_ano.o [1]
alt_i                   0x20004ef8     0x4  Data  Gb  app_ano.o [1]
alt_p                   0x20004ef4     0x4  Data  Gb  app_ano.o [1]
anchor                  0x200042f8   0x2d0  Data  Gb  uwb1000.o [1]
anchor_index            0x200045ca     0x1  Data  Gb  uwb1000.o [1]
ano_data_to_send        0x2000504c    0x64  Data  Lc  app_ano.o [1]
ano_process             0x08000b8b    0x46  Code  Gb  app_ano.o [1]
ano_process::delay_cnt  0x20005048     0x4  Data  Lc  app_ano.o [1]
app_ano_time_comsume_us
                        0x20005574     0x4  Data  Gb  time.o [1]
app_backend_time_comsume_us
                        0x20005588     0x4  Data  Gb  time.o [1]
app_ctrl_thread         0x08007c71    0x16  Code  Gb  app_ctrl.o [1]
app_ins_thread          0x0800781d    0x4c  Code  Gb  app_ins.o [1]
app_led_thread          0x080054c5    0x3a  Code  Gb  app_led.o [1]
app_ros_thread          0x080024fd     0xa  Code  Gb  app_ros.o [1]
asin                    0x08007f85    0xf0  Code  Gb  asin64.o [4]
asinl                   0x08007f85    0xf0  Code  Gb  asin64.o [4]
atan2                   0x08008075   0x13c  Code  Gb  atan2_64.o [4]
atan2l                  0x08008075   0x13c  Code  Gb  atan2_64.o [4]
atoi                    0x08005c9d     0x2  Code  Gb  iar_Stoulx.o [3]
cycle_T                 0x20004940    0xf0  Data  Gb  time.o [1]
d1d2_convert_step       0x200054c8     0x4  Data  Lc  ms5803.o [1]
data_from_ANO_updata    0x20004fe4     0x4  Data  Lc  app_ano.o [1]
data_from_ros_updata    0x20005564     0x4  Data  Lc  app_ros.o [1]
data_parse_state        0x200054ec     0x1  Data  Gb  uwb1000.o [1]
data_shift              0x080078f7    0x40  Code  Gb  app_ins.o [1]
data_shift_1            0x080078b7    0x14  Code  Gb  app_ins.o [1]
data_trans_with_ano     0x080004d5   0x146  Code  Gb  app_ano.o [1]
defaultTaskHandle       0x2000547c     0x4  Data  Gb  freertos.o [1]
det_t_s                 0x20005568     0xc  Data  Gb  time.o [1]
digits                  0x08005ca8    0x28  Data  Lc  iar_Stoulx.o [3]
exit                    0x08008b67     0x4  Code  Gb  exit.o [3]
filter                  0x08007937    0x6a  Code  Gb  app_ins.o [1]
filter_fir              0x080078cb    0x2c  Code  Gb  app_ins.o [1]
flash_byte_to_float     0x080017b5    0x26  Code  Gb  flash_on_chip.o [1]
flash_float_to_byte     0x080017db    0x16  Code  Gb  flash_on_chip.o [1]
flash_read_parameters   0x0800133d   0x21a  Code  Gb  flash_on_chip.o [1]
flash_save_parameters   0x080010b9   0x280  Code  Gb  flash_on_chip.o [1]
get_cycle_time          0x080077a5    0x34  Code  Gb  time.o [1]
get_data_from_ANO       0x20004fdc     0x4  Data  Lc  app_ano.o [1]
get_sys_time_us         0x080077d9    0x20  Code  Gb  time.o [1]
gyro_c                  0x20000630    0x30  Data  Lc  app_ins.o [1]
gyrox_raw_bias_dps      0x20004eac     0x4  Data  Gb  mpu9250.o [1]
gyrox_raw_dps           0x20004ea0     0x4  Data  Gb  mpu9250.o [1]
gyroy_raw_bias_dps      0x20004eb0     0x4  Data  Gb  mpu9250.o [1]
gyroy_raw_dps           0x20004ea4     0x4  Data  Gb  mpu9250.o [1]
gyroz_raw_bias_dps      0x20004eb4     0x4  Data  Gb  mpu9250.o [1]
gyroz_raw_dps           0x20004ea8     0x4  Data  Gb  mpu9250.o [1]
hdma_spi1_rx            0x20004bc0    0x60  Data  Gb  spi.o [1]
hdma_spi1_tx            0x20004c20    0x60  Data  Gb  spi.o [1]
hdma_uart4_tx           0x200045d4    0x60  Data  Gb  usart.o [1]
hdma_uart5_tx           0x20004634    0x60  Data  Gb  usart.o [1]
hdma_usart1_tx          0x20004694    0x60  Data  Gb  usart.o [1]
hdma_usart2_tx          0x200046f4    0x60  Data  Gb  usart.o [1]
hdma_usart3_tx          0x20004754    0x60  Data  Gb  usart.o [1]
hdma_usart6_tx          0x200047b4    0x60  Data  Gb  usart.o [1]
hspi1                   0x200050b0    0x58  Data  Gb  spi.o [1]
hspi2                   0x20005108    0x58  Data  Gb  spi.o [1]
htim1                   0x20005358    0x3c  Data  Gb  tim.o [1]
htim14                  0x2000531c    0x3c  Data  Gb  stm32f4xx_hal_timebase_TIM.o [1]
htim2                   0x20005394    0x3c  Data  Gb  tim.o [1]
htim3                   0x200053d0    0x3c  Data  Gb  tim.o [1]
htim4                   0x2000540c    0x3c  Data  Gb  tim.o [1]
huart1                  0x200051e0    0x40  Data  Gb  usart.o [1]
huart2                  0x20005220    0x40  Data  Gb  usart.o [1]
huart3                  0x20005260    0x40  Data  Gb  usart.o [1]
huart4                  0x20005160    0x40  Data  Gb  usart.o [1]
huart5                  0x200051a0    0x40  Data  Gb  usart.o [1]
huart6                  0x200052a0    0x40  Data  Gb  usart.o [1]
ins_update              0x080079a5   0x27a  Code  Gb  app_ins.o [1]
ins_update::exInt       0x20000670     0x4  Data  Lc  app_ins.o [1]
ins_update::eyInt       0x20000674     0x4  Data  Lc  app_ins.o [1]
ins_update::ezInt       0x20000678     0x4  Data  Lc  app_ins.o [1]
ins_update::q0          0x20000660     0x4  Data  Lc  app_ins.o [1]
ins_update::q1          0x20000664     0x4  Data  Lc  app_ins.o [1]
ins_update::q2          0x20000668     0x4  Data  Lc  app_ins.o [1]
ins_update::q3          0x2000066c     0x4  Data  Lc  app_ins.o [1]
isspace                 0x08007d01    0x14  Code  Gb  isspace.o [3]
led_all_off             0x08005501    0x20  Code  Gb  app_led.o [1]
led_init                0x080054ff     0x2  Code  Gb  app_led.o [1]
led_one_on              0x08005521     0x4  Code  Gb  app_led.o [1]
led_one_toggle          0x0800552f     0x6  Code  Gb  app_led.o [1]
led_two_on              0x08005535     0x8  Code  Gb  app_led.o [1]
magx_raw_uT             0x20004eb8     0x4  Data  Gb  mpu9250.o [1]
magy_raw_uT             0x20004ebc     0x4  Data  Gb  mpu9250.o [1]
magz_raw_uT             0x20004ec0     0x4  Data  Gb  mpu9250.o [1]
main                    0x08001d59    0x6e  Code  Gb  main.o [1]
makeFreeRtosPriority    0x08000d59     0xc  Code  Lc  cmsis_os.o [1]
memchr                  0x08007d29          Code  Gb  memchr.o [5]
motor_pwm_set_value     0x08007eb9    0x20  Code  Gb  motor_pwm.o [1]
mpu9250_time_comsume_us
                        0x2000558c     0x4  Data  Gb  time.o [1]
mpu_data_ok             0x20004e68     0x1  Data  Gb  mpu9250.o [1]
myBinarySem01MPU9250GyroAccCalibrateOffsetHandle
                        0x20005494     0x4  Data  Gb  freertos.o [1]
myBinarySem02LED1Handle
                        0x20005498     0x4  Data  Gb  freertos.o [1]
myBinarySem03LED2Handle
                        0x2000549c     0x4  Data  Gb  freertos.o [1]
myTask02LEDHandle       0x20005480     0x4  Data  Gb  freertos.o [1]
myTask03COMHandle       0x20005484     0x4  Data  Gb  freertos.o [1]
myTask04MPU9250Handle   0x20005488     0x4  Data  Gb  freertos.o [1]
myTask05MS5803Handle    0x2000548c     0x4  Data  Gb  freertos.o [1]
myTask06BackEndHandle   0x20005490     0x4  Data  Gb  freertos.o [1]
ndigs                   0x08005cd0    0x28  Data  Lc  iar_Stoulx.o [3]
obtain_imu_data         0x08007869    0x4e  Code  Gb  app_ins.o [1]
osDelay                 0x08000d9d     0xe  Code  Gb  cmsis_os.o [1]
osKernelStart           0x08000d65     0xa  Code  Gb  cmsis_os.o [1]
osSemaphoreCreate       0x08000dab    0x26  Code  Gb  cmsis_os.o [1]
osSemaphoreRelease      0x08000e1f    0x30  Code  Gb  cmsis_os.o [1]
osSemaphoreWait         0x08000dd1    0x42  Code  Gb  cmsis_os.o [1]
osSystickHandler        0x08000e6f    0x14  Code  Gb  cmsis_os.o [1]
osThreadCreate          0x08000d6f    0x2e  Code  Gb  cmsis_os.o [1]
pFlash                  0x200054f8    0x20  Data  Gb  stm32f4xx_hal_flash.o [1]
parse_ready             0x200054ed     0x1  Data  Lc  uwb1000.o [1]
pid10_d                 0x20004f44     0x4  Data  Gb  app_ano.o [1]
pid10_i                 0x20004f40     0x4  Data  Gb  app_ano.o [1]
pid10_p                 0x20004f3c     0x4  Data  Gb  app_ano.o [1]
pid11_d                 0x20004ff0     0x4  Data  Gb  app_ano.o [1]
pid11_i                 0x20004f4c     0x4  Data  Gb  app_ano.o [1]
pid11_p                 0x20004f48     0x4  Data  Gb  app_ano.o [1]
pid12_d                 0x20004ffc     0x4  Data  Gb  app_ano.o [1]
pid12_i                 0x20004ff8     0x4  Data  Gb  app_ano.o [1]
pid12_p                 0x20004ff4     0x4  Data  Gb  app_ano.o [1]
pid13_d                 0x20005008     0x4  Data  Gb  app_ano.o [1]
pid13_i                 0x20005004     0x4  Data  Gb  app_ano.o [1]
pid13_p                 0x20005000     0x4  Data  Gb  app_ano.o [1]
pid14_d                 0x20005014     0x4  Data  Gb  app_ano.o [1]
pid14_i                 0x20005010     0x4  Data  Gb  app_ano.o [1]
pid14_p                 0x2000500c     0x4  Data  Gb  app_ano.o [1]
pid15_d                 0x20005020     0x4  Data  Gb  app_ano.o [1]
pid15_i                 0x2000501c     0x4  Data  Gb  app_ano.o [1]
pid15_p                 0x20005018     0x4  Data  Gb  app_ano.o [1]
pid16_d                 0x2000502c     0x4  Data  Gb  app_ano.o [1]
pid16_i                 0x20005028     0x4  Data  Gb  app_ano.o [1]
pid16_p                 0x20005024     0x4  Data  Gb  app_ano.o [1]
pid17_d                 0x20005038     0x4  Data  Gb  app_ano.o [1]
pid17_i                 0x20005034     0x4  Data  Gb  app_ano.o [1]
pid17_p                 0x20005030     0x4  Data  Gb  app_ano.o [1]
pid18_d                 0x20005044     0x4  Data  Gb  app_ano.o [1]
pid18_i                 0x20005040     0x4  Data  Gb  app_ano.o [1]
pid18_p                 0x2000503c     0x4  Data  Gb  app_ano.o [1]
pid6_d                  0x20004f14     0x4  Data  Gb  app_ano.o [1]
pid6_i                  0x20004f10     0x4  Data  Gb  app_ano.o [1]
pid6_p                  0x20004f0c     0x4  Data  Gb  app_ano.o [1]
pid7_d                  0x20004f20     0x4  Data  Gb  app_ano.o [1]
pid7_i                  0x20004f1c     0x4  Data  Gb  app_ano.o [1]
pid7_p                  0x20004f18     0x4  Data  Gb  app_ano.o [1]
pid8_d                  0x20004f2c     0x4  Data  Gb  app_ano.o [1]
pid8_i                  0x20004f28     0x4  Data  Gb  app_ano.o [1]
pid8_p                  0x20004f24     0x4  Data  Gb  app_ano.o [1]
pid9_d                  0x20004f38     0x4  Data  Gb  app_ano.o [1]
pid9_i                  0x20004f34     0x4  Data  Gb  app_ano.o [1]
pid9_p                  0x20004f30     0x4  Data  Gb  app_ano.o [1]
pit_d                   0x20004ee4     0x4  Data  Gb  app_ano.o [1]
pit_i                   0x20004ee0     0x4  Data  Gb  app_ano.o [1]
pit_p                   0x20004edc     0x4  Data  Gb  app_ano.o [1]
pitch_for_motor         0x20005550     0x4  Data  Gb  app_ctrl.o [1]
pos_d                   0x20004f08     0x4  Data  Gb  app_ano.o [1]
pos_i                   0x20004f04     0x4  Data  Gb  app_ano.o [1]
pos_p                   0x20004f00     0x4  Data  Gb  app_ano.o [1]
prvAddCurrentTaskToDelayedList
                        0x08002c01    0x64  Code  Lc  tasks.o [1]
prvAddNewTaskToReadyList
                        0x080025d9    0xa6  Code  Lc  tasks.o [1]
prvCopyDataFromQueue    0x08003159    0x28  Code  Lc  queue.o [1]
prvCopyDataToQueue      0x080030f1    0x68  Code  Lc  queue.o [1]
prvDeleteTCB            0x08002a59    0x14  Code  Lc  tasks.o [1]
prvIdleTask             0x080029ed    0x66  Code  Lc  tasks.o [1]
prvInitialiseNewQueue   0x08002d2d    0x16  Code  Lc  queue.o [1]
prvInitialiseNewTask    0x08002561    0x78  Code  Lc  tasks.o [1]
prvInsertBlockIntoFreeList
                        0x08005e5f    0x46  Code  Lc  heap_4.o [1]
prvIsQueueEmpty         0x080031e5    0x16  Code  Lc  queue.o [1]
prvResetNextTaskUnblockTime
                        0x08002a6d    0x1c  Code  Lc  tasks.o [1]
prvTaskExitError        0x08003229    0x28  Code  Lc  port.o [1]
prvUnlockQueue          0x08003181    0x64  Code  Lc  queue.o [1]
pvPortMalloc            0x08005cf9   0x104  Code  Gb  heap_4.o [1]
pvTaskIncrementMutexHeldCount
                        0x08002ba9    0x14  Code  Gb  tasks.o [1]
pxCurrentTCB            0x20004ca8     0x4  Data  Gb  tasks.o [1]
pxDelayedTaskList       0x20004cac     0x4  Data  Lc  tasks.o [1]
pxEnd                   0x200006e8     0x4  Data  Lc  heap_4.o [1]
pxOverflowDelayedTaskList
                        0x20004cb0     0x4  Data  Lc  tasks.o [1]
pxPortInitialiseStack   0x08003201    0x26  Code  Gb  port.o [1]
pxReadyTasksLists       0x20004dc0    0x8c  Data  Lc  tasks.o [1]
rc_d                    0x20005530     0x4  Data  Gb  app_ctrl.o [1]
rc_e                    0x20005528     0x4  Data  Gb  app_ctrl.o [1]
rc_g                    0x2000552c     0x4  Data  Gb  app_ctrl.o [1]
rc_pitch                0x2000551c     0x4  Data  Gb  app_ctrl.o [1]
rc_roll                 0x20005518     0x4  Data  Gb  app_ctrl.o [1]
rc_throttle             0x20005520     0x4  Data  Gb  app_ctrl.o [1]
rc_yaw                  0x20005524     0x4  Data  Gb  app_ctrl.o [1]
read_data_from_inner_flash
                        0x20004fec     0x4  Data  Lc  app_ano.o [1]
remote_control_data_obtain
                        0x08007ccf    0x22  Code  Gb  app_ctrl.o [1]
rol_d                   0x20004ed8     0x4  Data  Gb  app_ano.o [1]
rol_i                   0x20004ed4     0x4  Data  Gb  app_ano.o [1]
rol_p                   0x20004ed0     0x4  Data  Gb  app_ano.o [1]
roll_for_motor          0x2000554c     0x4  Data  Gb  app_ctrl.o [1]
ros_a_x                 0x200052e0     0x4  Data  Gb  app_ros.o [1]
ros_a_y                 0x200052e4     0x4  Data  Gb  app_ros.o [1]
ros_a_z                 0x200052e8     0x4  Data  Gb  app_ros.o [1]
ros_b_x                 0x200052ec     0x4  Data  Gb  app_ros.o [1]
ros_b_y                 0x200052f0     0x4  Data  Gb  app_ros.o [1]
ros_b_z                 0x200052f4     0x4  Data  Gb  app_ros.o [1]
ros_c_x                 0x200052f8     0x4  Data  Gb  app_ros.o [1]
ros_c_y                 0x200052fc     0x4  Data  Gb  app_ros.o [1]
ros_c_z                 0x20005300     0x4  Data  Gb  app_ros.o [1]
ros_d_x                 0x20005304     0x4  Data  Gb  app_ros.o [1]
ros_d_y                 0x20005308     0x4  Data  Gb  app_ros.o [1]
ros_d_z                 0x2000530c     0x4  Data  Gb  app_ros.o [1]
ros_data_receive_analyse
                        0x08002159   0x156  Code  Gb  app_ros.o [1]
ros_data_receive_prepara
                        0x080020c3    0x96  Code  Gb  app_ros.o [1]
ros_data_to_send        0x20004a30    0xc8  Data  Lc  app_ros.o [1]
ros_e_x                 0x20005310     0x4  Data  Gb  app_ros.o [1]
ros_e_y                 0x20005314     0x4  Data  Gb  app_ros.o [1]
ros_e_z                 0x20005318     0x4  Data  Gb  app_ros.o [1]
ros_send_15_data        0x080022cf   0x200  Code  Gb  app_ros.o [1]
ros_sending             0x0800202d    0x8c  Code  Gb  app_ros.o [1]
save_arry               0x20004814   0x12c  Data  Gb  flash_on_chip.o [1]
send_pid_para           0x20004fe0     0x4  Data  Lc  app_ano.o [1]
simpdelay               0x08004921     0xe  Code  Lc  mpu9250.o [1]
sqrt                    0x08007da5          Code  Gb  sqrt.o [4]
sqrtl                   0x08007da5          Code  Gb  sqrt.o [4]
state                   0x20004fd0     0x4  Data  Lc  app_ano.o [1]
state                   0x20005558     0x4  Data  Lc  app_ros.o [1]
sysTickUptime           0x20005578     0x8  Data  Gb  time.o [1]
t_pitch                 0x20000000   0x210  Data  Gb  app_ins.o [1]
t_roll                  0x20000210   0x210  Data  Gb  app_ins.o [1]
t_yaw                   0x20000420   0x210  Data  Gb  app_ins.o [1]
throttle_for_motor      0x20005548     0x2  Data  Gb  app_ctrl.o [1]
time_consume            0x20004d20    0xa0  Data  Gb  time.o [1]
time_inc_tick           0x080077f9    0x14  Code  Gb  time.o [1]
timer1_channel1_PE9_DiffCapture
                        0x20004f78     0x4  Data  Gb  rc_pwm.o [1]
timer1_channel1_PE9_IC1Value1
                        0x20004f70     0x4  Data  Gb  rc_pwm.o [1]
timer1_channel1_PE9_IC1Value2
                        0x20004f74     0x4  Data  Gb  rc_pwm.o [1]
timer1_channel2_PE11_DiffCapture
                        0x20004f84     0x4  Data  Gb  rc_pwm.o [1]
timer1_channel2_PE11_IC1Value1
                        0x20004f7c     0x4  Data  Gb  rc_pwm.o [1]
timer1_channel2_PE11_IC1Value2
                        0x20004f80     0x4  Data  Gb  rc_pwm.o [1]
timer1_channel3_PE13_DiffCapture
                        0x20004f90     0x4  Data  Gb  rc_pwm.o [1]
timer1_channel3_PE13_IC1Value1
                        0x20004f88     0x4  Data  Gb  rc_pwm.o [1]
timer1_channel3_PE13_IC1Value2
                        0x20004f8c     0x4  Data  Gb  rc_pwm.o [1]
timer1_channel4_PE14_DiffCapture
                        0x20004f9c     0x4  Data  Gb  rc_pwm.o [1]
timer1_channel4_PE14_IC1Value1
                        0x20004f94     0x4  Data  Gb  rc_pwm.o [1]
timer1_channel4_PE14_IC1Value2
                        0x20004f98     0x4  Data  Gb  rc_pwm.o [1]
timer2_channel1_PA5_DiffCapture
                        0x20004fa8     0x4  Data  Gb  rc_pwm.o [1]
timer2_channel1_PA5_IC1Value1
                        0x20004fa0     0x4  Data  Gb  rc_pwm.o [1]
timer2_channel1_PA5_IC1Value2
                        0x20004fa4     0x4  Data  Gb  rc_pwm.o [1]
timer2_channel2_PA1_DiffCapture
                        0x20004fb4     0x4  Data  Gb  rc_pwm.o [1]
timer2_channel2_PA1_IC1Value1
                        0x20004fac     0x4  Data  Gb  rc_pwm.o [1]
timer2_channel2_PA1_IC1Value2
                        0x20004fb0     0x4  Data  Gb  rc_pwm.o [1]
timer2_channel3_PB10_DiffCapture
                        0x20004fc0     0x4  Data  Gb  rc_pwm.o [1]
timer2_channel3_PB10_IC1Value1
                        0x20004fb8     0x4  Data  Gb  rc_pwm.o [1]
timer2_channel3_PB10_IC1Value2
                        0x20004fbc     0x4  Data  Gb  rc_pwm.o [1]
timer2_channel4_PB11_DiffCapture
                        0x20004fcc     0x4  Data  Gb  rc_pwm.o [1]
timer2_channel4_PB11_IC1Value1
                        0x20004fc4     0x4  Data  Gb  rc_pwm.o [1]
timer2_channel4_PB11_IC1Value2
                        0x20004fc8     0x4  Data  Gb  rc_pwm.o [1]
timer4_channel1_PD12_PWM_setvalue
                        0x08007ed9     0xc  Code  Gb  motor_pwm.o [1]
timer4_channel2_PD13_PWM_setvalue
                        0x08007f03    0x14  Code  Gb  motor_pwm.o [1]
timer4_channel3_PD14_PWM_setvalue
                        0x08007f17    0x14  Code  Gb  motor_pwm.o [1]
timer4_channel4_PD15_PWM_setvalue
                        0x08007f2b    0x14  Code  Gb  motor_pwm.o [1]
tolower                 0x08007d15    0x14  Code  Gb  tolower.o [3]
ucHeap                  0x200006f8  0x3c00  Data  Lc  heap_4.o [1]
ucMaxSysCallPriority    0x2000067c     0x1  Data  Lc  port.o [1]
ulMaxPRIGROUPValue      0x20000684     0x4  Data  Lc  port.o [1]
uwTick                  0x2000068c     0x4  Data  Gb  stm32f4xx_hal.o [1]
uwTickFreq              0x20000688     0x1  Data  Gb  stm32f4xx_hal.o [1]
uwTickPrio              0x20000690     0x4  Data  Gb  stm32f4xx_hal.o [1]
uwb1000_buffer          0x200054d0    0x1c  Data  Gb  uwb1000.o [1]
uwb1000_buffer_fill     0x08001f65    0x82  Code  Gb  uwb1000.o [1]
uwb1000_data_prepare    0x08001e9d    0xc8  Code  Gb  uwb1000.o [1]
uwb1000_data_prepare::Sbuf
                        0x200045cb     0x1  Data  Lc  uwb1000.o [1]
uwb1000_str_find        0x08001ff1    0x34  Code  Gb  uwb1000.o [1]
uxCriticalNesting       0x20000680     0x4  Data  Lc  port.o [1]
uxCurrentNumberOfTasks  0x20004ccc     0x4  Data  Lc  tasks.o [1]
uxDeletedTasksWaitingCleanUp
                        0x20004cb4     0x4  Data  Lc  tasks.o [1]
uxListRemove            0x08005f17    0x24  Code  Gb  list.o [1]
uxPendedTicks           0x20004cdc     0x4  Data  Lc  tasks.o [1]
uxSchedulerSuspended    0x20004cf0     0x4  Data  Lc  tasks.o [1]
uxTaskNumber            0x20004ce8     0x4  Data  Lc  tasks.o [1]
uxTopReadyPriority      0x20004cd4     0x4  Data  Lc  tasks.o [1]
vApplicationIdleHook    0x08005f3d     0x2  Code  Wk  freertos.o [1]
vApplicationTickHook    0x08005f3b     0x2  Code  Wk  freertos.o [1]
vListInitialise         0x08005ead    0x1a  Code  Gb  list.o [1]
vListInitialiseItem     0x08005ec7     0x6  Code  Gb  list.o [1]
vListInsert             0x08005ee5    0x32  Code  Gb  list.o [1]
vListInsertEnd          0x08005ecd    0x18  Code  Gb  list.o [1]
vPortEnableVFP          0x08006075          Code  Gb  portasm.o [1]
vPortEnterCritical      0x080032eb    0x32  Code  Gb  port.o [1]
vPortExitCritical       0x0800331d    0x22  Code  Gb  port.o [1]
vPortFree               0x08005e0b    0x46  Code  Gb  heap_4.o [1]
vPortStartFirstTask     0x0800605d          Code  Gb  portasm.o [1]
vPortValidateInterruptPriority
                        0x08003365    0x42  Code  Gb  port.o [1]
vTaskDelay              0x0800267f    0x2a  Code  Gb  tasks.o [1]
vTaskMissedYield        0x080029e1     0xa  Code  Gb  tasks.o [1]
vTaskPlaceOnEventList   0x080028ef    0x22  Code  Gb  tasks.o [1]
vTaskPriorityInherit    0x08002aa1    0x76  Code  Gb  tasks.o [1]
vTaskSetTimeOutState    0x08002969    0x20  Code  Gb  tasks.o [1]
vTaskStartScheduler     0x080026cd    0x54  Code  Gb  tasks.o [1]
vTaskSuspendAll         0x08002721     0xc  Code  Gb  tasks.o [1]
vTaskSwitchContext      0x08002899    0x56  Code  Gb  tasks.o [1]
write_data_to_inner_flash
                        0x20004fe8     0x4  Data  Lc  app_ano.o [1]
write_motor             0x08007c87    0x48  Code  Gb  app_ctrl.o [1]
xBlockAllocatedBit      0x200006f4     0x4  Data  Lc  heap_4.o [1]
xDelayedTaskList1       0x20004cf4    0x14  Data  Lc  tasks.o [1]
xDelayedTaskList2       0x20004d08    0x14  Data  Lc  tasks.o [1]
xFreeBytesRemaining     0x200006ec     0x4  Data  Lc  heap_4.o [1]
xIdleTaskHandle         0x20004d1c     0x4  Data  Lc  tasks.o [1]
xMinimumEverFreeBytesRemaining
                        0x200006f0     0x4  Data  Lc  heap_4.o [1]
xNextTaskUnblockTime    0x20004cec     0x4  Data  Lc  tasks.o [1]
xNumOfOverflows         0x20004ce4     0x4  Data  Lc  tasks.o [1]
xPendingReadyList       0x20004c80    0x14  Data  Lc  tasks.o [1]
xPortStartScheduler     0x08003251    0x88  Code  Gb  port.o [1]
xPortSysTickHandler     0x0800333f    0x26  Code  Gb  port.o [1]
xQueueGenericCreate     0x08002cf5    0x38  Code  Gb  queue.o [1]
xQueueGenericReceive    0x08002efd   0x14e  Code  Gb  queue.o [1]
xQueueGenericReset      0x08002c7d    0x78  Code  Gb  queue.o [1]
xQueueGenericSend       0x08002d43   0x136  Code  Gb  queue.o [1]
xQueueGiveFromISR       0x08002e79    0x70  Code  Gb  queue.o [1]
xQueueReceiveFromISR    0x08003051    0x82  Code  Gb  queue.o [1]
xSchedulerRunning       0x20004cd8     0x4  Data  Lc  tasks.o [1]
xStart                  0x200006e0     0x8  Data  Lc  heap_4.o [1]
xSuspendedTaskList      0x20004cb8    0x14  Data  Lc  tasks.o [1]
xTaskCheckForTimeOut    0x08002989    0x58  Code  Gb  tasks.o [1]
xTaskCreate             0x08002509    0x58  Code  Gb  tasks.o [1]
xTaskGetSchedulerState  0x08002a89    0x18  Code  Gb  tasks.o [1]
xTaskIncrementTick      0x080027d1    0xc8  Code  Gb  tasks.o [1]
xTaskPriorityDisinherit
                        0x08002b17    0x82  Code  Gb  tasks.o [1]
xTaskRemoveFromEventList
                        0x08002915    0x4e  Code  Gb  tasks.o [1]
xTaskResumeAll          0x0800272d    0x9c  Code  Gb  tasks.o [1]
xTasksWaitingTermination
                        0x20004c94    0x14  Data  Lc  tasks.o [1]
xTickCount              0x20004cd0     0x4  Data  Lc  tasks.o [1]
xYieldPending           0x20004ce0     0x4  Data  Lc  tasks.o [1]
yaw_d                   0x20004ef0     0x4  Data  Gb  app_ano.o [1]
yaw_for_motor           0x20005554     0x4  Data  Gb  app_ctrl.o [1]
yaw_i                   0x20004eec     0x4  Data  Gb  app_ano.o [1]
yaw_p                   0x20004ee8     0x4  Data  Gb  app_ano.o [1]


[1] = I:\DEVELOPE\LAN\CODE\SFOX_ZERO\SFOX_ZERO\EWARM\SFOX_ZERO\Obj
[2] = command line
[3] = dl7M_tlf.a
[4] = m7M_tls.a
[5] = rt7M_tl.a
[6] = shb_l.a

  35 884 bytes of readonly  code memory
     251 bytes of readonly  data memory
  23 440 bytes of readwrite data memory

Errors: none
Warnings: none
