###############################################################################
#
# IAR ELF Linker V8.22.1.15669/W32 for ARM                18/Sep/2018  14:04:46
# Copyright 2007-2018 IAR Systems AB.
#
#    Output file  =  
#        D:\WORK\DEVO\CODE\SFOX_ZERO\SFOX_ZERO\EWARM\SFOX_ZERO\Exe\SFOX_ZERO.out
#    Map file     =  
#        D:\WORK\DEVO\CODE\SFOX_ZERO\SFOX_ZERO\EWARM\SFOX_ZERO\List\SFOX_ZERO.map
#    Command line =  
#        -f C:\Users\tsuig\AppData\Local\Temp\EW5682.tmp
#        (D:\WORK\DEVO\CODE\SFOX_ZERO\SFOX_ZERO\EWARM\SFOX_ZERO\Obj\app_ano.o
#        D:\WORK\DEVO\CODE\SFOX_ZERO\SFOX_ZERO\EWARM\SFOX_ZERO\Obj\app_ctrl.o
#        D:\WORK\DEVO\CODE\SFOX_ZERO\SFOX_ZERO\EWARM\SFOX_ZERO\Obj\app_ins.o
#        D:\WORK\DEVO\CODE\SFOX_ZERO\SFOX_ZERO\EWARM\SFOX_ZERO\Obj\app_led.o
#        D:\WORK\DEVO\CODE\SFOX_ZERO\SFOX_ZERO\EWARM\SFOX_ZERO\Obj\app_ros.o
#        D:\WORK\DEVO\CODE\SFOX_ZERO\SFOX_ZERO\EWARM\SFOX_ZERO\Obj\app_uwb.o
#        D:\WORK\DEVO\CODE\SFOX_ZERO\SFOX_ZERO\EWARM\SFOX_ZERO\Obj\CMatrix.o
#        D:\WORK\DEVO\CODE\SFOX_ZERO\SFOX_ZERO\EWARM\SFOX_ZERO\Obj\cmsis_os.o
#        D:\WORK\DEVO\CODE\SFOX_ZERO\SFOX_ZERO\EWARM\SFOX_ZERO\Obj\croutine.o
#        D:\WORK\DEVO\CODE\SFOX_ZERO\SFOX_ZERO\EWARM\SFOX_ZERO\Obj\dma.o
#        D:\WORK\DEVO\CODE\SFOX_ZERO\SFOX_ZERO\EWARM\SFOX_ZERO\Obj\event_groups.o
#        D:\WORK\DEVO\CODE\SFOX_ZERO\SFOX_ZERO\EWARM\SFOX_ZERO\Obj\flash_on_chip.o
#        D:\WORK\DEVO\CODE\SFOX_ZERO\SFOX_ZERO\EWARM\SFOX_ZERO\Obj\freertos.o
#        D:\WORK\DEVO\CODE\SFOX_ZERO\SFOX_ZERO\EWARM\SFOX_ZERO\Obj\gpio.o
#        D:\WORK\DEVO\CODE\SFOX_ZERO\SFOX_ZERO\EWARM\SFOX_ZERO\Obj\heap_4.o
#        D:\WORK\DEVO\CODE\SFOX_ZERO\SFOX_ZERO\EWARM\SFOX_ZERO\Obj\list.o
#        D:\WORK\DEVO\CODE\SFOX_ZERO\SFOX_ZERO\EWARM\SFOX_ZERO\Obj\main.o
#        D:\WORK\DEVO\CODE\SFOX_ZERO\SFOX_ZERO\EWARM\SFOX_ZERO\Obj\motor_pwm.o
#        D:\WORK\DEVO\CODE\SFOX_ZERO\SFOX_ZERO\EWARM\SFOX_ZERO\Obj\mpu9250.o
#        D:\WORK\DEVO\CODE\SFOX_ZERO\SFOX_ZERO\EWARM\SFOX_ZERO\Obj\ms5803.o
#        D:\WORK\DEVO\CODE\SFOX_ZERO\SFOX_ZERO\EWARM\SFOX_ZERO\Obj\port.o
#        D:\WORK\DEVO\CODE\SFOX_ZERO\SFOX_ZERO\EWARM\SFOX_ZERO\Obj\portasm.o
#        D:\WORK\DEVO\CODE\SFOX_ZERO\SFOX_ZERO\EWARM\SFOX_ZERO\Obj\queue.o
#        D:\WORK\DEVO\CODE\SFOX_ZERO\SFOX_ZERO\EWARM\SFOX_ZERO\Obj\rc_pwm.o
#        D:\WORK\DEVO\CODE\SFOX_ZERO\SFOX_ZERO\EWARM\SFOX_ZERO\Obj\spi.o
#        D:\WORK\DEVO\CODE\SFOX_ZERO\SFOX_ZERO\EWARM\SFOX_ZERO\Obj\startup_stm32f407xx.o
#        D:\WORK\DEVO\CODE\SFOX_ZERO\SFOX_ZERO\EWARM\SFOX_ZERO\Obj\stm32f4xx_hal.o
#        D:\WORK\DEVO\CODE\SFOX_ZERO\SFOX_ZERO\EWARM\SFOX_ZERO\Obj\stm32f4xx_hal_cortex.o
#        D:\WORK\DEVO\CODE\SFOX_ZERO\SFOX_ZERO\EWARM\SFOX_ZERO\Obj\stm32f4xx_hal_dma.o
#        D:\WORK\DEVO\CODE\SFOX_ZERO\SFOX_ZERO\EWARM\SFOX_ZERO\Obj\stm32f4xx_hal_dma_ex.o
#        D:\WORK\DEVO\CODE\SFOX_ZERO\SFOX_ZERO\EWARM\SFOX_ZERO\Obj\stm32f4xx_hal_flash.o
#        D:\WORK\DEVO\CODE\SFOX_ZERO\SFOX_ZERO\EWARM\SFOX_ZERO\Obj\stm32f4xx_hal_flash_ex.o
#        D:\WORK\DEVO\CODE\SFOX_ZERO\SFOX_ZERO\EWARM\SFOX_ZERO\Obj\stm32f4xx_hal_flash_ramfunc.o
#        D:\WORK\DEVO\CODE\SFOX_ZERO\SFOX_ZERO\EWARM\SFOX_ZERO\Obj\stm32f4xx_hal_gpio.o
#        D:\WORK\DEVO\CODE\SFOX_ZERO\SFOX_ZERO\EWARM\SFOX_ZERO\Obj\stm32f4xx_hal_msp.o
#        D:\WORK\DEVO\CODE\SFOX_ZERO\SFOX_ZERO\EWARM\SFOX_ZERO\Obj\stm32f4xx_hal_pwr.o
#        D:\WORK\DEVO\CODE\SFOX_ZERO\SFOX_ZERO\EWARM\SFOX_ZERO\Obj\stm32f4xx_hal_pwr_ex.o
#        D:\WORK\DEVO\CODE\SFOX_ZERO\SFOX_ZERO\EWARM\SFOX_ZERO\Obj\stm32f4xx_hal_rcc.o
#        D:\WORK\DEVO\CODE\SFOX_ZERO\SFOX_ZERO\EWARM\SFOX_ZERO\Obj\stm32f4xx_hal_rcc_ex.o
#        D:\WORK\DEVO\CODE\SFOX_ZERO\SFOX_ZERO\EWARM\SFOX_ZERO\Obj\stm32f4xx_hal_spi.o
#        D:\WORK\DEVO\CODE\SFOX_ZERO\SFOX_ZERO\EWARM\SFOX_ZERO\Obj\stm32f4xx_hal_tim.o
#        D:\WORK\DEVO\CODE\SFOX_ZERO\SFOX_ZERO\EWARM\SFOX_ZERO\Obj\stm32f4xx_hal_tim_ex.o
#        D:\WORK\DEVO\CODE\SFOX_ZERO\SFOX_ZERO\EWARM\SFOX_ZERO\Obj\stm32f4xx_hal_timebase_TIM.o
#        D:\WORK\DEVO\CODE\SFOX_ZERO\SFOX_ZERO\EWARM\SFOX_ZERO\Obj\stm32f4xx_hal_uart.o
#        D:\WORK\DEVO\CODE\SFOX_ZERO\SFOX_ZERO\EWARM\SFOX_ZERO\Obj\stm32f4xx_it.o
#        D:\WORK\DEVO\CODE\SFOX_ZERO\SFOX_ZERO\EWARM\SFOX_ZERO\Obj\system_stm32f4xx.o
#        D:\WORK\DEVO\CODE\SFOX_ZERO\SFOX_ZERO\EWARM\SFOX_ZERO\Obj\tasks.o
#        D:\WORK\DEVO\CODE\SFOX_ZERO\SFOX_ZERO\EWARM\SFOX_ZERO\Obj\tim.o
#        D:\WORK\DEVO\CODE\SFOX_ZERO\SFOX_ZERO\EWARM\SFOX_ZERO\Obj\time.o
#        D:\WORK\DEVO\CODE\SFOX_ZERO\SFOX_ZERO\EWARM\SFOX_ZERO\Obj\timers.o
#        D:\WORK\DEVO\CODE\SFOX_ZERO\SFOX_ZERO\EWARM\SFOX_ZERO\Obj\usart.o
#        D:\WORK\DEVO\CODE\SFOX_ZERO\SFOX_ZERO\EWARM\SFOX_ZERO\Obj\usart_cfg.o
#        D:\WORK\DEVO\CODE\SFOX_ZERO\SFOX_ZERO\EWARM\SFOX_ZERO\Obj\uwb1000.o
#        --redirect _Printf=_PrintfFull --redirect _Scanf=_ScanfFull -o
#        D:\WORK\DEVO\CODE\SFOX_ZERO\SFOX_ZERO\EWARM\SFOX_ZERO\Exe\SFOX_ZERO.out
#        --map
#        D:\WORK\DEVO\CODE\SFOX_ZERO\SFOX_ZERO\EWARM\SFOX_ZERO\List\SFOX_ZERO.map
#        --config
#        D:\WORK\DEVO\CODE\SFOX_ZERO\SFOX_ZERO\EWARM/stm32f407xx_flash.icf
#        --semihosting --entry __iar_program_start --vfe --text_out locale)
#
###############################################################################

*******************************************************************************
*** RUNTIME MODEL ATTRIBUTES
***

CppFlavor       = *
__Heap_Handler  = DLMalloc
__SystemLibrary = DLib
__dlib_version  = 6


*******************************************************************************
*** HEAP SELECTION
***

The advanced heap was selected because the application calls memory
allocation functions outside of system library functions, and there
are calls to deallocation functions in the application.


*******************************************************************************
*** PLACEMENT SUMMARY
***

"A0":  place at 0x08000000 { ro section .intvec };
"P1":  place in [from 0x08000000 to 0x080fffff] { ro };
define block CSTACK with size = 1536, alignment = 8 { };
define block HEAP with size = 512, alignment = 8 { };
"P2":  place in [from 0x20000000 to 0x2001ffff] {
          rw, block CSTACK, block HEAP };
initialize by copy { rw };

  Section            Kind        Address    Size  Object
  -------            ----        -------    ----  ------
"A0":                                      0x188
  .intvec            ro code  0x08000000   0x188  startup_stm32f407xx.o [1]
                            - 0x08000188   0x188

"P1":                                     0xa7b3
  .text              ro code  0x08000188   0xd58  app_ano.o [1]
  .text              ro code  0x08000ee0   0x168  usart_cfg.o [1]
  .text              ro code  0x08001048   0x128  cmsis_os.o [1]
  .text              ro code  0x08001170    0x22  S32ToDbl.o [4]
  .text              ro code  0x08001192    0x7a  lz77_init_single.o [5]
  .text              ro code  0x0800120c   0x1a2  DblMul.o [4]
  .text              ro code  0x080013b0    0x68  DblToFlt.o [4]
  .text              ro code  0x08001418   0x82c  flash_on_chip.o [1]
  .text              ro code  0x08001c44   0x61c  stm32f4xx_hal_uart.o [1]
  .text              ro code  0x08002260   0x13e  main.o [1]
  .text              ro code  0x080023a0   0x1ac  uwb1000.o [1]
  .text              ro code  0x0800254c   0x668  app_ros.o [1]
  .text              ro code  0x08002bb4   0x7b0  tasks.o [1]
  .text              ro code  0x08003364   0x61c  queue.o [1]
  .text              ro code  0x08003980   0x200  port.o [1]
  .text              ro code  0x08003b80   0x21c  stm32f4xx_hal_flash.o [1]
  .text              ro code  0x08003d9c   0x164  stm32f4xx_hal_flash_ex.o [1]
  .text              ro code  0x08003f00    0x28  stm32f4xx_hal.o [1]
  .text              ro code  0x08003f28   0x584  usart.o [1]
  .text              ro code  0x080044ac   0x418  stm32f4xx_hal_dma.o [1]
  .text              ro code  0x080048c4     0x2  stm32f4xx_hal_uart.o [1]
  .text              ro code  0x080048c6     0x2  stm32f4xx_hal_uart.o [1]
  .text              ro code  0x080048c8     0x2  stm32f4xx_hal_uart.o [1]
  .text              ro code  0x080048cc   0x1e4  stm32f4xx_hal_rcc.o [1]
  .text              ro code  0x08004ab0    0x34  stm32f4xx_hal.o [1]
  .text              ro code  0x08004ae4    0xb4  gpio.o [1]
  .text              ro code  0x08004b98    0xb8  dma.o [1]
  .text              ro code  0x08004c50   0x20c  spi.o [1]
  .text              ro code  0x08004e5c   0x470  tim.o [1]
  .text              ro code  0x080052cc   0x30c  rc_pwm.o [1]
  .text              ro code  0x080055d8   0x158  motor_pwm.o [1]
  .text              ro code  0x08005730   0x8d4  mpu9250.o [1]
  .text              ro code  0x08006004   0x36c  ms5803.o [1]
  .text              ro code  0x08006370    0xc8  app_led.o [1]
  .text              ro code  0x08006438   0x300  freertos.o [1]
  .text              ro code  0x08006738   0x2fc  stm32f4xx_hal_rcc.o [1]
  .text              ro code  0x08006a34    0xdc  stm32f4xx_hal_cortex.o [1]
  .text              ro code  0x08006b10    0x10  stm32f4xx_hal.o [1]
  .text              ro code  0x08006b20   0x174  iar_Stoulx.o [3]
  .text              ro code  0x08006c94   0x1c4  heap_4.o [1]
  .text              ro code  0x08006e58    0x90  list.o [1]
  .text              ro code  0x08006ee8     0x2  freertos.o [1]
  .text              ro code  0x08006eea     0x2  freertos.o [1]
  .text              ro code  0x08006eec    0xa6  ABImemcpy.o [5]
  CODE               ro code  0x08006f94    0xa8  portasm.o [1]
  .text              ro code  0x0800703c     0xc  stm32f4xx_hal.o [1]
  .text              ro code  0x08007048   0x1fc  stm32f4xx_hal_gpio.o [1]
  .text              ro code  0x08007244    0x80  stm32f4xx_hal_timebase_TIM.o [1]
  .text              ro code  0x080072c4   0x272  I64DivMod.o [5]
  .text              ro code  0x08007536    0x60  stm32f4xx_hal_msp.o [1]
  .text              ro code  0x08007598   0xa76  stm32f4xx_hal_spi.o [1]
  .text              ro code  0x08008010   0x75c  stm32f4xx_hal_tim.o [1]
  .text              ro code  0x0800876c    0x4c  stm32f4xx_hal_tim_ex.o [1]
  .text              ro code  0x080087b8    0x58  S64ToFlt.o [4]
  .text              ro code  0x08008810    0x48  FltToDbl.o [4]
  .text              ro code  0x08008858    0x98  time.o [1]
  .text              ro code  0x080088f0   0x8ac  app_ins.o [1]
  .text              ro code  0x0800919c   0x1d0  app_ctrl.o [1]
  .text              ro code  0x0800936c     0x4  app_uwb.o [1]
  .text              ro code  0x08009370    0x14  isspace.o [3]
  .text              ro code  0x08009384    0x14  tolower.o [3]
  .text              ro code  0x08009398    0x58  memchr.o [5]
  .text              ro code  0x080093f0     0x2  I64DivZer.o [5]
  .text              ro code  0x080093f2     0x2  stm32f4xx_hal_spi.o [1]
  .text              ro code  0x080093f4     0x2  stm32f4xx_hal_spi.o [1]
  .text              ro code  0x080093f6     0x2  stm32f4xx_hal_spi.o [1]
  .text              ro code  0x080093f8     0x2  stm32f4xx_hal_spi.o [1]
  .text              ro code  0x080093fa     0x2  stm32f4xx_hal_tim.o [1]
  .text              ro code  0x080093fc     0x2  stm32f4xx_hal_tim.o [1]
  .text              ro code  0x080093fe     0x2  stm32f4xx_hal_tim_ex.o [1]
  .text              ro code  0x08009400     0x2  stm32f4xx_hal_tim.o [1]
  .text              ro code  0x08009402     0x2  stm32f4xx_hal_tim_ex.o [1]
  .text              ro code  0x08009404   0x102  sqrt.o [4]
  .text              ro code  0x08009506    0x3a  math_wrappers64.o [4]
  .text              ro code  0x08009540    0xe2  DblSub.o [4]
  .text              ro code  0x08009624   0x178  DblAdd.o [4]
  .text              ro code  0x0800979c    0x34  xlocale_c.o [3]
  .text              ro code  0x080097d0    0xf0  asin64.o [4]
  .text              ro code  0x080098c0   0x13c  atan2_64.o [4]
  .text              ro code  0x080099fc   0x44c  cos_sin64.o [4]
  .text              ro code  0x08009e48    0x2e  DblCmpLe.o [4]
  .text              ro code  0x08009e78   0x246  DblDiv.o [4]
  .text              ro code  0x0800a0c0   0x208  iar_Atan64.o [4]
  .text              ro code  0x0800a2c8    0x3a  DblToS32.o [4]
  .text              ro code  0x0800a304    0x20  DblCmpEq.o [4]
  .text              ro code  0x0800a324    0x2e  DblCmpGe.o [4]
  .text              ro code  0x0800a354    0xd0  stm32f4xx_it.o [1]
  .rodata            const    0x0800a424    0x60  freertos.o [1]
  .text              ro code  0x0800a484    0x60  system_stm32f4xx.o [1]
  .text              ro code  0x0800a4e4    0x40  zero_init3.o [5]
  .text              ro code  0x0800a524    0x2c  iarttio.o [6]
  .text              ro code  0x0800a550     0xc  XShttio.o [3]
  .text              ro code  0x0800a55c    0x28  data_init.o [5]
  .text              ro code  0x0800a584    0x22  fpinit_M.o [4]
  .iar.init_table    const    0x0800a5a8    0x20  - Linker created -
  .text              ro code  0x0800a5c8    0x1e  cmain.o [5]
  .text              ro code  0x0800a5e6     0x4  low_level_init.o [3]
  .text              ro code  0x0800a5ea     0x4  exit.o [3]
  .text              ro code  0x0800a5f0     0xa  cexit.o [5]
  .text              ro code  0x0800a5fc    0x14  exit.o [6]
  .text              ro code  0x0800a610    0x10  startup_stm32f407xx.o [1]
  .text              ro code  0x0800a620     0xc  cstartup_M.o [5]
  .rodata            const    0x0800a62c     0x8  system_stm32f4xx.o [1]
  .text              ro code  0x0800a634     0x4  startup_stm32f407xx.o [1]
  .text              ro code  0x0800a638     0x4  startup_stm32f407xx.o [1]
  .text              ro code  0x0800a63c     0x4  startup_stm32f407xx.o [1]
  .text              ro code  0x0800a640     0x4  startup_stm32f407xx.o [1]
  .text              ro code  0x0800a644     0x4  startup_stm32f407xx.o [1]
  .text              ro code  0x0800a648     0x4  startup_stm32f407xx.o [1]
  .text              ro code  0x0800a64c     0x4  startup_stm32f407xx.o [1]
  .text              ro code  0x0800a650     0x4  startup_stm32f407xx.o [1]
  .text              ro code  0x0800a654     0x4  startup_stm32f407xx.o [1]
  .text              ro code  0x0800a658     0x4  startup_stm32f407xx.o [1]
  .text              ro code  0x0800a65c     0x4  startup_stm32f407xx.o [1]
  .text              ro code  0x0800a660     0x4  startup_stm32f407xx.o [1]
  .text              ro code  0x0800a664     0x4  startup_stm32f407xx.o [1]
  .text              ro code  0x0800a668     0x4  startup_stm32f407xx.o [1]
  .text              ro code  0x0800a66c     0x4  startup_stm32f407xx.o [1]
  .text              ro code  0x0800a670     0x4  startup_stm32f407xx.o [1]
  .text              ro code  0x0800a674     0x4  startup_stm32f407xx.o [1]
  .text              ro code  0x0800a678     0x4  startup_stm32f407xx.o [1]
  .text              ro code  0x0800a67c     0x4  startup_stm32f407xx.o [1]
  .text              ro code  0x0800a680     0x4  startup_stm32f407xx.o [1]
  .text              ro code  0x0800a684     0x4  startup_stm32f407xx.o [1]
  .text              ro code  0x0800a688     0x4  startup_stm32f407xx.o [1]
  .text              ro code  0x0800a68c     0x4  startup_stm32f407xx.o [1]
  .text              ro code  0x0800a690     0x4  startup_stm32f407xx.o [1]
  .text              ro code  0x0800a694     0x4  startup_stm32f407xx.o [1]
  .text              ro code  0x0800a698     0x4  startup_stm32f407xx.o [1]
  .text              ro code  0x0800a69c     0x4  startup_stm32f407xx.o [1]
  .text              ro code  0x0800a6a0     0x4  startup_stm32f407xx.o [1]
  .text              ro code  0x0800a6a4     0x4  startup_stm32f407xx.o [1]
  .text              ro code  0x0800a6a8     0x4  startup_stm32f407xx.o [1]
  .text              ro code  0x0800a6ac     0x4  startup_stm32f407xx.o [1]
  .text              ro code  0x0800a6b0     0x4  startup_stm32f407xx.o [1]
  .text              ro code  0x0800a6b4     0x4  startup_stm32f407xx.o [1]
  .text              ro code  0x0800a6b8     0x4  startup_stm32f407xx.o [1]
  .text              ro code  0x0800a6bc     0x4  startup_stm32f407xx.o [1]
  .text              ro code  0x0800a6c0     0x4  startup_stm32f407xx.o [1]
  .text              ro code  0x0800a6c4     0x4  startup_stm32f407xx.o [1]
  .text              ro code  0x0800a6c8     0x4  startup_stm32f407xx.o [1]
  .text              ro code  0x0800a6cc     0x4  startup_stm32f407xx.o [1]
  .text              ro code  0x0800a6d0     0x4  startup_stm32f407xx.o [1]
  .text              ro code  0x0800a6d4     0x4  startup_stm32f407xx.o [1]
  .text              ro code  0x0800a6d8     0x4  startup_stm32f407xx.o [1]
  .text              ro code  0x0800a6dc     0x4  startup_stm32f407xx.o [1]
  .text              ro code  0x0800a6e0     0x4  startup_stm32f407xx.o [1]
  .text              ro code  0x0800a6e4     0x4  startup_stm32f407xx.o [1]
  .text              ro code  0x0800a6e8     0x4  startup_stm32f407xx.o [1]
  .text              ro code  0x0800a6ec     0x4  startup_stm32f407xx.o [1]
  .text              ro code  0x0800a6f0     0x4  startup_stm32f407xx.o [1]
  .text              ro code  0x0800a6f4     0x4  startup_stm32f407xx.o [1]
  .text              ro code  0x0800a6f8     0x4  startup_stm32f407xx.o [1]
  .text              ro code  0x0800a6fc     0x4  startup_stm32f407xx.o [1]
  .text              ro code  0x0800a700     0x4  startup_stm32f407xx.o [1]
  .text              ro code  0x0800a704     0x4  startup_stm32f407xx.o [1]
  .text              ro code  0x0800a708     0x4  startup_stm32f407xx.o [1]
  .text              ro code  0x0800a70c     0x4  startup_stm32f407xx.o [1]
  .text              ro code  0x0800a710     0x4  startup_stm32f407xx.o [1]
  .text              ro code  0x0800a714     0x4  startup_stm32f407xx.o [1]
  .text              ro code  0x0800a718     0x4  startup_stm32f407xx.o [1]
  .text              ro code  0x0800a71c     0x4  startup_stm32f407xx.o [1]
  .text              ro code  0x0800a720     0x4  startup_stm32f407xx.o [1]
  .text              ro code  0x0800a724     0x4  startup_stm32f407xx.o [1]
  .text              ro code  0x0800a728     0x4  startup_stm32f407xx.o [1]
  .text              ro code  0x0800a72c     0x4  startup_stm32f407xx.o [1]
  .rodata            const    0x0800a730     0x2  xlocale_c.o [3]
  .rodata            const    0x0800a732     0x0  zero_init3.o [5]
  .rodata            const    0x0800a732     0x0  lz77_init_single.o [5]
  Initializer bytes  const    0x0800a732   0x200  <for P2-1>
                            - 0x0800a932  0xa7aa

"P2", part 1 of 3:                         0x854
  P2-1                        0x20000000   0x854  <Init block>
    .data            inited   0x20000000    0x48  app_ins.o [1]
    .data            inited   0x20000048    0xa4  app_ins.o [1]
    .data            inited   0x200000ec   0x6c8  mpu9250.o [1]
    .data            inited   0x200007b4    0x34  mpu9250.o [1]
    .data            inited   0x200007e8     0xc  port.o [1]
    .data            inited   0x200007f4     0xc  stm32f4xx_hal.o [1]
    .data            inited   0x20000800     0x4  system_stm32f4xx.o [1]
    .data            inited   0x20000804    0x48  xlocale_c.o [3]
    .data            inited   0x2000084c     0x8  XShttio.o [3]
                            - 0x20000854   0x854

"P2", part 2 of 3:                        0x5888
  .bss               zero     0x20000854  0x3c18  heap_4.o [1]
  .bss               zero     0x2000446c   0x978  app_ins.o [1]
  .bss               zero     0x20004de8   0x2dc  uwb1000.o [1]
  .bss               zero     0x200050c4   0x240  usart.o [1]
  .bss               zero     0x20005304   0x12c  flash_on_chip.o [1]
  .bss               zero     0x20005430    0xf0  time.o [1]
  .bss               zero     0x20005520    0xc8  app_ros.o [1]
  .bss               zero     0x200055e8    0xc8  app_ros.o [1]
  .bss               zero     0x200056b0    0xc0  spi.o [1]
  .bss               zero     0x20005770    0xa0  tasks.o [1]
  .bss               zero     0x20005810    0xa0  time.o [1]
  .bss               zero     0x200058b0    0x8c  tasks.o [1]
  .bss               zero     0x2000593c    0x84  mpu9250.o [1]
  .bss               zero     0x200059c0    0x80  app_ano.o [1]
  .bss               zero     0x20005a40    0x80  rc_pwm.o [1]
  .bss               zero     0x20005ac0    0x7c  app_ano.o [1]
  .bss               zero     0x20005b3c    0x64  app_ano.o [1]
  .bss               zero     0x20005ba0    0x5c  app_ctrl.o [1]
  .bss               zero     0x20005bfc    0x58  spi.o [1]
  .bss               zero     0x20005c54    0x58  spi.o [1]
  .bss               zero     0x20005cac    0x40  usart.o [1]
  .bss               zero     0x20005cec    0x40  usart.o [1]
  .bss               zero     0x20005d2c    0x40  usart.o [1]
  .bss               zero     0x20005d6c    0x40  usart.o [1]
  .bss               zero     0x20005dac    0x40  usart.o [1]
  .bss               zero     0x20005dec    0x40  usart.o [1]
  .bss               zero     0x20005e2c    0x3c  app_ros.o [1]
  .bss               zero     0x20005e68    0x3c  stm32f4xx_hal_timebase_TIM.o [1]
  .bss               zero     0x20005ea4    0x3c  tim.o [1]
  .bss               zero     0x20005ee0    0x3c  tim.o [1]
  .bss               zero     0x20005f1c    0x3c  tim.o [1]
  .bss               zero     0x20005f58    0x3c  tim.o [1]
  .bss               zero     0x20005f94    0x34  app_ano.o [1]
  .bss               zero     0x20005fc8    0x34  freertos.o [1]
  .bss               zero     0x20005ffc    0x14  flash_on_chip.o [1]
  .bss               zero     0x20006010    0x30  ms5803.o [1]
  .bss               zero     0x20006040    0x28  uwb1000.o [1]
  .bss               zero     0x20006068    0x20  stm32f4xx_hal_flash.o [1]
  .bss               zero     0x20006088    0x10  app_ros.o [1]
  .bss               zero     0x20006098    0x10  time.o [1]
  .bss               zero     0x200060a8     0x8  time.o [1]
  .bss               zero     0x200060b0     0x5  usart_cfg.o [1]
  .bss               zero     0x200060b8     0x4  motor_pwm.o [1]
  .bss               zero     0x200060bc     0x4  motor_pwm.o [1]
  .bss               zero     0x200060c0     0x4  motor_pwm.o [1]
  .bss               zero     0x200060c4     0x4  motor_pwm.o [1]
  .bss               zero     0x200060c8     0x4  mpu9250.o [1]
  .bss               zero     0x200060cc     0x4  time.o [1]
  .bss               zero     0x200060d0     0x4  time.o [1]
  .bss               zero     0x200060d4     0x4  time.o [1]
  .bss               zero     0x200060d8     0x4  time.o [1]
                            - 0x200060dc  0x5888

"P2", part 3 of 3:                         0x600
  CSTACK                      0x200060e0   0x600  <Block>
    CSTACK           uninit   0x200060e0   0x600  <Block tail>
                            - 0x200066e0   0x600


*******************************************************************************
*** INIT TABLE
***

          Address     Size
          -------     ----
Zero (__iar_zero_init3)
    1 destination range, total size 0x5888:
          0x20000854  0x5888

Copy/lz77 (__iar_lz77_init_single3)
    1 source range, total size 0x200 (24% of destination):
          0x0800a732   0x200
    1 destination range, total size 0x854:
          0x20000000   0x854



*******************************************************************************
*** MODULE SUMMARY
***

    Module                        ro code  ro data  rw data
    ------                        -------  -------  -------
D:\WORK\DEVO\CODE\SFOX_ZERO\SFOX_ZERO\EWARM\SFOX_ZERO\Obj: [1]
    app_ano.o                       3 416               404
    app_ctrl.o                        464                92
    app_ins.o                       2 220       56    2 660
    app_led.o                         200
    app_ros.o                       1 640               476
    app_uwb.o                           4
    cmsis_os.o                        296
    dma.o                             184
    flash_on_chip.o                 2 092               320
    freertos.o                        772       96       52
    gpio.o                            180
    heap_4.o                          452            15 384
    list.o                            144
    main.o                            318
    motor_pwm.o                       344                16
    mpu9250.o                       2 260      430    1 924
    ms5803.o                          876                48
    port.o                            512        2       12
    portasm.o                         168
    queue.o                         1 564
    rc_pwm.o                          780               128
    spi.o                             524               368
    startup_stm32f407xx.o             660
    stm32f4xx_hal.o                   120        3       12
    stm32f4xx_hal_cortex.o            220
    stm32f4xx_hal_dma.o             1 048
    stm32f4xx_hal_flash.o             540                32
    stm32f4xx_hal_flash_ex.o          356
    stm32f4xx_hal_gpio.o              508
    stm32f4xx_hal_msp.o                96
    stm32f4xx_hal_rcc.o             1 248
    stm32f4xx_hal_spi.o             2 686
    stm32f4xx_hal_tim.o             1 890
    stm32f4xx_hal_tim_ex.o             80
    stm32f4xx_hal_timebase_TIM.o      128                60
    stm32f4xx_hal_uart.o            1 570
    stm32f4xx_it.o                    208
    system_stm32f4xx.o                 96        9        4
    tasks.o                         1 968               300
    tim.o                           1 136               240
    time.o                            152               440
    usart.o                         1 412               960
    usart_cfg.o                       360                 5
    uwb1000.o                         428               772
    -------------------------------------------------------
    Total:                         36 320      596   24 709

command line: [2]
    -------------------------------------------------------
    Total:

dl7M_tlf.a: [3]
    XShttio.o                          12        2        8
    exit.o                              4
    iar_Stoulx.o                      372
    isspace.o                          20
    low_level_init.o                    4
    tolower.o                          20
    xlocale_c.o                        52       20       72
    -------------------------------------------------------
    Total:                            484       22       80

m7M_tls.a: [4]
    DblAdd.o                          376
    DblCmpEq.o                         32
    DblCmpGe.o                         46
    DblCmpLe.o                         46
    DblDiv.o                          582
    DblMul.o                          418
    DblSub.o                          226
    DblToFlt.o                        104
    DblToS32.o                         58
    FltToDbl.o                         72
    S32ToDbl.o                         34
    S64ToFlt.o                         88
    asin64.o                          240
    atan2_64.o                        316
    cos_sin64.o                     1 100
    fpinit_M.o                         34
    iar_Atan64.o                      520
    math_wrappers64.o                  58
    sqrt.o                            258
    -------------------------------------------------------
    Total:                          4 608

rt7M_tl.a: [5]
    ABImemcpy.o                       166
    I64DivMod.o                       626
    I64DivZer.o                         2
    cexit.o                            10
    cmain.o                            30
    cstartup_M.o                       12
    data_init.o                        40
    lz77_init_single.o                122
    memchr.o                           88
    zero_init3.o                       64
    -------------------------------------------------------
    Total:                          1 160

shb_l.a: [6]
    exit.o                             20
    iarttio.o                          44
    -------------------------------------------------------
    Total:                             64

    Gaps                               26        2        7
    Linker created                              32    1 536
-----------------------------------------------------------
    Grand Total:                   42 662      652   26 332


*******************************************************************************
*** ENTRY LIST
***

Entry                      Address    Size  Type      Object
-----                      -------    ----  ----      ------
.iar.init_table$$Base   0x0800a5a8           --   Gb  - Linker created -
.iar.init_table$$Limit  0x0800a5c8           --   Gb  - Linker created -
?main                   0x0800a5c9          Code  Gb  cmain.o [5]
AHBPrescTable           0x0800a4d4    0x10  Data  Gb  system_stm32f4xx.o [1]
ANCHOR_INDEX            0x200050b8     0x2  Data  Gb  uwb1000.o [1]
ANO_DT_Data_Receive_Anl
                        0x080007b1   0x68a  Code  Gb  app_ano.o [1]
ANO_DT_Send_Check       0x08000e3b    0x26  Code  Gb  app_ano.o [1]
ANO_DT_Send_PID         0x08000469   0x13a  Code  Gb  app_ano.o [1]
ANO_data_receive_prepara
                        0x08000715    0x96  Code  Gb  app_ano.o [1]
ANO_send_15_data        0x0800029d   0x1c2  Code  Gb  app_ano.o [1]
ANO_sending             0x08000189   0x114  Code  Gb  app_ano.o [1]
APBPrescTable           0x0800a62c     0x8  Data  Gb  system_stm32f4xx.o [1]
BusFault_Handler        0x0800a35b     0x2  Code  Gb  stm32f4xx_it.o [1]
CSTACK$$Base            0x200060e0           --   Gb  - Linker created -
CSTACK$$Limit           0x200066e0           --   Gb  - Linker created -
DMA1_Stream3_IRQHandler
                        0x0800a36f     0x6  Code  Gb  stm32f4xx_it.o [1]
DMA1_Stream4_IRQHandler
                        0x0800a375     0x6  Code  Gb  stm32f4xx_it.o [1]
DMA1_Stream6_IRQHandler
                        0x0800a37b     0x6  Code  Gb  stm32f4xx_it.o [1]
DMA1_Stream7_IRQHandler
                        0x0800a3ab     0x6  Code  Gb  stm32f4xx_it.o [1]
DMA2_Stream0_IRQHandler
                        0x0800a3bd     0x6  Code  Gb  stm32f4xx_it.o [1]
DMA2_Stream3_IRQHandler
                        0x0800a3c3     0x6  Code  Gb  stm32f4xx_it.o [1]
DMA2_Stream6_IRQHandler
                        0x0800a3c9     0x6  Code  Gb  stm32f4xx_it.o [1]
DMA2_Stream7_IRQHandler
                        0x0800a3cf     0x6  Code  Gb  stm32f4xx_it.o [1]
DMA_CalcBaseAndBitshift
                        0x08004881    0x2c  Code  Lc  stm32f4xx_hal_dma.o [1]
DMA_CalcBaseAndBitshift::flagBitshiftOffset
                        0x080048bc     0x8  Data  Lc  stm32f4xx_hal_dma.o [1]
DebugMon_Handler        0x0800a35f     0x2  Code  Gb  stm32f4xx_it.o [1]
EraseInitStruct         0x20005ffc    0x14  Data  Gb  flash_on_chip.o [1]
FLASH_Erase_Sector      0x08003e57    0x4e  Code  Gb  stm32f4xx_hal_flash_ex.o [1]
FLASH_FlushCaches       0x08003ea5    0x50  Code  Gb  stm32f4xx_hal_flash_ex.o [1]
FLASH_MassErase         0x08003e37    0x20  Code  Lc  stm32f4xx_hal_flash_ex.o [1]
FLASH_Program_Byte      0x08003d05    0x1e  Code  Lc  stm32f4xx_hal_flash.o [1]
FLASH_Program_DoubleWord
                        0x08003c9b    0x26  Code  Lc  stm32f4xx_hal_flash.o [1]
FLASH_Program_HalfWord  0x08003ce3    0x22  Code  Lc  stm32f4xx_hal_flash.o [1]
FLASH_Program_Word      0x08003cc1    0x22  Code  Lc  stm32f4xx_hal_flash.o [1]
FLASH_SetErrorCode      0x08003d23    0x60  Code  Lc  stm32f4xx_hal_flash.o [1]
FLASH_WaitForLastOperation
                        0x08003c4f    0x44  Code  Gb  stm32f4xx_hal_flash.o [1]
FLASHinit               0x08001a29    0x14  Code  Gb  flash_on_chip.o [1]
HAL_DMA_Abort           0x08004627    0x8a  Code  Gb  stm32f4xx_hal_dma.o [1]
HAL_DMA_Abort_IT        0x080046b1    0x24  Code  Gb  stm32f4xx_hal_dma.o [1]
HAL_DMA_IRQHandler      0x080046d5   0x1a8  Code  Gb  stm32f4xx_hal_dma.o [1]
HAL_DMA_Init            0x080044ad    0xec  Code  Gb  stm32f4xx_hal_dma.o [1]
HAL_DMA_Start_IT        0x08004599    0x8e  Code  Gb  stm32f4xx_hal_dma.o [1]
HAL_Delay               0x08003f01    0x28  Code  Wk  stm32f4xx_hal.o [1]
HAL_FLASHEx_Erase       0x08003d9d    0x9a  Code  Gb  stm32f4xx_hal_flash_ex.o [1]
HAL_FLASH_Lock          0x08003c41     0x8  Code  Gb  stm32f4xx_hal_flash.o [1]
HAL_FLASH_Program       0x08003b81    0xa4  Code  Gb  stm32f4xx_hal_flash.o [1]
HAL_FLASH_Unlock        0x08003c25    0x1c  Code  Gb  stm32f4xx_hal_flash.o [1]
HAL_GPIO_Init           0x08007049   0x1ae  Code  Gb  stm32f4xx_hal_gpio.o [1]
HAL_GPIO_ReadPin        0x080071f7     0xe  Code  Gb  stm32f4xx_hal_gpio.o [1]
HAL_GPIO_TogglePin      0x08007211     0x8  Code  Gb  stm32f4xx_hal_gpio.o [1]
HAL_GPIO_WritePin       0x08007205     0xc  Code  Gb  stm32f4xx_hal_gpio.o [1]
HAL_GetTick             0x0800703d     0xc  Code  Wk  stm32f4xx_hal.o [1]
HAL_IncTick             0x08006b11    0x10  Code  Wk  stm32f4xx_hal.o [1]
HAL_Init                0x08004ab1    0x30  Code  Gb  stm32f4xx_hal.o [1]
HAL_InitTick            0x08007245    0x70  Code  Gb  stm32f4xx_hal_timebase_TIM.o [1]
HAL_MspInit             0x08007537    0x60  Code  Gb  stm32f4xx_hal_msp.o [1]
HAL_NVIC_EnableIRQ      0x08006aa1     0xa  Code  Gb  stm32f4xx_hal_cortex.o [1]
HAL_NVIC_SetPriority    0x08006a4f    0x52  Code  Gb  stm32f4xx_hal_cortex.o [1]
HAL_NVIC_SetPriorityGrouping
                        0x08006a35    0x1a  Code  Gb  stm32f4xx_hal_cortex.o [1]
HAL_RCC_ClockConfig     0x080048cd   0x110  Code  Gb  stm32f4xx_hal_rcc.o [1]
HAL_RCC_GetClockConfig  0x08004a07    0x38  Code  Gb  stm32f4xx_hal_rcc.o [1]
HAL_RCC_GetHCLKFreq     0x080049dd     0x6  Code  Gb  stm32f4xx_hal_rcc.o [1]
HAL_RCC_GetPCLK1Freq    0x080049e3    0x10  Code  Gb  stm32f4xx_hal_rcc.o [1]
HAL_RCC_GetPCLK2Freq    0x080049f3     0xe  Code  Gb  stm32f4xx_hal_rcc.o [1]
HAL_RCC_OscConfig       0x08006739   0x2fc  Code  Wk  stm32f4xx_hal_rcc.o [1]
HAL_SPI_DMAStop         0x08007d15    0x28  Code  Gb  stm32f4xx_hal_spi.o [1]
HAL_SPI_IRQHandler      0x08007d3d    0xf8  Code  Gb  stm32f4xx_hal_spi.o [1]
HAL_SPI_Init            0x08007599    0x7e  Code  Gb  stm32f4xx_hal_spi.o [1]
HAL_SPI_MspInit         0x08004cd5   0x12c  Code  Gb  spi.o [1]
HAL_SPI_Receive         0x080077ef   0x13c  Code  Gb  stm32f4xx_hal_spi.o [1]
HAL_SPI_Receive_DMA     0x08007b5d    0xc6  Code  Gb  stm32f4xx_hal_spi.o [1]
HAL_SPI_RxCpltCallback  0x080059f5    0x20  Code  Gb  mpu9250.o [1]
HAL_SPI_Transmit        0x08007617   0x1d8  Code  Gb  stm32f4xx_hal_spi.o [1]
HAL_SPI_TransmitReceive
                        0x0800792b   0x232  Code  Gb  stm32f4xx_hal_spi.o [1]
HAL_SPI_TransmitReceive_DMA
                        0x08007c23    0xea  Code  Gb  stm32f4xx_hal_spi.o [1]
HAL_SYSTICK_CLKSourceConfig
                        0x08006ad7    0x1a  Code  Gb  stm32f4xx_hal_cortex.o [1]
HAL_SYSTICK_Config      0x08006ab5    0x22  Code  Gb  stm32f4xx_hal_cortex.o [1]
HAL_TIMEx_BreakCallback
                        0x080093ff     0x2  Code  Wk  stm32f4xx_hal_tim_ex.o [1]
HAL_TIMEx_CommutationCallback
                        0x08009403     0x2  Code  Wk  stm32f4xx_hal_tim_ex.o [1]
HAL_TIMEx_MasterConfigSynchronization
                        0x0800876d    0x4c  Code  Gb  stm32f4xx_hal_tim_ex.o [1]
HAL_TIM_Base_Init       0x08008011    0x1e  Code  Gb  stm32f4xx_hal_tim.o [1]
HAL_TIM_Base_Start_IT   0x0800802f    0x16  Code  Gb  stm32f4xx_hal_tim.o [1]
HAL_TIM_IC_CaptureCallback
                        0x0800531f   0x29c  Code  Gb  rc_pwm.o [1]
HAL_TIM_IC_ConfigChannel
                        0x0800827f   0x118  Code  Gb  stm32f4xx_hal_tim.o [1]
HAL_TIM_IC_Init         0x080080b5    0x1e  Code  Gb  stm32f4xx_hal_tim.o [1]
HAL_TIM_IC_MspInit      0x0800510f    0xb6  Code  Gb  tim.o [1]
HAL_TIM_IC_Start_IT     0x080080d3    0x3a  Code  Gb  stm32f4xx_hal_tim.o [1]
HAL_TIM_IRQHandler      0x08008135   0x14a  Code  Gb  stm32f4xx_hal_tim.o [1]
HAL_TIM_MspPostInit     0x08005207    0x66  Code  Gb  tim.o [1]
HAL_TIM_PWM_ConfigChannel
                        0x08008397    0xd0  Code  Gb  stm32f4xx_hal_tim.o [1]
HAL_TIM_PWM_Init        0x08008071    0x1e  Code  Gb  stm32f4xx_hal_tim.o [1]
HAL_TIM_PWM_MspInit     0x080051c5    0x42  Code  Gb  tim.o [1]
HAL_TIM_PWM_Start       0x0800808f    0x26  Code  Gb  stm32f4xx_hal_tim.o [1]
HAL_TIM_PeriodElapsedCallback
                        0x08002377     0xe  Code  Gb  main.o [1]
HAL_TIM_ReadCapturedValue
                        0x08008471    0x44  Code  Gb  stm32f4xx_hal_tim.o [1]
HAL_UART_IRQHandler     0x08001d75   0x158  Code  Gb  stm32f4xx_hal_uart.o [1]
HAL_UART_Init           0x08001c45    0x44  Code  Gb  stm32f4xx_hal_uart.o [1]
HAL_UART_MspInit        0x08004069   0x3be  Code  Gb  usart.o [1]
HAL_UART_Receive_IT     0x08001ca3    0x46  Code  Gb  stm32f4xx_hal_uart.o [1]
HAL_UART_RxCpltCallback
                        0x08000f53    0x78  Code  Gb  usart_cfg.o [1]
HAL_UART_Transmit_DMA   0x08001cfd    0x78  Code  Gb  stm32f4xx_hal_uart.o [1]
HardFault_Handler       0x0800a357     0x2  Code  Gb  stm32f4xx_it.o [1]
Ki_acc                  0x2000001c     0x4  Data  Gb  app_ins.o [1]
Kp_acc                  0x20000018     0x4  Data  Gb  app_ins.o [1]
LPF_3HZ_100ORDER        0x20000620   0x194  Data  Lc  mpu9250.o [1]
LPF_5HZ_40ORDER         0x20000048    0xa4  Data  Lc  app_ins.o [1]
MPU9250_Check           0x080058d3    0xd4  Code  Gb  mpu9250.o [1]
MPU9250_ERROR           0x200059b4     0x4  Data  Gb  mpu9250.o [1]
MPU9250_Handler         0x20005974     0x4  Data  Gb  mpu9250.o [1]
MPU9250_Init            0x08005885    0x4e  Code  Gb  mpu9250.o [1]
MPU9250_Mag_ReadReg     0x08005833    0x52  Code  Gb  mpu9250.o [1]
MPU9250_Mag_WriteReg    0x080057dd    0x56  Code  Gb  mpu9250.o [1]
MPU9250_ReadReg         0x0800573f    0x4e  Code  Gb  mpu9250.o [1]
MPU9250_WriteReg        0x0800578d    0x50  Code  Gb  mpu9250.o [1]
MPU9250_data_buffer     0x2000593c    0x1c  Data  Gb  mpu9250.o [1]
MPU9250_data_push       0x08005c39   0x2d4  Code  Gb  mpu9250.o [1]
MPU9250_gyro_acc_calibrate_offset_func
                        0x08005a15   0x10c  Code  Gb  mpu9250.o [1]
MPU9250_gyro_acc_calibrate_offset_func::cnt_g
                        0x2000595a     0x2  Data  Lc  mpu9250.o [1]
MPU9250_gyro_acc_calibrate_offset_func::gyrox_high
                        0x200059bc     0x4  Data  Lc  mpu9250.o [1]
MPU9250_gyro_acc_calibrate_offset_func::gyrox_low
                        0x200059b8     0x4  Data  Lc  mpu9250.o [1]
MPU9250_gyro_acc_calibrate_offset_func::tempAcc
                        0x20005968     0xc  Data  Lc  mpu9250.o [1]
MPU9250_gyro_acc_calibrate_offset_func::tempGyro
                        0x2000595c     0xc  Data  Lc  mpu9250.o [1]
MPU9250_mag_calibrate   0x08005b21   0x110  Code  Gb  mpu9250.o [1]
MPU9250_mag_calibrate::cnt
                        0x200007e4     0x4  Data  Lc  mpu9250.o [1]
MPU9250_mag_calibrate::magx_high
                        0x200007d0     0x4  Data  Lc  mpu9250.o [1]
MPU9250_mag_calibrate::magx_low
                        0x200007cc     0x4  Data  Lc  mpu9250.o [1]
MPU9250_mag_calibrate::magy_high
                        0x200007d8     0x4  Data  Lc  mpu9250.o [1]
MPU9250_mag_calibrate::magy_low
                        0x200007d4     0x4  Data  Lc  mpu9250.o [1]
MPU9250_mag_calibrate::magz_high
                        0x200007e0     0x4  Data  Lc  mpu9250.o [1]
MPU9250_mag_calibrate::magz_low
                        0x200007dc     0x4  Data  Lc  mpu9250.o [1]
MPU9250_process         0x08005f11    0xa8  Code  Gb  mpu9250.o [1]
MPU9250_process::MPU9250MagCalibrateStart
                        0x200060c8     0x4  Data  Lc  mpu9250.o [1]
MPU9250_read_raw_data   0x080059a9    0x4c  Code  Gb  mpu9250.o [1]
MS5803_C1               0x20006010     0x2  Data  Gb  ms5803.o [1]
MS5803_C2               0x20006012     0x2  Data  Gb  ms5803.o [1]
MS5803_C3               0x20006014     0x2  Data  Gb  ms5803.o [1]
MS5803_C4               0x20006016     0x2  Data  Gb  ms5803.o [1]
MS5803_C5               0x20006018     0x2  Data  Gb  ms5803.o [1]
MS5803_C6               0x2000601a     0x2  Data  Gb  ms5803.o [1]
MS5803_D1               0x20006030     0x4  Data  Gb  ms5803.o [1]
MS5803_D2               0x20006034     0x4  Data  Gb  ms5803.o [1]
MS5803_Handler          0x2000603c     0x4  Data  Gb  ms5803.o [1]
MS5803_Init             0x08006005    0xb0  Code  Gb  ms5803.o [1]
MS5803_ReadRegs         0x080062e9    0x42  Code  Gb  ms5803.o [1]
MS5803_WriteReg         0x0800632b    0x2e  Code  Gb  ms5803.o [1]
MS5803_caculate         0x080060c1   0x1ba  Code  Gb  ms5803.o [1]
MS5803_pressure         0x20006020     0x8  Data  Gb  ms5803.o [1]
MS5803_process          0x080060b5     0xc  Code  Gb  ms5803.o [1]
MS5803_read_data        0x0800627b    0x6e  Code  Gb  ms5803.o [1]
MS5803_temperature      0x20006028     0x8  Data  Gb  ms5803.o [1]
MX_DMA_Init             0x08004b99    0xb8  Code  Gb  dma.o [1]
MX_FREERTOS_Init        0x08006439   0x12a  Code  Gb  freertos.o [1]
MX_GPIO_Init            0x08004ae5    0xb4  Code  Gb  gpio.o [1]
MX_SPI1_Init            0x08004c51    0x3e  Code  Gb  spi.o [1]
MX_SPI2_Init            0x08004c8f    0x3e  Code  Gb  spi.o [1]
MX_TIM1_Init            0x08004e5d    0xb0  Code  Gb  tim.o [1]
MX_TIM2_Init            0x08004f0d    0xae  Code  Gb  tim.o [1]
MX_TIM3_Init            0x08004fbb    0xa6  Code  Gb  tim.o [1]
MX_TIM4_Init            0x08005061    0xa4  Code  Gb  tim.o [1]
MX_UART4_Init           0x08003f29    0x34  Code  Gb  usart.o [1]
MX_UART5_Init           0x08003f5d    0x34  Code  Gb  usart.o [1]
MX_USART1_UART_Init     0x08003f99    0x34  Code  Gb  usart.o [1]
MX_USART2_UART_Init     0x08003fcd    0x34  Code  Gb  usart.o [1]
MX_USART3_UART_Init     0x08004001    0x34  Code  Gb  usart.o [1]
MX_USART6_UART_Init     0x08004035    0x34  Code  Gb  usart.o [1]
MemManage_Handler       0x0800a359     0x2  Code  Gb  stm32f4xx_it.o [1]
NMI_Handler             0x0800a355     0x2  Code  Gb  stm32f4xx_it.o [1]
PendSV_Handler          0x08006f95          Code  Gb  portasm.o [1]
RC_PWM                  0x20005a40    0x20  Data  Gb  rc_pwm.o [1]
RC_PWM_init             0x080052cd    0x52  Code  Gb  rc_pwm.o [1]
ReadTheFLASH            0x08001be9    0x20  Code  Gb  flash_on_chip.o [1]
Region$$Table$$Base     0x0800a5a8           --   Gb  - Linker created -
Region$$Table$$Limit    0x0800a5c8           --   Gb  - Linker created -
RxBuffer                0x20005f94    0x34  Data  Lc  app_ano.o [1]
RxBuffer                0x200055e8    0xc8  Data  Lc  app_ros.o [1]
SPI1_IRQHandler         0x0800a38d     0x6  Code  Gb  stm32f4xx_it.o [1]
SPI_DMAAbortOnError     0x08007f71     0xc  Code  Lc  stm32f4xx_hal_spi.o [1]
SPI_DMAError            0x08007f51    0x1e  Code  Lc  stm32f4xx_hal_spi.o [1]
SPI_DMAHalfReceiveCplt  0x08007f41     0x6  Code  Lc  stm32f4xx_hal_spi.o [1]
SPI_DMAHalfTransmitReceiveCplt
                        0x08007f49     0x6  Code  Lc  stm32f4xx_hal_spi.o [1]
SPI_DMAReceiveCplt      0x08007e35    0x4e  Code  Lc  stm32f4xx_hal_spi.o [1]
SPI_DMATransmitReceiveCplt
                        0x08007e85    0xba  Code  Lc  stm32f4xx_hal_spi.o [1]
SPI_WaitFlagStateUntilTimeout
                        0x08007f7d    0x92  Code  Lc  stm32f4xx_hal_spi.o [1]
SVC_Handler             0x08006fed          Code  Gb  portasm.o [1]
StartDefaultTask        0x08006563     0xa  Code  Gb  freertos.o [1]
StartTask02LED          0x0800656d     0x8  Code  Gb  freertos.o [1]
StartTask03COM          0x08006575    0x40  Code  Gb  freertos.o [1]
StartTask04MPU9250      0x080065b5    0x3a  Code  Gb  freertos.o [1]
StartTask05MS5803       0x080065ef     0xe  Code  Gb  freertos.o [1]
StartTask06BackEnd      0x080065fd    0x42  Code  Gb  freertos.o [1]
StartTask07UWB          0x0800663f    0x3a  Code  Gb  freertos.o [1]
SysTick_Handler         0x0800a361     0xe  Code  Gb  stm32f4xx_it.o [1]
SystemClock_Config      0x080022cd    0xaa  Code  Gb  main.o [1]
SystemCoreClock         0x20000800     0x4  Data  Gb  system_stm32f4xx.o [1]
SystemInit              0x0800a485    0x3a  Code  Gb  system_stm32f4xx.o [1]
TIM1_CC_IRQHandler      0x0800a381     0x6  Code  Gb  stm32f4xx_it.o [1]
TIM2_IRQHandler         0x0800a387     0x6  Code  Gb  stm32f4xx_it.o [1]
TIM8_TRG_COM_TIM14_IRQHandler
                        0x0800a3a5     0x6  Code  Gb  stm32f4xx_it.o [1]
TIM_Base_SetConfig      0x080084b5    0x98  Code  Gb  stm32f4xx_hal_tim.o [1]
TIM_OC1_SetConfig       0x08008613    0x52  Code  Lc  stm32f4xx_hal_tim.o [1]
TIM_OC2_SetConfig       0x080085bb    0x56  Code  Gb  stm32f4xx_hal_tim.o [1]
TIM_OC3_SetConfig       0x08008665    0x52  Code  Lc  stm32f4xx_hal_tim.o [1]
TIM_OC4_SetConfig       0x080086bd    0x48  Code  Lc  stm32f4xx_hal_tim.o [1]
TIM_TI1_SetConfig       0x0800854d    0x6c  Code  Gb  stm32f4xx_hal_tim.o [1]
TIM_TI2_SetConfig       0x08008735    0x36  Code  Lc  stm32f4xx_hal_tim.o [1]
UART4_IRQHandler        0x0800a3b1     0x6  Code  Gb  stm32f4xx_it.o [1]
UART5_IRQHandler        0x0800a3b7     0x6  Code  Gb  stm32f4xx_it.o [1]
UART_DMAAbortOnError    0x08001f79     0xc  Code  Lc  stm32f4xx_hal_uart.o [1]
UART_DMAError           0x08001f01    0x5c  Code  Lc  stm32f4xx_hal_uart.o [1]
UART_DMATransmitCplt    0x08001ecd    0x2a  Code  Lc  stm32f4xx_hal_uart.o [1]
UART_DMATxHalfCplt      0x08001ef9     0x6  Code  Lc  stm32f4xx_hal_uart.o [1]
UART_EndRxTransfer      0x08001f5d    0x1c  Code  Lc  stm32f4xx_hal_uart.o [1]
UART_Receive_IT         0x08001f85    0x8c  Code  Lc  stm32f4xx_hal_uart.o [1]
UART_SetConfig          0x08002011   0x23e  Code  Lc  stm32f4xx_hal_uart.o [1]
USART1_DMA_send_data    0x08000fcb     0xa  Code  Gb  usart_cfg.o [1]
USART1_IRQHandler       0x0800a393     0x6  Code  Gb  stm32f4xx_it.o [1]
USART2_IRQHandler       0x0800a399     0x6  Code  Gb  stm32f4xx_it.o [1]
USART3_IRQHandler       0x0800a39f     0x6  Code  Gb  stm32f4xx_it.o [1]
USART4_DMA_send_data    0x08000fd5     0xa  Code  Gb  usart_cfg.o [1]
USART6_IRQHandler       0x0800a3d5     0x6  Code  Gb  stm32f4xx_it.o [1]
USART_init              0x08000ee1    0x72  Code  Gb  usart_cfg.o [1]
UpdateTheFLASH          0x08001a3d    0x92  Code  Gb  flash_on_chip.o [1]
UsageFault_Handler      0x0800a35d     0x2  Code  Gb  stm32f4xx_it.o [1]
_Error_Handler          0x0800239d     0x2  Code  Gb  main.o [1]
_LocaleC_isspace        0x080097a9    0x14  Code  Gb  xlocale_c.o [3]
_LocaleC_isupper        0x0800979d     0x2  Code  Gb  xlocale_c.o [3]
_LocaleC_tolower        0x080097bd     0xc  Code  Gb  xlocale_c.o [3]
__aeabi_cdcmpeq         0x0800a305          Code  Gb  DblCmpEq.o [4]
__aeabi_cdcmple         0x08009e49          Code  Gb  DblCmpLe.o [4]
__aeabi_cdrcmple        0x0800a325          Code  Gb  DblCmpGe.o [4]
__aeabi_d2f             0x080013b1          Code  Gb  DblToFlt.o [4]
__aeabi_d2iz            0x0800a2c9          Code  Gb  DblToS32.o [4]
__aeabi_dadd            0x08009625          Code  Gb  DblAdd.o [4]
__aeabi_ddiv            0x08009e79          Code  Gb  DblDiv.o [4]
__aeabi_dmul            0x0800120d          Code  Gb  DblMul.o [4]
__aeabi_dsub            0x08009541          Code  Gb  DblSub.o [4]
__aeabi_f2d             0x08008811          Code  Gb  FltToDbl.o [4]
__aeabi_i2d             0x08001171          Code  Gb  S32ToDbl.o [4]
__aeabi_l2f             0x080087b9          Code  Gb  S64ToFlt.o [4]
__aeabi_ldiv0           0x080093f1          Code  Gb  I64DivZer.o [5]
__aeabi_ldivmod         0x080072c5          Code  Gb  I64DivMod.o [5]
__aeabi_memcpy          0x08006eed          Code  Gb  ABImemcpy.o [5]
__aeabi_memcpy4         0x08006f0d          Code  Gb  ABImemcpy.o [5]
__aeabi_memcpy8         0x08006f0d          Code  Gb  ABImemcpy.o [5]
__aeabi_uldivmod        0x08007309          Code  Gb  I64DivMod.o [5]
__cmain                 0x0800a5c9          Code  Gb  cmain.o [5]
__exit                  0x0800a5fd    0x14  Code  Gb  exit.o [6]
__iar_Atan64            0x0800a0c1   0x170  Code  Gb  iar_Atan64.o [4]
__iar_Memchr            0x08009399          Code  Gb  memchr.o [5]
__iar_Sin64             0x080099fd   0x3b2  Code  Lc  cos_sin64.o [4]
__iar_Stoulx            0x08006b21   0x112  Code  Gb  iar_Stoulx.o [3]
__iar_asin64            0x080097d1    0xf0  Code  Gb  asin64.o [4]
__iar_atan2_64          0x080098c1   0x13c  Code  Gb  atan2_64.o [4]
__iar_close_ttio        0x0800a525    0x2c  Code  Gb  iarttio.o [6]
__iar_cos64             0x08009e41     0x4  Code  Gb  cos_sin64.o [4]
__iar_cos_medium        0x08009e41     0x4  Code  Gb  cos_sin64.o [4]
__iar_cos_medium64      0x08009e41     0x4  Code  Gb  cos_sin64.o [4]
__iar_cos_mediuml       0x08009e41     0x4  Code  Gb  cos_sin64.o [4]
__iar_dadd              0x08009551          Code  Gb  DblSub.o [4]
__iar_data_init3        0x0800a55d    0x28  Code  Gb  data_init.o [5]
__iar_dsub              0x08009635          Code  Gb  DblAdd.o [4]
__iar_dsubStart         0x08009647          Code  Gb  DblAdd.o [4]
__iar_globLocale        0x20000804    0x48  Data  Lc  xlocale_c.o [3]
__iar_global_Locale     0x080097c9     0x4  Code  Gb  xlocale_c.o [3]
__iar_init_vfp          0x0800a585          Code  Gb  fpinit_M.o [4]
__iar_lookup_ttioh      0x0800a551     0x4  Code  Gb  XShttio.o [3]
__iar_lz77_init_single3
                        0x08001193    0x7a  Code  Gb  lz77_init_single.o [5]
__iar_program_start     0x0800a621          Code  Gb  cstartup_M.o [5]
__iar_sin64             0x08009e45     0x4  Code  Gb  cos_sin64.o [4]
__iar_sin_medium        0x08009e45     0x4  Code  Gb  cos_sin64.o [4]
__iar_sin_medium64      0x08009e45     0x4  Code  Gb  cos_sin64.o [4]
__iar_sin_mediuml       0x08009e45     0x4  Code  Gb  cos_sin64.o [4]
__iar_sqrt64            0x08009415          Code  Gb  sqrt.o [4]
__iar_systems$$module {Abs}
                        0x00000001          Data  Gb  command line/config [2]
__iar_ttio_handles      0x2000084c     0x8  Data  Lc  XShttio.o [3]
__iar_vfp___iar_sqrt64  0x08009405          Code  Gb  sqrt.o [4]
__iar_vfp_asin          0x0800950d     0xc  Code  Gb  math_wrappers64.o [4]
__iar_vfp_atan2         0x08009519    0x10  Code  Gb  math_wrappers64.o [4]
__iar_vfp_cos           0x08009529     0xc  Code  Gb  math_wrappers64.o [4]
__iar_vfp_sin           0x08009535     0xc  Code  Gb  math_wrappers64.o [4]
__iar_vfp_sqrt          0x08009405          Code  Gb  sqrt.o [4]
__iar_vfp_sqrtl         0x08009405          Code  Gb  sqrt.o [4]
__iar_zero_init3        0x0800a4e5    0x40  Code  Gb  zero_init3.o [5]
__low_level_init        0x0800a5e7     0x4  Code  Gb  low_level_init.o [3]
__vector_table          0x08000000          Data  Gb  startup_stm32f407xx.o [1]
_buf_index              0x200050bc     0x4  Data  Lc  uwb1000.o [1]
_call_main              0x0800a5d5          Code  Gb  cmain.o [5]
_comma_index            0x200050c0     0x4  Data  Lc  uwb1000.o [1]
_data_cnt               0x20005ac8     0x4  Data  Lc  app_ano.o [1]
_data_cnt               0x20006090     0x4  Data  Lc  app_ros.o [1]
_data_cnt               0x20006064     0x4  Data  Lc  uwb1000.o [1]
_data_len               0x20005ac4     0x4  Data  Lc  app_ano.o [1]
_data_len               0x2000608c     0x4  Data  Lc  app_ros.o [1]
_data_len               0x20006060     0x4  Data  Lc  uwb1000.o [1]
_exit                   0x0800a5f1          Code  Gb  cexit.o [5]
_main                   0x0800a5e3          Code  Gb  cmain.o [5]
a                       0x0800a288    0x40  Data  Lc  iar_Atan64.o [4]
aRxBuffer1              0x200060b0     0x1  Data  Gb  usart_cfg.o [1]
aRxBuffer2              0x200060b1     0x1  Data  Gb  usart_cfg.o [1]
aRxBuffer3              0x200060b3     0x1  Data  Gb  usart_cfg.o [1]
aRxBuffer5              0x200060b2     0x1  Data  Gb  usart_cfg.o [1]
aRxBuffer6              0x200060b4     0x1  Data  Gb  usart_cfg.o [1]
accx_raw_bias_mps       0x20005984     0x4  Data  Gb  mpu9250.o [1]
accx_raw_mps            0x20005978     0x4  Data  Gb  mpu9250.o [1]
accy_raw_bias_mps       0x20005988     0x4  Data  Gb  mpu9250.o [1]
accy_raw_mps            0x2000597c     0x4  Data  Gb  mpu9250.o [1]
accz_raw_bias_mps       0x2000598c     0x4  Data  Gb  mpu9250.o [1]
accz_raw_mps            0x20005980     0x4  Data  Gb  mpu9250.o [1]
alt_d                   0x200059ec     0x4  Data  Gb  app_ano.o [1]
alt_i                   0x200059e8     0x4  Data  Gb  app_ano.o [1]
alt_p                   0x200059e4     0x4  Data  Gb  app_ano.o [1]
anchor                  0x20004de8   0x2d0  Data  Gb  uwb1000.o [1]
anchor_index            0x200050ba     0x1  Data  Gb  uwb1000.o [1]
ano_data_to_send        0x20005b3c    0x64  Data  Lc  app_ano.o [1]
ano_process             0x08000e61    0x46  Code  Gb  app_ano.o [1]
ano_process::delay_cnt  0x20005b38     0x4  Data  Lc  app_ano.o [1]
app_ano_time_consume_us
                        0x200060cc     0x4  Data  Gb  time.o [1]
app_backend_time_consume_us
                        0x200060d0     0x4  Data  Gb  time.o [1]
app_ctrl_thread         0x0800919d     0xa  Code  Gb  app_ctrl.o [1]
app_ins_thread          0x080088f1    0x68  Code  Gb  app_ins.o [1]
app_led_thread          0x08006371    0x92  Code  Gb  app_led.o [1]
app_ros_thread          0x08002b59    0x1e  Code  Gb  app_ros.o [1]
app_uwb_thread          0x0800936d     0x4  Code  Gb  app_uwb.o [1]
app_uwb_time_consume_us
                        0x200060d8     0x4  Data  Gb  time.o [1]
asin                    0x080097d1    0xf0  Code  Gb  asin64.o [4]
asinl                   0x080097d1    0xf0  Code  Gb  asin64.o [4]
atan2                   0x080098c1   0x13c  Code  Gb  atan2_64.o [4]
atan2l                  0x080098c1   0x13c  Code  Gb  atan2_64.o [4]
atoi                    0x08006c39     0x2  Code  Gb  iar_Stoulx.o [3]
attitude_ctrl           0x080091c5    0x4c  Code  Gb  app_ctrl.o [1]
control                 0x080091a7    0x1e  Code  Gb  app_ctrl.o [1]
cos                     0x08009e41     0x4  Code  Gb  cos_sin64.o [4]
cosl                    0x08009e41     0x4  Code  Gb  cos_sin64.o [4]
cycle_T                 0x20005430    0xf0  Data  Gb  time.o [1]
d1d2_convert_step       0x20006038     0x4  Data  Lc  ms5803.o [1]
data_from_ANO_updata    0x20005ad4     0x4  Data  Lc  app_ano.o [1]
data_from_ros_updata    0x20006094     0x4  Data  Lc  app_ros.o [1]
data_parse_state        0x2000605c     0x1  Data  Gb  uwb1000.o [1]
data_shift              0x080089cd    0x42  Code  Gb  app_ins.o [1]
data_shift_1            0x080089b5    0x18  Code  Gb  app_ins.o [1]
data_trans_with_ano     0x080005a3   0x16e  Code  Gb  app_ano.o [1]
defaultTaskHandle       0x20005fc8     0x4  Data  Gb  freertos.o [1]
det_t_s                 0x20006098    0x10  Data  Gb  time.o [1]
digits                  0x08006c44    0x28  Data  Lc  iar_Stoulx.o [3]
exit                    0x0800a5eb     0x4  Code  Gb  exit.o [3]
filter                  0x08008a11   0x2a0  Code  Gb  app_ins.o [1]
flash_byte_to_float     0x08001c09    0x26  Code  Gb  flash_on_chip.o [1]
flash_float_to_byte     0x08001c2f    0x16  Code  Gb  flash_on_chip.o [1]
flash_read_parameters   0x08001759   0x2d0  Code  Gb  flash_on_chip.o [1]
flash_save_parameters   0x08001419   0x340  Code  Gb  flash_on_chip.o [1]
get_cycle_time          0x08008859    0x50  Code  Gb  time.o [1]
get_data_from_ANO       0x20005acc     0x4  Data  Lc  app_ano.o [1]
get_sys_time_us         0x080088a9    0x22  Code  Gb  time.o [1]
gyrox_raw_bias_dps      0x2000599c     0x4  Data  Gb  mpu9250.o [1]
gyrox_raw_dps           0x20005990     0x4  Data  Gb  mpu9250.o [1]
gyroy_raw_bias_dps      0x200059a0     0x4  Data  Gb  mpu9250.o [1]
gyroy_raw_dps           0x20005994     0x4  Data  Gb  mpu9250.o [1]
gyroz_raw_bias_dps      0x200059a4     0x4  Data  Gb  mpu9250.o [1]
gyroz_raw_dps           0x20005998     0x4  Data  Gb  mpu9250.o [1]
hdma_spi1_rx            0x200056b0    0x60  Data  Gb  spi.o [1]
hdma_spi1_tx            0x20005710    0x60  Data  Gb  spi.o [1]
hdma_uart4_tx           0x200050c4    0x60  Data  Gb  usart.o [1]
hdma_uart5_tx           0x20005124    0x60  Data  Gb  usart.o [1]
hdma_usart1_tx          0x20005184    0x60  Data  Gb  usart.o [1]
hdma_usart2_tx          0x200051e4    0x60  Data  Gb  usart.o [1]
hdma_usart3_tx          0x20005244    0x60  Data  Gb  usart.o [1]
hdma_usart6_tx          0x200052a4    0x60  Data  Gb  usart.o [1]
hspi1                   0x20005bfc    0x58  Data  Gb  spi.o [1]
hspi2                   0x20005c54    0x58  Data  Gb  spi.o [1]
htim1                   0x20005ea4    0x3c  Data  Gb  tim.o [1]
htim14                  0x20005e68    0x3c  Data  Gb  stm32f4xx_hal_timebase_TIM.o [1]
htim2                   0x20005ee0    0x3c  Data  Gb  tim.o [1]
htim3                   0x20005f1c    0x3c  Data  Gb  tim.o [1]
htim4                   0x20005f58    0x3c  Data  Gb  tim.o [1]
huart1                  0x20005d2c    0x40  Data  Gb  usart.o [1]
huart2                  0x20005d6c    0x40  Data  Gb  usart.o [1]
huart3                  0x20005dac    0x40  Data  Gb  usart.o [1]
huart4                  0x20005cac    0x40  Data  Gb  usart.o [1]
huart5                  0x20005cec    0x40  Data  Gb  usart.o [1]
huart6                  0x20005dec    0x40  Data  Gb  usart.o [1]
ins_complementary_update
                        0x08008cb9   0x4b4  Code  Gb  app_ins.o [1]
ins_complementary_update::acc_exInt
                        0x2000003c     0x4  Data  Lc  app_ins.o [1]
ins_complementary_update::acc_eyInt
                        0x20000040     0x4  Data  Lc  app_ins.o [1]
ins_complementary_update::acc_ezInt
                        0x20000044     0x4  Data  Lc  app_ins.o [1]
ins_complementary_update::q0
                        0x2000002c     0x4  Data  Lc  app_ins.o [1]
ins_complementary_update::q1
                        0x20000030     0x4  Data  Lc  app_ins.o [1]
ins_complementary_update::q2
                        0x20000034     0x4  Data  Lc  app_ins.o [1]
ins_complementary_update::q3
                        0x20000038     0x4  Data  Lc  app_ins.o [1]
isspace                 0x08009371    0x14  Code  Gb  isspace.o [3]
led_init                0x08006403     0x4  Code  Gb  app_led.o [1]
magx                    0x200059a8     0x4  Data  Gb  mpu9250.o [1]
magx_fir_uT             0x20000614     0x4  Data  Gb  mpu9250.o [1]
magx_gain               0x200007c0     0x4  Data  Gb  mpu9250.o [1]
magx_offset             0x200007b4     0x4  Data  Gb  mpu9250.o [1]
magx_raw_uT             0x200000ec   0x1b8  Data  Gb  mpu9250.o [1]
magy                    0x200059ac     0x4  Data  Gb  mpu9250.o [1]
magy_fir_uT             0x20000618     0x4  Data  Gb  mpu9250.o [1]
magy_gain               0x200007c4     0x4  Data  Gb  mpu9250.o [1]
magy_offset             0x200007b8     0x4  Data  Gb  mpu9250.o [1]
magy_raw_uT             0x200002a4   0x1b8  Data  Gb  mpu9250.o [1]
magz                    0x200059b0     0x4  Data  Gb  mpu9250.o [1]
magz_fir_uT             0x2000061c     0x4  Data  Gb  mpu9250.o [1]
magz_gain               0x200007c8     0x4  Data  Gb  mpu9250.o [1]
magz_offset             0x200007bc     0x4  Data  Gb  mpu9250.o [1]
magz_raw_uT             0x2000045c   0x1b8  Data  Gb  mpu9250.o [1]
main                    0x08002261    0x6c  Code  Gb  main.o [1]
memchr                  0x08009399          Code  Gb  memchr.o [5]
motor1_output           0x200060b8     0x4  Data  Gb  motor_pwm.o [1]
motor2_output           0x200060bc     0x4  Data  Gb  motor_pwm.o [1]
motor3_output           0x200060c0     0x4  Data  Gb  motor_pwm.o [1]
motor4_output           0x200060c4     0x4  Data  Gb  motor_pwm.o [1]
motor_esc_init          0x080055d9    0xa4  Code  Gb  motor_pwm.o [1]
motor_pwm_set_value     0x0800567d    0x22  Code  Gb  motor_pwm.o [1]
mpu9250_time_consume_us
                        0x200060d4     0x4  Data  Gb  time.o [1]
mpu_data_ok             0x20005958     0x1  Data  Gb  mpu9250.o [1]
myBinarySem01MPU9250GyroAccCalibrateOffsetHandle
                        0x20005fe4     0x4  Data  Gb  freertos.o [1]
myBinarySem02LED1ONHandle
                        0x20005fe8     0x4  Data  Gb  freertos.o [1]
myBinarySem03LED2ONHandle
                        0x20005fec     0x4  Data  Gb  freertos.o [1]
myBinarySem04MPU9250MagCalibrateHandle
                        0x20005ff8     0x4  Data  Gb  freertos.o [1]
myBinarySem05LED1PulsateHandle
                        0x20005ff0     0x4  Data  Gb  freertos.o [1]
myBinarySem06LED2PulsateHandle
                        0x20005ff4     0x4  Data  Gb  freertos.o [1]
myTask02LEDHandle       0x20005fcc     0x4  Data  Gb  freertos.o [1]
myTask03COMHandle       0x20005fd0     0x4  Data  Gb  freertos.o [1]
myTask04MPU9250Handle   0x20005fd4     0x4  Data  Gb  freertos.o [1]
myTask05MS5803Handle    0x20005fd8     0x4  Data  Gb  freertos.o [1]
myTask06BackEndHandle   0x20005fdc     0x4  Data  Gb  freertos.o [1]
myTask07UWBHandle       0x20005fe0     0x4  Data  Gb  freertos.o [1]
ndigs                   0x08006c6c    0x28  Data  Lc  iar_Stoulx.o [3]
obtain_imu_data         0x08008959    0x5c  Code  Gb  app_ins.o [1]
osDelay                 0x08001083     0xe  Code  Gb  cmsis_os.o [1]
osKernelStart           0x08001049     0xa  Code  Gb  cmsis_os.o [1]
osSemaphoreCreate       0x08001091    0x2c  Code  Gb  cmsis_os.o [1]
osSemaphoreRelease      0x08001113    0x44  Code  Gb  cmsis_os.o [1]
osSemaphoreWait         0x080010bd    0x56  Code  Gb  cmsis_os.o [1]
osSystickHandler        0x08001157    0x14  Code  Gb  cmsis_os.o [1]
osThreadCreate          0x08001053    0x30  Code  Gb  cmsis_os.o [1]
pFlash                  0x20006068    0x20  Data  Gb  stm32f4xx_hal_flash.o [1]
parse_ready             0x2000605d     0x1  Data  Lc  uwb1000.o [1]
pid10_d                 0x20005a34     0x4  Data  Gb  app_ano.o [1]
pid10_i                 0x20005a30     0x4  Data  Gb  app_ano.o [1]
pid10_p                 0x20005a2c     0x4  Data  Gb  app_ano.o [1]
pid11_d                 0x20005ae0     0x4  Data  Gb  app_ano.o [1]
pid11_i                 0x20005a3c     0x4  Data  Gb  app_ano.o [1]
pid11_p                 0x20005a38     0x4  Data  Gb  app_ano.o [1]
pid12_d                 0x20005aec     0x4  Data  Gb  app_ano.o [1]
pid12_i                 0x20005ae8     0x4  Data  Gb  app_ano.o [1]
pid12_p                 0x20005ae4     0x4  Data  Gb  app_ano.o [1]
pid13_d                 0x20005af8     0x4  Data  Gb  app_ano.o [1]
pid13_i                 0x20005af4     0x4  Data  Gb  app_ano.o [1]
pid13_p                 0x20005af0     0x4  Data  Gb  app_ano.o [1]
pid14_d                 0x20005b04     0x4  Data  Gb  app_ano.o [1]
pid14_i                 0x20005b00     0x4  Data  Gb  app_ano.o [1]
pid14_p                 0x20005afc     0x4  Data  Gb  app_ano.o [1]
pid15_d                 0x20005b10     0x4  Data  Gb  app_ano.o [1]
pid15_i                 0x20005b0c     0x4  Data  Gb  app_ano.o [1]
pid15_p                 0x20005b08     0x4  Data  Gb  app_ano.o [1]
pid16_d                 0x20005b1c     0x4  Data  Gb  app_ano.o [1]
pid16_i                 0x20005b18     0x4  Data  Gb  app_ano.o [1]
pid16_p                 0x20005b14     0x4  Data  Gb  app_ano.o [1]
pid17_d                 0x20005b28     0x4  Data  Gb  app_ano.o [1]
pid17_i                 0x20005b24     0x4  Data  Gb  app_ano.o [1]
pid17_p                 0x20005b20     0x4  Data  Gb  app_ano.o [1]
pid18_d                 0x20005b34     0x4  Data  Gb  app_ano.o [1]
pid18_i                 0x20005b30     0x4  Data  Gb  app_ano.o [1]
pid18_p                 0x20005b2c     0x4  Data  Gb  app_ano.o [1]
pid6_d                  0x20005a04     0x4  Data  Gb  app_ano.o [1]
pid6_i                  0x20005a00     0x4  Data  Gb  app_ano.o [1]
pid6_p                  0x200059fc     0x4  Data  Gb  app_ano.o [1]
pid7_d                  0x20005a10     0x4  Data  Gb  app_ano.o [1]
pid7_i                  0x20005a0c     0x4  Data  Gb  app_ano.o [1]
pid7_p                  0x20005a08     0x4  Data  Gb  app_ano.o [1]
pid8_d                  0x20005a1c     0x4  Data  Gb  app_ano.o [1]
pid8_i                  0x20005a18     0x4  Data  Gb  app_ano.o [1]
pid8_p                  0x20005a14     0x4  Data  Gb  app_ano.o [1]
pid9_d                  0x20005a28     0x4  Data  Gb  app_ano.o [1]
pid9_i                  0x20005a24     0x4  Data  Gb  app_ano.o [1]
pid9_p                  0x20005a20     0x4  Data  Gb  app_ano.o [1]
pit_d                   0x200059d4     0x4  Data  Gb  app_ano.o [1]
pit_i                   0x200059d0     0x4  Data  Gb  app_ano.o [1]
pit_p                   0x200059cc     0x4  Data  Gb  app_ano.o [1]
pitch_input             0x20005ba8     0x4  Data  Gb  app_ctrl.o [1]
pos_d                   0x200059f8     0x4  Data  Gb  app_ano.o [1]
pos_i                   0x200059f4     0x4  Data  Gb  app_ano.o [1]
pos_p                   0x200059f0     0x4  Data  Gb  app_ano.o [1]
prvAddCurrentTaskToDelayedList
                        0x080032f1    0x64  Code  Lc  tasks.o [1]
prvAddNewTaskToReadyList
                        0x08002c77    0xe4  Code  Lc  tasks.o [1]
prvCopyDataFromQueue    0x080038f7    0x26  Code  Lc  queue.o [1]
prvCopyDataToQueue      0x0800388f    0x68  Code  Lc  queue.o [1]
prvIdleTask             0x08003111    0x6e  Code  Lc  tasks.o [1]
prvInsertBlockIntoFreeList
                        0x08006e0b    0x48  Code  Lc  heap_4.o [1]
prvResetNextTaskUnblockTime
                        0x0800317f    0x1c  Code  Lc  tasks.o [1]
prvTaskExitError        0x080039a9    0x28  Code  Lc  port.o [1]
prvUnlockQueue          0x0800391d    0x60  Code  Lc  queue.o [1]
pvPortMalloc            0x08006c95   0x11e  Code  Gb  heap_4.o [1]
pvTaskIncrementMutexHeldCount
                        0x080032c5    0x14  Code  Gb  tasks.o [1]
pxCurrentTCB            0x20005798     0x4  Data  Gb  tasks.o [1]
pxDelayedTaskList       0x2000579c     0x4  Data  Lc  tasks.o [1]
pxEnd                   0x2000085c     0x4  Data  Lc  heap_4.o [1]
pxOverflowDelayedTaskList
                        0x200057a0     0x4  Data  Lc  tasks.o [1]
pxPortInitialiseStack   0x08003981    0x26  Code  Gb  port.o [1]
pxReadyTasksLists       0x200058b0    0x8c  Data  Lc  tasks.o [1]
rc_d                    0x20005bc8     0x4  Data  Gb  app_ctrl.o [1]
rc_e                    0x20005bc0     0x4  Data  Gb  app_ctrl.o [1]
rc_g                    0x20005bc4     0x4  Data  Gb  app_ctrl.o [1]
rc_pitch                0x20005bb4     0x4  Data  Gb  app_ctrl.o [1]
rc_pitch_max            0x20005bd4     0x4  Data  Gb  app_ctrl.o [1]
rc_pitch_min            0x20005bd8     0x4  Data  Gb  app_ctrl.o [1]
rc_pitch_threshold      0x20005bf0     0x4  Data  Gb  app_ctrl.o [1]
rc_roll                 0x20005bb0     0x4  Data  Gb  app_ctrl.o [1]
rc_roll_max             0x20005bcc     0x4  Data  Gb  app_ctrl.o [1]
rc_roll_min             0x20005bd0     0x4  Data  Gb  app_ctrl.o [1]
rc_roll_threshold       0x20005bec     0x4  Data  Gb  app_ctrl.o [1]
rc_throttle             0x20005bb8     0x4  Data  Gb  app_ctrl.o [1]
rc_throttle_max         0x20005be4     0x4  Data  Gb  app_ctrl.o [1]
rc_throttle_min         0x20005be8     0x4  Data  Gb  app_ctrl.o [1]
rc_throttle_threshold   0x20005bf4     0x4  Data  Gb  app_ctrl.o [1]
rc_yaw                  0x20005bbc     0x4  Data  Gb  app_ctrl.o [1]
rc_yaw_max              0x20005bdc     0x4  Data  Gb  app_ctrl.o [1]
rc_yaw_min              0x20005be0     0x4  Data  Gb  app_ctrl.o [1]
rc_yaw_threshold        0x20005bf8     0x4  Data  Gb  app_ctrl.o [1]
read_data_from_inner_flash
                        0x20005adc     0x4  Data  Lc  app_ano.o [1]
remote_control_data_obtain
                        0x08009211   0x124  Code  Gb  app_ctrl.o [1]
rol_d                   0x200059c8     0x4  Data  Gb  app_ano.o [1]
rol_i                   0x200059c4     0x4  Data  Gb  app_ano.o [1]
rol_p                   0x200059c0     0x4  Data  Gb  app_ano.o [1]
roll_input              0x20005ba4     0x4  Data  Gb  app_ctrl.o [1]
ros_a_x                 0x20005e2c     0x4  Data  Gb  app_ros.o [1]
ros_a_y                 0x20005e30     0x4  Data  Gb  app_ros.o [1]
ros_a_z                 0x20005e34     0x4  Data  Gb  app_ros.o [1]
ros_b_x                 0x20005e38     0x4  Data  Gb  app_ros.o [1]
ros_b_y                 0x20005e3c     0x4  Data  Gb  app_ros.o [1]
ros_b_z                 0x20005e40     0x4  Data  Gb  app_ros.o [1]
ros_c_x                 0x20005e44     0x4  Data  Gb  app_ros.o [1]
ros_c_y                 0x20005e48     0x4  Data  Gb  app_ros.o [1]
ros_c_z                 0x20005e4c     0x4  Data  Gb  app_ros.o [1]
ros_d_x                 0x20005e50     0x4  Data  Gb  app_ros.o [1]
ros_d_y                 0x20005e54     0x4  Data  Gb  app_ros.o [1]
ros_d_z                 0x20005e58     0x4  Data  Gb  app_ros.o [1]
ros_data_receive_analyse
                        0x080026d5   0x270  Code  Gb  app_ros.o [1]
ros_data_receive_prepara
                        0x08002629    0xa8  Code  Gb  app_ros.o [1]
ros_data_to_send        0x20005520    0xc8  Data  Lc  app_ros.o [1]
ros_e_x                 0x20005e5c     0x4  Data  Gb  app_ros.o [1]
ros_e_y                 0x20005e60     0x4  Data  Gb  app_ros.o [1]
ros_e_z                 0x20005e64     0x4  Data  Gb  app_ros.o [1]
ros_send_15_data        0x08002949   0x210  Code  Gb  app_ros.o [1]
ros_sending             0x0800254d    0xdc  Code  Gb  app_ros.o [1]
save_arry               0x20005304   0x12c  Data  Gb  flash_on_chip.o [1]
send_pid_para           0x20005ad0     0x4  Data  Lc  app_ano.o [1]
simpdelay               0x08005731     0xe  Code  Lc  mpu9250.o [1]
sin                     0x08009e45     0x4  Code  Gb  cos_sin64.o [4]
sinl                    0x08009e45     0x4  Code  Gb  cos_sin64.o [4]
sqrt                    0x08009415          Code  Gb  sqrt.o [4]
sqrtl                   0x08009415          Code  Gb  sqrt.o [4]
state                   0x20005ac0     0x4  Data  Lc  app_ano.o [1]
state                   0x20006088     0x4  Data  Lc  app_ros.o [1]
sysTickUptime           0x200060a8     0x8  Data  Gb  time.o [1]
t_attitude              0x20000000    0x18  Data  Gb  app_ins.o [1]
t_body_x                0x2000446c   0x328  Data  Gb  app_ins.o [1]
t_body_y                0x20004794   0x328  Data  Gb  app_ins.o [1]
t_body_z                0x20004abc   0x328  Data  Gb  app_ins.o [1]
temp1                   0x20000020     0x4  Data  Gb  app_ins.o [1]
temp2                   0x20000024     0x4  Data  Gb  app_ins.o [1]
temp3                   0x20000028     0x4  Data  Gb  app_ins.o [1]
throttle_input          0x20005ba0     0x4  Data  Gb  app_ctrl.o [1]
time_consume            0x20005810    0xa0  Data  Gb  time.o [1]
time_inc_tick           0x080088cb    0x16  Code  Gb  time.o [1]
timer1_channel1_PE9_DiffCapture
                        0x20005a68     0x4  Data  Gb  rc_pwm.o [1]
timer1_channel1_PE9_IC1Value1
                        0x20005a60     0x4  Data  Gb  rc_pwm.o [1]
timer1_channel1_PE9_IC1Value2
                        0x20005a64     0x4  Data  Gb  rc_pwm.o [1]
timer1_channel2_PE11_DiffCapture
                        0x20005a74     0x4  Data  Gb  rc_pwm.o [1]
timer1_channel2_PE11_IC1Value1
                        0x20005a6c     0x4  Data  Gb  rc_pwm.o [1]
timer1_channel2_PE11_IC1Value2
                        0x20005a70     0x4  Data  Gb  rc_pwm.o [1]
timer1_channel3_PE13_DiffCapture
                        0x20005a80     0x4  Data  Gb  rc_pwm.o [1]
timer1_channel3_PE13_IC1Value1
                        0x20005a78     0x4  Data  Gb  rc_pwm.o [1]
timer1_channel3_PE13_IC1Value2
                        0x20005a7c     0x4  Data  Gb  rc_pwm.o [1]
timer1_channel4_PE14_DiffCapture
                        0x20005a8c     0x4  Data  Gb  rc_pwm.o [1]
timer1_channel4_PE14_IC1Value1
                        0x20005a84     0x4  Data  Gb  rc_pwm.o [1]
timer1_channel4_PE14_IC1Value2
                        0x20005a88     0x4  Data  Gb  rc_pwm.o [1]
timer2_channel1_PA5_DiffCapture
                        0x20005a98     0x4  Data  Gb  rc_pwm.o [1]
timer2_channel1_PA5_IC1Value1
                        0x20005a90     0x4  Data  Gb  rc_pwm.o [1]
timer2_channel1_PA5_IC1Value2
                        0x20005a94     0x4  Data  Gb  rc_pwm.o [1]
timer2_channel2_PA1_DiffCapture
                        0x20005aa4     0x4  Data  Gb  rc_pwm.o [1]
timer2_channel2_PA1_IC1Value1
                        0x20005a9c     0x4  Data  Gb  rc_pwm.o [1]
timer2_channel2_PA1_IC1Value2
                        0x20005aa0     0x4  Data  Gb  rc_pwm.o [1]
timer2_channel3_PB10_DiffCapture
                        0x20005ab0     0x4  Data  Gb  rc_pwm.o [1]
timer2_channel3_PB10_IC1Value1
                        0x20005aa8     0x4  Data  Gb  rc_pwm.o [1]
timer2_channel3_PB10_IC1Value2
                        0x20005aac     0x4  Data  Gb  rc_pwm.o [1]
timer2_channel4_PB11_DiffCapture
                        0x20005abc     0x4  Data  Gb  rc_pwm.o [1]
timer2_channel4_PB11_IC1Value1
                        0x20005ab4     0x4  Data  Gb  rc_pwm.o [1]
timer2_channel4_PB11_IC1Value2
                        0x20005ab8     0x4  Data  Gb  rc_pwm.o [1]
timer4_channel1_PD12_PWM_setvalue
                        0x0800569f    0x14  Code  Gb  motor_pwm.o [1]
timer4_channel2_PD13_PWM_setvalue
                        0x080056c7    0x20  Code  Gb  motor_pwm.o [1]
timer4_channel3_PD14_PWM_setvalue
                        0x080056e7    0x20  Code  Gb  motor_pwm.o [1]
timer4_channel4_PD15_PWM_setvalue
                        0x08005707    0x20  Code  Gb  motor_pwm.o [1]
tolower                 0x08009385    0x14  Code  Gb  tolower.o [3]
ucHeap                  0x2000086c  0x3c00  Data  Lc  heap_4.o [1]
ucMaxSysCallPriority    0x200007e8     0x1  Data  Lc  port.o [1]
ulMaxPRIGROUPValue      0x200007f0     0x4  Data  Lc  port.o [1]
uwTick                  0x200007f8     0x4  Data  Gb  stm32f4xx_hal.o [1]
uwTickFreq              0x200007f4     0x1  Data  Gb  stm32f4xx_hal.o [1]
uwTickPrio              0x200007fc     0x4  Data  Gb  stm32f4xx_hal.o [1]
uwb1000_buffer          0x20006040    0x1c  Data  Gb  uwb1000.o [1]
uwb1000_buffer_fill     0x0800247d    0x82  Code  Gb  uwb1000.o [1]
uwb1000_data_prepare    0x080023a1    0xdc  Code  Gb  uwb1000.o [1]
uwb1000_data_prepare::Sbuf
                        0x200050bb     0x1  Data  Lc  uwb1000.o [1]
uwb1000_str_find        0x08002509    0x3a  Code  Gb  uwb1000.o [1]
uxCriticalNesting       0x200007ec     0x4  Data  Lc  port.o [1]
uxCurrentNumberOfTasks  0x200057bc     0x4  Data  Lc  tasks.o [1]
uxDeletedTasksWaitingCleanUp
                        0x200057a4     0x4  Data  Lc  tasks.o [1]
uxListRemove            0x08006ec5    0x24  Code  Gb  list.o [1]
uxPendedTicks           0x200057cc     0x4  Data  Lc  tasks.o [1]
uxSchedulerSuspended    0x200057e0     0x4  Data  Lc  tasks.o [1]
uxTaskNumber            0x200057d8     0x4  Data  Lc  tasks.o [1]
uxTopReadyPriority      0x200057c4     0x4  Data  Lc  tasks.o [1]
vApplicationIdleHook    0x08006eeb     0x2  Code  Wk  freertos.o [1]
vApplicationTickHook    0x08006ee9     0x2  Code  Wk  freertos.o [1]
vListInitialise         0x08006e59    0x1a  Code  Gb  list.o [1]
vListInitialiseItem     0x08006e73     0x6  Code  Gb  list.o [1]
vListInsert             0x08006e91    0x34  Code  Gb  list.o [1]
vListInsertEnd          0x08006e79    0x18  Code  Gb  list.o [1]
vPortEnableVFP          0x08007021          Code  Gb  portasm.o [1]
vPortEnterCritical      0x08003a75    0x32  Code  Gb  port.o [1]
vPortExitCritical       0x08003aa7    0x22  Code  Gb  port.o [1]
vPortFree               0x08006db3    0x58  Code  Gb  heap_4.o [1]
vPortStartFirstTask     0x08007009          Code  Gb  portasm.o [1]
vPortValidateInterruptPriority
                        0x08003af1    0x44  Code  Gb  port.o [1]
vTaskDelay              0x08002d5b    0x42  Code  Gb  tasks.o [1]
vTaskMissedYield        0x08003103     0xa  Code  Gb  tasks.o [1]
vTaskPlaceOnEventList   0x08002fdf    0x26  Code  Gb  tasks.o [1]
vTaskPriorityInherit    0x080031b3    0x80  Code  Gb  tasks.o [1]
vTaskSetTimeOutState    0x08003079    0x20  Code  Gb  tasks.o [1]
vTaskStartScheduler     0x08002d9d    0x62  Code  Gb  tasks.o [1]
vTaskSuspendAll         0x08002dff     0xc  Code  Gb  tasks.o [1]
vTaskSwitchContext      0x08002f85    0x5a  Code  Gb  tasks.o [1]
write_data_to_inner_flash
                        0x20005ad8     0x4  Data  Lc  app_ano.o [1]
xBlockAllocatedBit      0x20000868     0x4  Data  Lc  heap_4.o [1]
xDelayedTaskList1       0x200057e4    0x14  Data  Lc  tasks.o [1]
xDelayedTaskList2       0x200057f8    0x14  Data  Lc  tasks.o [1]
xFreeBytesRemaining     0x20000860     0x4  Data  Lc  heap_4.o [1]
xIdleTaskHandle         0x2000580c     0x4  Data  Lc  tasks.o [1]
xMinimumEverFreeBytesRemaining
                        0x20000864     0x4  Data  Lc  heap_4.o [1]
xNextTaskUnblockTime    0x200057dc     0x4  Data  Lc  tasks.o [1]
xNumOfOverflows         0x200057d4     0x4  Data  Lc  tasks.o [1]
xPendingReadyList       0x20005770    0x14  Data  Lc  tasks.o [1]
xPortStartScheduler     0x080039d1    0xa4  Code  Gb  port.o [1]
xPortSysTickHandler     0x08003ac9    0x26  Code  Gb  port.o [1]
xQueueCreateCountingSemaphore
                        0x08003433    0x4e  Code  Gb  queue.o [1]
xQueueGenericCreate     0x080033eb    0x48  Code  Gb  queue.o [1]
xQueueGenericReceive    0x0800368d   0x176  Code  Gb  queue.o [1]
xQueueGenericReset      0x08003365    0x86  Code  Gb  queue.o [1]
xQueueGenericSend       0x08003481   0x15c  Code  Gb  queue.o [1]
xQueueGiveFromISR       0x080035f1    0x9c  Code  Gb  queue.o [1]
xQueueReceiveFromISR    0x08003803    0x8c  Code  Gb  queue.o [1]
xSchedulerRunning       0x200057c8     0x4  Data  Lc  tasks.o [1]
xStart                  0x20000854     0x8  Data  Lc  heap_4.o [1]
xSuspendedTaskList      0x200057a8    0x14  Data  Lc  tasks.o [1]
xTaskCheckForTimeOut    0x08003099    0x6a  Code  Gb  tasks.o [1]
xTaskCreate             0x08002bb5    0xc2  Code  Gb  tasks.o [1]
xTaskGetSchedulerState  0x0800319b    0x18  Code  Gb  tasks.o [1]
xTaskIncrementTick      0x08002eb7    0xce  Code  Gb  tasks.o [1]
xTaskPriorityDisinherit
                        0x08003233    0x92  Code  Gb  tasks.o [1]
xTaskRemoveFromEventList
                        0x0800300f    0x64  Code  Gb  tasks.o [1]
xTaskResumeAll          0x08002e0b    0xac  Code  Gb  tasks.o [1]
xTasksWaitingTermination
                        0x20005784    0x14  Data  Lc  tasks.o [1]
xTickCount              0x200057c0     0x4  Data  Lc  tasks.o [1]
xYieldPending           0x200057d0     0x4  Data  Lc  tasks.o [1]
yaw_d                   0x200059e0     0x4  Data  Gb  app_ano.o [1]
yaw_i                   0x200059dc     0x4  Data  Gb  app_ano.o [1]
yaw_input               0x20005bac     0x4  Data  Gb  app_ctrl.o [1]
yaw_p                   0x200059d8     0x4  Data  Gb  app_ano.o [1]


[1] = D:\WORK\DEVO\CODE\SFOX_ZERO\SFOX_ZERO\EWARM\SFOX_ZERO\Obj
[2] = command line
[3] = dl7M_tlf.a
[4] = m7M_tls.a
[5] = rt7M_tl.a
[6] = shb_l.a

  42 662 bytes of readonly  code memory
     652 bytes of readonly  data memory
  26 332 bytes of readwrite data memory

Errors: none
Warnings: none
