###############################################################################
#
# IAR ELF Linker V8.22.1.15669/W32 for ARM                20/Sep/2018  23:56:19
# Copyright 2007-2018 IAR Systems AB.
#
#    Output file  =  
#        D:\WORK\DEVO\CODE\SFOX_ZERO\SFOX_ZERO\EWARM\SFOX_ZERO\Exe\SFOX_ZERO.out
#    Map file     =  
#        D:\WORK\DEVO\CODE\SFOX_ZERO\SFOX_ZERO\EWARM\SFOX_ZERO\List\SFOX_ZERO.map
#    Command line =  
#        -f C:\Users\tsuig\AppData\Local\Temp\EWA5E8.tmp
#        (D:\WORK\DEVO\CODE\SFOX_ZERO\SFOX_ZERO\EWARM\SFOX_ZERO\Obj\app_ano.o
#        D:\WORK\DEVO\CODE\SFOX_ZERO\SFOX_ZERO\EWARM\SFOX_ZERO\Obj\app_ctrl.o
#        D:\WORK\DEVO\CODE\SFOX_ZERO\SFOX_ZERO\EWARM\SFOX_ZERO\Obj\app_ins.o
#        D:\WORK\DEVO\CODE\SFOX_ZERO\SFOX_ZERO\EWARM\SFOX_ZERO\Obj\app_ins_ekf_quaternion.o
#        D:\WORK\DEVO\CODE\SFOX_ZERO\SFOX_ZERO\EWARM\SFOX_ZERO\Obj\app_led.o
#        D:\WORK\DEVO\CODE\SFOX_ZERO\SFOX_ZERO\EWARM\SFOX_ZERO\Obj\app_ros.o
#        D:\WORK\DEVO\CODE\SFOX_ZERO\SFOX_ZERO\EWARM\SFOX_ZERO\Obj\app_uwb.o
#        D:\WORK\DEVO\CODE\SFOX_ZERO\SFOX_ZERO\EWARM\SFOX_ZERO\Obj\CMatrix.o
#        D:\WORK\DEVO\CODE\SFOX_ZERO\SFOX_ZERO\EWARM\SFOX_ZERO\Obj\cmsis_os.o
#        D:\WORK\DEVO\CODE\SFOX_ZERO\SFOX_ZERO\EWARM\SFOX_ZERO\Obj\croutine.o
#        D:\WORK\DEVO\CODE\SFOX_ZERO\SFOX_ZERO\EWARM\SFOX_ZERO\Obj\dma.o
#        D:\WORK\DEVO\CODE\SFOX_ZERO\SFOX_ZERO\EWARM\SFOX_ZERO\Obj\event_groups.o
#        D:\WORK\DEVO\CODE\SFOX_ZERO\SFOX_ZERO\EWARM\SFOX_ZERO\Obj\flash_on_chip.o
#        D:\WORK\DEVO\CODE\SFOX_ZERO\SFOX_ZERO\EWARM\SFOX_ZERO\Obj\freertos.o
#        D:\WORK\DEVO\CODE\SFOX_ZERO\SFOX_ZERO\EWARM\SFOX_ZERO\Obj\gpio.o
#        D:\WORK\DEVO\CODE\SFOX_ZERO\SFOX_ZERO\EWARM\SFOX_ZERO\Obj\heap_4.o
#        D:\WORK\DEVO\CODE\SFOX_ZERO\SFOX_ZERO\EWARM\SFOX_ZERO\Obj\list.o
#        D:\WORK\DEVO\CODE\SFOX_ZERO\SFOX_ZERO\EWARM\SFOX_ZERO\Obj\main.o
#        D:\WORK\DEVO\CODE\SFOX_ZERO\SFOX_ZERO\EWARM\SFOX_ZERO\Obj\motor_pwm.o
#        D:\WORK\DEVO\CODE\SFOX_ZERO\SFOX_ZERO\EWARM\SFOX_ZERO\Obj\mpu9250.o
#        D:\WORK\DEVO\CODE\SFOX_ZERO\SFOX_ZERO\EWARM\SFOX_ZERO\Obj\ms5803.o
#        D:\WORK\DEVO\CODE\SFOX_ZERO\SFOX_ZERO\EWARM\SFOX_ZERO\Obj\port.o
#        D:\WORK\DEVO\CODE\SFOX_ZERO\SFOX_ZERO\EWARM\SFOX_ZERO\Obj\portasm.o
#        D:\WORK\DEVO\CODE\SFOX_ZERO\SFOX_ZERO\EWARM\SFOX_ZERO\Obj\queue.o
#        D:\WORK\DEVO\CODE\SFOX_ZERO\SFOX_ZERO\EWARM\SFOX_ZERO\Obj\rc_pwm.o
#        D:\WORK\DEVO\CODE\SFOX_ZERO\SFOX_ZERO\EWARM\SFOX_ZERO\Obj\spi.o
#        D:\WORK\DEVO\CODE\SFOX_ZERO\SFOX_ZERO\EWARM\SFOX_ZERO\Obj\startup_stm32f407xx.o
#        D:\WORK\DEVO\CODE\SFOX_ZERO\SFOX_ZERO\EWARM\SFOX_ZERO\Obj\stm32f4xx_hal.o
#        D:\WORK\DEVO\CODE\SFOX_ZERO\SFOX_ZERO\EWARM\SFOX_ZERO\Obj\stm32f4xx_hal_cortex.o
#        D:\WORK\DEVO\CODE\SFOX_ZERO\SFOX_ZERO\EWARM\SFOX_ZERO\Obj\stm32f4xx_hal_dma.o
#        D:\WORK\DEVO\CODE\SFOX_ZERO\SFOX_ZERO\EWARM\SFOX_ZERO\Obj\stm32f4xx_hal_dma_ex.o
#        D:\WORK\DEVO\CODE\SFOX_ZERO\SFOX_ZERO\EWARM\SFOX_ZERO\Obj\stm32f4xx_hal_flash.o
#        D:\WORK\DEVO\CODE\SFOX_ZERO\SFOX_ZERO\EWARM\SFOX_ZERO\Obj\stm32f4xx_hal_flash_ex.o
#        D:\WORK\DEVO\CODE\SFOX_ZERO\SFOX_ZERO\EWARM\SFOX_ZERO\Obj\stm32f4xx_hal_flash_ramfunc.o
#        D:\WORK\DEVO\CODE\SFOX_ZERO\SFOX_ZERO\EWARM\SFOX_ZERO\Obj\stm32f4xx_hal_gpio.o
#        D:\WORK\DEVO\CODE\SFOX_ZERO\SFOX_ZERO\EWARM\SFOX_ZERO\Obj\stm32f4xx_hal_msp.o
#        D:\WORK\DEVO\CODE\SFOX_ZERO\SFOX_ZERO\EWARM\SFOX_ZERO\Obj\stm32f4xx_hal_pwr.o
#        D:\WORK\DEVO\CODE\SFOX_ZERO\SFOX_ZERO\EWARM\SFOX_ZERO\Obj\stm32f4xx_hal_pwr_ex.o
#        D:\WORK\DEVO\CODE\SFOX_ZERO\SFOX_ZERO\EWARM\SFOX_ZERO\Obj\stm32f4xx_hal_rcc.o
#        D:\WORK\DEVO\CODE\SFOX_ZERO\SFOX_ZERO\EWARM\SFOX_ZERO\Obj\stm32f4xx_hal_rcc_ex.o
#        D:\WORK\DEVO\CODE\SFOX_ZERO\SFOX_ZERO\EWARM\SFOX_ZERO\Obj\stm32f4xx_hal_spi.o
#        D:\WORK\DEVO\CODE\SFOX_ZERO\SFOX_ZERO\EWARM\SFOX_ZERO\Obj\stm32f4xx_hal_tim.o
#        D:\WORK\DEVO\CODE\SFOX_ZERO\SFOX_ZERO\EWARM\SFOX_ZERO\Obj\stm32f4xx_hal_tim_ex.o
#        D:\WORK\DEVO\CODE\SFOX_ZERO\SFOX_ZERO\EWARM\SFOX_ZERO\Obj\stm32f4xx_hal_timebase_TIM.o
#        D:\WORK\DEVO\CODE\SFOX_ZERO\SFOX_ZERO\EWARM\SFOX_ZERO\Obj\stm32f4xx_hal_uart.o
#        D:\WORK\DEVO\CODE\SFOX_ZERO\SFOX_ZERO\EWARM\SFOX_ZERO\Obj\stm32f4xx_it.o
#        D:\WORK\DEVO\CODE\SFOX_ZERO\SFOX_ZERO\EWARM\SFOX_ZERO\Obj\system_stm32f4xx.o
#        D:\WORK\DEVO\CODE\SFOX_ZERO\SFOX_ZERO\EWARM\SFOX_ZERO\Obj\tasks.o
#        D:\WORK\DEVO\CODE\SFOX_ZERO\SFOX_ZERO\EWARM\SFOX_ZERO\Obj\tim.o
#        D:\WORK\DEVO\CODE\SFOX_ZERO\SFOX_ZERO\EWARM\SFOX_ZERO\Obj\time.o
#        D:\WORK\DEVO\CODE\SFOX_ZERO\SFOX_ZERO\EWARM\SFOX_ZERO\Obj\timers.o
#        D:\WORK\DEVO\CODE\SFOX_ZERO\SFOX_ZERO\EWARM\SFOX_ZERO\Obj\usart.o
#        D:\WORK\DEVO\CODE\SFOX_ZERO\SFOX_ZERO\EWARM\SFOX_ZERO\Obj\usart_cfg.o
#        D:\WORK\DEVO\CODE\SFOX_ZERO\SFOX_ZERO\EWARM\SFOX_ZERO\Obj\uwb1000.o
#        --redirect _Printf=_PrintfFull --redirect _Scanf=_ScanfFull -o
#        D:\WORK\DEVO\CODE\SFOX_ZERO\SFOX_ZERO\EWARM\SFOX_ZERO\Exe\SFOX_ZERO.out
#        --map
#        D:\WORK\DEVO\CODE\SFOX_ZERO\SFOX_ZERO\EWARM\SFOX_ZERO\List\SFOX_ZERO.map
#        --config
#        D:\WORK\DEVO\CODE\SFOX_ZERO\SFOX_ZERO\EWARM/stm32f407xx_flash.icf
#        --semihosting --entry __iar_program_start "D:\Program Files (x86)\IAR
#        Systems\Embedded Workbench
#        8.0\arm\CMSIS\Lib\IAR\iar_cortexM4lf_math.a" --vfe --text_out locale)
#
###############################################################################

*******************************************************************************
*** RUNTIME MODEL ATTRIBUTES
***

CppFlavor       = *
__Heap_Handler  = DLMalloc
__SystemLibrary = DLib
__dlib_version  = 6


*******************************************************************************
*** HEAP SELECTION
***

The advanced heap was selected because the application calls memory
allocation functions outside of system library functions, and there
are calls to deallocation functions in the application.


*******************************************************************************
*** PLACEMENT SUMMARY
***

"A0":  place at 0x08000000 { ro section .intvec };
"P1":  place in [from 0x08000000 to 0x080fffff] { ro };
define block CSTACK with size = 1536, alignment = 8 { };
define block HEAP with size = 68K, alignment = 8 { };
"P2":  place in [from 0x20000000 to 0x2001ffff] {
          rw, block CSTACK, block HEAP };
initialize by copy { rw };

  Section            Kind        Address    Size  Object
  -------            ----        -------    ----  ------
"A0":                                      0x188
  .intvec            ro code  0x08000000   0x188  startup_stm32f407xx.o [1]
                            - 0x08000188   0x188

"P1":                                     0x8cf2
  .text              ro code  0x08000188   0xd48  app_ano.o [1]
  .text              ro code  0x08000ed0   0x168  usart_cfg.o [1]
  .text              ro code  0x08001038   0x128  cmsis_os.o [1]
  .text              ro code  0x08001160    0x22  S32ToDbl.o [4]
  .text              ro code  0x08001184   0x1a2  DblMul.o [4]
  .text              ro code  0x08001328    0x68  DblToFlt.o [4]
  .text              ro code  0x08001390   0x834  flash_on_chip.o [1]
  .text              ro code  0x08001bc4   0x620  stm32f4xx_hal_uart.o [1]
  .text              ro code  0x080021e4   0x13e  main.o [1]
  .text              ro code  0x08002324   0x1ac  uwb1000.o [1]
  .text              ro code  0x080024d0   0x668  app_ros.o [1]
  .text              ro code  0x08002b38   0x7b8  tasks.o [1]
  .text              ro code  0x080032f0   0x61c  queue.o [1]
  .text              ro code  0x0800390c   0x200  port.o [1]
  .text              ro code  0x08003b0c   0x21c  stm32f4xx_hal_flash.o [1]
  .text              ro code  0x08003d28   0x168  stm32f4xx_hal_flash_ex.o [1]
  .text              ro code  0x08003e90    0x28  stm32f4xx_hal.o [1]
  .text              ro code  0x08003eb8   0x584  usart.o [1]
  .text              ro code  0x0800443c   0x41c  stm32f4xx_hal_dma.o [1]
  .text              ro code  0x08004858     0x2  stm32f4xx_hal_uart.o [1]
  .text              ro code  0x0800485a     0x2  stm32f4xx_hal_uart.o [1]
  .text              ro code  0x0800485c     0x2  stm32f4xx_hal_uart.o [1]
  .text              ro code  0x08004860   0x1e4  stm32f4xx_hal_rcc.o [1]
  .text              ro code  0x08004a44    0x34  stm32f4xx_hal.o [1]
  .text              ro code  0x08004a78    0xb4  gpio.o [1]
  .text              ro code  0x08004b2c    0xb8  dma.o [1]
  .text              ro code  0x08004be4   0x20c  spi.o [1]
  .text              ro code  0x08004df0   0x470  tim.o [1]
  .text              ro code  0x08005260   0x31c  rc_pwm.o [1]
  .text              ro code  0x0800557c   0x158  motor_pwm.o [1]
  .text              ro code  0x080056d4   0x730  mpu9250.o [1]
  .text              ro code  0x08005e04   0x36c  ms5803.o [1]
  .text              ro code  0x08006170    0xc8  app_led.o [1]
  .text              ro code  0x08006238   0x2f8  freertos.o [1]
  .text              ro code  0x08006530   0x2fc  stm32f4xx_hal_rcc.o [1]
  .text              ro code  0x0800682c    0xdc  stm32f4xx_hal_cortex.o [1]
  .text              ro code  0x08006908    0x14  stm32f4xx_hal.o [1]
  .text              ro code  0x0800691c   0x174  iar_Stoulx.o [3]
  .text              ro code  0x08006a90   0x1c4  heap_4.o [1]
  .text              ro code  0x08006c54    0x90  list.o [1]
  .text              ro code  0x08006ce4     0x2  freertos.o [1]
  .text              ro code  0x08006ce6     0x2  freertos.o [1]
  .text              ro code  0x08006ce8    0xa6  ABImemcpy.o [5]
  CODE               ro code  0x08006d90    0xa8  portasm.o [1]
  .text              ro code  0x08006e38     0xc  stm32f4xx_hal.o [1]
  .text              ro code  0x08006e44   0x200  stm32f4xx_hal_gpio.o [1]
  .text              ro code  0x08007044    0x80  stm32f4xx_hal_timebase_TIM.o [1]
  .text              ro code  0x080070c4   0x272  I64DivMod.o [5]
  .text              ro code  0x08007338    0x94  stm32f4xx_hal_msp.o [1]
  .text              ro code  0x080073cc   0xa86  stm32f4xx_hal_spi.o [1]
  .text              ro code  0x08007e54   0x768  stm32f4xx_hal_tim.o [1]
  .text              ro code  0x080085bc    0x4e  stm32f4xx_hal_tim_ex.o [1]
  .text              ro code  0x0800860c    0x58  S64ToFlt.o [4]
  .text              ro code  0x08008664    0x48  FltToDbl.o [4]
  .text              ro code  0x080086ac    0x98  time.o [1]
  .text              ro code  0x08008744   0x1d0  app_ctrl.o [1]
  .text              ro code  0x08008914     0x4  app_uwb.o [1]
  .text              ro code  0x08008918    0x14  isspace.o [3]
  .text              ro code  0x0800892c    0x14  tolower.o [3]
  .text              ro code  0x08008940    0x58  memchr.o [5]
  .text              ro code  0x08008998     0x2  I64DivZer.o [5]
  .text              ro code  0x0800899a     0x2  stm32f4xx_hal_spi.o [1]
  .text              ro code  0x0800899c     0x2  stm32f4xx_hal_spi.o [1]
  .text              ro code  0x0800899e     0x2  stm32f4xx_hal_spi.o [1]
  .text              ro code  0x080089a0     0x2  stm32f4xx_hal_spi.o [1]
  .text              ro code  0x080089a2     0x2  stm32f4xx_hal_tim.o [1]
  .text              ro code  0x080089a4     0x2  stm32f4xx_hal_tim.o [1]
  .text              ro code  0x080089a6     0x2  stm32f4xx_hal_tim_ex.o [1]
  .text              ro code  0x080089a8     0x2  stm32f4xx_hal_tim.o [1]
  .text              ro code  0x080089aa     0x2  stm32f4xx_hal_tim_ex.o [1]
  .text              ro code  0x080089ac    0x34  xlocale_c.o [3]
  .text              ro code  0x080089e0    0xd0  stm32f4xx_it.o [1]
  .rodata            const    0x08008ab0    0x60  freertos.o [1]
  .text              ro code  0x08008b10    0x60  system_stm32f4xx.o [1]
  .text              ro code  0x08008b70    0x40  zero_init3.o [5]
  .text              ro code  0x08008bb0    0x38  packbits_init_single.o [5]
  .text              ro code  0x08008be8    0x2c  iarttio.o [6]
  .text              ro code  0x08008c14     0xc  XShttio.o [3]
  .text              ro code  0x08008c20    0x28  data_init.o [5]
  .text              ro code  0x08008c48    0x22  fpinit_M.o [4]
  .iar.init_table    const    0x08008c6c    0x20  - Linker created -
  .text              ro code  0x08008c8c    0x1e  cmain.o [5]
  .text              ro code  0x08008caa     0x4  low_level_init.o [3]
  .text              ro code  0x08008cae     0x4  exit.o [3]
  .text              ro code  0x08008cb4     0xa  cexit.o [5]
  .text              ro code  0x08008cc0    0x14  exit.o [6]
  .text              ro code  0x08008cd4    0x10  startup_stm32f407xx.o [1]
  .text              ro code  0x08008ce4     0xc  cstartup_M.o [5]
  .rodata            const    0x08008cf0     0x8  system_stm32f4xx.o [1]
  .text              ro code  0x08008cf8     0x4  startup_stm32f407xx.o [1]
  .text              ro code  0x08008cfc     0x4  startup_stm32f407xx.o [1]
  .text              ro code  0x08008d00     0x4  startup_stm32f407xx.o [1]
  .text              ro code  0x08008d04     0x4  startup_stm32f407xx.o [1]
  .text              ro code  0x08008d08     0x4  startup_stm32f407xx.o [1]
  .text              ro code  0x08008d0c     0x4  startup_stm32f407xx.o [1]
  .text              ro code  0x08008d10     0x4  startup_stm32f407xx.o [1]
  .text              ro code  0x08008d14     0x4  startup_stm32f407xx.o [1]
  .text              ro code  0x08008d18     0x4  startup_stm32f407xx.o [1]
  .text              ro code  0x08008d1c     0x4  startup_stm32f407xx.o [1]
  .text              ro code  0x08008d20     0x4  startup_stm32f407xx.o [1]
  .text              ro code  0x08008d24     0x4  startup_stm32f407xx.o [1]
  .text              ro code  0x08008d28     0x4  startup_stm32f407xx.o [1]
  .text              ro code  0x08008d2c     0x4  startup_stm32f407xx.o [1]
  .text              ro code  0x08008d30     0x4  startup_stm32f407xx.o [1]
  .text              ro code  0x08008d34     0x4  startup_stm32f407xx.o [1]
  .text              ro code  0x08008d38     0x4  startup_stm32f407xx.o [1]
  .text              ro code  0x08008d3c     0x4  startup_stm32f407xx.o [1]
  .text              ro code  0x08008d40     0x4  startup_stm32f407xx.o [1]
  .text              ro code  0x08008d44     0x4  startup_stm32f407xx.o [1]
  .text              ro code  0x08008d48     0x4  startup_stm32f407xx.o [1]
  .text              ro code  0x08008d4c     0x4  startup_stm32f407xx.o [1]
  .text              ro code  0x08008d50     0x4  startup_stm32f407xx.o [1]
  .text              ro code  0x08008d54     0x4  startup_stm32f407xx.o [1]
  .text              ro code  0x08008d58     0x4  startup_stm32f407xx.o [1]
  .text              ro code  0x08008d5c     0x4  startup_stm32f407xx.o [1]
  .text              ro code  0x08008d60     0x4  startup_stm32f407xx.o [1]
  .text              ro code  0x08008d64     0x4  startup_stm32f407xx.o [1]
  .text              ro code  0x08008d68     0x4  startup_stm32f407xx.o [1]
  .text              ro code  0x08008d6c     0x4  startup_stm32f407xx.o [1]
  .text              ro code  0x08008d70     0x4  startup_stm32f407xx.o [1]
  .text              ro code  0x08008d74     0x4  startup_stm32f407xx.o [1]
  .text              ro code  0x08008d78     0x4  startup_stm32f407xx.o [1]
  .text              ro code  0x08008d7c     0x4  startup_stm32f407xx.o [1]
  .text              ro code  0x08008d80     0x4  startup_stm32f407xx.o [1]
  .text              ro code  0x08008d84     0x4  startup_stm32f407xx.o [1]
  .text              ro code  0x08008d88     0x4  startup_stm32f407xx.o [1]
  .text              ro code  0x08008d8c     0x4  startup_stm32f407xx.o [1]
  .text              ro code  0x08008d90     0x4  startup_stm32f407xx.o [1]
  .text              ro code  0x08008d94     0x4  startup_stm32f407xx.o [1]
  .text              ro code  0x08008d98     0x4  startup_stm32f407xx.o [1]
  .text              ro code  0x08008d9c     0x4  startup_stm32f407xx.o [1]
  .text              ro code  0x08008da0     0x4  startup_stm32f407xx.o [1]
  .text              ro code  0x08008da4     0x4  startup_stm32f407xx.o [1]
  .text              ro code  0x08008da8     0x4  startup_stm32f407xx.o [1]
  .text              ro code  0x08008dac     0x4  startup_stm32f407xx.o [1]
  .text              ro code  0x08008db0     0x4  startup_stm32f407xx.o [1]
  .text              ro code  0x08008db4     0x4  startup_stm32f407xx.o [1]
  .text              ro code  0x08008db8     0x4  startup_stm32f407xx.o [1]
  .text              ro code  0x08008dbc     0x4  startup_stm32f407xx.o [1]
  .text              ro code  0x08008dc0     0x4  startup_stm32f407xx.o [1]
  .text              ro code  0x08008dc4     0x4  startup_stm32f407xx.o [1]
  .text              ro code  0x08008dc8     0x4  startup_stm32f407xx.o [1]
  .text              ro code  0x08008dcc     0x4  startup_stm32f407xx.o [1]
  .text              ro code  0x08008dd0     0x4  startup_stm32f407xx.o [1]
  .text              ro code  0x08008dd4     0x4  startup_stm32f407xx.o [1]
  .text              ro code  0x08008dd8     0x4  startup_stm32f407xx.o [1]
  .text              ro code  0x08008ddc     0x4  startup_stm32f407xx.o [1]
  .text              ro code  0x08008de0     0x4  startup_stm32f407xx.o [1]
  .text              ro code  0x08008de4     0x4  startup_stm32f407xx.o [1]
  .text              ro code  0x08008de8     0x4  startup_stm32f407xx.o [1]
  .text              ro code  0x08008dec     0x4  startup_stm32f407xx.o [1]
  .text              ro code  0x08008df0     0x4  startup_stm32f407xx.o [1]
  .rodata            const    0x08008df4     0x2  xlocale_c.o [3]
  .rodata            const    0x08008df6     0x0  zero_init3.o [5]
  .rodata            const    0x08008df6     0x0  packbits_init_single.o [5]
  Initializer bytes  const    0x08008df6    0x76  <for P2-1>
                            - 0x08008e6c  0x8ce4

"P2", part 1 of 3:                         0x14c
  P2-1                        0x20000000   0x14c  <Init block>
    .data            inited   0x20000000    0x60  app_ins_ekf_quaternion.o [1]
    .data            inited   0x20000060    0x80  mpu9250.o [1]
    .data            inited   0x200000e0     0xc  port.o [1]
    .data            inited   0x200000ec     0xc  stm32f4xx_hal.o [1]
    .data            inited   0x200000f8     0x4  system_stm32f4xx.o [1]
    .data            inited   0x200000fc    0x48  xlocale_c.o [3]
    .data            inited   0x20000144     0x8  XShttio.o [3]
                            - 0x2000014c   0x14c

"P2", part 2 of 3:                        0x4ec8
  .bss               zero     0x2000014c  0x3c18  heap_4.o [1]
  .bss               zero     0x20003d68   0x2dc  uwb1000.o [1]
  .bss               zero     0x20004044   0x240  usart.o [1]
  .bss               zero     0x20004284   0x12c  flash_on_chip.o [1]
  .bss               zero     0x200043b0    0xf0  time.o [1]
  .bss               zero     0x200044a0    0xc8  app_ros.o [1]
  .bss               zero     0x20004568    0xc8  app_ros.o [1]
  .bss               zero     0x20004630    0xc0  spi.o [1]
  .bss               zero     0x200046f0    0xa0  tasks.o [1]
  .bss               zero     0x20004790    0xa0  time.o [1]
  .bss               zero     0x20004830    0x8c  tasks.o [1]
  .bss               zero     0x200048bc    0x80  app_ano.o [1]
  .bss               zero     0x2000493c    0x80  rc_pwm.o [1]
  .bss               zero     0x200049bc    0x7c  app_ano.o [1]
  .bss               zero     0x20004a38    0x64  app_ano.o [1]
  .bss               zero     0x20004a9c    0x5c  app_ctrl.o [1]
  .bss               zero     0x20004af8    0x58  spi.o [1]
  .bss               zero     0x20004b50    0x58  spi.o [1]
  .bss               zero     0x20004ba8    0x40  mpu9250.o [1]
  .bss               zero     0x20004be8    0x40  usart.o [1]
  .bss               zero     0x20004c28    0x40  usart.o [1]
  .bss               zero     0x20004c68    0x40  usart.o [1]
  .bss               zero     0x20004ca8    0x40  usart.o [1]
  .bss               zero     0x20004ce8    0x40  usart.o [1]
  .bss               zero     0x20004d28    0x40  usart.o [1]
  .bss               zero     0x20004d68    0x3c  app_ros.o [1]
  .bss               zero     0x20004da4    0x3c  stm32f4xx_hal_timebase_TIM.o [1]
  .bss               zero     0x20004de0    0x3c  tim.o [1]
  .bss               zero     0x20004e1c    0x3c  tim.o [1]
  .bss               zero     0x20004e58    0x3c  tim.o [1]
  .bss               zero     0x20004e94    0x3c  tim.o [1]
  .bss               zero     0x20004ed0    0x34  app_ano.o [1]
  .bss               zero     0x20004f04    0x34  freertos.o [1]
  .bss               zero     0x20004f38    0x30  ms5803.o [1]
  .bss               zero     0x20004f68    0x28  uwb1000.o [1]
  .bss               zero     0x20004f90    0x20  stm32f4xx_hal_flash.o [1]
  .bss               zero     0x20004fb0    0x14  flash_on_chip.o [1]
  .bss               zero     0x20004fc4    0x10  app_ros.o [1]
  .bss               zero     0x20004fd4    0x10  time.o [1]
  .bss               zero     0x20004fe4     0x4  motor_pwm.o [1]
  .bss               zero     0x20004fe8     0x8  time.o [1]
  .bss               zero     0x20004ff0     0x5  usart_cfg.o [1]
  .bss               zero     0x20004ff8     0x4  motor_pwm.o [1]
  .bss               zero     0x20004ffc     0x4  motor_pwm.o [1]
  .bss               zero     0x20005000     0x4  motor_pwm.o [1]
  .bss               zero     0x20005004     0x4  time.o [1]
  .bss               zero     0x20005008     0x4  time.o [1]
  .bss               zero     0x2000500c     0x4  time.o [1]
  .bss               zero     0x20005010     0x4  time.o [1]
                            - 0x20005014  0x4ec8

"P2", part 3 of 3:                         0x600
  CSTACK                      0x20005018   0x600  <Block>
    CSTACK           uninit   0x20005018   0x600  <Block tail>
                            - 0x20005618   0x600


*******************************************************************************
*** INIT TABLE
***

          Address     Size
          -------     ----
Zero (__iar_zero_init3)
    1 destination range, total size 0x4ec8:
          0x2000014c  0x4ec8

Copy/packbits (__iar_packbits_init_single3)
    1 source range, total size 0x76 (35% of destination):
          0x08008df6    0x76
    1 destination range, total size 0x14c:
          0x20000000   0x14c



*******************************************************************************
*** MODULE SUMMARY
***

    Module                        ro code  ro data  rw data
    ------                        -------  -------  -------
D:\WORK\DEVO\CODE\SFOX_ZERO\SFOX_ZERO\EWARM\SFOX_ZERO\Obj: [1]
    app_ano.o                       3 400               404
    app_ctrl.o                        464                92
    app_ins_ekf_quaternion.o                    34       96
    app_led.o                         200
    app_ros.o                       1 640               476
    app_uwb.o                           4
    cmsis_os.o                        296
    dma.o                             184
    flash_on_chip.o                 2 100               320
    freertos.o                        764       96       52
    gpio.o                            180
    heap_4.o                          452            15 384
    list.o                            144
    main.o                            318
    motor_pwm.o                       344                16
    mpu9250.o                       1 840       45      192
    ms5803.o                          876                48
    port.o                            512        4       12
    portasm.o                         168
    queue.o                         1 564
    rc_pwm.o                          796               128
    spi.o                             524               368
    startup_stm32f407xx.o             660
    stm32f4xx_hal.o                   124        5       12
    stm32f4xx_hal_cortex.o            220
    stm32f4xx_hal_dma.o             1 052
    stm32f4xx_hal_flash.o             540                32
    stm32f4xx_hal_flash_ex.o          360
    stm32f4xx_hal_gpio.o              512
    stm32f4xx_hal_msp.o               148
    stm32f4xx_hal_rcc.o             1 248
    stm32f4xx_hal_spi.o             2 702
    stm32f4xx_hal_tim.o             1 902
    stm32f4xx_hal_tim_ex.o             82
    stm32f4xx_hal_timebase_TIM.o      128                60
    stm32f4xx_hal_uart.o            1 574
    stm32f4xx_it.o                    208
    system_stm32f4xx.o                 96        9        4
    tasks.o                         1 976               300
    tim.o                           1 136               240
    time.o                            152               440
    usart.o                         1 412               960
    usart_cfg.o                       360                 5
    uwb1000.o                         428               772
    -------------------------------------------------------
    Total:                         33 790      193   20 413

command line: [2]
    -------------------------------------------------------
    Total:

dl7M_tlf.a: [3]
    XShttio.o                          12        3        8
    exit.o                              4
    iar_Stoulx.o                      372
    isspace.o                          20
    low_level_init.o                    4
    tolower.o                          20
    xlocale_c.o                        52       28       72
    -------------------------------------------------------
    Total:                            484       31       80

m7M_tls.a: [4]
    DblMul.o                          418
    DblToFlt.o                        104
    FltToDbl.o                         72
    S32ToDbl.o                         34
    S64ToFlt.o                         88
    fpinit_M.o                         34
    -------------------------------------------------------
    Total:                            750

rt7M_tl.a: [5]
    ABImemcpy.o                       166
    I64DivMod.o                       626
    I64DivZer.o                         2
    cexit.o                            10
    cmain.o                            30
    cstartup_M.o                       12
    data_init.o                        40
    memchr.o                           88
    packbits_init_single.o             56
    zero_init3.o                       64
    -------------------------------------------------------
    Total:                          1 094

shb_l.a: [6]
    exit.o                             20
    iarttio.o                          44
    -------------------------------------------------------
    Total:                             64

    Gaps                               20        2        7
    Linker created                              32    1 536
-----------------------------------------------------------
    Grand Total:                   36 202      258   22 036


*******************************************************************************
*** ENTRY LIST
***

Entry                      Address    Size  Type      Object
-----                      -------    ----  ----      ------
.iar.init_table$$Base   0x08008c6c           --   Gb  - Linker created -
.iar.init_table$$Limit  0x08008c8c           --   Gb  - Linker created -
?main                   0x08008c8d          Code  Gb  cmain.o [5]
AHBPrescTable           0x08008b60    0x10  Data  Gb  system_stm32f4xx.o [1]
ANCHOR_INDEX            0x20004038     0x2  Data  Gb  uwb1000.o [1]
ANO_DT_Data_Receive_Anl
                        0x08000791   0x68a  Code  Gb  app_ano.o [1]
ANO_DT_Send_Check       0x08000e1b    0x26  Code  Gb  app_ano.o [1]
ANO_DT_Send_PID         0x08000441   0x13a  Code  Gb  app_ano.o [1]
ANO_data_receive_prepara
                        0x080006f9    0x96  Code  Gb  app_ano.o [1]
ANO_send_15_data        0x0800027d   0x1c2  Code  Gb  app_ano.o [1]
ANO_sending             0x08000189    0xf4  Code  Gb  app_ano.o [1]
APBPrescTable           0x08008cf0     0x8  Data  Gb  system_stm32f4xx.o [1]
BusFault_Handler        0x080089e7     0x2  Code  Gb  stm32f4xx_it.o [1]
CSTACK$$Base            0x20005018           --   Gb  - Linker created -
CSTACK$$Limit           0x20005618           --   Gb  - Linker created -
DMA1_Stream3_IRQHandler
                        0x080089fb     0x6  Code  Gb  stm32f4xx_it.o [1]
DMA1_Stream4_IRQHandler
                        0x08008a01     0x6  Code  Gb  stm32f4xx_it.o [1]
DMA1_Stream6_IRQHandler
                        0x08008a07     0x6  Code  Gb  stm32f4xx_it.o [1]
DMA1_Stream7_IRQHandler
                        0x08008a37     0x6  Code  Gb  stm32f4xx_it.o [1]
DMA2_Stream0_IRQHandler
                        0x08008a49     0x6  Code  Gb  stm32f4xx_it.o [1]
DMA2_Stream3_IRQHandler
                        0x08008a4f     0x6  Code  Gb  stm32f4xx_it.o [1]
DMA2_Stream6_IRQHandler
                        0x08008a55     0x6  Code  Gb  stm32f4xx_it.o [1]
DMA2_Stream7_IRQHandler
                        0x08008a5b     0x6  Code  Gb  stm32f4xx_it.o [1]
DMA_CalcBaseAndBitshift
                        0x08004815    0x2c  Code  Lc  stm32f4xx_hal_dma.o [1]
DMA_CalcBaseAndBitshift::flagBitshiftOffset
                        0x08004850     0x8  Data  Lc  stm32f4xx_hal_dma.o [1]
DebugMon_Handler        0x080089eb     0x2  Code  Gb  stm32f4xx_it.o [1]
EraseInitStruct         0x20004fb0    0x14  Data  Gb  flash_on_chip.o [1]
FLASH_Erase_Sector      0x08003de5    0x4e  Code  Gb  stm32f4xx_hal_flash_ex.o [1]
FLASH_FlushCaches       0x08003e33    0x50  Code  Gb  stm32f4xx_hal_flash_ex.o [1]
FLASH_MassErase         0x08003dc5    0x20  Code  Lc  stm32f4xx_hal_flash_ex.o [1]
FLASH_Program_Byte      0x08003c93    0x1e  Code  Lc  stm32f4xx_hal_flash.o [1]
FLASH_Program_DoubleWord
                        0x08003c29    0x26  Code  Lc  stm32f4xx_hal_flash.o [1]
FLASH_Program_HalfWord  0x08003c71    0x22  Code  Lc  stm32f4xx_hal_flash.o [1]
FLASH_Program_Word      0x08003c4f    0x22  Code  Lc  stm32f4xx_hal_flash.o [1]
FLASH_SetErrorCode      0x08003cb1    0x60  Code  Lc  stm32f4xx_hal_flash.o [1]
FLASH_WaitForLastOperation
                        0x08003bdd    0x44  Code  Gb  stm32f4xx_hal_flash.o [1]
FLASHinit               0x080019a1    0x14  Code  Gb  flash_on_chip.o [1]
HAL_DMA_Abort           0x080045b7    0x8c  Code  Gb  stm32f4xx_hal_dma.o [1]
HAL_DMA_Abort_IT        0x08004643    0x24  Code  Gb  stm32f4xx_hal_dma.o [1]
HAL_DMA_IRQHandler      0x08004667   0x1aa  Code  Gb  stm32f4xx_hal_dma.o [1]
HAL_DMA_Init            0x0800443d    0xec  Code  Gb  stm32f4xx_hal_dma.o [1]
HAL_DMA_Start_IT        0x08004529    0x8e  Code  Gb  stm32f4xx_hal_dma.o [1]
HAL_Delay               0x08003e91    0x28  Code  Wk  stm32f4xx_hal.o [1]
HAL_FLASHEx_Erase       0x08003d29    0x9c  Code  Gb  stm32f4xx_hal_flash_ex.o [1]
HAL_FLASH_Lock          0x08003bcf     0x8  Code  Gb  stm32f4xx_hal_flash.o [1]
HAL_FLASH_Program       0x08003b0d    0xa6  Code  Gb  stm32f4xx_hal_flash.o [1]
HAL_FLASH_Unlock        0x08003bb3    0x1c  Code  Gb  stm32f4xx_hal_flash.o [1]
HAL_GPIO_Init           0x08006e45   0x1ae  Code  Gb  stm32f4xx_hal_gpio.o [1]
HAL_GPIO_ReadPin        0x08006ff3    0x10  Code  Gb  stm32f4xx_hal_gpio.o [1]
HAL_GPIO_TogglePin      0x0800700f     0x8  Code  Gb  stm32f4xx_hal_gpio.o [1]
HAL_GPIO_WritePin       0x08007003     0xc  Code  Gb  stm32f4xx_hal_gpio.o [1]
HAL_GetTick             0x08006e39     0xc  Code  Wk  stm32f4xx_hal.o [1]
HAL_IncTick             0x08006909    0x14  Code  Wk  stm32f4xx_hal.o [1]
HAL_Init                0x08004a45    0x30  Code  Gb  stm32f4xx_hal.o [1]
HAL_InitTick            0x08007045    0x70  Code  Gb  stm32f4xx_hal_timebase_TIM.o [1]
HAL_MspInit             0x08007339    0x94  Code  Gb  stm32f4xx_hal_msp.o [1]
HAL_NVIC_EnableIRQ      0x08006899     0xa  Code  Gb  stm32f4xx_hal_cortex.o [1]
HAL_NVIC_SetPriority    0x08006847    0x52  Code  Gb  stm32f4xx_hal_cortex.o [1]
HAL_NVIC_SetPriorityGrouping
                        0x0800682d    0x1a  Code  Gb  stm32f4xx_hal_cortex.o [1]
HAL_RCC_ClockConfig     0x08004861   0x110  Code  Gb  stm32f4xx_hal_rcc.o [1]
HAL_RCC_GetClockConfig  0x0800499b    0x38  Code  Gb  stm32f4xx_hal_rcc.o [1]
HAL_RCC_GetHCLKFreq     0x08004971     0x6  Code  Gb  stm32f4xx_hal_rcc.o [1]
HAL_RCC_GetPCLK1Freq    0x08004977    0x10  Code  Gb  stm32f4xx_hal_rcc.o [1]
HAL_RCC_GetPCLK2Freq    0x08004987     0xe  Code  Gb  stm32f4xx_hal_rcc.o [1]
HAL_RCC_OscConfig       0x08006531   0x2fc  Code  Wk  stm32f4xx_hal_rcc.o [1]
HAL_SPI_DMAStop         0x08007b57    0x28  Code  Gb  stm32f4xx_hal_spi.o [1]
HAL_SPI_IRQHandler      0x08007b7f    0xf8  Code  Gb  stm32f4xx_hal_spi.o [1]
HAL_SPI_Init            0x080073cd    0x80  Code  Gb  stm32f4xx_hal_spi.o [1]
HAL_SPI_MspInit         0x08004c69   0x12c  Code  Gb  spi.o [1]
HAL_SPI_Receive         0x08007627   0x13e  Code  Gb  stm32f4xx_hal_spi.o [1]
HAL_SPI_Receive_DMA     0x0800799b    0xc6  Code  Gb  stm32f4xx_hal_spi.o [1]
HAL_SPI_RxCpltCallback  0x0800599f    0x20  Code  Gb  mpu9250.o [1]
HAL_SPI_Transmit        0x0800744d   0x1da  Code  Gb  stm32f4xx_hal_spi.o [1]
HAL_SPI_TransmitReceive
                        0x08007765   0x236  Code  Gb  stm32f4xx_hal_spi.o [1]
HAL_SPI_TransmitReceive_DMA
                        0x08007a61    0xee  Code  Gb  stm32f4xx_hal_spi.o [1]
HAL_SYSTICK_CLKSourceConfig
                        0x080068cf    0x1a  Code  Gb  stm32f4xx_hal_cortex.o [1]
HAL_SYSTICK_Config      0x080068ad    0x22  Code  Gb  stm32f4xx_hal_cortex.o [1]
HAL_TIMEx_BreakCallback
                        0x080089a7     0x2  Code  Wk  stm32f4xx_hal_tim_ex.o [1]
HAL_TIMEx_CommutationCallback
                        0x080089ab     0x2  Code  Wk  stm32f4xx_hal_tim_ex.o [1]
HAL_TIMEx_MasterConfigSynchronization
                        0x080085bd    0x4e  Code  Gb  stm32f4xx_hal_tim_ex.o [1]
HAL_TIM_Base_Init       0x08007e55    0x20  Code  Gb  stm32f4xx_hal_tim.o [1]
HAL_TIM_Base_Start_IT   0x08007e75    0x16  Code  Gb  stm32f4xx_hal_tim.o [1]
HAL_TIM_IC_CaptureCallback
                        0x080052b3   0x2ac  Code  Gb  rc_pwm.o [1]
HAL_TIM_IC_ConfigChannel
                        0x080080cb   0x11a  Code  Gb  stm32f4xx_hal_tim.o [1]
HAL_TIM_IC_Init         0x08007efd    0x20  Code  Gb  stm32f4xx_hal_tim.o [1]
HAL_TIM_IC_MspInit      0x080050a3    0xb6  Code  Gb  tim.o [1]
HAL_TIM_IC_Start_IT     0x08007f1d    0x3a  Code  Gb  stm32f4xx_hal_tim.o [1]
HAL_TIM_IRQHandler      0x08007f81   0x14a  Code  Gb  stm32f4xx_hal_tim.o [1]
HAL_TIM_MspPostInit     0x0800519b    0x66  Code  Gb  tim.o [1]
HAL_TIM_PWM_ConfigChannel
                        0x080081e5    0xd2  Code  Gb  stm32f4xx_hal_tim.o [1]
HAL_TIM_PWM_Init        0x08007eb7    0x20  Code  Gb  stm32f4xx_hal_tim.o [1]
HAL_TIM_PWM_MspInit     0x08005159    0x42  Code  Gb  tim.o [1]
HAL_TIM_PWM_Start       0x08007ed7    0x26  Code  Gb  stm32f4xx_hal_tim.o [1]
HAL_TIM_PeriodElapsedCallback
                        0x080022fb     0xe  Code  Gb  main.o [1]
HAL_TIM_ReadCapturedValue
                        0x080082c3    0x44  Code  Gb  stm32f4xx_hal_tim.o [1]
HAL_UART_IRQHandler     0x08001cf9   0x158  Code  Gb  stm32f4xx_hal_uart.o [1]
HAL_UART_Init           0x08001bc5    0x44  Code  Gb  stm32f4xx_hal_uart.o [1]
HAL_UART_MspInit        0x08003ff9   0x3be  Code  Gb  usart.o [1]
HAL_UART_Receive_IT     0x08001c23    0x48  Code  Gb  stm32f4xx_hal_uart.o [1]
HAL_UART_RxCpltCallback
                        0x08000f43    0x78  Code  Gb  usart_cfg.o [1]
HAL_UART_Transmit_DMA   0x08001c7f    0x7a  Code  Gb  stm32f4xx_hal_uart.o [1]
HardFault_Handler       0x080089e3     0x2  Code  Gb  stm32f4xx_it.o [1]
MPU9250_Check           0x0800587b    0xd4  Code  Gb  mpu9250.o [1]
MPU9250_ERROR           0x20004bdc     0x4  Data  Gb  mpu9250.o [1]
MPU9250_Handler         0x20000080     0x4  Data  Gb  mpu9250.o [1]
MPU9250_Init            0x08005829    0x52  Code  Gb  mpu9250.o [1]
MPU9250_Mag_ReadReg     0x080057d7    0x52  Code  Gb  mpu9250.o [1]
MPU9250_Mag_WriteReg    0x08005781    0x56  Code  Gb  mpu9250.o [1]
MPU9250_ReadReg         0x080056e3    0x4e  Code  Gb  mpu9250.o [1]
MPU9250_WriteReg        0x08005731    0x50  Code  Gb  mpu9250.o [1]
MPU9250_data_buffer     0x20000060    0x1c  Data  Gb  mpu9250.o [1]
MPU9250_data_push       0x08005bd9   0x136  Code  Gb  mpu9250.o [1]
MPU9250_gyro_acc_calibrate_offset_func
                        0x080059c1   0x10a  Code  Gb  mpu9250.o [1]
MPU9250_gyro_acc_calibrate_offset_func::cnt_g
                        0x20004ba8     0x2  Data  Lc  mpu9250.o [1]
MPU9250_gyro_acc_calibrate_offset_func::gyrox_high
                        0x20004be4     0x4  Data  Lc  mpu9250.o [1]
MPU9250_gyro_acc_calibrate_offset_func::gyrox_low
                        0x20004be0     0x4  Data  Lc  mpu9250.o [1]
MPU9250_gyro_acc_calibrate_offset_func::tempAcc
                        0x20004bb8     0xc  Data  Lc  mpu9250.o [1]
MPU9250_gyro_acc_calibrate_offset_func::tempGyro
                        0x20004bac     0xc  Data  Lc  mpu9250.o [1]
MPU9250_mag_calibrate   0x08005acb   0x10e  Code  Gb  mpu9250.o [1]
MPU9250_mag_calibrate::cnt
                        0x200000d8     0x4  Data  Lc  mpu9250.o [1]
MPU9250_mag_calibrate::magx_high
                        0x200000c4     0x4  Data  Lc  mpu9250.o [1]
MPU9250_mag_calibrate::magx_low
                        0x200000c0     0x4  Data  Lc  mpu9250.o [1]
MPU9250_mag_calibrate::magy_high
                        0x200000cc     0x4  Data  Lc  mpu9250.o [1]
MPU9250_mag_calibrate::magy_low
                        0x200000c8     0x4  Data  Lc  mpu9250.o [1]
MPU9250_mag_calibrate::magz_high
                        0x200000d4     0x4  Data  Lc  mpu9250.o [1]
MPU9250_mag_calibrate::magz_low
                        0x200000d0     0x4  Data  Lc  mpu9250.o [1]
MPU9250_process         0x08005d15    0xa6  Code  Gb  mpu9250.o [1]
MPU9250_process::MPU9250MagCalibrateStart
                        0x200000dc     0x4  Data  Lc  mpu9250.o [1]
MPU9250_read_raw_data   0x08005951    0x4e  Code  Gb  mpu9250.o [1]
MS5803_C1               0x20004f38     0x2  Data  Gb  ms5803.o [1]
MS5803_C2               0x20004f3a     0x2  Data  Gb  ms5803.o [1]
MS5803_C3               0x20004f3c     0x2  Data  Gb  ms5803.o [1]
MS5803_C4               0x20004f3e     0x2  Data  Gb  ms5803.o [1]
MS5803_C5               0x20004f40     0x2  Data  Gb  ms5803.o [1]
MS5803_C6               0x20004f42     0x2  Data  Gb  ms5803.o [1]
MS5803_D1               0x20004f58     0x4  Data  Gb  ms5803.o [1]
MS5803_D2               0x20004f5c     0x4  Data  Gb  ms5803.o [1]
MS5803_Handler          0x20004f64     0x4  Data  Gb  ms5803.o [1]
MS5803_Init             0x08005e05    0xb0  Code  Gb  ms5803.o [1]
MS5803_ReadRegs         0x080060e9    0x42  Code  Gb  ms5803.o [1]
MS5803_WriteReg         0x0800612b    0x2e  Code  Gb  ms5803.o [1]
MS5803_caculate         0x08005ec1   0x1ba  Code  Gb  ms5803.o [1]
MS5803_pressure         0x20004f48     0x8  Data  Gb  ms5803.o [1]
MS5803_process          0x08005eb5     0xc  Code  Gb  ms5803.o [1]
MS5803_read_data        0x0800607b    0x6e  Code  Gb  ms5803.o [1]
MS5803_temperature      0x20004f50     0x8  Data  Gb  ms5803.o [1]
MX_DMA_Init             0x08004b2d    0xb8  Code  Gb  dma.o [1]
MX_FREERTOS_Init        0x08006239   0x12a  Code  Gb  freertos.o [1]
MX_GPIO_Init            0x08004a79    0xb4  Code  Gb  gpio.o [1]
MX_SPI1_Init            0x08004be5    0x3e  Code  Gb  spi.o [1]
MX_SPI2_Init            0x08004c23    0x3e  Code  Gb  spi.o [1]
MX_TIM1_Init            0x08004df1    0xb0  Code  Gb  tim.o [1]
MX_TIM2_Init            0x08004ea1    0xae  Code  Gb  tim.o [1]
MX_TIM3_Init            0x08004f4f    0xa6  Code  Gb  tim.o [1]
MX_TIM4_Init            0x08004ff5    0xa4  Code  Gb  tim.o [1]
MX_UART4_Init           0x08003eb9    0x34  Code  Gb  usart.o [1]
MX_UART5_Init           0x08003eed    0x34  Code  Gb  usart.o [1]
MX_USART1_UART_Init     0x08003f29    0x34  Code  Gb  usart.o [1]
MX_USART2_UART_Init     0x08003f5d    0x34  Code  Gb  usart.o [1]
MX_USART3_UART_Init     0x08003f91    0x34  Code  Gb  usart.o [1]
MX_USART6_UART_Init     0x08003fc5    0x34  Code  Gb  usart.o [1]
MemManage_Handler       0x080089e5     0x2  Code  Gb  stm32f4xx_it.o [1]
NMI_Handler             0x080089e1     0x2  Code  Gb  stm32f4xx_it.o [1]
PendSV_Handler          0x08006d91          Code  Gb  portasm.o [1]
RC_PWM                  0x2000493c    0x20  Data  Gb  rc_pwm.o [1]
RC_PWM_init             0x08005261    0x52  Code  Gb  rc_pwm.o [1]
ReadTheFLASH            0x08001b61    0x20  Code  Gb  flash_on_chip.o [1]
Region$$Table$$Base     0x08008c6c           --   Gb  - Linker created -
Region$$Table$$Limit    0x08008c8c           --   Gb  - Linker created -
RxBuffer                0x20004ed0    0x34  Data  Lc  app_ano.o [1]
RxBuffer                0x20004568    0xc8  Data  Lc  app_ros.o [1]
SPI1_IRQHandler         0x08008a19     0x6  Code  Gb  stm32f4xx_it.o [1]
SPI_DMAAbortOnError     0x08007db5     0xc  Code  Lc  stm32f4xx_hal_spi.o [1]
SPI_DMAError            0x08007d95    0x1e  Code  Lc  stm32f4xx_hal_spi.o [1]
SPI_DMAHalfReceiveCplt  0x08007d85     0x6  Code  Lc  stm32f4xx_hal_spi.o [1]
SPI_DMAHalfTransmitReceiveCplt
                        0x08007d8d     0x6  Code  Lc  stm32f4xx_hal_spi.o [1]
SPI_DMAReceiveCplt      0x08007c79    0x4e  Code  Lc  stm32f4xx_hal_spi.o [1]
SPI_DMATransmitReceiveCplt
                        0x08007cc9    0xba  Code  Lc  stm32f4xx_hal_spi.o [1]
SPI_WaitFlagStateUntilTimeout
                        0x08007dc1    0x92  Code  Lc  stm32f4xx_hal_spi.o [1]
SVC_Handler             0x08006de9          Code  Gb  portasm.o [1]
StartDefaultTask        0x08006363     0xa  Code  Gb  freertos.o [1]
StartTask02LED          0x0800636d     0x8  Code  Gb  freertos.o [1]
StartTask03COM          0x08006375    0x40  Code  Gb  freertos.o [1]
StartTask04MPU9250      0x080063b5    0x3a  Code  Gb  freertos.o [1]
StartTask05MS5803       0x080063ef     0xe  Code  Gb  freertos.o [1]
StartTask06BackEnd      0x080063fd    0x3a  Code  Gb  freertos.o [1]
StartTask07UWB          0x08006437    0x3a  Code  Gb  freertos.o [1]
SysTick_Handler         0x080089ed     0xe  Code  Gb  stm32f4xx_it.o [1]
SystemClock_Config      0x08002251    0xaa  Code  Gb  main.o [1]
SystemCoreClock         0x200000f8     0x4  Data  Gb  system_stm32f4xx.o [1]
SystemInit              0x08008b11    0x3a  Code  Gb  system_stm32f4xx.o [1]
TIM1_CC_IRQHandler      0x08008a0d     0x6  Code  Gb  stm32f4xx_it.o [1]
TIM2_IRQHandler         0x08008a13     0x6  Code  Gb  stm32f4xx_it.o [1]
TIM8_TRG_COM_TIM14_IRQHandler
                        0x08008a31     0x6  Code  Gb  stm32f4xx_it.o [1]
TIM_Base_SetConfig      0x08008307    0x98  Code  Gb  stm32f4xx_hal_tim.o [1]
TIM_OC1_SetConfig       0x08008465    0x52  Code  Lc  stm32f4xx_hal_tim.o [1]
TIM_OC2_SetConfig       0x0800840d    0x56  Code  Gb  stm32f4xx_hal_tim.o [1]
TIM_OC3_SetConfig       0x080084b7    0x52  Code  Lc  stm32f4xx_hal_tim.o [1]
TIM_OC4_SetConfig       0x0800850f    0x48  Code  Lc  stm32f4xx_hal_tim.o [1]
TIM_TI1_SetConfig       0x0800839f    0x6c  Code  Gb  stm32f4xx_hal_tim.o [1]
TIM_TI2_SetConfig       0x08008585    0x36  Code  Lc  stm32f4xx_hal_tim.o [1]
UART4_IRQHandler        0x08008a3d     0x6  Code  Gb  stm32f4xx_it.o [1]
UART5_IRQHandler        0x08008a43     0x6  Code  Gb  stm32f4xx_it.o [1]
UART_DMAAbortOnError    0x08001efd     0xc  Code  Lc  stm32f4xx_hal_uart.o [1]
UART_DMAError           0x08001e85    0x5c  Code  Lc  stm32f4xx_hal_uart.o [1]
UART_DMATransmitCplt    0x08001e51    0x2a  Code  Lc  stm32f4xx_hal_uart.o [1]
UART_DMATxHalfCplt      0x08001e7d     0x6  Code  Lc  stm32f4xx_hal_uart.o [1]
UART_EndRxTransfer      0x08001ee1    0x1c  Code  Lc  stm32f4xx_hal_uart.o [1]
UART_Receive_IT         0x08001f09    0x8c  Code  Lc  stm32f4xx_hal_uart.o [1]
UART_SetConfig          0x08001f95   0x23e  Code  Lc  stm32f4xx_hal_uart.o [1]
USART1_DMA_send_data    0x08000fbb     0xa  Code  Gb  usart_cfg.o [1]
USART1_IRQHandler       0x08008a1f     0x6  Code  Gb  stm32f4xx_it.o [1]
USART2_IRQHandler       0x08008a25     0x6  Code  Gb  stm32f4xx_it.o [1]
USART3_IRQHandler       0x08008a2b     0x6  Code  Gb  stm32f4xx_it.o [1]
USART4_DMA_send_data    0x08000fc5     0xa  Code  Gb  usart_cfg.o [1]
USART6_IRQHandler       0x08008a61     0x6  Code  Gb  stm32f4xx_it.o [1]
USART_init              0x08000ed1    0x72  Code  Gb  usart_cfg.o [1]
UpdateTheFLASH          0x080019b5    0x92  Code  Gb  flash_on_chip.o [1]
UsageFault_Handler      0x080089e9     0x2  Code  Gb  stm32f4xx_it.o [1]
_Error_Handler          0x08002321     0x2  Code  Gb  main.o [1]
_LocaleC_isspace        0x080089b9    0x14  Code  Gb  xlocale_c.o [3]
_LocaleC_isupper        0x080089ad     0x2  Code  Gb  xlocale_c.o [3]
_LocaleC_tolower        0x080089cd     0xc  Code  Gb  xlocale_c.o [3]
__aeabi_d2f             0x08001329          Code  Gb  DblToFlt.o [4]
__aeabi_dmul            0x08001185          Code  Gb  DblMul.o [4]
__aeabi_f2d             0x08008665          Code  Gb  FltToDbl.o [4]
__aeabi_i2d             0x08001161          Code  Gb  S32ToDbl.o [4]
__aeabi_l2f             0x0800860d          Code  Gb  S64ToFlt.o [4]
__aeabi_ldiv0           0x08008999          Code  Gb  I64DivZer.o [5]
__aeabi_ldivmod         0x080070c5          Code  Gb  I64DivMod.o [5]
__aeabi_memcpy          0x08006ce9          Code  Gb  ABImemcpy.o [5]
__aeabi_memcpy4         0x08006d09          Code  Gb  ABImemcpy.o [5]
__aeabi_memcpy8         0x08006d09          Code  Gb  ABImemcpy.o [5]
__aeabi_uldivmod        0x08007109          Code  Gb  I64DivMod.o [5]
__cmain                 0x08008c8d          Code  Gb  cmain.o [5]
__exit                  0x08008cc1    0x14  Code  Gb  exit.o [6]
__iar_Memchr            0x08008941          Code  Gb  memchr.o [5]
__iar_Stoulx            0x0800691d   0x112  Code  Gb  iar_Stoulx.o [3]
__iar_close_ttio        0x08008be9    0x2c  Code  Gb  iarttio.o [6]
__iar_data_init3        0x08008c21    0x28  Code  Gb  data_init.o [5]
__iar_globLocale        0x200000fc    0x48  Data  Lc  xlocale_c.o [3]
__iar_global_Locale     0x080089d9     0x4  Code  Gb  xlocale_c.o [3]
__iar_init_vfp          0x08008c49          Code  Gb  fpinit_M.o [4]
__iar_lookup_ttioh      0x08008c15     0x4  Code  Gb  XShttio.o [3]
__iar_packbits_init_single3
                        0x08008bb1    0x38  Code  Gb  packbits_init_single.o [5]
__iar_program_start     0x08008ce5          Code  Gb  cstartup_M.o [5]
__iar_systems$$module {Abs}
                        0x00000001          Data  Gb  command line/config [2]
__iar_ttio_handles      0x20000144     0x8  Data  Lc  XShttio.o [3]
__iar_zero_init3        0x08008b71    0x40  Code  Gb  zero_init3.o [5]
__low_level_init        0x08008cab     0x4  Code  Gb  low_level_init.o [3]
__vector_table          0x08000000          Data  Gb  startup_stm32f407xx.o [1]
_buf_index              0x2000403c     0x4  Data  Lc  uwb1000.o [1]
_call_main              0x08008c99          Code  Gb  cmain.o [5]
_comma_index            0x20004040     0x4  Data  Lc  uwb1000.o [1]
_data_cnt               0x200049c4     0x4  Data  Lc  app_ano.o [1]
_data_cnt               0x20004fcc     0x4  Data  Lc  app_ros.o [1]
_data_cnt               0x20004f8c     0x4  Data  Lc  uwb1000.o [1]
_data_len               0x200049c0     0x4  Data  Lc  app_ano.o [1]
_data_len               0x20004fc8     0x4  Data  Lc  app_ros.o [1]
_data_len               0x20004f88     0x4  Data  Lc  uwb1000.o [1]
_exit                   0x08008cb5          Code  Gb  cexit.o [5]
_main                   0x08008ca7          Code  Gb  cmain.o [5]
aRxBuffer1              0x20004ff0     0x1  Data  Gb  usart_cfg.o [1]
aRxBuffer2              0x20004ff1     0x1  Data  Gb  usart_cfg.o [1]
aRxBuffer3              0x20004ff3     0x1  Data  Gb  usart_cfg.o [1]
aRxBuffer5              0x20004ff2     0x1  Data  Gb  usart_cfg.o [1]
aRxBuffer6              0x20004ff4     0x1  Data  Gb  usart_cfg.o [1]
accx_raw_bias_mps       0x20004bc4     0x4  Data  Gb  mpu9250.o [1]
accx_raw_mps            0x20000084     0x4  Data  Gb  mpu9250.o [1]
accy_raw_bias_mps       0x20004bc8     0x4  Data  Gb  mpu9250.o [1]
accy_raw_mps            0x20000088     0x4  Data  Gb  mpu9250.o [1]
accz_raw_bias_mps       0x20004bcc     0x4  Data  Gb  mpu9250.o [1]
accz_raw_mps            0x2000008c     0x4  Data  Gb  mpu9250.o [1]
alt_d                   0x200048e8     0x4  Data  Gb  app_ano.o [1]
alt_i                   0x200048e4     0x4  Data  Gb  app_ano.o [1]
alt_p                   0x200048e0     0x4  Data  Gb  app_ano.o [1]
anchor                  0x20003d68   0x2d0  Data  Gb  uwb1000.o [1]
anchor_index            0x2000403a     0x1  Data  Gb  uwb1000.o [1]
ano_data_to_send        0x20004a38    0x64  Data  Lc  app_ano.o [1]
ano_process             0x08000e41    0x46  Code  Gb  app_ano.o [1]
ano_process::delay_cnt  0x20004a34     0x4  Data  Lc  app_ano.o [1]
app_ano_time_consume_us
                        0x20005004     0x4  Data  Gb  time.o [1]
app_backend_time_consume_us
                        0x20005008     0x4  Data  Gb  time.o [1]
app_ctrl_thread         0x08008745     0xa  Code  Gb  app_ctrl.o [1]
app_led_thread          0x08006171    0x92  Code  Gb  app_led.o [1]
app_ros_thread          0x08002add    0x1e  Code  Gb  app_ros.o [1]
app_uwb_thread          0x08008915     0x4  Code  Gb  app_uwb.o [1]
app_uwb_time_consume_us
                        0x20005010     0x4  Data  Gb  time.o [1]
atoi                    0x08006a35     0x2  Code  Gb  iar_Stoulx.o [3]
attitude_ctrl           0x0800876d    0x4c  Code  Gb  app_ctrl.o [1]
control                 0x0800874f    0x1e  Code  Gb  app_ctrl.o [1]
cycle_T                 0x200043b0    0xf0  Data  Gb  time.o [1]
d1d2_convert_step       0x20004f60     0x4  Data  Lc  ms5803.o [1]
data_from_ANO_updata    0x200049d0     0x4  Data  Lc  app_ano.o [1]
data_from_ros_updata    0x20004fd0     0x4  Data  Lc  app_ros.o [1]
data_parse_state        0x20004f84     0x1  Data  Gb  uwb1000.o [1]
data_trans_with_ano     0x08000585   0x16e  Code  Gb  app_ano.o [1]
defaultTaskHandle       0x20004f04     0x4  Data  Gb  freertos.o [1]
det_t_s                 0x20004fd4    0x10  Data  Gb  time.o [1]
digits                  0x08006a40    0x28  Data  Lc  iar_Stoulx.o [3]
ekf_P                   0x20000054     0xc  Data  Gb  app_ins_ekf_quaternion.o [1]
ekf_basedon_quaternion::RunOnce
                        0x20000044     0x4  Data  Lc  app_ins_ekf_quaternion.o [1]
ekf_sigmas_accelBias_process_noise_mps2
                        0x20000034     0x4  Data  Gb  app_ins_ekf_quaternion.o [1]
ekf_sigmas_accel_bias_mps2
                        0x20000020     0x4  Data  Gb  app_ins_ekf_quaternion.o [1]
ekf_sigmas_gyroBias_process_noise_rps
                        0x20000030     0x4  Data  Gb  app_ins_ekf_quaternion.o [1]
ekf_sigmas_gyro_bias_rps
                        0x2000001c     0x4  Data  Gb  app_ins_ekf_quaternion.o [1]
ekf_sigmas_mag3D_unitVector_meas
                        0x20000038     0x4  Data  Gb  app_ins_ekf_quaternion.o [1]
ekf_sigmas_pos_meas_m   0x2000003c     0x4  Data  Gb  app_ins_ekf_quaternion.o [1]
ekf_sigmas_pos_process_noise_m
                        0x20000028     0x4  Data  Gb  app_ins_ekf_quaternion.o [1]
ekf_sigmas_quad_process_noise
                        0x20000024     0x4  Data  Gb  app_ins_ekf_quaternion.o [1]
ekf_sigmas_vel_meas_m   0x20000040     0x4  Data  Gb  app_ins_ekf_quaternion.o [1]
ekf_sigmas_vel_process_noise_mps
                        0x2000002c     0x4  Data  Gb  app_ins_ekf_quaternion.o [1]
ekf_xhat                0x20000048     0xc  Data  Gb  app_ins_ekf_quaternion.o [1]
exit                    0x08008caf     0x4  Code  Gb  exit.o [3]
flash_byte_to_float     0x08001b81    0x2e  Code  Gb  flash_on_chip.o [1]
flash_float_to_byte     0x08001baf    0x16  Code  Gb  flash_on_chip.o [1]
flash_read_parameters   0x080016d1   0x2d0  Code  Gb  flash_on_chip.o [1]
flash_save_parameters   0x08001391   0x340  Code  Gb  flash_on_chip.o [1]
get_cycle_time          0x080086ad    0x50  Code  Gb  time.o [1]
get_data_from_ANO       0x200049c8     0x4  Data  Lc  app_ano.o [1]
get_sys_time_us         0x080086fd    0x22  Code  Gb  time.o [1]
gravity_mps2            0x2000000c     0x4  Data  Gb  app_ins_ekf_quaternion.o [1]
gyrox_raw_bias_dps      0x20004bd0     0x4  Data  Gb  mpu9250.o [1]
gyrox_raw_dps           0x20000090     0x4  Data  Gb  mpu9250.o [1]
gyroy_raw_bias_dps      0x20004bd4     0x4  Data  Gb  mpu9250.o [1]
gyroy_raw_dps           0x20000094     0x4  Data  Gb  mpu9250.o [1]
gyroz_raw_bias_dps      0x20004bd8     0x4  Data  Gb  mpu9250.o [1]
gyroz_raw_dps           0x20000098     0x4  Data  Gb  mpu9250.o [1]
hdma_spi1_rx            0x20004630    0x60  Data  Gb  spi.o [1]
hdma_spi1_tx            0x20004690    0x60  Data  Gb  spi.o [1]
hdma_uart4_tx           0x20004044    0x60  Data  Gb  usart.o [1]
hdma_uart5_tx           0x200040a4    0x60  Data  Gb  usart.o [1]
hdma_usart1_tx          0x20004104    0x60  Data  Gb  usart.o [1]
hdma_usart2_tx          0x20004164    0x60  Data  Gb  usart.o [1]
hdma_usart3_tx          0x200041c4    0x60  Data  Gb  usart.o [1]
hdma_usart6_tx          0x20004224    0x60  Data  Gb  usart.o [1]
hspi1                   0x20004af8    0x58  Data  Gb  spi.o [1]
hspi2                   0x20004b50    0x58  Data  Gb  spi.o [1]
htim1                   0x20004de0    0x3c  Data  Gb  tim.o [1]
htim14                  0x20004da4    0x3c  Data  Gb  stm32f4xx_hal_timebase_TIM.o [1]
htim2                   0x20004e1c    0x3c  Data  Gb  tim.o [1]
htim3                   0x20004e58    0x3c  Data  Gb  tim.o [1]
htim4                   0x20004e94    0x3c  Data  Gb  tim.o [1]
huart1                  0x20004c68    0x40  Data  Gb  usart.o [1]
huart2                  0x20004ca8    0x40  Data  Gb  usart.o [1]
huart3                  0x20004ce8    0x40  Data  Gb  usart.o [1]
huart4                  0x20004be8    0x40  Data  Gb  usart.o [1]
huart5                  0x20004c28    0x40  Data  Gb  usart.o [1]
huart6                  0x20004d28    0x40  Data  Gb  usart.o [1]
isspace                 0x08008919    0x14  Code  Gb  isspace.o [3]
large_pos_uncertainty_m
                        0x20000014     0x4  Data  Gb  app_ins_ekf_quaternion.o [1]
large_quad_uncertainty  0x20000010     0x4  Data  Gb  app_ins_ekf_quaternion.o [1]
large_vel_uncertainty_mps
                        0x20000018     0x4  Data  Gb  app_ins_ekf_quaternion.o [1]
led_init                0x08006203     0x4  Code  Gb  app_led.o [1]
magx_gain               0x200000b4     0x4  Data  Gb  mpu9250.o [1]
magx_offset             0x200000a8     0x4  Data  Gb  mpu9250.o [1]
magx_raw_uT             0x2000009c     0x4  Data  Gb  mpu9250.o [1]
magy_gain               0x200000b8     0x4  Data  Gb  mpu9250.o [1]
magy_offset             0x200000ac     0x4  Data  Gb  mpu9250.o [1]
magy_raw_uT             0x200000a0     0x4  Data  Gb  mpu9250.o [1]
magz_gain               0x200000bc     0x4  Data  Gb  mpu9250.o [1]
magz_offset             0x200000b0     0x4  Data  Gb  mpu9250.o [1]
magz_raw_uT             0x200000a4     0x4  Data  Gb  mpu9250.o [1]
main                    0x080021e5    0x6c  Code  Gb  main.o [1]
memchr                  0x08008941          Code  Gb  memchr.o [5]
motor1_output           0x20004fe4     0x4  Data  Gb  motor_pwm.o [1]
motor2_output           0x20004ff8     0x4  Data  Gb  motor_pwm.o [1]
motor3_output           0x20004ffc     0x4  Data  Gb  motor_pwm.o [1]
motor4_output           0x20005000     0x4  Data  Gb  motor_pwm.o [1]
motor_esc_init          0x0800557d    0xa4  Code  Gb  motor_pwm.o [1]
motor_pwm_set_value     0x08005621    0x22  Code  Gb  motor_pwm.o [1]
mpu9250_time_consume_us
                        0x2000500c     0x4  Data  Gb  time.o [1]
mpu_data_ok             0x2000007c     0x1  Data  Gb  mpu9250.o [1]
myBinarySem01MPU9250GyroAccCalibrateOffsetHandle
                        0x20004f20     0x4  Data  Gb  freertos.o [1]
myBinarySem02LED1ONHandle
                        0x20004f24     0x4  Data  Gb  freertos.o [1]
myBinarySem03LED2ONHandle
                        0x20004f28     0x4  Data  Gb  freertos.o [1]
myBinarySem04MPU9250MagCalibrateHandle
                        0x20004f34     0x4  Data  Gb  freertos.o [1]
myBinarySem05LED1PulsateHandle
                        0x20004f2c     0x4  Data  Gb  freertos.o [1]
myBinarySem06LED2PulsateHandle
                        0x20004f30     0x4  Data  Gb  freertos.o [1]
myTask02LEDHandle       0x20004f08     0x4  Data  Gb  freertos.o [1]
myTask03COMHandle       0x20004f0c     0x4  Data  Gb  freertos.o [1]
myTask04MPU9250Handle   0x20004f10     0x4  Data  Gb  freertos.o [1]
myTask05MS5803Handle    0x20004f14     0x4  Data  Gb  freertos.o [1]
myTask06BackEndHandle   0x20004f18     0x4  Data  Gb  freertos.o [1]
myTask07UWBHandle       0x20004f1c     0x4  Data  Gb  freertos.o [1]
ndigs                   0x08006a68    0x28  Data  Lc  iar_Stoulx.o [3]
osDelay                 0x08001073     0xe  Code  Gb  cmsis_os.o [1]
osKernelStart           0x08001039     0xa  Code  Gb  cmsis_os.o [1]
osSemaphoreCreate       0x08001081    0x2c  Code  Gb  cmsis_os.o [1]
osSemaphoreRelease      0x08001103    0x44  Code  Gb  cmsis_os.o [1]
osSemaphoreWait         0x080010ad    0x56  Code  Gb  cmsis_os.o [1]
osSystickHandler        0x08001147    0x14  Code  Gb  cmsis_os.o [1]
osThreadCreate          0x08001043    0x30  Code  Gb  cmsis_os.o [1]
pFlash                  0x20004f90    0x20  Data  Gb  stm32f4xx_hal_flash.o [1]
parse_ready             0x20004f85     0x1  Data  Lc  uwb1000.o [1]
pid10_d                 0x20004930     0x4  Data  Gb  app_ano.o [1]
pid10_i                 0x2000492c     0x4  Data  Gb  app_ano.o [1]
pid10_p                 0x20004928     0x4  Data  Gb  app_ano.o [1]
pid11_d                 0x200049dc     0x4  Data  Gb  app_ano.o [1]
pid11_i                 0x20004938     0x4  Data  Gb  app_ano.o [1]
pid11_p                 0x20004934     0x4  Data  Gb  app_ano.o [1]
pid12_d                 0x200049e8     0x4  Data  Gb  app_ano.o [1]
pid12_i                 0x200049e4     0x4  Data  Gb  app_ano.o [1]
pid12_p                 0x200049e0     0x4  Data  Gb  app_ano.o [1]
pid13_d                 0x200049f4     0x4  Data  Gb  app_ano.o [1]
pid13_i                 0x200049f0     0x4  Data  Gb  app_ano.o [1]
pid13_p                 0x200049ec     0x4  Data  Gb  app_ano.o [1]
pid14_d                 0x20004a00     0x4  Data  Gb  app_ano.o [1]
pid14_i                 0x200049fc     0x4  Data  Gb  app_ano.o [1]
pid14_p                 0x200049f8     0x4  Data  Gb  app_ano.o [1]
pid15_d                 0x20004a0c     0x4  Data  Gb  app_ano.o [1]
pid15_i                 0x20004a08     0x4  Data  Gb  app_ano.o [1]
pid15_p                 0x20004a04     0x4  Data  Gb  app_ano.o [1]
pid16_d                 0x20004a18     0x4  Data  Gb  app_ano.o [1]
pid16_i                 0x20004a14     0x4  Data  Gb  app_ano.o [1]
pid16_p                 0x20004a10     0x4  Data  Gb  app_ano.o [1]
pid17_d                 0x20004a24     0x4  Data  Gb  app_ano.o [1]
pid17_i                 0x20004a20     0x4  Data  Gb  app_ano.o [1]
pid17_p                 0x20004a1c     0x4  Data  Gb  app_ano.o [1]
pid18_d                 0x20004a30     0x4  Data  Gb  app_ano.o [1]
pid18_i                 0x20004a2c     0x4  Data  Gb  app_ano.o [1]
pid18_p                 0x20004a28     0x4  Data  Gb  app_ano.o [1]
pid6_d                  0x20004900     0x4  Data  Gb  app_ano.o [1]
pid6_i                  0x200048fc     0x4  Data  Gb  app_ano.o [1]
pid6_p                  0x200048f8     0x4  Data  Gb  app_ano.o [1]
pid7_d                  0x2000490c     0x4  Data  Gb  app_ano.o [1]
pid7_i                  0x20004908     0x4  Data  Gb  app_ano.o [1]
pid7_p                  0x20004904     0x4  Data  Gb  app_ano.o [1]
pid8_d                  0x20004918     0x4  Data  Gb  app_ano.o [1]
pid8_i                  0x20004914     0x4  Data  Gb  app_ano.o [1]
pid8_p                  0x20004910     0x4  Data  Gb  app_ano.o [1]
pid9_d                  0x20004924     0x4  Data  Gb  app_ano.o [1]
pid9_i                  0x20004920     0x4  Data  Gb  app_ano.o [1]
pid9_p                  0x2000491c     0x4  Data  Gb  app_ano.o [1]
pit_d                   0x200048d0     0x4  Data  Gb  app_ano.o [1]
pit_i                   0x200048cc     0x4  Data  Gb  app_ano.o [1]
pit_p                   0x200048c8     0x4  Data  Gb  app_ano.o [1]
pitch_deg               0x20000004     0x4  Data  Gb  app_ins_ekf_quaternion.o [1]
pitch_input             0x20004aa4     0x4  Data  Gb  app_ctrl.o [1]
pos_d                   0x200048f4     0x4  Data  Gb  app_ano.o [1]
pos_i                   0x200048f0     0x4  Data  Gb  app_ano.o [1]
pos_p                   0x200048ec     0x4  Data  Gb  app_ano.o [1]
prvAddCurrentTaskToDelayedList
                        0x0800327d    0x64  Code  Lc  tasks.o [1]
prvAddNewTaskToReadyList
                        0x08002c03    0xe4  Code  Lc  tasks.o [1]
prvCopyDataFromQueue    0x08003883    0x26  Code  Lc  queue.o [1]
prvCopyDataToQueue      0x0800381b    0x68  Code  Lc  queue.o [1]
prvIdleTask             0x0800309d    0x6e  Code  Lc  tasks.o [1]
prvInsertBlockIntoFreeList
                        0x08006c07    0x48  Code  Lc  heap_4.o [1]
prvResetNextTaskUnblockTime
                        0x0800310b    0x1c  Code  Lc  tasks.o [1]
prvTaskExitError        0x08003935    0x28  Code  Lc  port.o [1]
prvUnlockQueue          0x080038a9    0x60  Code  Lc  queue.o [1]
pvPortMalloc            0x08006a91   0x11e  Code  Gb  heap_4.o [1]
pvTaskIncrementMutexHeldCount
                        0x08003251    0x14  Code  Gb  tasks.o [1]
pxCurrentTCB            0x20004718     0x4  Data  Gb  tasks.o [1]
pxDelayedTaskList       0x2000471c     0x4  Data  Lc  tasks.o [1]
pxEnd                   0x20000154     0x4  Data  Lc  heap_4.o [1]
pxOverflowDelayedTaskList
                        0x20004720     0x4  Data  Lc  tasks.o [1]
pxPortInitialiseStack   0x0800390d    0x26  Code  Gb  port.o [1]
pxReadyTasksLists       0x20004830    0x8c  Data  Lc  tasks.o [1]
rc_d                    0x20004ac4     0x4  Data  Gb  app_ctrl.o [1]
rc_e                    0x20004abc     0x4  Data  Gb  app_ctrl.o [1]
rc_g                    0x20004ac0     0x4  Data  Gb  app_ctrl.o [1]
rc_pitch                0x20004ab0     0x4  Data  Gb  app_ctrl.o [1]
rc_pitch_max            0x20004ad0     0x4  Data  Gb  app_ctrl.o [1]
rc_pitch_min            0x20004ad4     0x4  Data  Gb  app_ctrl.o [1]
rc_pitch_threshold      0x20004aec     0x4  Data  Gb  app_ctrl.o [1]
rc_roll                 0x20004aac     0x4  Data  Gb  app_ctrl.o [1]
rc_roll_max             0x20004ac8     0x4  Data  Gb  app_ctrl.o [1]
rc_roll_min             0x20004acc     0x4  Data  Gb  app_ctrl.o [1]
rc_roll_threshold       0x20004ae8     0x4  Data  Gb  app_ctrl.o [1]
rc_throttle             0x20004ab4     0x4  Data  Gb  app_ctrl.o [1]
rc_throttle_max         0x20004ae0     0x4  Data  Gb  app_ctrl.o [1]
rc_throttle_min         0x20004ae4     0x4  Data  Gb  app_ctrl.o [1]
rc_throttle_threshold   0x20004af0     0x4  Data  Gb  app_ctrl.o [1]
rc_yaw                  0x20004ab8     0x4  Data  Gb  app_ctrl.o [1]
rc_yaw_max              0x20004ad8     0x4  Data  Gb  app_ctrl.o [1]
rc_yaw_min              0x20004adc     0x4  Data  Gb  app_ctrl.o [1]
rc_yaw_threshold        0x20004af4     0x4  Data  Gb  app_ctrl.o [1]
read_data_from_inner_flash
                        0x200049d8     0x4  Data  Lc  app_ano.o [1]
remote_control_data_obtain
                        0x080087b9   0x124  Code  Gb  app_ctrl.o [1]
rol_d                   0x200048c4     0x4  Data  Gb  app_ano.o [1]
rol_i                   0x200048c0     0x4  Data  Gb  app_ano.o [1]
rol_p                   0x200048bc     0x4  Data  Gb  app_ano.o [1]
roll_deg                0x20000000     0x4  Data  Gb  app_ins_ekf_quaternion.o [1]
roll_input              0x20004aa0     0x4  Data  Gb  app_ctrl.o [1]
ros_a_x                 0x20004d68     0x4  Data  Gb  app_ros.o [1]
ros_a_y                 0x20004d6c     0x4  Data  Gb  app_ros.o [1]
ros_a_z                 0x20004d70     0x4  Data  Gb  app_ros.o [1]
ros_b_x                 0x20004d74     0x4  Data  Gb  app_ros.o [1]
ros_b_y                 0x20004d78     0x4  Data  Gb  app_ros.o [1]
ros_b_z                 0x20004d7c     0x4  Data  Gb  app_ros.o [1]
ros_c_x                 0x20004d80     0x4  Data  Gb  app_ros.o [1]
ros_c_y                 0x20004d84     0x4  Data  Gb  app_ros.o [1]
ros_c_z                 0x20004d88     0x4  Data  Gb  app_ros.o [1]
ros_d_x                 0x20004d8c     0x4  Data  Gb  app_ros.o [1]
ros_d_y                 0x20004d90     0x4  Data  Gb  app_ros.o [1]
ros_d_z                 0x20004d94     0x4  Data  Gb  app_ros.o [1]
ros_data_receive_analyse
                        0x08002659   0x270  Code  Gb  app_ros.o [1]
ros_data_receive_prepara
                        0x080025ad    0xa8  Code  Gb  app_ros.o [1]
ros_data_to_send        0x200044a0    0xc8  Data  Lc  app_ros.o [1]
ros_e_x                 0x20004d98     0x4  Data  Gb  app_ros.o [1]
ros_e_y                 0x20004d9c     0x4  Data  Gb  app_ros.o [1]
ros_e_z                 0x20004da0     0x4  Data  Gb  app_ros.o [1]
ros_send_15_data        0x080028cd   0x210  Code  Gb  app_ros.o [1]
ros_sending             0x080024d1    0xdc  Code  Gb  app_ros.o [1]
save_arry               0x20004284   0x12c  Data  Gb  flash_on_chip.o [1]
send_pid_para           0x200049cc     0x4  Data  Lc  app_ano.o [1]
simpdelay               0x080056d5     0xe  Code  Lc  mpu9250.o [1]
state                   0x200049bc     0x4  Data  Lc  app_ano.o [1]
state                   0x20004fc4     0x4  Data  Lc  app_ros.o [1]
sysTickUptime           0x20004fe8     0x8  Data  Gb  time.o [1]
throttle_input          0x20004a9c     0x4  Data  Gb  app_ctrl.o [1]
time_consume            0x20004790    0xa0  Data  Gb  time.o [1]
time_inc_tick           0x0800871f    0x16  Code  Gb  time.o [1]
timer1_channel1_PE9_DiffCapture
                        0x20004964     0x4  Data  Gb  rc_pwm.o [1]
timer1_channel1_PE9_IC1Value1
                        0x2000495c     0x4  Data  Gb  rc_pwm.o [1]
timer1_channel1_PE9_IC1Value2
                        0x20004960     0x4  Data  Gb  rc_pwm.o [1]
timer1_channel2_PE11_DiffCapture
                        0x20004970     0x4  Data  Gb  rc_pwm.o [1]
timer1_channel2_PE11_IC1Value1
                        0x20004968     0x4  Data  Gb  rc_pwm.o [1]
timer1_channel2_PE11_IC1Value2
                        0x2000496c     0x4  Data  Gb  rc_pwm.o [1]
timer1_channel3_PE13_DiffCapture
                        0x2000497c     0x4  Data  Gb  rc_pwm.o [1]
timer1_channel3_PE13_IC1Value1
                        0x20004974     0x4  Data  Gb  rc_pwm.o [1]
timer1_channel3_PE13_IC1Value2
                        0x20004978     0x4  Data  Gb  rc_pwm.o [1]
timer1_channel4_PE14_DiffCapture
                        0x20004988     0x4  Data  Gb  rc_pwm.o [1]
timer1_channel4_PE14_IC1Value1
                        0x20004980     0x4  Data  Gb  rc_pwm.o [1]
timer1_channel4_PE14_IC1Value2
                        0x20004984     0x4  Data  Gb  rc_pwm.o [1]
timer2_channel1_PA5_DiffCapture
                        0x20004994     0x4  Data  Gb  rc_pwm.o [1]
timer2_channel1_PA5_IC1Value1
                        0x2000498c     0x4  Data  Gb  rc_pwm.o [1]
timer2_channel1_PA5_IC1Value2
                        0x20004990     0x4  Data  Gb  rc_pwm.o [1]
timer2_channel2_PA1_DiffCapture
                        0x200049a0     0x4  Data  Gb  rc_pwm.o [1]
timer2_channel2_PA1_IC1Value1
                        0x20004998     0x4  Data  Gb  rc_pwm.o [1]
timer2_channel2_PA1_IC1Value2
                        0x2000499c     0x4  Data  Gb  rc_pwm.o [1]
timer2_channel3_PB10_DiffCapture
                        0x200049ac     0x4  Data  Gb  rc_pwm.o [1]
timer2_channel3_PB10_IC1Value1
                        0x200049a4     0x4  Data  Gb  rc_pwm.o [1]
timer2_channel3_PB10_IC1Value2
                        0x200049a8     0x4  Data  Gb  rc_pwm.o [1]
timer2_channel4_PB11_DiffCapture
                        0x200049b8     0x4  Data  Gb  rc_pwm.o [1]
timer2_channel4_PB11_IC1Value1
                        0x200049b0     0x4  Data  Gb  rc_pwm.o [1]
timer2_channel4_PB11_IC1Value2
                        0x200049b4     0x4  Data  Gb  rc_pwm.o [1]
timer4_channel1_PD12_PWM_setvalue
                        0x08005643    0x14  Code  Gb  motor_pwm.o [1]
timer4_channel2_PD13_PWM_setvalue
                        0x0800566b    0x20  Code  Gb  motor_pwm.o [1]
timer4_channel3_PD14_PWM_setvalue
                        0x0800568b    0x20  Code  Gb  motor_pwm.o [1]
timer4_channel4_PD15_PWM_setvalue
                        0x080056ab    0x20  Code  Gb  motor_pwm.o [1]
tolower                 0x0800892d    0x14  Code  Gb  tolower.o [3]
ucHeap                  0x20000164  0x3c00  Data  Lc  heap_4.o [1]
ucMaxSysCallPriority    0x200000e0     0x1  Data  Lc  port.o [1]
ulMaxPRIGROUPValue      0x200000e8     0x4  Data  Lc  port.o [1]
uwTick                  0x200000f0     0x4  Data  Gb  stm32f4xx_hal.o [1]
uwTickFreq              0x200000ec     0x1  Data  Gb  stm32f4xx_hal.o [1]
uwTickPrio              0x200000f4     0x4  Data  Gb  stm32f4xx_hal.o [1]
uwb1000_buffer          0x20004f68    0x1c  Data  Gb  uwb1000.o [1]
uwb1000_buffer_fill     0x08002401    0x82  Code  Gb  uwb1000.o [1]
uwb1000_data_prepare    0x08002325    0xdc  Code  Gb  uwb1000.o [1]
uwb1000_data_prepare::Sbuf
                        0x2000403b     0x1  Data  Lc  uwb1000.o [1]
uwb1000_str_find        0x0800248d    0x3a  Code  Gb  uwb1000.o [1]
uxCriticalNesting       0x200000e4     0x4  Data  Lc  port.o [1]
uxCurrentNumberOfTasks  0x2000473c     0x4  Data  Lc  tasks.o [1]
uxDeletedTasksWaitingCleanUp
                        0x20004724     0x4  Data  Lc  tasks.o [1]
uxListRemove            0x08006cc1    0x24  Code  Gb  list.o [1]
uxPendedTicks           0x2000474c     0x4  Data  Lc  tasks.o [1]
uxSchedulerSuspended    0x20004760     0x4  Data  Lc  tasks.o [1]
uxTaskNumber            0x20004758     0x4  Data  Lc  tasks.o [1]
uxTopReadyPriority      0x20004744     0x4  Data  Lc  tasks.o [1]
vApplicationIdleHook    0x08006ce7     0x2  Code  Wk  freertos.o [1]
vApplicationTickHook    0x08006ce5     0x2  Code  Wk  freertos.o [1]
vListInitialise         0x08006c55    0x1a  Code  Gb  list.o [1]
vListInitialiseItem     0x08006c6f     0x6  Code  Gb  list.o [1]
vListInsert             0x08006c8d    0x34  Code  Gb  list.o [1]
vListInsertEnd          0x08006c75    0x18  Code  Gb  list.o [1]
vPortEnableVFP          0x08006e1d          Code  Gb  portasm.o [1]
vPortEnterCritical      0x08003a01    0x32  Code  Gb  port.o [1]
vPortExitCritical       0x08003a33    0x22  Code  Gb  port.o [1]
vPortFree               0x08006baf    0x58  Code  Gb  heap_4.o [1]
vPortStartFirstTask     0x08006e05          Code  Gb  portasm.o [1]
vPortValidateInterruptPriority
                        0x08003a7d    0x44  Code  Gb  port.o [1]
vTaskDelay              0x08002ce7    0x42  Code  Gb  tasks.o [1]
vTaskMissedYield        0x0800308f     0xa  Code  Gb  tasks.o [1]
vTaskPlaceOnEventList   0x08002f6b    0x26  Code  Gb  tasks.o [1]
vTaskPriorityInherit    0x0800313f    0x80  Code  Gb  tasks.o [1]
vTaskSetTimeOutState    0x08003005    0x20  Code  Gb  tasks.o [1]
vTaskStartScheduler     0x08002d29    0x62  Code  Gb  tasks.o [1]
vTaskSuspendAll         0x08002d8b     0xc  Code  Gb  tasks.o [1]
vTaskSwitchContext      0x08002f11    0x5a  Code  Gb  tasks.o [1]
write_data_to_inner_flash
                        0x200049d4     0x4  Data  Lc  app_ano.o [1]
xBlockAllocatedBit      0x20000160     0x4  Data  Lc  heap_4.o [1]
xDelayedTaskList1       0x20004764    0x14  Data  Lc  tasks.o [1]
xDelayedTaskList2       0x20004778    0x14  Data  Lc  tasks.o [1]
xFreeBytesRemaining     0x20000158     0x4  Data  Lc  heap_4.o [1]
xIdleTaskHandle         0x2000478c     0x4  Data  Lc  tasks.o [1]
xMinimumEverFreeBytesRemaining
                        0x2000015c     0x4  Data  Lc  heap_4.o [1]
xNextTaskUnblockTime    0x2000475c     0x4  Data  Lc  tasks.o [1]
xNumOfOverflows         0x20004754     0x4  Data  Lc  tasks.o [1]
xPendingReadyList       0x200046f0    0x14  Data  Lc  tasks.o [1]
xPortStartScheduler     0x0800395d    0xa4  Code  Gb  port.o [1]
xPortSysTickHandler     0x08003a55    0x26  Code  Gb  port.o [1]
xQueueCreateCountingSemaphore
                        0x080033bf    0x4e  Code  Gb  queue.o [1]
xQueueGenericCreate     0x08003377    0x48  Code  Gb  queue.o [1]
xQueueGenericReceive    0x08003619   0x176  Code  Gb  queue.o [1]
xQueueGenericReset      0x080032f1    0x86  Code  Gb  queue.o [1]
xQueueGenericSend       0x0800340d   0x15c  Code  Gb  queue.o [1]
xQueueGiveFromISR       0x0800357d    0x9c  Code  Gb  queue.o [1]
xQueueReceiveFromISR    0x0800378f    0x8c  Code  Gb  queue.o [1]
xSchedulerRunning       0x20004748     0x4  Data  Lc  tasks.o [1]
xStart                  0x2000014c     0x8  Data  Lc  heap_4.o [1]
xSuspendedTaskList      0x20004728    0x14  Data  Lc  tasks.o [1]
xTaskCheckForTimeOut    0x08003025    0x6a  Code  Gb  tasks.o [1]
xTaskCreate             0x08002b39    0xca  Code  Gb  tasks.o [1]
xTaskGetSchedulerState  0x08003127    0x18  Code  Gb  tasks.o [1]
xTaskIncrementTick      0x08002e43    0xce  Code  Gb  tasks.o [1]
xTaskPriorityDisinherit
                        0x080031bf    0x92  Code  Gb  tasks.o [1]
xTaskRemoveFromEventList
                        0x08002f9b    0x64  Code  Gb  tasks.o [1]
xTaskResumeAll          0x08002d97    0xac  Code  Gb  tasks.o [1]
xTasksWaitingTermination
                        0x20004704    0x14  Data  Lc  tasks.o [1]
xTickCount              0x20004740     0x4  Data  Lc  tasks.o [1]
xYieldPending           0x20004750     0x4  Data  Lc  tasks.o [1]
yaw_d                   0x200048dc     0x4  Data  Gb  app_ano.o [1]
yaw_deg                 0x20000008     0x4  Data  Gb  app_ins_ekf_quaternion.o [1]
yaw_i                   0x200048d8     0x4  Data  Gb  app_ano.o [1]
yaw_input               0x20004aa8     0x4  Data  Gb  app_ctrl.o [1]
yaw_p                   0x200048d4     0x4  Data  Gb  app_ano.o [1]


[1] = D:\WORK\DEVO\CODE\SFOX_ZERO\SFOX_ZERO\EWARM\SFOX_ZERO\Obj
[2] = command line
[3] = dl7M_tlf.a
[4] = m7M_tls.a
[5] = rt7M_tl.a
[6] = shb_l.a

  36 202 bytes of readonly  code memory
     258 bytes of readonly  data memory
  22 036 bytes of readwrite data memory

Errors: none
Warnings: none
