###############################################################################
#
# IAR ELF Linker V8.22.1.15669/W32 for ARM                29/May/2018  00:02:48
# Copyright 2007-2018 IAR Systems AB.
#
#    Output file  =  
#        I:\DEVELOPE\LAN\CODE\SFOX_ZERO\SFOX_ZERO\EWARM\SFOX_ZERO\Exe\SFOX_ZERO.out
#    Map file     =  
#        I:\DEVELOPE\LAN\CODE\SFOX_ZERO\SFOX_ZERO\EWARM\SFOX_ZERO\List\SFOX_ZERO.map
#    Command line =  
#        -f C:\Users\tsuig\AppData\Local\Temp\EW857A.tmp
#        (I:\DEVELOPE\LAN\CODE\SFOX_ZERO\SFOX_ZERO\EWARM\SFOX_ZERO\Obj\app_ano.o
#        I:\DEVELOPE\LAN\CODE\SFOX_ZERO\SFOX_ZERO\EWARM\SFOX_ZERO\Obj\app_ctrl.o
#        I:\DEVELOPE\LAN\CODE\SFOX_ZERO\SFOX_ZERO\EWARM\SFOX_ZERO\Obj\app_ins.o
#        I:\DEVELOPE\LAN\CODE\SFOX_ZERO\SFOX_ZERO\EWARM\SFOX_ZERO\Obj\app_led.o
#        I:\DEVELOPE\LAN\CODE\SFOX_ZERO\SFOX_ZERO\EWARM\SFOX_ZERO\Obj\app_ros.o
#        I:\DEVELOPE\LAN\CODE\SFOX_ZERO\SFOX_ZERO\EWARM\SFOX_ZERO\Obj\cmsis_os.o
#        I:\DEVELOPE\LAN\CODE\SFOX_ZERO\SFOX_ZERO\EWARM\SFOX_ZERO\Obj\croutine.o
#        I:\DEVELOPE\LAN\CODE\SFOX_ZERO\SFOX_ZERO\EWARM\SFOX_ZERO\Obj\dma.o
#        I:\DEVELOPE\LAN\CODE\SFOX_ZERO\SFOX_ZERO\EWARM\SFOX_ZERO\Obj\event_groups.o
#        I:\DEVELOPE\LAN\CODE\SFOX_ZERO\SFOX_ZERO\EWARM\SFOX_ZERO\Obj\flash_on_chip.o
#        I:\DEVELOPE\LAN\CODE\SFOX_ZERO\SFOX_ZERO\EWARM\SFOX_ZERO\Obj\freertos.o
#        I:\DEVELOPE\LAN\CODE\SFOX_ZERO\SFOX_ZERO\EWARM\SFOX_ZERO\Obj\gpio.o
#        I:\DEVELOPE\LAN\CODE\SFOX_ZERO\SFOX_ZERO\EWARM\SFOX_ZERO\Obj\heap_4.o
#        I:\DEVELOPE\LAN\CODE\SFOX_ZERO\SFOX_ZERO\EWARM\SFOX_ZERO\Obj\list.o
#        I:\DEVELOPE\LAN\CODE\SFOX_ZERO\SFOX_ZERO\EWARM\SFOX_ZERO\Obj\main.o
#        I:\DEVELOPE\LAN\CODE\SFOX_ZERO\SFOX_ZERO\EWARM\SFOX_ZERO\Obj\motor_pwm.o
#        I:\DEVELOPE\LAN\CODE\SFOX_ZERO\SFOX_ZERO\EWARM\SFOX_ZERO\Obj\mpu9250.o
#        I:\DEVELOPE\LAN\CODE\SFOX_ZERO\SFOX_ZERO\EWARM\SFOX_ZERO\Obj\ms5803.o
#        I:\DEVELOPE\LAN\CODE\SFOX_ZERO\SFOX_ZERO\EWARM\SFOX_ZERO\Obj\port.o
#        I:\DEVELOPE\LAN\CODE\SFOX_ZERO\SFOX_ZERO\EWARM\SFOX_ZERO\Obj\portasm.o
#        I:\DEVELOPE\LAN\CODE\SFOX_ZERO\SFOX_ZERO\EWARM\SFOX_ZERO\Obj\queue.o
#        I:\DEVELOPE\LAN\CODE\SFOX_ZERO\SFOX_ZERO\EWARM\SFOX_ZERO\Obj\rc_pwm.o
#        I:\DEVELOPE\LAN\CODE\SFOX_ZERO\SFOX_ZERO\EWARM\SFOX_ZERO\Obj\spi.o
#        I:\DEVELOPE\LAN\CODE\SFOX_ZERO\SFOX_ZERO\EWARM\SFOX_ZERO\Obj\startup_stm32f407xx.o
#        I:\DEVELOPE\LAN\CODE\SFOX_ZERO\SFOX_ZERO\EWARM\SFOX_ZERO\Obj\stm32f4xx_hal.o
#        I:\DEVELOPE\LAN\CODE\SFOX_ZERO\SFOX_ZERO\EWARM\SFOX_ZERO\Obj\stm32f4xx_hal_cortex.o
#        I:\DEVELOPE\LAN\CODE\SFOX_ZERO\SFOX_ZERO\EWARM\SFOX_ZERO\Obj\stm32f4xx_hal_dma.o
#        I:\DEVELOPE\LAN\CODE\SFOX_ZERO\SFOX_ZERO\EWARM\SFOX_ZERO\Obj\stm32f4xx_hal_dma_ex.o
#        I:\DEVELOPE\LAN\CODE\SFOX_ZERO\SFOX_ZERO\EWARM\SFOX_ZERO\Obj\stm32f4xx_hal_flash.o
#        I:\DEVELOPE\LAN\CODE\SFOX_ZERO\SFOX_ZERO\EWARM\SFOX_ZERO\Obj\stm32f4xx_hal_flash_ex.o
#        I:\DEVELOPE\LAN\CODE\SFOX_ZERO\SFOX_ZERO\EWARM\SFOX_ZERO\Obj\stm32f4xx_hal_flash_ramfunc.o
#        I:\DEVELOPE\LAN\CODE\SFOX_ZERO\SFOX_ZERO\EWARM\SFOX_ZERO\Obj\stm32f4xx_hal_gpio.o
#        I:\DEVELOPE\LAN\CODE\SFOX_ZERO\SFOX_ZERO\EWARM\SFOX_ZERO\Obj\stm32f4xx_hal_msp.o
#        I:\DEVELOPE\LAN\CODE\SFOX_ZERO\SFOX_ZERO\EWARM\SFOX_ZERO\Obj\stm32f4xx_hal_pwr.o
#        I:\DEVELOPE\LAN\CODE\SFOX_ZERO\SFOX_ZERO\EWARM\SFOX_ZERO\Obj\stm32f4xx_hal_pwr_ex.o
#        I:\DEVELOPE\LAN\CODE\SFOX_ZERO\SFOX_ZERO\EWARM\SFOX_ZERO\Obj\stm32f4xx_hal_rcc.o
#        I:\DEVELOPE\LAN\CODE\SFOX_ZERO\SFOX_ZERO\EWARM\SFOX_ZERO\Obj\stm32f4xx_hal_rcc_ex.o
#        I:\DEVELOPE\LAN\CODE\SFOX_ZERO\SFOX_ZERO\EWARM\SFOX_ZERO\Obj\stm32f4xx_hal_spi.o
#        I:\DEVELOPE\LAN\CODE\SFOX_ZERO\SFOX_ZERO\EWARM\SFOX_ZERO\Obj\stm32f4xx_hal_tim.o
#        I:\DEVELOPE\LAN\CODE\SFOX_ZERO\SFOX_ZERO\EWARM\SFOX_ZERO\Obj\stm32f4xx_hal_tim_ex.o
#        I:\DEVELOPE\LAN\CODE\SFOX_ZERO\SFOX_ZERO\EWARM\SFOX_ZERO\Obj\stm32f4xx_hal_timebase_TIM.o
#        I:\DEVELOPE\LAN\CODE\SFOX_ZERO\SFOX_ZERO\EWARM\SFOX_ZERO\Obj\stm32f4xx_hal_uart.o
#        I:\DEVELOPE\LAN\CODE\SFOX_ZERO\SFOX_ZERO\EWARM\SFOX_ZERO\Obj\stm32f4xx_it.o
#        I:\DEVELOPE\LAN\CODE\SFOX_ZERO\SFOX_ZERO\EWARM\SFOX_ZERO\Obj\system_stm32f4xx.o
#        I:\DEVELOPE\LAN\CODE\SFOX_ZERO\SFOX_ZERO\EWARM\SFOX_ZERO\Obj\tasks.o
#        I:\DEVELOPE\LAN\CODE\SFOX_ZERO\SFOX_ZERO\EWARM\SFOX_ZERO\Obj\tim.o
#        I:\DEVELOPE\LAN\CODE\SFOX_ZERO\SFOX_ZERO\EWARM\SFOX_ZERO\Obj\time.o
#        I:\DEVELOPE\LAN\CODE\SFOX_ZERO\SFOX_ZERO\EWARM\SFOX_ZERO\Obj\timers.o
#        I:\DEVELOPE\LAN\CODE\SFOX_ZERO\SFOX_ZERO\EWARM\SFOX_ZERO\Obj\usart.o
#        I:\DEVELOPE\LAN\CODE\SFOX_ZERO\SFOX_ZERO\EWARM\SFOX_ZERO\Obj\usart_cfg.o
#        I:\DEVELOPE\LAN\CODE\SFOX_ZERO\SFOX_ZERO\EWARM\SFOX_ZERO\Obj\uwb1000.o
#        --redirect _Printf=_PrintfFull --redirect _Scanf=_ScanfFull -o
#        I:\DEVELOPE\LAN\CODE\SFOX_ZERO\SFOX_ZERO\EWARM\SFOX_ZERO\Exe\SFOX_ZERO.out
#        --map
#        I:\DEVELOPE\LAN\CODE\SFOX_ZERO\SFOX_ZERO\EWARM\SFOX_ZERO\List\SFOX_ZERO.map
#        --config
#        I:\DEVELOPE\LAN\CODE\SFOX_ZERO\SFOX_ZERO\EWARM/stm32f407xx_flash.icf
#        --semihosting --entry __iar_program_start --vfe --text_out locale)
#
###############################################################################

*******************************************************************************
*** RUNTIME MODEL ATTRIBUTES
***

CppFlavor       = *
__SystemLibrary = DLib
__dlib_version  = 6


*******************************************************************************
*** HEAP SELECTION
***

The basic heap was selected because no calls to memory allocation
functions were found in the application outside of system library
functions, and there are calls to deallocation functions in the
application.


*******************************************************************************
*** PLACEMENT SUMMARY
***

"A0":  place at 0x08000000 { ro section .intvec };
"P1":  place in [from 0x08000000 to 0x080fffff] { ro };
define block CSTACK with size = 1536, alignment = 8 { };
define block HEAP with size = 512, alignment = 8 { };
"P2":  place in [from 0x20000000 to 0x2001ffff] {
          rw, block CSTACK, block HEAP };
initialize by copy { rw };

  Section            Kind        Address    Size  Object
  -------            ----        -------    ----  ------
"A0":                                      0x188
  .intvec            ro code  0x08000000   0x188  startup_stm32f407xx.o [1]
                            - 0x08000188   0x188

"P1":                                     0x9852
  .text              ro code  0x08000188   0xb1c  app_ano.o [1]
  .text              ro code  0x08000ca4   0x164  usart_cfg.o [1]
  .text              ro code  0x08000e08   0x134  cmsis_os.o [1]
  .text              ro code  0x08000f3c    0x22  S32ToDbl.o [4]
  .text              ro code  0x08000f5e    0x7a  lz77_init_single.o [5]
  .text              ro code  0x08000fd8    0x68  DblToFlt.o [4]
  .text              ro code  0x08001040   0x1a2  DblMul.o [4]
  .text              ro code  0x080011e4   0x7c4  flash_on_chip.o [1]
  .text              ro code  0x080019a8   0x566  stm32f4xx_hal_uart.o [1]
  .text              ro code  0x08001f10   0x142  main.o [1]
  .text              ro code  0x08002054   0x190  uwb1000.o [1]
  .text              ro code  0x080021e4   0x4da  app_ros.o [1]
  .text              ro code  0x080026c0   0x774  tasks.o [1]
  .text              ro code  0x08002e34   0x5b0  queue.o [1]
  .text              ro code  0x080033e4   0x1ec  port.o [1]
  .text              ro code  0x080035d0   0x1d4  stm32f4xx_hal_flash.o [1]
  .text              ro code  0x080037a4   0x15c  stm32f4xx_hal_flash_ex.o [1]
  .text              ro code  0x08003900    0x28  stm32f4xx_hal.o [1]
  .text              ro code  0x08003928   0x488  usart.o [1]
  .text              ro code  0x08003db0   0x400  stm32f4xx_hal_dma.o [1]
  .text              ro code  0x080041b0     0x2  stm32f4xx_hal_uart.o [1]
  .text              ro code  0x080041b2     0x2  stm32f4xx_hal_uart.o [1]
  .text              ro code  0x080041b4     0x2  stm32f4xx_hal_uart.o [1]
  .text              ro code  0x080041b8   0x1dc  stm32f4xx_hal_rcc.o [1]
  .text              ro code  0x08004394    0x34  stm32f4xx_hal.o [1]
  .text              ro code  0x080043c8    0xb2  gpio.o [1]
  .text              ro code  0x0800447c    0xb8  dma.o [1]
  .text              ro code  0x08004534   0x1f4  spi.o [1]
  .text              ro code  0x08004728   0x3dc  tim.o [1]
  .text              ro code  0x08004b04   0x744  mpu9250.o [1]
  .text              ro code  0x08005248   0x352  ms5803.o [1]
  .text              ro code  0x0800559c   0x296  rc_pwm.o [1]
  .text              ro code  0x08005834    0xb4  app_led.o [1]
  .text              ro code  0x080058e8   0x29c  freertos.o [1]
  .text              ro code  0x08005b84   0x2f0  stm32f4xx_hal_rcc.o [1]
  .text              ro code  0x08005e74    0xe0  stm32f4xx_hal_cortex.o [1]
  .text              ro code  0x08005f54    0x10  stm32f4xx_hal.o [1]
  .text              ro code  0x08005f64   0x174  iar_Stoulx.o [3]
  .text              ro code  0x080060d8   0x1b4  heap_4.o [1]
  .text              ro code  0x0800628c    0x8e  list.o [1]
  .text              ro code  0x0800631a     0x2  freertos.o [1]
  .text              ro code  0x0800631c     0x2  freertos.o [1]
  .text              ro code  0x08006320    0xa6  ABImemcpy.o [5]
  CODE               ro code  0x080063c8    0xa8  portasm.o [1]
  .text              ro code  0x08006470     0xc  stm32f4xx_hal.o [1]
  .text              ro code  0x0800647c   0x200  stm32f4xx_hal_gpio.o [1]
  .text              ro code  0x0800667c    0x7c  stm32f4xx_hal_timebase_TIM.o [1]
  .text              ro code  0x080066f8   0x272  I64DivMod.o [5]
  .text              ro code  0x0800696a    0x60  stm32f4xx_hal_msp.o [1]
  .text              ro code  0x080069cc   0x95a  stm32f4xx_hal_spi.o [1]
  .text              ro code  0x08007328   0x770  stm32f4xx_hal_tim.o [1]
  .text              ro code  0x08007a98    0x4a  stm32f4xx_hal_tim_ex.o [1]
  .text              ro code  0x08007ae4    0x58  S64ToFlt.o [4]
  .text              ro code  0x08007b3c    0x48  FltToDbl.o [4]
  .text              ro code  0x08007b84    0x78  time.o [1]
  .text              ro code  0x08007bfc   0x770  app_ins.o [1]
  .text              ro code  0x0800836c    0x90  app_ctrl.o [1]
  .text              ro code  0x080083fc    0x14  isspace.o [3]
  .text              ro code  0x08008410    0x14  tolower.o [3]
  .text              ro code  0x08008424    0x58  memchr.o [5]
  .text              ro code  0x0800847c     0x2  I64DivZer.o [5]
  .text              ro code  0x0800847e     0x2  stm32f4xx_hal_spi.o [1]
  .text              ro code  0x08008480     0x2  stm32f4xx_hal_spi.o [1]
  .text              ro code  0x08008482     0x2  stm32f4xx_hal_spi.o [1]
  .text              ro code  0x08008484     0x2  stm32f4xx_hal_spi.o [1]
  .text              ro code  0x08008486     0x2  stm32f4xx_hal_tim.o [1]
  .text              ro code  0x08008488     0x2  stm32f4xx_hal_tim_ex.o [1]
  .text              ro code  0x0800848a     0x2  stm32f4xx_hal_tim.o [1]
  .text              ro code  0x0800848c     0x2  stm32f4xx_hal_tim_ex.o [1]
  .text              ro code  0x0800848e     0x2  stm32f4xx_hal_tim.o [1]
  .text              ro code  0x08008490    0x3a  math_wrappers64.o [4]
  .text              ro code  0x080084cc   0x178  DblAdd.o [4]
  .text              ro code  0x08008644    0xe2  DblSub.o [4]
  .text              ro code  0x08008728   0x102  sqrt.o [4]
  .text              ro code  0x0800882c    0x98  motor_pwm.o [1]
  .text              ro code  0x080088c4    0x34  xlocale_c.o [3]
  .text              ro code  0x080088f8    0xf0  asin64.o [4]
  .text              ro code  0x080089e8   0x13c  atan2_64.o [4]
  .text              ro code  0x08008b24   0x44c  cos_sin64.o [4]
  .text              ro code  0x08008f70    0x2e  DblCmpLe.o [4]
  .text              ro code  0x08008fa0   0x246  DblDiv.o [4]
  .text              ro code  0x080091e8   0x208  iar_Atan64.o [4]
  .text              ro code  0x080093f0    0x3a  DblToS32.o [4]
  .text              ro code  0x0800942c    0x20  DblCmpEq.o [4]
  .text              ro code  0x0800944c    0x2e  DblCmpGe.o [4]
  .text              ro code  0x0800947c    0xd0  stm32f4xx_it.o [1]
  .text              ro code  0x0800954c    0x60  system_stm32f4xx.o [1]
  .rodata            const    0x080095ac    0x54  freertos.o [1]
  .text              ro code  0x08009600    0x40  zero_init3.o [5]
  .text              ro code  0x08009640    0x28  data_init.o [5]
  .text              ro code  0x08009668    0x22  fpinit_M.o [4]
  .iar.init_table    const    0x0800968c    0x20  - Linker created -
  .text              ro code  0x080096ac    0x1e  cmain.o [5]
  .text              ro code  0x080096ca     0x4  low_level_init.o [3]
  .text              ro code  0x080096ce     0x4  exit.o [3]
  .text              ro code  0x080096d4     0xa  cexit.o [5]
  .text              ro code  0x080096e0    0x14  exit.o [6]
  .text              ro code  0x080096f4    0x10  startup_stm32f407xx.o [1]
  .text              ro code  0x08009704     0xc  cstartup_M.o [5]
  .rodata            const    0x08009710     0x8  system_stm32f4xx.o [1]
  .text              ro code  0x08009718     0x4  startup_stm32f407xx.o [1]
  .text              ro code  0x0800971c     0x4  startup_stm32f407xx.o [1]
  .text              ro code  0x08009720     0x4  startup_stm32f407xx.o [1]
  .text              ro code  0x08009724     0x4  startup_stm32f407xx.o [1]
  .text              ro code  0x08009728     0x4  startup_stm32f407xx.o [1]
  .text              ro code  0x0800972c     0x4  startup_stm32f407xx.o [1]
  .text              ro code  0x08009730     0x4  startup_stm32f407xx.o [1]
  .text              ro code  0x08009734     0x4  startup_stm32f407xx.o [1]
  .text              ro code  0x08009738     0x4  startup_stm32f407xx.o [1]
  .text              ro code  0x0800973c     0x4  startup_stm32f407xx.o [1]
  .text              ro code  0x08009740     0x4  startup_stm32f407xx.o [1]
  .text              ro code  0x08009744     0x4  startup_stm32f407xx.o [1]
  .text              ro code  0x08009748     0x4  startup_stm32f407xx.o [1]
  .text              ro code  0x0800974c     0x4  startup_stm32f407xx.o [1]
  .text              ro code  0x08009750     0x4  startup_stm32f407xx.o [1]
  .text              ro code  0x08009754     0x4  startup_stm32f407xx.o [1]
  .text              ro code  0x08009758     0x4  startup_stm32f407xx.o [1]
  .text              ro code  0x0800975c     0x4  startup_stm32f407xx.o [1]
  .text              ro code  0x08009760     0x4  startup_stm32f407xx.o [1]
  .text              ro code  0x08009764     0x4  startup_stm32f407xx.o [1]
  .text              ro code  0x08009768     0x4  startup_stm32f407xx.o [1]
  .text              ro code  0x0800976c     0x4  startup_stm32f407xx.o [1]
  .text              ro code  0x08009770     0x4  startup_stm32f407xx.o [1]
  .text              ro code  0x08009774     0x4  startup_stm32f407xx.o [1]
  .text              ro code  0x08009778     0x4  startup_stm32f407xx.o [1]
  .text              ro code  0x0800977c     0x4  startup_stm32f407xx.o [1]
  .text              ro code  0x08009780     0x4  startup_stm32f407xx.o [1]
  .text              ro code  0x08009784     0x4  startup_stm32f407xx.o [1]
  .text              ro code  0x08009788     0x4  startup_stm32f407xx.o [1]
  .text              ro code  0x0800978c     0x4  startup_stm32f407xx.o [1]
  .text              ro code  0x08009790     0x4  startup_stm32f407xx.o [1]
  .text              ro code  0x08009794     0x4  startup_stm32f407xx.o [1]
  .text              ro code  0x08009798     0x4  startup_stm32f407xx.o [1]
  .text              ro code  0x0800979c     0x4  startup_stm32f407xx.o [1]
  .text              ro code  0x080097a0     0x4  startup_stm32f407xx.o [1]
  .text              ro code  0x080097a4     0x4  startup_stm32f407xx.o [1]
  .text              ro code  0x080097a8     0x4  startup_stm32f407xx.o [1]
  .text              ro code  0x080097ac     0x4  startup_stm32f407xx.o [1]
  .text              ro code  0x080097b0     0x4  startup_stm32f407xx.o [1]
  .text              ro code  0x080097b4     0x4  startup_stm32f407xx.o [1]
  .text              ro code  0x080097b8     0x4  startup_stm32f407xx.o [1]
  .text              ro code  0x080097bc     0x4  startup_stm32f407xx.o [1]
  .text              ro code  0x080097c0     0x4  startup_stm32f407xx.o [1]
  .text              ro code  0x080097c4     0x4  startup_stm32f407xx.o [1]
  .text              ro code  0x080097c8     0x4  startup_stm32f407xx.o [1]
  .text              ro code  0x080097cc     0x4  startup_stm32f407xx.o [1]
  .text              ro code  0x080097d0     0x4  startup_stm32f407xx.o [1]
  .text              ro code  0x080097d4     0x4  startup_stm32f407xx.o [1]
  .text              ro code  0x080097d8     0x4  startup_stm32f407xx.o [1]
  .text              ro code  0x080097dc     0x4  startup_stm32f407xx.o [1]
  .text              ro code  0x080097e0     0x4  startup_stm32f407xx.o [1]
  .text              ro code  0x080097e4     0x4  startup_stm32f407xx.o [1]
  .text              ro code  0x080097e8     0x4  startup_stm32f407xx.o [1]
  .text              ro code  0x080097ec     0x4  startup_stm32f407xx.o [1]
  .text              ro code  0x080097f0     0x4  startup_stm32f407xx.o [1]
  .text              ro code  0x080097f4     0x4  startup_stm32f407xx.o [1]
  .text              ro code  0x080097f8     0x4  startup_stm32f407xx.o [1]
  .text              ro code  0x080097fc     0x4  startup_stm32f407xx.o [1]
  .text              ro code  0x08009800     0x4  startup_stm32f407xx.o [1]
  .text              ro code  0x08009804     0x4  startup_stm32f407xx.o [1]
  .text              ro code  0x08009808     0x4  startup_stm32f407xx.o [1]
  .text              ro code  0x0800980c     0x4  startup_stm32f407xx.o [1]
  .text              ro code  0x08009810     0x4  startup_stm32f407xx.o [1]
  .rodata            const    0x08009814     0x2  xlocale_c.o [3]
  .rodata            const    0x08009816     0x0  zero_init3.o [5]
  .rodata            const    0x08009816     0x0  lz77_init_single.o [5]
  Initializer bytes  const    0x08009816   0x1b8  <for P2-1>
                            - 0x080099ce  0x9846

"P2", part 1 of 3:                         0xbdc
  P2-1                        0x20000000   0xbdc  <Init block>
    .data            inited   0x20000000   0xb0c  app_ins.o [1]
    .data            inited   0x20000b0c    0x38  app_ins.o [1]
    .data            inited   0x20000b44    0x34  mpu9250.o [1]
    .data            inited   0x20000b78     0xc  port.o [1]
    .data            inited   0x20000b84     0xc  stm32f4xx_hal.o [1]
    .data            inited   0x20000b90     0x4  system_stm32f4xx.o [1]
    .data            inited   0x20000b94    0x48  xlocale_c.o [3]
                            - 0x20000bdc   0xbdc

"P2", part 2 of 3:                        0x4ec4
  .bss               zero     0x20000bdc  0x3c18  heap_4.o [1]
  .bss               zero     0x200047f8   0x2dc  uwb1000.o [1]
  .bss               zero     0x20004ad4   0x240  usart.o [1]
  .bss               zero     0x20004d14   0x12c  flash_on_chip.o [1]
  .bss               zero     0x20004e40    0xf0  time.o [1]
  .bss               zero     0x20004f30    0xc8  app_ros.o [1]
  .bss               zero     0x20004ff8    0xc8  app_ros.o [1]
  .bss               zero     0x200050c0    0xc0  spi.o [1]
  .bss               zero     0x20005180    0xa0  tasks.o [1]
  .bss               zero     0x20005220    0xa0  time.o [1]
  .bss               zero     0x200052c0    0x8c  tasks.o [1]
  .bss               zero     0x2000534c    0x84  mpu9250.o [1]
  .bss               zero     0x200053d0    0x80  app_ano.o [1]
  .bss               zero     0x20005450    0x80  rc_pwm.o [1]
  .bss               zero     0x200054d0    0x7c  app_ano.o [1]
  .bss               zero     0x2000554c    0x64  app_ano.o [1]
  .bss               zero     0x200055b0    0x58  spi.o [1]
  .bss               zero     0x20005608    0x58  spi.o [1]
  .bss               zero     0x20005660    0x40  usart.o [1]
  .bss               zero     0x200056a0    0x40  usart.o [1]
  .bss               zero     0x200056e0    0x40  usart.o [1]
  .bss               zero     0x20005720    0x40  usart.o [1]
  .bss               zero     0x20005760    0x40  usart.o [1]
  .bss               zero     0x200057a0    0x40  usart.o [1]
  .bss               zero     0x200057e0    0x3c  app_ros.o [1]
  .bss               zero     0x2000581c    0x3c  stm32f4xx_hal_timebase_TIM.o [1]
  .bss               zero     0x20005858    0x3c  tim.o [1]
  .bss               zero     0x20005894    0x3c  tim.o [1]
  .bss               zero     0x200058d0    0x3c  tim.o [1]
  .bss               zero     0x2000590c    0x3c  tim.o [1]
  .bss               zero     0x20005948    0x34  app_ano.o [1]
  .bss               zero     0x2000597c    0x30  freertos.o [1]
  .bss               zero     0x200059ac    0x1c  app_ctrl.o [1]
  .bss               zero     0x200059c8    0x30  ms5803.o [1]
  .bss               zero     0x200059f8    0x28  uwb1000.o [1]
  .bss               zero     0x20005a20    0x20  stm32f4xx_hal_flash.o [1]
  .bss               zero     0x20005a40    0x14  flash_on_chip.o [1]
  .bss               zero     0x20005a54    0x10  app_ctrl.o [1]
  .bss               zero     0x20005a64    0x10  app_ros.o [1]
  .bss               zero     0x20005a74     0xc  time.o [1]
  .bss               zero     0x20005a80     0x8  time.o [1]
  .bss               zero     0x20005a88     0x5  usart_cfg.o [1]
  .bss               zero     0x20005a90     0x4  mpu9250.o [1]
  .bss               zero     0x20005a94     0x4  time.o [1]
  .bss               zero     0x20005a98     0x4  time.o [1]
  .bss               zero     0x20005a9c     0x4  time.o [1]
                            - 0x20005aa0  0x4ec4

"P2", part 3 of 3:                         0x600
  CSTACK                      0x20005aa0   0x600  <Block>
    CSTACK           uninit   0x20005aa0   0x600  <Block tail>
                            - 0x200060a0   0x600


*******************************************************************************
*** INIT TABLE
***

          Address     Size
          -------     ----
Zero (__iar_zero_init3)
    1 destination range, total size 0x4ec4:
          0x20000bdc  0x4ec4

Copy/lz77 (__iar_lz77_init_single3)
    1 source range, total size 0x1b8 (14% of destination):
          0x08009816   0x1b8
    1 destination range, total size 0xbdc:
          0x20000000   0xbdc



*******************************************************************************
*** MODULE SUMMARY
***

    Module                        ro code  ro data  rw data
    ------                        -------  -------  -------
I:\DEVELOPE\LAN\CODE\SFOX_ZERO\SFOX_ZERO\EWARM\SFOX_ZERO\Obj: [1]
    app_ano.o                       2 844               404
    app_ctrl.o                        144                44
    app_ins.o                       1 904      417    2 884
    app_led.o                         180
    app_ros.o                       1 242               476
    cmsis_os.o                        308
    dma.o                             184
    flash_on_chip.o                 1 988               320
    freertos.o                        672       84       48
    gpio.o                            178
    heap_4.o                          436            15 384
    list.o                            142
    main.o                            322
    motor_pwm.o                       152
    mpu9250.o                       1 860        8      188
    ms5803.o                          850                48
    port.o                            492        2       12
    portasm.o                         168
    queue.o                         1 456
    rc_pwm.o                          662               128
    spi.o                             500               368
    startup_stm32f407xx.o             660
    stm32f4xx_hal.o                   120        1       12
    stm32f4xx_hal_cortex.o            224
    stm32f4xx_hal_dma.o             1 024
    stm32f4xx_hal_flash.o             468                32
    stm32f4xx_hal_flash_ex.o          348
    stm32f4xx_hal_gpio.o              512
    stm32f4xx_hal_msp.o                96
    stm32f4xx_hal_rcc.o             1 228
    stm32f4xx_hal_spi.o             2 402
    stm32f4xx_hal_tim.o             1 910
    stm32f4xx_hal_tim_ex.o             78
    stm32f4xx_hal_timebase_TIM.o      124                60
    stm32f4xx_hal_uart.o            1 388
    stm32f4xx_it.o                    208
    system_stm32f4xx.o                 96        9        4
    tasks.o                         1 908               300
    tim.o                             988               240
    time.o                            120               432
    usart.o                         1 160               960
    usart_cfg.o                       356                 5
    uwb1000.o                         400               772
    -------------------------------------------------------
    Total:                         32 502      521   23 121

command line: [2]
    -------------------------------------------------------
    Total:

dl7M_tlf.a: [3]
    exit.o                              4
    iar_Stoulx.o                      372
    isspace.o                          20
    low_level_init.o                    4
    tolower.o                          20
    xlocale_c.o                        52       13       72
    -------------------------------------------------------
    Total:                            472       13       72

m7M_tls.a: [4]
    DblAdd.o                          376
    DblCmpEq.o                         32
    DblCmpGe.o                         46
    DblCmpLe.o                         46
    DblDiv.o                          582
    DblMul.o                          418
    DblSub.o                          226
    DblToFlt.o                        104
    DblToS32.o                         58
    FltToDbl.o                         72
    S32ToDbl.o                         34
    S64ToFlt.o                         88
    asin64.o                          240
    atan2_64.o                        316
    cos_sin64.o                     1 100
    fpinit_M.o                         34
    iar_Atan64.o                      520
    math_wrappers64.o                  58
    sqrt.o                            258
    -------------------------------------------------------
    Total:                          4 608

rt7M_tl.a: [5]
    ABImemcpy.o                       166
    I64DivMod.o                       626
    I64DivZer.o                         2
    cexit.o                            10
    cmain.o                            30
    cstartup_M.o                       12
    data_init.o                        40
    lz77_init_single.o                122
    memchr.o                           88
    zero_init3.o                       64
    -------------------------------------------------------
    Total:                          1 160

shb_l.a: [6]
    exit.o                             20
    -------------------------------------------------------
    Total:                             20

    Gaps                               44        2        7
    Linker created                              32    1 536
-----------------------------------------------------------
    Grand Total:                   38 806      568   24 736


*******************************************************************************
*** ENTRY LIST
***

Entry                      Address    Size  Type      Object
-----                      -------    ----  ----      ------
.iar.init_table$$Base   0x0800968c           --   Gb  - Linker created -
.iar.init_table$$Limit  0x080096ac           --   Gb  - Linker created -
?main                   0x080096ad          Code  Gb  cmain.o [5]
AHBPrescTable           0x0800959c    0x10  Data  Gb  system_stm32f4xx.o [1]
ANCHOR_INDEX            0x20004ac8     0x2  Data  Gb  uwb1000.o [1]
ANO_DT_Data_Receive_Anl
                        0x08000735   0x494  Code  Gb  app_ano.o [1]
ANO_DT_Send_Check       0x08000bef    0x30  Code  Gb  app_ano.o [1]
ANO_DT_Send_PID         0x0800042d   0x134  Code  Gb  app_ano.o [1]
ANO_data_receive_prepara
                        0x080006ab    0x84  Code  Gb  app_ano.o [1]
ANO_send_15_data        0x0800028d   0x190  Code  Gb  app_ano.o [1]
ANO_sending             0x08000189    0xf6  Code  Gb  app_ano.o [1]
ANO_usart_send_data     0x0800027f     0xa  Code  Gb  app_ano.o [1]
APBPrescTable           0x08009710     0x8  Data  Gb  system_stm32f4xx.o [1]
BusFault_Handler        0x08009483     0x2  Code  Gb  stm32f4xx_it.o [1]
CSTACK$$Base            0x20005aa0           --   Gb  - Linker created -
CSTACK$$Limit           0x200060a0           --   Gb  - Linker created -
DMA1_Stream3_IRQHandler
                        0x08009497     0x6  Code  Gb  stm32f4xx_it.o [1]
DMA1_Stream4_IRQHandler
                        0x0800949d     0x6  Code  Gb  stm32f4xx_it.o [1]
DMA1_Stream6_IRQHandler
                        0x080094a3     0x6  Code  Gb  stm32f4xx_it.o [1]
DMA1_Stream7_IRQHandler
                        0x080094d3     0x6  Code  Gb  stm32f4xx_it.o [1]
DMA2_Stream0_IRQHandler
                        0x080094e5     0x6  Code  Gb  stm32f4xx_it.o [1]
DMA2_Stream3_IRQHandler
                        0x080094eb     0x6  Code  Gb  stm32f4xx_it.o [1]
DMA2_Stream6_IRQHandler
                        0x080094f1     0x6  Code  Gb  stm32f4xx_it.o [1]
DMA2_Stream7_IRQHandler
                        0x080094f7     0x6  Code  Gb  stm32f4xx_it.o [1]
DMA_CalcBaseAndBitshift
                        0x08004181    0x28  Code  Lc  stm32f4xx_hal_dma.o [1]
DMA_CalcBaseAndBitshift::flagBitshiftOffset
                        0x080041a8     0x8  Data  Lc  stm32f4xx_hal_dma.o [1]
DMA_SetConfig           0x08004161    0x20  Code  Lc  stm32f4xx_hal_dma.o [1]
DebugMon_Handler        0x08009487     0x2  Code  Gb  stm32f4xx_it.o [1]
EraseInitStruct         0x20005a40    0x14  Data  Gb  flash_on_chip.o [1]
FLASH_Erase_Sector      0x08003857    0x4c  Code  Gb  stm32f4xx_hal_flash_ex.o [1]
FLASH_FlushCaches       0x080038a3    0x50  Code  Gb  stm32f4xx_hal_flash_ex.o [1]
FLASH_MassErase         0x08003837    0x20  Code  Lc  stm32f4xx_hal_flash_ex.o [1]
FLASH_Program_Byte      0x08003717    0x14  Code  Lc  stm32f4xx_hal_flash.o [1]
FLASH_Program_DoubleWord
                        0x080036b5    0x24  Code  Lc  stm32f4xx_hal_flash.o [1]
FLASH_Program_HalfWord  0x080036eb    0x12  Code  Lc  stm32f4xx_hal_flash.o [1]
FLASH_Program_Word      0x080036d9    0x12  Code  Lc  stm32f4xx_hal_flash.o [1]
FLASH_SetErrorCode      0x0800372b    0x60  Code  Lc  stm32f4xx_hal_flash.o [1]
FLASH_WaitForLastOperation
                        0x08003669    0x4c  Code  Gb  stm32f4xx_hal_flash.o [1]
FLASHinit               0x08001761    0x26  Code  Gb  flash_on_chip.o [1]
GetSector               0x080016fb    0x66  Code  Lc  flash_on_chip.o [1]
HAL_DMA_Abort           0x08003f01    0x8a  Code  Gb  stm32f4xx_hal_dma.o [1]
HAL_DMA_Abort_IT        0x08003f8b    0x24  Code  Gb  stm32f4xx_hal_dma.o [1]
HAL_DMA_IRQHandler      0x08003faf   0x188  Code  Gb  stm32f4xx_hal_dma.o [1]
HAL_DMA_Init            0x08003db1    0xe6  Code  Gb  stm32f4xx_hal_dma.o [1]
HAL_DMA_Start_IT        0x08003e97    0x6a  Code  Gb  stm32f4xx_hal_dma.o [1]
HAL_Delay               0x08003901    0x28  Code  Wk  stm32f4xx_hal.o [1]
HAL_FLASHEx_Erase       0x080037a5    0x92  Code  Gb  stm32f4xx_hal_flash_ex.o [1]
HAL_FLASH_Lock          0x0800365b     0x8  Code  Gb  stm32f4xx_hal_flash.o [1]
HAL_FLASH_Program       0x080035d1    0x6e  Code  Gb  stm32f4xx_hal_flash.o [1]
HAL_FLASH_Unlock        0x0800363f    0x1c  Code  Gb  stm32f4xx_hal_flash.o [1]
HAL_GPIO_Init           0x0800647d   0x1b2  Code  Gb  stm32f4xx_hal_gpio.o [1]
HAL_GPIO_ReadPin        0x0800662f     0xc  Code  Gb  stm32f4xx_hal_gpio.o [1]
HAL_GPIO_TogglePin      0x08006647     0x8  Code  Gb  stm32f4xx_hal_gpio.o [1]
HAL_GPIO_WritePin       0x0800663b     0xc  Code  Gb  stm32f4xx_hal_gpio.o [1]
HAL_GetTick             0x08006471     0xc  Code  Wk  stm32f4xx_hal.o [1]
HAL_IncTick             0x08005f55    0x10  Code  Wk  stm32f4xx_hal.o [1]
HAL_Init                0x08004395    0x30  Code  Gb  stm32f4xx_hal.o [1]
HAL_InitTick            0x0800667d    0x6c  Code  Gb  stm32f4xx_hal_timebase_TIM.o [1]
HAL_MspInit             0x0800696b    0x60  Code  Gb  stm32f4xx_hal_msp.o [1]
HAL_NVIC_EnableIRQ      0x08005ee7     0xa  Code  Gb  stm32f4xx_hal_cortex.o [1]
HAL_NVIC_SetPriority    0x08005ead    0x3a  Code  Gb  stm32f4xx_hal_cortex.o [1]
HAL_NVIC_SetPriorityGrouping
                        0x08005e93    0x1a  Code  Gb  stm32f4xx_hal_cortex.o [1]
HAL_RCC_ClockConfig     0x080041b9    0xfe  Code  Gb  stm32f4xx_hal_rcc.o [1]
HAL_RCC_GetClockConfig  0x080042ed    0x36  Code  Gb  stm32f4xx_hal_rcc.o [1]
HAL_RCC_GetHCLKFreq     0x080042c3     0x6  Code  Gb  stm32f4xx_hal_rcc.o [1]
HAL_RCC_GetPCLK1Freq    0x080042c9    0x10  Code  Gb  stm32f4xx_hal_rcc.o [1]
HAL_RCC_GetPCLK2Freq    0x080042d9     0xe  Code  Gb  stm32f4xx_hal_rcc.o [1]
HAL_RCC_OscConfig       0x08005b85   0x2f0  Code  Wk  stm32f4xx_hal_rcc.o [1]
HAL_SPI_DMAStop         0x0800706b    0x22  Code  Gb  stm32f4xx_hal_spi.o [1]
HAL_SPI_IRQHandler      0x0800708d    0xf4  Code  Gb  stm32f4xx_hal_spi.o [1]
HAL_SPI_Init            0x080069cd    0x78  Code  Gb  stm32f4xx_hal_spi.o [1]
HAL_SPI_MspInit         0x0800459f   0x112  Code  Gb  spi.o [1]
HAL_SPI_Receive         0x08006bbd   0x12a  Code  Gb  stm32f4xx_hal_spi.o [1]
HAL_SPI_Receive_DMA     0x08006ec7    0x98  Code  Gb  stm32f4xx_hal_spi.o [1]
HAL_SPI_RxCpltCallback  0x08004df9    0x10  Code  Gb  mpu9250.o [1]
HAL_SPI_Transmit        0x08006a51   0x16c  Code  Gb  stm32f4xx_hal_spi.o [1]
HAL_SPI_TransmitReceive
                        0x08006ce7   0x1a4  Code  Gb  stm32f4xx_hal_spi.o [1]
HAL_SPI_TransmitReceive_DMA
                        0x08006f5f    0x92  Code  Gb  stm32f4xx_hal_spi.o [1]
HAL_SYSTICK_CLKSourceConfig
                        0x08005f23    0x1a  Code  Gb  stm32f4xx_hal_cortex.o [1]
HAL_SYSTICK_Config      0x08005efb    0x28  Code  Gb  stm32f4xx_hal_cortex.o [1]
HAL_TIMEx_BreakCallback
                        0x08008489     0x2  Code  Wk  stm32f4xx_hal_tim_ex.o [1]
HAL_TIMEx_CommutationCallback
                        0x0800848d     0x2  Code  Wk  stm32f4xx_hal_tim_ex.o [1]
HAL_TIMEx_MasterConfigSynchronization
                        0x08007a99    0x4a  Code  Gb  stm32f4xx_hal_tim_ex.o [1]
HAL_TIM_Base_Init       0x08007329    0x1a  Code  Gb  stm32f4xx_hal_tim.o [1]
HAL_TIM_Base_Start_IT   0x08007343    0x16  Code  Gb  stm32f4xx_hal_tim.o [1]
HAL_TIM_IC_CaptureCallback
                        0x080055dd   0x1f2  Code  Gb  rc_pwm.o [1]
HAL_TIM_IC_ConfigChannel
                        0x080075a9   0x104  Code  Gb  stm32f4xx_hal_tim.o [1]
HAL_TIM_IC_Init         0x080073e3    0x1a  Code  Gb  stm32f4xx_hal_tim.o [1]
HAL_TIM_IC_MspInit      0x08004947    0x94  Code  Gb  tim.o [1]
HAL_TIM_IC_Start_IT     0x0800740d    0x38  Code  Gb  stm32f4xx_hal_tim.o [1]
HAL_TIM_IRQHandler      0x08007461   0x142  Code  Gb  stm32f4xx_hal_tim.o [1]
HAL_TIM_MspPostInit     0x08004a2d    0x62  Code  Gb  tim.o [1]
HAL_TIM_PWM_ConfigChannel
                        0x080076ad    0xc0  Code  Gb  stm32f4xx_hal_tim.o [1]
HAL_TIM_PWM_Init        0x08007383    0x1a  Code  Gb  stm32f4xx_hal_tim.o [1]
HAL_TIM_PWM_MspInit     0x080049ed    0x40  Code  Gb  tim.o [1]
HAL_TIM_PWM_Start       0x0800739d    0x14  Code  Gb  stm32f4xx_hal_tim.o [1]
HAL_TIM_PeriodElapsedCallback
                        0x0800202d     0xe  Code  Gb  main.o [1]
HAL_TIM_ReadCapturedValue
                        0x0800779b    0x44  Code  Gb  stm32f4xx_hal_tim.o [1]
HAL_UART_IRQHandler     0x08001af5   0x152  Code  Gb  stm32f4xx_hal_uart.o [1]
HAL_UART_Init           0x080019a9    0x1e  Code  Gb  stm32f4xx_hal_uart.o [1]
HAL_UART_MspInit        0x080039eb   0x2e4  Code  Gb  usart.o [1]
HAL_UART_Receive_IT     0x08001a21    0x4a  Code  Gb  stm32f4xx_hal_uart.o [1]
HAL_UART_RxCpltCallback
                        0x08000d03    0x66  Code  Gb  usart_cfg.o [1]
HAL_UART_Transmit_DMA   0x08001a71    0x78  Code  Gb  stm32f4xx_hal_uart.o [1]
HardFault_Handler       0x0800947f     0x2  Code  Gb  stm32f4xx_it.o [1]
Ki_acc                  0x20000b10     0x4  Data  Gb  app_ins.o [1]
Ki_mag                  0x20000b18     0x4  Data  Gb  app_ins.o [1]
Kp_acc                  0x20000b0c     0x4  Data  Gb  app_ins.o [1]
Kp_mag                  0x20000b14     0x4  Data  Gb  app_ins.o [1]
MPU9250_Check           0x08004cdb    0xb0  Code  Gb  mpu9250.o [1]
MPU9250_ERROR           0x200053c4     0x4  Data  Gb  mpu9250.o [1]
MPU9250_Handler         0x20005384     0x4  Data  Gb  mpu9250.o [1]
MPU9250_Init            0x08004c89    0x52  Code  Gb  mpu9250.o [1]
MPU9250_Mag_ReadReg     0x08004c0b    0x4e  Code  Gb  mpu9250.o [1]
MPU9250_Mag_ReadRegs    0x08004c59    0x22  Code  Gb  mpu9250.o [1]
MPU9250_Mag_WriteReg    0x08004bb3    0x52  Code  Gb  mpu9250.o [1]
MPU9250_ReadReg         0x08004b13    0x48  Code  Gb  mpu9250.o [1]
MPU9250_WriteReg        0x08004b5d    0x4a  Code  Gb  mpu9250.o [1]
MPU9250_data_buffer     0x2000534c    0x1c  Data  Gb  mpu9250.o [1]
MPU9250_data_push       0x08005001   0x154  Code  Gb  mpu9250.o [1]
MPU9250_data_ready_to_read
                        0x08004de5    0x14  Code  Gb  mpu9250.o [1]
MPU9250_gyro_acc_calibrate_offset_func
                        0x08004e09   0x10c  Code  Gb  mpu9250.o [1]
MPU9250_gyro_acc_calibrate_offset_func::cnt_g
                        0x2000536a     0x2  Data  Lc  mpu9250.o [1]
MPU9250_gyro_acc_calibrate_offset_func::gyrox_high
                        0x200053cc     0x4  Data  Lc  mpu9250.o [1]
MPU9250_gyro_acc_calibrate_offset_func::gyrox_low
                        0x200053c8     0x4  Data  Lc  mpu9250.o [1]
MPU9250_gyro_acc_calibrate_offset_func::tempAcc
                        0x20005378     0xc  Data  Lc  mpu9250.o [1]
MPU9250_gyro_acc_calibrate_offset_func::tempGyro
                        0x2000536c     0xc  Data  Lc  mpu9250.o [1]
MPU9250_mag_calibrate   0x08004f15    0xec  Code  Gb  mpu9250.o [1]
MPU9250_mag_calibrate::cnt
                        0x20000b74     0x4  Data  Lc  mpu9250.o [1]
MPU9250_mag_calibrate::magx_high
                        0x20000b60     0x4  Data  Lc  mpu9250.o [1]
MPU9250_mag_calibrate::magx_low
                        0x20000b5c     0x4  Data  Lc  mpu9250.o [1]
MPU9250_mag_calibrate::magy_high
                        0x20000b68     0x4  Data  Lc  mpu9250.o [1]
MPU9250_mag_calibrate::magy_low
                        0x20000b64     0x4  Data  Lc  mpu9250.o [1]
MPU9250_mag_calibrate::magz_high
                        0x20000b70     0x4  Data  Lc  mpu9250.o [1]
MPU9250_mag_calibrate::magz_low
                        0x20000b6c     0x4  Data  Lc  mpu9250.o [1]
MPU9250_process         0x08005159    0x8a  Code  Gb  mpu9250.o [1]
MPU9250_process::MPU9250MagCalibrateStart
                        0x20005a90     0x4  Data  Lc  mpu9250.o [1]
MPU9250_read_raw_data   0x08004d99    0x4c  Code  Gb  mpu9250.o [1]
MS5803_C1               0x200059c8     0x2  Data  Gb  ms5803.o [1]
MS5803_C2               0x200059ca     0x2  Data  Gb  ms5803.o [1]
MS5803_C3               0x200059cc     0x2  Data  Gb  ms5803.o [1]
MS5803_C4               0x200059ce     0x2  Data  Gb  ms5803.o [1]
MS5803_C5               0x200059d0     0x2  Data  Gb  ms5803.o [1]
MS5803_C6               0x200059d2     0x2  Data  Gb  ms5803.o [1]
MS5803_D1               0x200059e8     0x4  Data  Gb  ms5803.o [1]
MS5803_D2               0x200059ec     0x4  Data  Gb  ms5803.o [1]
MS5803_Handler          0x200059f4     0x4  Data  Gb  ms5803.o [1]
MS5803_Init             0x08005249    0xaa  Code  Gb  ms5803.o [1]
MS5803_ReadRegs         0x08005515    0x32  Code  Gb  ms5803.o [1]
MS5803_WriteReg         0x0800555b    0x22  Code  Gb  ms5803.o [1]
MS5803_caculate         0x08005301   0x19a  Code  Gb  ms5803.o [1]
MS5803_pressure         0x200059d8     0x8  Data  Gb  ms5803.o [1]
MS5803_process          0x080052f3     0xc  Code  Gb  ms5803.o [1]
MS5803_read_data        0x080054b1    0x4a  Code  Gb  ms5803.o [1]
MS5803_temperature      0x200059e0     0x8  Data  Gb  ms5803.o [1]
MX_DMA_Init             0x0800447d    0xb8  Code  Gb  dma.o [1]
MX_FREERTOS_Init        0x080058e9   0x108  Code  Gb  freertos.o [1]
MX_GPIO_Init            0x080043c9    0x9e  Code  Gb  gpio.o [1]
MX_SPI1_Init            0x08004535    0x1c  Code  Gb  spi.o [1]
MX_SPI2_Init            0x08004551    0x1c  Code  Gb  spi.o [1]
MX_TIM1_Init            0x08004729    0x6a  Code  Gb  tim.o [1]
MX_TIM2_Init            0x08004793    0x68  Code  Gb  tim.o [1]
MX_TIM3_Init            0x0800483d    0x5c  Code  Gb  tim.o [1]
MX_TIM4_Init            0x080048a7    0x5a  Code  Gb  tim.o [1]
MX_UART4_Init           0x08003929    0x1a  Code  Gb  usart.o [1]
MX_UART5_Init           0x08003943    0x1a  Code  Gb  usart.o [1]
MX_USART1_UART_Init     0x08003965    0x1a  Code  Gb  usart.o [1]
MX_USART2_UART_Init     0x0800397f    0x1a  Code  Gb  usart.o [1]
MX_USART3_UART_Init     0x080039b7    0x1a  Code  Gb  usart.o [1]
MX_USART6_UART_Init     0x080039d1    0x1a  Code  Gb  usart.o [1]
MemManage_Handler       0x08009481     0x2  Code  Gb  stm32f4xx_it.o [1]
NMI_Handler             0x0800947d     0x2  Code  Gb  stm32f4xx_it.o [1]
NVIC_SetPriority        0x08005e75    0x1e  Code  Lc  stm32f4xx_hal_cortex.o [1]
PendSV_Handler          0x080063c9          Code  Gb  portasm.o [1]
RC_PWM                  0x20005450    0x20  Data  Gb  rc_pwm.o [1]
RC_PWM_init             0x0800559d    0x38  Code  Gb  rc_pwm.o [1]
ReadTheFLASH            0x08001949    0x24  Code  Gb  flash_on_chip.o [1]
Region$$Table$$Base     0x0800968c           --   Gb  - Linker created -
Region$$Table$$Limit    0x080096ac           --   Gb  - Linker created -
RxBuffer                0x20005948    0x34  Data  Lc  app_ano.o [1]
RxBuffer                0x20004ff8    0xc8  Data  Lc  app_ros.o [1]
SPI1_IRQHandler         0x080094b5     0x6  Code  Gb  stm32f4xx_it.o [1]
SPI_CheckFlag_BSY       0x080072ed    0x1a  Code  Lc  stm32f4xx_hal_spi.o [1]
SPI_DMAAbortOnError     0x08007255     0xc  Code  Lc  stm32f4xx_hal_spi.o [1]
SPI_DMAError            0x08007235    0x1e  Code  Lc  stm32f4xx_hal_spi.o [1]
SPI_DMAHalfReceiveCplt  0x08007225     0x6  Code  Lc  stm32f4xx_hal_spi.o [1]
SPI_DMAHalfTransmitReceiveCplt
                        0x0800722d     0x6  Code  Lc  stm32f4xx_hal_spi.o [1]
SPI_DMAReceiveCplt      0x08007181    0x4e  Code  Lc  stm32f4xx_hal_spi.o [1]
SPI_DMATransmitReceiveCplt
                        0x080071d1    0x34  Code  Lc  stm32f4xx_hal_spi.o [1]
SPI_WaitFlagStateUntilTimeout
                        0x08007261    0x8c  Code  Lc  stm32f4xx_hal_spi.o [1]
SVC_Handler             0x08006421          Code  Gb  portasm.o [1]
StartDefaultTask        0x080059ff     0x8  Code  Gb  freertos.o [1]
StartTask02LED          0x08005a07     0x8  Code  Gb  freertos.o [1]
StartTask03COM          0x08005a0f    0x40  Code  Gb  freertos.o [1]
StartTask04MPU9250      0x08005a4f    0x34  Code  Gb  freertos.o [1]
StartTask05MS5803       0x08005a93     0xe  Code  Gb  freertos.o [1]
StartTask06BackEnd      0x08005aa1    0x3c  Code  Gb  freertos.o [1]
SysTick_Handler         0x08009489     0xe  Code  Gb  stm32f4xx_it.o [1]
SystemClock_Config      0x08001f7f    0xae  Code  Gb  main.o [1]
SystemCoreClock         0x20000b90     0x4  Data  Gb  system_stm32f4xx.o [1]
SystemInit              0x0800954d    0x3a  Code  Gb  system_stm32f4xx.o [1]
TIM1_CC_IRQHandler      0x080094a9     0x6  Code  Gb  stm32f4xx_it.o [1]
TIM2_IRQHandler         0x080094af     0x6  Code  Gb  stm32f4xx_it.o [1]
TIM8_TRG_COM_TIM14_IRQHandler
                        0x080094cd     0x6  Code  Gb  stm32f4xx_it.o [1]
TIM_Base_SetConfig      0x080077df    0x8e  Code  Gb  stm32f4xx_hal_tim.o [1]
TIM_CCxChannelCmd       0x0800792f    0x14  Code  Gb  stm32f4xx_hal_tim.o [1]
TIM_OC1_SetConfig       0x08007943    0x4a  Code  Lc  stm32f4xx_hal_tim.o [1]
TIM_OC2_SetConfig       0x080078d5    0x58  Code  Gb  stm32f4xx_hal_tim.o [1]
TIM_OC3_SetConfig       0x0800798d    0x50  Code  Lc  stm32f4xx_hal_tim.o [1]
TIM_OC4_SetConfig       0x080079e9    0x46  Code  Lc  stm32f4xx_hal_tim.o [1]
TIM_TI1_SetConfig       0x0800786f    0x66  Code  Gb  stm32f4xx_hal_tim.o [1]
TIM_TI2_SetConfig       0x08007a63    0x34  Code  Lc  stm32f4xx_hal_tim.o [1]
UART4_IRQHandler        0x080094d9     0x6  Code  Gb  stm32f4xx_it.o [1]
UART5_IRQHandler        0x080094df     0x6  Code  Gb  stm32f4xx_it.o [1]
UART_DMAAbortOnError    0x08001cf5     0xc  Code  Lc  stm32f4xx_hal_uart.o [1]
UART_DMAError           0x08001c7d    0x4a  Code  Lc  stm32f4xx_hal_uart.o [1]
UART_DMATransmitCplt    0x08001c49    0x2a  Code  Lc  stm32f4xx_hal_uart.o [1]
UART_DMATxHalfCplt      0x08001c75     0x6  Code  Lc  stm32f4xx_hal_uart.o [1]
UART_EndRxTransfer      0x08001cd9    0x1c  Code  Lc  stm32f4xx_hal_uart.o [1]
UART_EndTxTransfer      0x08001cc7    0x12  Code  Lc  stm32f4xx_hal_uart.o [1]
UART_Receive_IT         0x08001d01    0x8c  Code  Lc  stm32f4xx_hal_uart.o [1]
UART_SetConfig          0x08001d8d   0x13a  Code  Lc  stm32f4xx_hal_uart.o [1]
USART1_DMA_send_data    0x08000d87     0xa  Code  Gb  usart_cfg.o [1]
USART1_IRQHandler       0x080094bb     0x6  Code  Gb  stm32f4xx_it.o [1]
USART2_IRQHandler       0x080094c1     0x6  Code  Gb  stm32f4xx_it.o [1]
USART3_IRQHandler       0x080094c7     0x6  Code  Gb  stm32f4xx_it.o [1]
USART4_DMA_send_data    0x08000d91     0xa  Code  Gb  usart_cfg.o [1]
USART6_IRQHandler       0x080094fd     0x6  Code  Gb  stm32f4xx_it.o [1]
USART_init              0x08000ca5    0x58  Code  Gb  usart_cfg.o [1]
UpdateTheFLASH          0x08001789    0x90  Code  Gb  flash_on_chip.o [1]
UsageFault_Handler      0x08009485     0x2  Code  Gb  stm32f4xx_it.o [1]
_Error_Handler          0x08002051     0x2  Code  Gb  main.o [1]
_LocaleC_isspace        0x080088d1    0x14  Code  Gb  xlocale_c.o [3]
_LocaleC_isupper        0x080088c5     0x2  Code  Gb  xlocale_c.o [3]
_LocaleC_tolower        0x080088e5     0xc  Code  Gb  xlocale_c.o [3]
__aeabi_cdcmpeq         0x0800942d          Code  Gb  DblCmpEq.o [4]
__aeabi_cdcmple         0x08008f71          Code  Gb  DblCmpLe.o [4]
__aeabi_cdrcmple        0x0800944d          Code  Gb  DblCmpGe.o [4]
__aeabi_d2f             0x08000fd9          Code  Gb  DblToFlt.o [4]
__aeabi_d2iz            0x080093f1          Code  Gb  DblToS32.o [4]
__aeabi_dadd            0x080084cd          Code  Gb  DblAdd.o [4]
__aeabi_ddiv            0x08008fa1          Code  Gb  DblDiv.o [4]
__aeabi_dmul            0x08001041          Code  Gb  DblMul.o [4]
__aeabi_dsub            0x08008645          Code  Gb  DblSub.o [4]
__aeabi_f2d             0x08007b3d          Code  Gb  FltToDbl.o [4]
__aeabi_i2d             0x08000f3d          Code  Gb  S32ToDbl.o [4]
__aeabi_l2f             0x08007ae5          Code  Gb  S64ToFlt.o [4]
__aeabi_ldiv0           0x0800847d          Code  Gb  I64DivZer.o [5]
__aeabi_ldivmod         0x080066f9          Code  Gb  I64DivMod.o [5]
__aeabi_memcpy          0x08006321          Code  Gb  ABImemcpy.o [5]
__aeabi_memcpy4         0x08006341          Code  Gb  ABImemcpy.o [5]
__aeabi_memcpy8         0x08006341          Code  Gb  ABImemcpy.o [5]
__aeabi_uldivmod        0x0800673d          Code  Gb  I64DivMod.o [5]
__cmain                 0x080096ad          Code  Gb  cmain.o [5]
__exit                  0x080096e1    0x14  Code  Gb  exit.o [6]
__iar_Atan64            0x080091e9   0x170  Code  Gb  iar_Atan64.o [4]
__iar_Memchr            0x08008425          Code  Gb  memchr.o [5]
__iar_Sin64             0x08008b25   0x3b2  Code  Lc  cos_sin64.o [4]
__iar_Stoulx            0x08005f65   0x112  Code  Gb  iar_Stoulx.o [3]
__iar_asin64            0x080088f9    0xf0  Code  Gb  asin64.o [4]
__iar_atan2_64          0x080089e9   0x13c  Code  Gb  atan2_64.o [4]
__iar_cos64             0x08008f69     0x4  Code  Gb  cos_sin64.o [4]
__iar_cos_medium        0x08008f69     0x4  Code  Gb  cos_sin64.o [4]
__iar_cos_medium64      0x08008f69     0x4  Code  Gb  cos_sin64.o [4]
__iar_cos_mediuml       0x08008f69     0x4  Code  Gb  cos_sin64.o [4]
__iar_dadd              0x08008655          Code  Gb  DblSub.o [4]
__iar_data_init3        0x08009641    0x28  Code  Gb  data_init.o [5]
__iar_dsub              0x080084dd          Code  Gb  DblAdd.o [4]
__iar_dsubStart         0x080084ef          Code  Gb  DblAdd.o [4]
__iar_globLocale        0x20000b94    0x48  Data  Lc  xlocale_c.o [3]
__iar_global_Locale     0x080088f1     0x4  Code  Gb  xlocale_c.o [3]
__iar_init_vfp          0x08009669          Code  Gb  fpinit_M.o [4]
__iar_lz77_init_single3
                        0x08000f5f    0x7a  Code  Gb  lz77_init_single.o [5]
__iar_program_start     0x08009705          Code  Gb  cstartup_M.o [5]
__iar_sin64             0x08008f6d     0x4  Code  Gb  cos_sin64.o [4]
__iar_sin_medium        0x08008f6d     0x4  Code  Gb  cos_sin64.o [4]
__iar_sin_medium64      0x08008f6d     0x4  Code  Gb  cos_sin64.o [4]
__iar_sin_mediuml       0x08008f6d     0x4  Code  Gb  cos_sin64.o [4]
__iar_sqrt64            0x08008739          Code  Gb  sqrt.o [4]
__iar_systems$$module {Abs}
                        0x00000001          Data  Gb  command line/config [2]
__iar_vfp___iar_sqrt64  0x08008729          Code  Gb  sqrt.o [4]
__iar_vfp_asin          0x08008497     0xc  Code  Gb  math_wrappers64.o [4]
__iar_vfp_atan2         0x080084a3    0x10  Code  Gb  math_wrappers64.o [4]
__iar_vfp_cos           0x080084b3     0xc  Code  Gb  math_wrappers64.o [4]
__iar_vfp_sin           0x080084bf     0xc  Code  Gb  math_wrappers64.o [4]
__iar_vfp_sqrt          0x08008729          Code  Gb  sqrt.o [4]
__iar_vfp_sqrtl         0x08008729          Code  Gb  sqrt.o [4]
__iar_zero_init3        0x08009601    0x40  Code  Gb  zero_init3.o [5]
__low_level_init        0x080096cb     0x4  Code  Gb  low_level_init.o [3]
__vector_table          0x08000000          Data  Gb  startup_stm32f407xx.o [1]
_buf_index              0x20004acc     0x4  Data  Lc  uwb1000.o [1]
_call_main              0x080096b9          Code  Gb  cmain.o [5]
_comma_index            0x20004ad0     0x4  Data  Lc  uwb1000.o [1]
_data_cnt               0x200054d8     0x4  Data  Lc  app_ano.o [1]
_data_cnt               0x20005a6c     0x4  Data  Lc  app_ros.o [1]
_data_cnt               0x20005a1c     0x4  Data  Lc  uwb1000.o [1]
_data_len               0x200054d4     0x4  Data  Lc  app_ano.o [1]
_data_len               0x20005a68     0x4  Data  Lc  app_ros.o [1]
_data_len               0x20005a18     0x4  Data  Lc  uwb1000.o [1]
_exit                   0x080096d5          Code  Gb  cexit.o [5]
_main                   0x080096c7          Code  Gb  cmain.o [5]
a                       0x080093b0    0x40  Data  Lc  iar_Atan64.o [4]
aRxBuffer1              0x20005a88     0x1  Data  Gb  usart_cfg.o [1]
aRxBuffer2              0x20005a89     0x1  Data  Gb  usart_cfg.o [1]
aRxBuffer3              0x20005a8b     0x1  Data  Gb  usart_cfg.o [1]
aRxBuffer5              0x20005a8a     0x1  Data  Gb  usart_cfg.o [1]
aRxBuffer6              0x20005a8c     0x1  Data  Gb  usart_cfg.o [1]
accx_raw_bias_mps       0x20005394     0x4  Data  Gb  mpu9250.o [1]
accx_raw_mps            0x20005388     0x4  Data  Gb  mpu9250.o [1]
accy_raw_bias_mps       0x20005398     0x4  Data  Gb  mpu9250.o [1]
accy_raw_mps            0x2000538c     0x4  Data  Gb  mpu9250.o [1]
accz_raw_bias_mps       0x2000539c     0x4  Data  Gb  mpu9250.o [1]
accz_raw_mps            0x20005390     0x4  Data  Gb  mpu9250.o [1]
alt_d                   0x200053fc     0x4  Data  Gb  app_ano.o [1]
alt_i                   0x200053f8     0x4  Data  Gb  app_ano.o [1]
alt_p                   0x200053f4     0x4  Data  Gb  app_ano.o [1]
anchor                  0x200047f8   0x2d0  Data  Gb  uwb1000.o [1]
anchor_index            0x20004aca     0x1  Data  Gb  uwb1000.o [1]
ano_data_to_send        0x2000554c    0x64  Data  Lc  app_ano.o [1]
ano_process             0x08000c1f    0x46  Code  Gb  app_ano.o [1]
ano_process::delay_cnt  0x20005548     0x4  Data  Lc  app_ano.o [1]
app_ano_time_comsume_us
                        0x20005a94     0x4  Data  Gb  time.o [1]
app_backend_time_comsume_us
                        0x20005a98     0x4  Data  Gb  time.o [1]
app_ctrl_thread         0x0800836d    0x16  Code  Gb  app_ctrl.o [1]
app_ins_thread          0x08007bfd    0x64  Code  Gb  app_ins.o [1]
app_led_thread          0x08005835    0x58  Code  Gb  app_led.o [1]
app_ros_thread          0x080026b5     0xa  Code  Gb  app_ros.o [1]
asin                    0x080088f9    0xf0  Code  Gb  asin64.o [4]
asinl                   0x080088f9    0xf0  Code  Gb  asin64.o [4]
atan2                   0x080089e9   0x13c  Code  Gb  atan2_64.o [4]
atan2l                  0x080089e9   0x13c  Code  Gb  atan2_64.o [4]
atoi                    0x0800607d     0x2  Code  Gb  iar_Stoulx.o [3]
cos                     0x08008f69     0x4  Code  Gb  cos_sin64.o [4]
cosl                    0x08008f69     0x4  Code  Gb  cos_sin64.o [4]
cycle_T                 0x20004e40    0xf0  Data  Gb  time.o [1]
d1d2_convert_step       0x200059f0     0x4  Data  Lc  ms5803.o [1]
data_from_ANO_updata    0x200054e4     0x4  Data  Lc  app_ano.o [1]
data_from_ros_updata    0x20005a70     0x4  Data  Lc  app_ros.o [1]
data_parse_state        0x20005a14     0x1  Data  Gb  uwb1000.o [1]
data_shift              0x08007d1b    0x60  Code  Gb  app_ins.o [1]
data_shift_1            0x08007cdb    0x14  Code  Gb  app_ins.o [1]
data_trans_with_ano     0x08000565   0x146  Code  Gb  app_ano.o [1]
defaultTaskHandle       0x2000597c     0x4  Data  Gb  freertos.o [1]
det_t_s                 0x20005a74     0xc  Data  Gb  time.o [1]
digits                  0x08006088    0x28  Data  Lc  iar_Stoulx.o [3]
exit                    0x080096cf     0x4  Code  Gb  exit.o [3]
filter                  0x08007d7b    0xa0  Code  Gb  app_ins.o [1]
filter_fir              0x08007cef    0x2c  Code  Gb  app_ins.o [1]
flash_byte_to_float     0x0800196d    0x26  Code  Gb  flash_on_chip.o [1]
flash_float_to_byte     0x08001993    0x16  Code  Gb  flash_on_chip.o [1]
flash_read_parameters   0x080014a5   0x252  Code  Gb  flash_on_chip.o [1]
flash_save_parameters   0x080011e5   0x2bc  Code  Gb  flash_on_chip.o [1]
get_cycle_time          0x08007b85    0x34  Code  Gb  time.o [1]
get_data_from_ANO       0x200054dc     0x4  Data  Lc  app_ano.o [1]
get_sys_time_us         0x08007bb9    0x20  Code  Gb  time.o [1]
gyro_c                  0x20000948    0x30  Data  Lc  app_ins.o [1]
gyrox_raw_bias_dps      0x200053ac     0x4  Data  Gb  mpu9250.o [1]
gyrox_raw_dps           0x200053a0     0x4  Data  Gb  mpu9250.o [1]
gyroy_raw_bias_dps      0x200053b0     0x4  Data  Gb  mpu9250.o [1]
gyroy_raw_dps           0x200053a4     0x4  Data  Gb  mpu9250.o [1]
gyroz_raw_bias_dps      0x200053b4     0x4  Data  Gb  mpu9250.o [1]
gyroz_raw_dps           0x200053a8     0x4  Data  Gb  mpu9250.o [1]
hdma_spi1_rx            0x200050c0    0x60  Data  Gb  spi.o [1]
hdma_spi1_tx            0x20005120    0x60  Data  Gb  spi.o [1]
hdma_uart4_tx           0x20004ad4    0x60  Data  Gb  usart.o [1]
hdma_uart5_tx           0x20004b34    0x60  Data  Gb  usart.o [1]
hdma_usart1_tx          0x20004b94    0x60  Data  Gb  usart.o [1]
hdma_usart2_tx          0x20004bf4    0x60  Data  Gb  usart.o [1]
hdma_usart3_tx          0x20004c54    0x60  Data  Gb  usart.o [1]
hdma_usart6_tx          0x20004cb4    0x60  Data  Gb  usart.o [1]
hspi1                   0x200055b0    0x58  Data  Gb  spi.o [1]
hspi2                   0x20005608    0x58  Data  Gb  spi.o [1]
htim1                   0x20005858    0x3c  Data  Gb  tim.o [1]
htim14                  0x2000581c    0x3c  Data  Gb  stm32f4xx_hal_timebase_TIM.o [1]
htim2                   0x20005894    0x3c  Data  Gb  tim.o [1]
htim3                   0x200058d0    0x3c  Data  Gb  tim.o [1]
htim4                   0x2000590c    0x3c  Data  Gb  tim.o [1]
huart1                  0x200056e0    0x40  Data  Gb  usart.o [1]
huart2                  0x20005720    0x40  Data  Gb  usart.o [1]
huart3                  0x20005760    0x40  Data  Gb  usart.o [1]
huart4                  0x20005660    0x40  Data  Gb  usart.o [1]
huart5                  0x200056a0    0x40  Data  Gb  usart.o [1]
huart6                  0x200057a0    0x40  Data  Gb  usart.o [1]
ins_update              0x08007e21   0x494  Code  Gb  app_ins.o [1]
ins_update::acc_exInt   0x20000b2c     0x4  Data  Lc  app_ins.o [1]
ins_update::acc_eyInt   0x20000b30     0x4  Data  Lc  app_ins.o [1]
ins_update::acc_ezInt   0x20000b34     0x4  Data  Lc  app_ins.o [1]
ins_update::mag_exInt   0x20000b38     0x4  Data  Lc  app_ins.o [1]
ins_update::mag_eyInt   0x20000b3c     0x4  Data  Lc  app_ins.o [1]
ins_update::mag_ezInt   0x20000b40     0x4  Data  Lc  app_ins.o [1]
ins_update::q0          0x20000b1c     0x4  Data  Lc  app_ins.o [1]
ins_update::q1          0x20000b20     0x4  Data  Lc  app_ins.o [1]
ins_update::q2          0x20000b24     0x4  Data  Lc  app_ins.o [1]
ins_update::q3          0x20000b28     0x4  Data  Lc  app_ins.o [1]
isspace                 0x080083fd    0x14  Code  Gb  isspace.o [3]
led_init                0x08005895     0x4  Code  Gb  app_led.o [1]
led_one_off             0x080058a7     0x2  Code  Gb  app_led.o [1]
led_one_on              0x080058a3     0x4  Code  Gb  app_led.o [1]
led_one_toggle          0x080058b3     0x6  Code  Gb  app_led.o [1]
led_two_off             0x080058c1     0x8  Code  Gb  app_led.o [1]
led_two_on              0x080058b9     0x8  Code  Gb  app_led.o [1]
mag_c                   0x20000978   0x194  Data  Lc  app_ins.o [1]
magx_gain               0x20000b50     0x4  Data  Gb  mpu9250.o [1]
magx_offset             0x20000b44     0x4  Data  Gb  mpu9250.o [1]
magx_raw_uT             0x200053b8     0x4  Data  Gb  mpu9250.o [1]
magy_gain               0x20000b54     0x4  Data  Gb  mpu9250.o [1]
magy_offset             0x20000b48     0x4  Data  Gb  mpu9250.o [1]
magy_raw_uT             0x200053bc     0x4  Data  Gb  mpu9250.o [1]
magz_gain               0x20000b58     0x4  Data  Gb  mpu9250.o [1]
magz_offset             0x20000b4c     0x4  Data  Gb  mpu9250.o [1]
magz_raw_uT             0x200053c0     0x4  Data  Gb  mpu9250.o [1]
main                    0x08001f11    0x6e  Code  Gb  main.o [1]
makeFreeRtosPriority    0x08000e09     0xc  Code  Lc  cmsis_os.o [1]
memchr                  0x08008425          Code  Gb  memchr.o [5]
motor_pwm_set_value     0x0800882d    0x20  Code  Gb  motor_pwm.o [1]
mpu9250_time_comsume_us
                        0x20005a9c     0x4  Data  Gb  time.o [1]
mpu_data_ok             0x20005368     0x1  Data  Gb  mpu9250.o [1]
myBinarySem01MPU9250GyroAccCalibrateOffsetHandle
                        0x20005994     0x4  Data  Gb  freertos.o [1]
myBinarySem02LED1ONHandle
                        0x20005998     0x4  Data  Gb  freertos.o [1]
myBinarySem03LED2ONHandle
                        0x2000599c     0x4  Data  Gb  freertos.o [1]
myBinarySem04MPU9250MagCalibrateHandle
                        0x200059a8     0x4  Data  Gb  freertos.o [1]
myBinarySem05LED1PulsateHandle
                        0x200059a0     0x4  Data  Gb  freertos.o [1]
myBinarySem06LED2PulsateHandle
                        0x200059a4     0x4  Data  Gb  freertos.o [1]
myTask02LEDHandle       0x20005980     0x4  Data  Gb  freertos.o [1]
myTask03COMHandle       0x20005984     0x4  Data  Gb  freertos.o [1]
myTask04MPU9250Handle   0x20005988     0x4  Data  Gb  freertos.o [1]
myTask05MS5803Handle    0x2000598c     0x4  Data  Gb  freertos.o [1]
myTask06BackEndHandle   0x20005990     0x4  Data  Gb  freertos.o [1]
ndigs                   0x080060b0    0x28  Data  Lc  iar_Stoulx.o [3]
obtain_imu_data         0x08007c61    0x7a  Code  Gb  app_ins.o [1]
osDelay                 0x08000e4d     0xe  Code  Gb  cmsis_os.o [1]
osKernelStart           0x08000e15     0xa  Code  Gb  cmsis_os.o [1]
osSemaphoreCreate       0x08000e5b    0x2c  Code  Gb  cmsis_os.o [1]
osSemaphoreRelease      0x08000ed5    0x30  Code  Gb  cmsis_os.o [1]
osSemaphoreWait         0x08000e87    0x42  Code  Gb  cmsis_os.o [1]
osSystickHandler        0x08000f25    0x14  Code  Gb  cmsis_os.o [1]
osThreadCreate          0x08000e1f    0x2e  Code  Gb  cmsis_os.o [1]
pFlash                  0x20005a20    0x20  Data  Gb  stm32f4xx_hal_flash.o [1]
parse_ready             0x20005a15     0x1  Data  Lc  uwb1000.o [1]
pid10_d                 0x20005444     0x4  Data  Gb  app_ano.o [1]
pid10_i                 0x20005440     0x4  Data  Gb  app_ano.o [1]
pid10_p                 0x2000543c     0x4  Data  Gb  app_ano.o [1]
pid11_d                 0x200054f0     0x4  Data  Gb  app_ano.o [1]
pid11_i                 0x2000544c     0x4  Data  Gb  app_ano.o [1]
pid11_p                 0x20005448     0x4  Data  Gb  app_ano.o [1]
pid12_d                 0x200054fc     0x4  Data  Gb  app_ano.o [1]
pid12_i                 0x200054f8     0x4  Data  Gb  app_ano.o [1]
pid12_p                 0x200054f4     0x4  Data  Gb  app_ano.o [1]
pid13_d                 0x20005508     0x4  Data  Gb  app_ano.o [1]
pid13_i                 0x20005504     0x4  Data  Gb  app_ano.o [1]
pid13_p                 0x20005500     0x4  Data  Gb  app_ano.o [1]
pid14_d                 0x20005514     0x4  Data  Gb  app_ano.o [1]
pid14_i                 0x20005510     0x4  Data  Gb  app_ano.o [1]
pid14_p                 0x2000550c     0x4  Data  Gb  app_ano.o [1]
pid15_d                 0x20005520     0x4  Data  Gb  app_ano.o [1]
pid15_i                 0x2000551c     0x4  Data  Gb  app_ano.o [1]
pid15_p                 0x20005518     0x4  Data  Gb  app_ano.o [1]
pid16_d                 0x2000552c     0x4  Data  Gb  app_ano.o [1]
pid16_i                 0x20005528     0x4  Data  Gb  app_ano.o [1]
pid16_p                 0x20005524     0x4  Data  Gb  app_ano.o [1]
pid17_d                 0x20005538     0x4  Data  Gb  app_ano.o [1]
pid17_i                 0x20005534     0x4  Data  Gb  app_ano.o [1]
pid17_p                 0x20005530     0x4  Data  Gb  app_ano.o [1]
pid18_d                 0x20005544     0x4  Data  Gb  app_ano.o [1]
pid18_i                 0x20005540     0x4  Data  Gb  app_ano.o [1]
pid18_p                 0x2000553c     0x4  Data  Gb  app_ano.o [1]
pid6_d                  0x20005414     0x4  Data  Gb  app_ano.o [1]
pid6_i                  0x20005410     0x4  Data  Gb  app_ano.o [1]
pid6_p                  0x2000540c     0x4  Data  Gb  app_ano.o [1]
pid7_d                  0x20005420     0x4  Data  Gb  app_ano.o [1]
pid7_i                  0x2000541c     0x4  Data  Gb  app_ano.o [1]
pid7_p                  0x20005418     0x4  Data  Gb  app_ano.o [1]
pid8_d                  0x2000542c     0x4  Data  Gb  app_ano.o [1]
pid8_i                  0x20005428     0x4  Data  Gb  app_ano.o [1]
pid8_p                  0x20005424     0x4  Data  Gb  app_ano.o [1]
pid9_d                  0x20005438     0x4  Data  Gb  app_ano.o [1]
pid9_i                  0x20005434     0x4  Data  Gb  app_ano.o [1]
pid9_p                  0x20005430     0x4  Data  Gb  app_ano.o [1]
pit_d                   0x200053e4     0x4  Data  Gb  app_ano.o [1]
pit_i                   0x200053e0     0x4  Data  Gb  app_ano.o [1]
pit_p                   0x200053dc     0x4  Data  Gb  app_ano.o [1]
pitch_for_motor         0x20005a5c     0x4  Data  Gb  app_ctrl.o [1]
pos_d                   0x20005408     0x4  Data  Gb  app_ano.o [1]
pos_i                   0x20005404     0x4  Data  Gb  app_ano.o [1]
pos_p                   0x20005400     0x4  Data  Gb  app_ano.o [1]
prvAddCurrentTaskToDelayedList
                        0x08002db9    0x64  Code  Lc  tasks.o [1]
prvAddNewTaskToReadyList
                        0x08002791    0xa6  Code  Lc  tasks.o [1]
prvCopyDataFromQueue    0x0800333f    0x28  Code  Lc  queue.o [1]
prvCopyDataToQueue      0x080032d7    0x68  Code  Lc  queue.o [1]
prvDeleteTCB            0x08002c11    0x14  Code  Lc  tasks.o [1]
prvIdleTask             0x08002ba5    0x66  Code  Lc  tasks.o [1]
prvInitialiseNewQueue   0x08002ee5    0x16  Code  Lc  queue.o [1]
prvInitialiseNewTask    0x08002719    0x78  Code  Lc  tasks.o [1]
prvInsertBlockIntoFreeList
                        0x0800623f    0x46  Code  Lc  heap_4.o [1]
prvIsQueueEmpty         0x080033cb    0x16  Code  Lc  queue.o [1]
prvResetNextTaskUnblockTime
                        0x08002c25    0x1c  Code  Lc  tasks.o [1]
prvTaskExitError        0x0800340d    0x28  Code  Lc  port.o [1]
prvUnlockQueue          0x08003367    0x64  Code  Lc  queue.o [1]
pvPortMalloc            0x080060d9   0x104  Code  Gb  heap_4.o [1]
pvTaskIncrementMutexHeldCount
                        0x08002d61    0x14  Code  Gb  tasks.o [1]
pxCurrentTCB            0x200051a8     0x4  Data  Gb  tasks.o [1]
pxDelayedTaskList       0x200051ac     0x4  Data  Lc  tasks.o [1]
pxEnd                   0x20000be4     0x4  Data  Lc  heap_4.o [1]
pxOverflowDelayedTaskList
                        0x200051b0     0x4  Data  Lc  tasks.o [1]
pxPortInitialiseStack   0x080033e5    0x26  Code  Gb  port.o [1]
pxReadyTasksLists       0x200052c0    0x8c  Data  Lc  tasks.o [1]
rc_d                    0x200059c4     0x4  Data  Gb  app_ctrl.o [1]
rc_e                    0x200059bc     0x4  Data  Gb  app_ctrl.o [1]
rc_g                    0x200059c0     0x4  Data  Gb  app_ctrl.o [1]
rc_pitch                0x200059b0     0x4  Data  Gb  app_ctrl.o [1]
rc_roll                 0x200059ac     0x4  Data  Gb  app_ctrl.o [1]
rc_throttle             0x200059b4     0x4  Data  Gb  app_ctrl.o [1]
rc_yaw                  0x200059b8     0x4  Data  Gb  app_ctrl.o [1]
read_data_from_inner_flash
                        0x200054ec     0x4  Data  Lc  app_ano.o [1]
remote_control_data_obtain
                        0x080083cb    0x22  Code  Gb  app_ctrl.o [1]
rol_d                   0x200053d8     0x4  Data  Gb  app_ano.o [1]
rol_i                   0x200053d4     0x4  Data  Gb  app_ano.o [1]
rol_p                   0x200053d0     0x4  Data  Gb  app_ano.o [1]
roll_for_motor          0x20005a58     0x4  Data  Gb  app_ctrl.o [1]
ros_a_x                 0x200057e0     0x4  Data  Gb  app_ros.o [1]
ros_a_y                 0x200057e4     0x4  Data  Gb  app_ros.o [1]
ros_a_z                 0x200057e8     0x4  Data  Gb  app_ros.o [1]
ros_b_x                 0x200057ec     0x4  Data  Gb  app_ros.o [1]
ros_b_y                 0x200057f0     0x4  Data  Gb  app_ros.o [1]
ros_b_z                 0x200057f4     0x4  Data  Gb  app_ros.o [1]
ros_c_x                 0x200057f8     0x4  Data  Gb  app_ros.o [1]
ros_c_y                 0x200057fc     0x4  Data  Gb  app_ros.o [1]
ros_c_z                 0x20005800     0x4  Data  Gb  app_ros.o [1]
ros_d_x                 0x20005804     0x4  Data  Gb  app_ros.o [1]
ros_d_y                 0x20005808     0x4  Data  Gb  app_ros.o [1]
ros_d_z                 0x2000580c     0x4  Data  Gb  app_ros.o [1]
ros_data_receive_analyse
                        0x08002311   0x156  Code  Gb  app_ros.o [1]
ros_data_receive_prepara
                        0x0800227b    0x96  Code  Gb  app_ros.o [1]
ros_data_to_send        0x20004f30    0xc8  Data  Lc  app_ros.o [1]
ros_e_x                 0x20005810     0x4  Data  Gb  app_ros.o [1]
ros_e_y                 0x20005814     0x4  Data  Gb  app_ros.o [1]
ros_e_z                 0x20005818     0x4  Data  Gb  app_ros.o [1]
ros_send_15_data        0x08002487   0x200  Code  Gb  app_ros.o [1]
ros_sending             0x080021e5    0x8c  Code  Gb  app_ros.o [1]
save_arry               0x20004d14   0x12c  Data  Gb  flash_on_chip.o [1]
send_pid_para           0x200054e0     0x4  Data  Lc  app_ano.o [1]
simpdelay               0x08004b05     0xe  Code  Lc  mpu9250.o [1]
sin                     0x08008f6d     0x4  Code  Gb  cos_sin64.o [4]
sinl                    0x08008f6d     0x4  Code  Gb  cos_sin64.o [4]
sqrt                    0x08008739          Code  Gb  sqrt.o [4]
sqrtl                   0x08008739          Code  Gb  sqrt.o [4]
state                   0x200054d0     0x4  Data  Lc  app_ano.o [1]
state                   0x20005a64     0x4  Data  Lc  app_ros.o [1]
sysTickUptime           0x20005a80     0x8  Data  Gb  time.o [1]
t_pitch                 0x20000000   0x318  Data  Gb  app_ins.o [1]
t_roll                  0x20000318   0x318  Data  Gb  app_ins.o [1]
t_yaw                   0x20000630   0x318  Data  Gb  app_ins.o [1]
throttle_for_motor      0x20005a54     0x2  Data  Gb  app_ctrl.o [1]
time_consume            0x20005220    0xa0  Data  Gb  time.o [1]
time_inc_tick           0x08007bd9    0x14  Code  Gb  time.o [1]
timer1_channel1_PE9_DiffCapture
                        0x20005478     0x4  Data  Gb  rc_pwm.o [1]
timer1_channel1_PE9_IC1Value1
                        0x20005470     0x4  Data  Gb  rc_pwm.o [1]
timer1_channel1_PE9_IC1Value2
                        0x20005474     0x4  Data  Gb  rc_pwm.o [1]
timer1_channel2_PE11_DiffCapture
                        0x20005484     0x4  Data  Gb  rc_pwm.o [1]
timer1_channel2_PE11_IC1Value1
                        0x2000547c     0x4  Data  Gb  rc_pwm.o [1]
timer1_channel2_PE11_IC1Value2
                        0x20005480     0x4  Data  Gb  rc_pwm.o [1]
timer1_channel3_PE13_DiffCapture
                        0x20005490     0x4  Data  Gb  rc_pwm.o [1]
timer1_channel3_PE13_IC1Value1
                        0x20005488     0x4  Data  Gb  rc_pwm.o [1]
timer1_channel3_PE13_IC1Value2
                        0x2000548c     0x4  Data  Gb  rc_pwm.o [1]
timer1_channel4_PE14_DiffCapture
                        0x2000549c     0x4  Data  Gb  rc_pwm.o [1]
timer1_channel4_PE14_IC1Value1
                        0x20005494     0x4  Data  Gb  rc_pwm.o [1]
timer1_channel4_PE14_IC1Value2
                        0x20005498     0x4  Data  Gb  rc_pwm.o [1]
timer2_channel1_PA5_DiffCapture
                        0x200054a8     0x4  Data  Gb  rc_pwm.o [1]
timer2_channel1_PA5_IC1Value1
                        0x200054a0     0x4  Data  Gb  rc_pwm.o [1]
timer2_channel1_PA5_IC1Value2
                        0x200054a4     0x4  Data  Gb  rc_pwm.o [1]
timer2_channel2_PA1_DiffCapture
                        0x200054b4     0x4  Data  Gb  rc_pwm.o [1]
timer2_channel2_PA1_IC1Value1
                        0x200054ac     0x4  Data  Gb  rc_pwm.o [1]
timer2_channel2_PA1_IC1Value2
                        0x200054b0     0x4  Data  Gb  rc_pwm.o [1]
timer2_channel3_PB10_DiffCapture
                        0x200054c0     0x4  Data  Gb  rc_pwm.o [1]
timer2_channel3_PB10_IC1Value1
                        0x200054b8     0x4  Data  Gb  rc_pwm.o [1]
timer2_channel3_PB10_IC1Value2
                        0x200054bc     0x4  Data  Gb  rc_pwm.o [1]
timer2_channel4_PB11_DiffCapture
                        0x200054cc     0x4  Data  Gb  rc_pwm.o [1]
timer2_channel4_PB11_IC1Value1
                        0x200054c4     0x4  Data  Gb  rc_pwm.o [1]
timer2_channel4_PB11_IC1Value2
                        0x200054c8     0x4  Data  Gb  rc_pwm.o [1]
timer4_channel1_PD12_PWM_setvalue
                        0x0800884d     0xc  Code  Gb  motor_pwm.o [1]
timer4_channel2_PD13_PWM_setvalue
                        0x08008877    0x14  Code  Gb  motor_pwm.o [1]
timer4_channel3_PD14_PWM_setvalue
                        0x0800888b    0x14  Code  Gb  motor_pwm.o [1]
timer4_channel4_PD15_PWM_setvalue
                        0x0800889f    0x14  Code  Gb  motor_pwm.o [1]
tolower                 0x08008411    0x14  Code  Gb  tolower.o [3]
ucHeap                  0x20000bf4  0x3c00  Data  Lc  heap_4.o [1]
ucMaxSysCallPriority    0x20000b78     0x1  Data  Lc  port.o [1]
ulMaxPRIGROUPValue      0x20000b80     0x4  Data  Lc  port.o [1]
uwTick                  0x20000b88     0x4  Data  Gb  stm32f4xx_hal.o [1]
uwTickFreq              0x20000b84     0x1  Data  Gb  stm32f4xx_hal.o [1]
uwTickPrio              0x20000b8c     0x4  Data  Gb  stm32f4xx_hal.o [1]
uwb1000_buffer          0x200059f8    0x1c  Data  Gb  uwb1000.o [1]
uwb1000_buffer_fill     0x0800211d    0x82  Code  Gb  uwb1000.o [1]
uwb1000_data_prepare    0x08002055    0xc8  Code  Gb  uwb1000.o [1]
uwb1000_data_prepare::Sbuf
                        0x20004acb     0x1  Data  Lc  uwb1000.o [1]
uwb1000_str_find        0x080021a9    0x34  Code  Gb  uwb1000.o [1]
uxCriticalNesting       0x20000b7c     0x4  Data  Lc  port.o [1]
uxCurrentNumberOfTasks  0x200051cc     0x4  Data  Lc  tasks.o [1]
uxDeletedTasksWaitingCleanUp
                        0x200051b4     0x4  Data  Lc  tasks.o [1]
uxListRemove            0x080062f7    0x24  Code  Gb  list.o [1]
uxPendedTicks           0x200051dc     0x4  Data  Lc  tasks.o [1]
uxSchedulerSuspended    0x200051f0     0x4  Data  Lc  tasks.o [1]
uxTaskNumber            0x200051e8     0x4  Data  Lc  tasks.o [1]
uxTopReadyPriority      0x200051d4     0x4  Data  Lc  tasks.o [1]
vApplicationIdleHook    0x0800631d     0x2  Code  Wk  freertos.o [1]
vApplicationTickHook    0x0800631b     0x2  Code  Wk  freertos.o [1]
vListInitialise         0x0800628d    0x1a  Code  Gb  list.o [1]
vListInitialiseItem     0x080062a7     0x6  Code  Gb  list.o [1]
vListInsert             0x080062c5    0x32  Code  Gb  list.o [1]
vListInsertEnd          0x080062ad    0x18  Code  Gb  list.o [1]
vPortEnableVFP          0x08006455          Code  Gb  portasm.o [1]
vPortEnterCritical      0x080034cf    0x32  Code  Gb  port.o [1]
vPortExitCritical       0x08003501    0x22  Code  Gb  port.o [1]
vPortFree               0x080061eb    0x46  Code  Gb  heap_4.o [1]
vPortStartFirstTask     0x0800643d          Code  Gb  portasm.o [1]
vPortValidateInterruptPriority
                        0x08003549    0x42  Code  Gb  port.o [1]
vTaskDelay              0x08002837    0x2a  Code  Gb  tasks.o [1]
vTaskMissedYield        0x08002b99     0xa  Code  Gb  tasks.o [1]
vTaskPlaceOnEventList   0x08002aa7    0x22  Code  Gb  tasks.o [1]
vTaskPriorityInherit    0x08002c59    0x76  Code  Gb  tasks.o [1]
vTaskSetTimeOutState    0x08002b21    0x20  Code  Gb  tasks.o [1]
vTaskStartScheduler     0x08002885    0x54  Code  Gb  tasks.o [1]
vTaskSuspendAll         0x080028d9     0xc  Code  Gb  tasks.o [1]
vTaskSwitchContext      0x08002a51    0x56  Code  Gb  tasks.o [1]
write_data_to_inner_flash
                        0x200054e8     0x4  Data  Lc  app_ano.o [1]
write_motor             0x08008383    0x48  Code  Gb  app_ctrl.o [1]
xBlockAllocatedBit      0x20000bf0     0x4  Data  Lc  heap_4.o [1]
xDelayedTaskList1       0x200051f4    0x14  Data  Lc  tasks.o [1]
xDelayedTaskList2       0x20005208    0x14  Data  Lc  tasks.o [1]
xFreeBytesRemaining     0x20000be8     0x4  Data  Lc  heap_4.o [1]
xIdleTaskHandle         0x2000521c     0x4  Data  Lc  tasks.o [1]
xMinimumEverFreeBytesRemaining
                        0x20000bec     0x4  Data  Lc  heap_4.o [1]
xNextTaskUnblockTime    0x200051ec     0x4  Data  Lc  tasks.o [1]
xNumOfOverflows         0x200051e4     0x4  Data  Lc  tasks.o [1]
xPendingReadyList       0x20005180    0x14  Data  Lc  tasks.o [1]
xPortStartScheduler     0x08003435    0x88  Code  Gb  port.o [1]
xPortSysTickHandler     0x08003523    0x26  Code  Gb  port.o [1]
xQueueCreateCountingSemaphore
                        0x08002efb    0x2e  Code  Gb  queue.o [1]
xQueueGenericCreate     0x08002ead    0x38  Code  Gb  queue.o [1]
xQueueGenericReceive    0x080030e3   0x14e  Code  Gb  queue.o [1]
xQueueGenericReset      0x08002e35    0x78  Code  Gb  queue.o [1]
xQueueGenericSend       0x08002f29   0x136  Code  Gb  queue.o [1]
xQueueGiveFromISR       0x0800305f    0x70  Code  Gb  queue.o [1]
xQueueReceiveFromISR    0x08003237    0x82  Code  Gb  queue.o [1]
xSchedulerRunning       0x200051d8     0x4  Data  Lc  tasks.o [1]
xStart                  0x20000bdc     0x8  Data  Lc  heap_4.o [1]
xSuspendedTaskList      0x200051b8    0x14  Data  Lc  tasks.o [1]
xTaskCheckForTimeOut    0x08002b41    0x58  Code  Gb  tasks.o [1]
xTaskCreate             0x080026c1    0x58  Code  Gb  tasks.o [1]
xTaskGetSchedulerState  0x08002c41    0x18  Code  Gb  tasks.o [1]
xTaskIncrementTick      0x08002989    0xc8  Code  Gb  tasks.o [1]
xTaskPriorityDisinherit
                        0x08002ccf    0x82  Code  Gb  tasks.o [1]
xTaskRemoveFromEventList
                        0x08002acd    0x4e  Code  Gb  tasks.o [1]
xTaskResumeAll          0x080028e5    0x9c  Code  Gb  tasks.o [1]
xTasksWaitingTermination
                        0x20005194    0x14  Data  Lc  tasks.o [1]
xTickCount              0x200051d0     0x4  Data  Lc  tasks.o [1]
xYieldPending           0x200051e0     0x4  Data  Lc  tasks.o [1]
yaw_d                   0x200053f0     0x4  Data  Gb  app_ano.o [1]
yaw_for_motor           0x20005a60     0x4  Data  Gb  app_ctrl.o [1]
yaw_i                   0x200053ec     0x4  Data  Gb  app_ano.o [1]
yaw_p                   0x200053e8     0x4  Data  Gb  app_ano.o [1]


[1] = I:\DEVELOPE\LAN\CODE\SFOX_ZERO\SFOX_ZERO\EWARM\SFOX_ZERO\Obj
[2] = command line
[3] = dl7M_tlf.a
[4] = m7M_tls.a
[5] = rt7M_tl.a
[6] = shb_l.a

  38 806 bytes of readonly  code memory
     568 bytes of readonly  data memory
  24 736 bytes of readwrite data memory

Errors: none
Warnings: none
