###############################################################################
#
# IAR ELF Linker V8.22.1.15669/W32 for ARM                21/Sep/2018  01:44:23
# Copyright 2007-2018 IAR Systems AB.
#
#    Output file  =  
#        D:\WORK\DEVO\CODE\SFOX_ZERO\SFOX_ZERO\EWARM\SFOX_ZERO\Exe\SFOX_ZERO.out
#    Map file     =  
#        D:\WORK\DEVO\CODE\SFOX_ZERO\SFOX_ZERO\EWARM\SFOX_ZERO\List\SFOX_ZERO.map
#    Command line =  
#        -f C:\Users\tsuig\AppData\Local\Temp\EWA3BC.tmp
#        (D:\WORK\DEVO\CODE\SFOX_ZERO\SFOX_ZERO\EWARM\SFOX_ZERO\Obj\app_ano.o
#        D:\WORK\DEVO\CODE\SFOX_ZERO\SFOX_ZERO\EWARM\SFOX_ZERO\Obj\app_ctrl.o
#        D:\WORK\DEVO\CODE\SFOX_ZERO\SFOX_ZERO\EWARM\SFOX_ZERO\Obj\app_ins.o
#        D:\WORK\DEVO\CODE\SFOX_ZERO\SFOX_ZERO\EWARM\SFOX_ZERO\Obj\app_ins_ekf_quaternion.o
#        D:\WORK\DEVO\CODE\SFOX_ZERO\SFOX_ZERO\EWARM\SFOX_ZERO\Obj\app_led.o
#        D:\WORK\DEVO\CODE\SFOX_ZERO\SFOX_ZERO\EWARM\SFOX_ZERO\Obj\app_ros.o
#        D:\WORK\DEVO\CODE\SFOX_ZERO\SFOX_ZERO\EWARM\SFOX_ZERO\Obj\app_uwb.o
#        D:\WORK\DEVO\CODE\SFOX_ZERO\SFOX_ZERO\EWARM\SFOX_ZERO\Obj\CMatrix.o
#        D:\WORK\DEVO\CODE\SFOX_ZERO\SFOX_ZERO\EWARM\SFOX_ZERO\Obj\cmsis_os.o
#        D:\WORK\DEVO\CODE\SFOX_ZERO\SFOX_ZERO\EWARM\SFOX_ZERO\Obj\croutine.o
#        D:\WORK\DEVO\CODE\SFOX_ZERO\SFOX_ZERO\EWARM\SFOX_ZERO\Obj\dma.o
#        D:\WORK\DEVO\CODE\SFOX_ZERO\SFOX_ZERO\EWARM\SFOX_ZERO\Obj\event_groups.o
#        D:\WORK\DEVO\CODE\SFOX_ZERO\SFOX_ZERO\EWARM\SFOX_ZERO\Obj\flash_on_chip.o
#        D:\WORK\DEVO\CODE\SFOX_ZERO\SFOX_ZERO\EWARM\SFOX_ZERO\Obj\freertos.o
#        D:\WORK\DEVO\CODE\SFOX_ZERO\SFOX_ZERO\EWARM\SFOX_ZERO\Obj\gpio.o
#        D:\WORK\DEVO\CODE\SFOX_ZERO\SFOX_ZERO\EWARM\SFOX_ZERO\Obj\heap_4.o
#        D:\WORK\DEVO\CODE\SFOX_ZERO\SFOX_ZERO\EWARM\SFOX_ZERO\Obj\list.o
#        D:\WORK\DEVO\CODE\SFOX_ZERO\SFOX_ZERO\EWARM\SFOX_ZERO\Obj\main.o
#        D:\WORK\DEVO\CODE\SFOX_ZERO\SFOX_ZERO\EWARM\SFOX_ZERO\Obj\motor_pwm.o
#        D:\WORK\DEVO\CODE\SFOX_ZERO\SFOX_ZERO\EWARM\SFOX_ZERO\Obj\mpu9250.o
#        D:\WORK\DEVO\CODE\SFOX_ZERO\SFOX_ZERO\EWARM\SFOX_ZERO\Obj\ms5803.o
#        D:\WORK\DEVO\CODE\SFOX_ZERO\SFOX_ZERO\EWARM\SFOX_ZERO\Obj\port.o
#        D:\WORK\DEVO\CODE\SFOX_ZERO\SFOX_ZERO\EWARM\SFOX_ZERO\Obj\portasm.o
#        D:\WORK\DEVO\CODE\SFOX_ZERO\SFOX_ZERO\EWARM\SFOX_ZERO\Obj\queue.o
#        D:\WORK\DEVO\CODE\SFOX_ZERO\SFOX_ZERO\EWARM\SFOX_ZERO\Obj\rc_pwm.o
#        D:\WORK\DEVO\CODE\SFOX_ZERO\SFOX_ZERO\EWARM\SFOX_ZERO\Obj\spi.o
#        D:\WORK\DEVO\CODE\SFOX_ZERO\SFOX_ZERO\EWARM\SFOX_ZERO\Obj\startup_stm32f407xx.o
#        D:\WORK\DEVO\CODE\SFOX_ZERO\SFOX_ZERO\EWARM\SFOX_ZERO\Obj\stm32f4xx_hal.o
#        D:\WORK\DEVO\CODE\SFOX_ZERO\SFOX_ZERO\EWARM\SFOX_ZERO\Obj\stm32f4xx_hal_cortex.o
#        D:\WORK\DEVO\CODE\SFOX_ZERO\SFOX_ZERO\EWARM\SFOX_ZERO\Obj\stm32f4xx_hal_dma.o
#        D:\WORK\DEVO\CODE\SFOX_ZERO\SFOX_ZERO\EWARM\SFOX_ZERO\Obj\stm32f4xx_hal_dma_ex.o
#        D:\WORK\DEVO\CODE\SFOX_ZERO\SFOX_ZERO\EWARM\SFOX_ZERO\Obj\stm32f4xx_hal_flash.o
#        D:\WORK\DEVO\CODE\SFOX_ZERO\SFOX_ZERO\EWARM\SFOX_ZERO\Obj\stm32f4xx_hal_flash_ex.o
#        D:\WORK\DEVO\CODE\SFOX_ZERO\SFOX_ZERO\EWARM\SFOX_ZERO\Obj\stm32f4xx_hal_flash_ramfunc.o
#        D:\WORK\DEVO\CODE\SFOX_ZERO\SFOX_ZERO\EWARM\SFOX_ZERO\Obj\stm32f4xx_hal_gpio.o
#        D:\WORK\DEVO\CODE\SFOX_ZERO\SFOX_ZERO\EWARM\SFOX_ZERO\Obj\stm32f4xx_hal_msp.o
#        D:\WORK\DEVO\CODE\SFOX_ZERO\SFOX_ZERO\EWARM\SFOX_ZERO\Obj\stm32f4xx_hal_pwr.o
#        D:\WORK\DEVO\CODE\SFOX_ZERO\SFOX_ZERO\EWARM\SFOX_ZERO\Obj\stm32f4xx_hal_pwr_ex.o
#        D:\WORK\DEVO\CODE\SFOX_ZERO\SFOX_ZERO\EWARM\SFOX_ZERO\Obj\stm32f4xx_hal_rcc.o
#        D:\WORK\DEVO\CODE\SFOX_ZERO\SFOX_ZERO\EWARM\SFOX_ZERO\Obj\stm32f4xx_hal_rcc_ex.o
#        D:\WORK\DEVO\CODE\SFOX_ZERO\SFOX_ZERO\EWARM\SFOX_ZERO\Obj\stm32f4xx_hal_spi.o
#        D:\WORK\DEVO\CODE\SFOX_ZERO\SFOX_ZERO\EWARM\SFOX_ZERO\Obj\stm32f4xx_hal_tim.o
#        D:\WORK\DEVO\CODE\SFOX_ZERO\SFOX_ZERO\EWARM\SFOX_ZERO\Obj\stm32f4xx_hal_tim_ex.o
#        D:\WORK\DEVO\CODE\SFOX_ZERO\SFOX_ZERO\EWARM\SFOX_ZERO\Obj\stm32f4xx_hal_timebase_TIM.o
#        D:\WORK\DEVO\CODE\SFOX_ZERO\SFOX_ZERO\EWARM\SFOX_ZERO\Obj\stm32f4xx_hal_uart.o
#        D:\WORK\DEVO\CODE\SFOX_ZERO\SFOX_ZERO\EWARM\SFOX_ZERO\Obj\stm32f4xx_it.o
#        D:\WORK\DEVO\CODE\SFOX_ZERO\SFOX_ZERO\EWARM\SFOX_ZERO\Obj\system_stm32f4xx.o
#        D:\WORK\DEVO\CODE\SFOX_ZERO\SFOX_ZERO\EWARM\SFOX_ZERO\Obj\tasks.o
#        D:\WORK\DEVO\CODE\SFOX_ZERO\SFOX_ZERO\EWARM\SFOX_ZERO\Obj\tim.o
#        D:\WORK\DEVO\CODE\SFOX_ZERO\SFOX_ZERO\EWARM\SFOX_ZERO\Obj\time.o
#        D:\WORK\DEVO\CODE\SFOX_ZERO\SFOX_ZERO\EWARM\SFOX_ZERO\Obj\timers.o
#        D:\WORK\DEVO\CODE\SFOX_ZERO\SFOX_ZERO\EWARM\SFOX_ZERO\Obj\usart.o
#        D:\WORK\DEVO\CODE\SFOX_ZERO\SFOX_ZERO\EWARM\SFOX_ZERO\Obj\usart_cfg.o
#        D:\WORK\DEVO\CODE\SFOX_ZERO\SFOX_ZERO\EWARM\SFOX_ZERO\Obj\uwb1000.o
#        --redirect _Printf=_PrintfFull --redirect _Scanf=_ScanfFull -o
#        D:\WORK\DEVO\CODE\SFOX_ZERO\SFOX_ZERO\EWARM\SFOX_ZERO\Exe\SFOX_ZERO.out
#        --map
#        D:\WORK\DEVO\CODE\SFOX_ZERO\SFOX_ZERO\EWARM\SFOX_ZERO\List\SFOX_ZERO.map
#        --config
#        D:\WORK\DEVO\CODE\SFOX_ZERO\SFOX_ZERO\EWARM/stm32f407xx_flash.icf
#        --semihosting --entry __iar_program_start "D:\Program Files (x86)\IAR
#        Systems\Embedded Workbench
#        8.0\arm\CMSIS\Lib\IAR\iar_cortexM4lf_math.a" --vfe --text_out locale)
#
###############################################################################

*******************************************************************************
*** RUNTIME MODEL ATTRIBUTES
***

CppFlavor       = *
__Heap_Handler  = DLMalloc
__SystemLibrary = DLib
__dlib_version  = 6


*******************************************************************************
*** HEAP SELECTION
***

The advanced heap was selected because the application calls memory
allocation functions outside of system library functions, and there
are calls to deallocation functions in the application.


*******************************************************************************
*** PLACEMENT SUMMARY
***

"A0":  place at 0x08000000 { ro section .intvec };
"P1":  place in [from 0x08000000 to 0x080fffff] { ro };
define block CSTACK with size = 1536, alignment = 8 { };
define block HEAP with size = 68K, alignment = 8 { };
"P2":  place in [from 0x20000000 to 0x2001ffff] {
          rw, block CSTACK, block HEAP };
initialize by copy { rw };

  Section            Kind        Address     Size  Object
  -------            ----        -------     ----  ------
"A0":                                       0x188
  .intvec            ro code  0x08000000    0x188  startup_stm32f407xx.o [1]
                            - 0x08000188    0x188

"P1":                                      0xcc32
  .text              ro code  0x08000188   0x14d4  dlmalloc.o [3]
  .text              ro code  0x0800165c      0x6  abort.o [3]
  .text              ro code  0x08001664     0x2c  xgetmemchunk.o [3]
  .text              ro code  0x08001690     0x14  exit.o [6]
  .text              ro code  0x080016a4     0x2c  iarttio.o [6]
  .text              ro code  0x080016d0      0xc  XShttio.o [3]
  .text              ro code  0x080016dc   0x134c  app_ins_ekf_quaternion.o [1]
  .text              ro code  0x08002a28    0xb7c  CMatrix.o [1]
  .text              ro code  0x080035a4     0xa6  ABImemcpy.o [5]
  .text              ro code  0x0800364a      0x4  heaptramp0.o [3]
  .text              ro code  0x08003650     0x48  FltToDbl.o [4]
  .text              ro code  0x08003698    0x102  sqrt.o [4]
  .text              ro code  0x0800379c    0x246  DblDiv.o [4]
  .text              ro code  0x080039e4     0x68  DblToFlt.o [4]
  .text              ro code  0x08003a4c     0x22  math_wrappers64.o [4]
  .text              ro code  0x08003a70    0x1a2  DblMul.o [4]
  .text              ro code  0x08003c14      0x6  ABImemclr4.o [5]
  .text              ro code  0x08003c1c      0x6  ABImemclr.o [5]
  .text              ro code  0x08003c24     0xf0  asin64.o [4]
  .text              ro code  0x08003d14    0x13c  atan2_64.o [4]
  .text              ro code  0x08003e50     0x32  ABImemset48.o [5]
  .text              ro code  0x08003e84     0x5e  ABImemset.o [5]
  .text              ro code  0x08003ee4     0x2e  DblCmpLe.o [4]
  .text              ro code  0x08003f14     0xe2  DblSub.o [4]
  .text              ro code  0x08003ff8    0x178  DblAdd.o [4]
  .text              ro code  0x08004170    0x208  iar_Atan64.o [4]
  .text              ro code  0x08004378     0x20  DblCmpEq.o [4]
  .text              ro code  0x08004398     0x2e  DblCmpGe.o [4]
  .text              ro code  0x080043c8    0xd48  app_ano.o [1]
  .text              ro code  0x08005110    0x168  usart_cfg.o [1]
  .text              ro code  0x08005278    0x128  cmsis_os.o [1]
  .text              ro code  0x080053a0     0x22  S32ToDbl.o [4]
  .text              ro code  0x080053c4    0x834  flash_on_chip.o [1]
  .text              ro code  0x08005bf8    0x620  stm32f4xx_hal_uart.o [1]
  .text              ro code  0x08006218    0x13e  main.o [1]
  .text              ro code  0x08006358    0x1ac  uwb1000.o [1]
  .text              ro code  0x08006504    0x668  app_ros.o [1]
  .text              ro code  0x08006b6c    0x7b8  tasks.o [1]
  .text              ro code  0x08007324    0x61c  queue.o [1]
  .text              ro code  0x08007940    0x200  port.o [1]
  .text              ro code  0x08007b40    0x21c  stm32f4xx_hal_flash.o [1]
  .text              ro code  0x08007d5c    0x168  stm32f4xx_hal_flash_ex.o [1]
  .text              ro code  0x08007ec4     0x28  stm32f4xx_hal.o [1]
  .text              ro code  0x08007eec    0x584  usart.o [1]
  .text              ro code  0x08008470    0x41c  stm32f4xx_hal_dma.o [1]
  .text              ro code  0x0800888c      0x2  stm32f4xx_hal_uart.o [1]
  .text              ro code  0x0800888e      0x2  stm32f4xx_hal_uart.o [1]
  .text              ro code  0x08008890      0x2  stm32f4xx_hal_uart.o [1]
  .text              ro code  0x08008894    0x1e4  stm32f4xx_hal_rcc.o [1]
  .text              ro code  0x08008a78     0x34  stm32f4xx_hal.o [1]
  .text              ro code  0x08008aac     0xb4  gpio.o [1]
  .text              ro code  0x08008b60     0xb8  dma.o [1]
  .text              ro code  0x08008c18    0x20c  spi.o [1]
  .text              ro code  0x08008e24    0x470  tim.o [1]
  .text              ro code  0x08009294    0x31c  rc_pwm.o [1]
  .text              ro code  0x080095b0    0x158  motor_pwm.o [1]
  .text              ro code  0x08009708    0x730  mpu9250.o [1]
  .text              ro code  0x08009e38    0x36c  ms5803.o [1]
  .text              ro code  0x0800a1a4     0xc8  app_led.o [1]
  .text              ro code  0x0800a26c    0x300  freertos.o [1]
  .text              ro code  0x0800a56c    0x2fc  stm32f4xx_hal_rcc.o [1]
  .text              ro code  0x0800a868     0xdc  stm32f4xx_hal_cortex.o [1]
  .text              ro code  0x0800a944     0x14  stm32f4xx_hal.o [1]
  .text              ro code  0x0800a958    0x174  iar_Stoulx.o [3]
  .text              ro code  0x0800aacc    0x1c4  heap_4.o [1]
  .text              ro code  0x0800ac90     0x90  list.o [1]
  .text              ro code  0x0800ad20      0x2  freertos.o [1]
  .text              ro code  0x0800ad22      0x2  freertos.o [1]
  CODE               ro code  0x0800ad24     0xa8  portasm.o [1]
  .text              ro code  0x0800adcc      0xc  stm32f4xx_hal.o [1]
  .text              ro code  0x0800add8    0x200  stm32f4xx_hal_gpio.o [1]
  .text              ro code  0x0800afd8     0x80  stm32f4xx_hal_timebase_TIM.o [1]
  .text              ro code  0x0800b058    0x272  I64DivMod.o [5]
  .text              ro code  0x0800b2cc     0x94  stm32f4xx_hal_msp.o [1]
  .text              ro code  0x0800b360    0xa86  stm32f4xx_hal_spi.o [1]
  .text              ro code  0x0800bde8    0x768  stm32f4xx_hal_tim.o [1]
  .text              ro code  0x0800c550     0x4e  stm32f4xx_hal_tim_ex.o [1]
  .text              ro code  0x0800c5a0     0x58  S64ToFlt.o [4]
  .text              ro code  0x0800c5f8     0x98  time.o [1]
  .text              ro code  0x0800c690    0x1d0  app_ctrl.o [1]
  .text              ro code  0x0800c860      0x4  app_uwb.o [1]
  .text              ro code  0x0800c864     0x14  isspace.o [3]
  .text              ro code  0x0800c878     0x14  tolower.o [3]
  .text              ro code  0x0800c88c     0x58  memchr.o [5]
  .text              ro code  0x0800c8e4      0x2  I64DivZer.o [5]
  .text              ro code  0x0800c8e6      0x2  stm32f4xx_hal_spi.o [1]
  .text              ro code  0x0800c8e8      0x2  stm32f4xx_hal_spi.o [1]
  .text              ro code  0x0800c8ea      0x2  stm32f4xx_hal_spi.o [1]
  .text              ro code  0x0800c8ec      0x2  stm32f4xx_hal_spi.o [1]
  .text              ro code  0x0800c8ee      0x2  stm32f4xx_hal_tim.o [1]
  .text              ro code  0x0800c8f0      0x2  stm32f4xx_hal_tim.o [1]
  .text              ro code  0x0800c8f2      0x2  stm32f4xx_hal_tim_ex.o [1]
  .text              ro code  0x0800c8f4      0x2  stm32f4xx_hal_tim.o [1]
  .text              ro code  0x0800c8f6      0x2  stm32f4xx_hal_tim_ex.o [1]
  .text              ro code  0x0800c8f8     0x34  xlocale_c.o [3]
  .text              ro code  0x0800c92c     0xd0  stm32f4xx_it.o [1]
  .rodata            const    0x0800c9fc     0x60  freertos.o [1]
  .text              ro code  0x0800ca5c     0x60  system_stm32f4xx.o [1]
  .rodata            const    0x0800cabc     0x40  app_ins_ekf_quaternion.o [1]
  .text              ro code  0x0800cafc     0x40  zero_init3.o [5]
  .text              ro code  0x0800cb3c     0x38  packbits_init_single.o [5]
  .text              ro code  0x0800cb74     0x28  data_init.o [5]
  .text              ro code  0x0800cb9c     0x22  fpinit_M.o [4]
  .iar.init_table    const    0x0800cbc0     0x20  - Linker created -
  .text              ro code  0x0800cbe0     0x1e  cmain.o [5]
  .text              ro code  0x0800cbfe      0x4  low_level_init.o [3]
  .text              ro code  0x0800cc02      0x4  exit.o [3]
  .text              ro code  0x0800cc08      0xa  cexit.o [5]
  .text              ro code  0x0800cc14     0x10  startup_stm32f407xx.o [1]
  .text              ro code  0x0800cc24      0xc  cstartup_M.o [5]
  .rodata            const    0x0800cc30      0x8  system_stm32f4xx.o [1]
  .text              ro code  0x0800cc38      0x4  startup_stm32f407xx.o [1]
  .text              ro code  0x0800cc3c      0x4  startup_stm32f407xx.o [1]
  .text              ro code  0x0800cc40      0x4  startup_stm32f407xx.o [1]
  .text              ro code  0x0800cc44      0x4  startup_stm32f407xx.o [1]
  .text              ro code  0x0800cc48      0x4  startup_stm32f407xx.o [1]
  .text              ro code  0x0800cc4c      0x4  startup_stm32f407xx.o [1]
  .text              ro code  0x0800cc50      0x4  startup_stm32f407xx.o [1]
  .text              ro code  0x0800cc54      0x4  startup_stm32f407xx.o [1]
  .text              ro code  0x0800cc58      0x4  startup_stm32f407xx.o [1]
  .text              ro code  0x0800cc5c      0x4  startup_stm32f407xx.o [1]
  .text              ro code  0x0800cc60      0x4  startup_stm32f407xx.o [1]
  .text              ro code  0x0800cc64      0x4  startup_stm32f407xx.o [1]
  .text              ro code  0x0800cc68      0x4  startup_stm32f407xx.o [1]
  .text              ro code  0x0800cc6c      0x4  startup_stm32f407xx.o [1]
  .text              ro code  0x0800cc70      0x4  startup_stm32f407xx.o [1]
  .text              ro code  0x0800cc74      0x4  startup_stm32f407xx.o [1]
  .text              ro code  0x0800cc78      0x4  startup_stm32f407xx.o [1]
  .text              ro code  0x0800cc7c      0x4  startup_stm32f407xx.o [1]
  .text              ro code  0x0800cc80      0x4  startup_stm32f407xx.o [1]
  .text              ro code  0x0800cc84      0x4  startup_stm32f407xx.o [1]
  .text              ro code  0x0800cc88      0x4  startup_stm32f407xx.o [1]
  .text              ro code  0x0800cc8c      0x4  startup_stm32f407xx.o [1]
  .text              ro code  0x0800cc90      0x4  startup_stm32f407xx.o [1]
  .text              ro code  0x0800cc94      0x4  startup_stm32f407xx.o [1]
  .text              ro code  0x0800cc98      0x4  startup_stm32f407xx.o [1]
  .text              ro code  0x0800cc9c      0x4  startup_stm32f407xx.o [1]
  .text              ro code  0x0800cca0      0x4  startup_stm32f407xx.o [1]
  .text              ro code  0x0800cca4      0x4  startup_stm32f407xx.o [1]
  .text              ro code  0x0800cca8      0x4  startup_stm32f407xx.o [1]
  .text              ro code  0x0800ccac      0x4  startup_stm32f407xx.o [1]
  .text              ro code  0x0800ccb0      0x4  startup_stm32f407xx.o [1]
  .text              ro code  0x0800ccb4      0x4  startup_stm32f407xx.o [1]
  .text              ro code  0x0800ccb8      0x4  startup_stm32f407xx.o [1]
  .text              ro code  0x0800ccbc      0x4  startup_stm32f407xx.o [1]
  .text              ro code  0x0800ccc0      0x4  startup_stm32f407xx.o [1]
  .text              ro code  0x0800ccc4      0x4  startup_stm32f407xx.o [1]
  .text              ro code  0x0800ccc8      0x4  startup_stm32f407xx.o [1]
  .text              ro code  0x0800cccc      0x4  startup_stm32f407xx.o [1]
  .text              ro code  0x0800ccd0      0x4  startup_stm32f407xx.o [1]
  .text              ro code  0x0800ccd4      0x4  startup_stm32f407xx.o [1]
  .text              ro code  0x0800ccd8      0x4  startup_stm32f407xx.o [1]
  .text              ro code  0x0800ccdc      0x4  startup_stm32f407xx.o [1]
  .text              ro code  0x0800cce0      0x4  startup_stm32f407xx.o [1]
  .text              ro code  0x0800cce4      0x4  startup_stm32f407xx.o [1]
  .text              ro code  0x0800cce8      0x4  startup_stm32f407xx.o [1]
  .text              ro code  0x0800ccec      0x4  startup_stm32f407xx.o [1]
  .text              ro code  0x0800ccf0      0x4  startup_stm32f407xx.o [1]
  .text              ro code  0x0800ccf4      0x4  startup_stm32f407xx.o [1]
  .text              ro code  0x0800ccf8      0x4  startup_stm32f407xx.o [1]
  .text              ro code  0x0800ccfc      0x4  startup_stm32f407xx.o [1]
  .text              ro code  0x0800cd00      0x4  startup_stm32f407xx.o [1]
  .text              ro code  0x0800cd04      0x4  startup_stm32f407xx.o [1]
  .text              ro code  0x0800cd08      0x4  startup_stm32f407xx.o [1]
  .text              ro code  0x0800cd0c      0x4  startup_stm32f407xx.o [1]
  .text              ro code  0x0800cd10      0x4  startup_stm32f407xx.o [1]
  .text              ro code  0x0800cd14      0x4  startup_stm32f407xx.o [1]
  .text              ro code  0x0800cd18      0x4  startup_stm32f407xx.o [1]
  .text              ro code  0x0800cd1c      0x4  startup_stm32f407xx.o [1]
  .text              ro code  0x0800cd20      0x4  startup_stm32f407xx.o [1]
  .text              ro code  0x0800cd24      0x4  startup_stm32f407xx.o [1]
  .text              ro code  0x0800cd28      0x4  startup_stm32f407xx.o [1]
  .text              ro code  0x0800cd2c      0x4  startup_stm32f407xx.o [1]
  .text              ro code  0x0800cd30      0x4  startup_stm32f407xx.o [1]
  .rodata            const    0x0800cd34      0x2  xlocale_c.o [3]
  .rodata            const    0x0800cd36      0x0  zero_init3.o [5]
  .rodata            const    0x0800cd36      0x0  packbits_init_single.o [5]
  Initializer bytes  const    0x0800cd36     0x76  <for P2-1>
                            - 0x0800cdac   0xcc24

"P2", part 1 of 3:                          0x14c
  P2-1                        0x20000000    0x14c  <Init block>
    .data            inited   0x20000000     0x60  app_ins_ekf_quaternion.o [1]
    .data            inited   0x20000060     0x80  mpu9250.o [1]
    .data            inited   0x200000e0      0xc  port.o [1]
    .data            inited   0x200000ec      0xc  stm32f4xx_hal.o [1]
    .data            inited   0x200000f8      0x4  system_stm32f4xx.o [1]
    .data            inited   0x200000fc     0x48  xlocale_c.o [3]
    .data            inited   0x20000144      0x8  XShttio.o [3]
                            - 0x2000014c    0x14c

"P2", part 2 of 3:                         0x50f8
  .bss               zero     0x2000014c   0x3c18  heap_4.o [1]
  .bss               zero     0x20003d68    0x2dc  uwb1000.o [1]
  .bss               zero     0x20004044    0x240  usart.o [1]
  .bss               zero     0x20004284    0x1d8  dlmalloc.o [3]
  .bss               zero     0x2000445c    0x12c  flash_on_chip.o [1]
  .bss               zero     0x20004588     0xf0  time.o [1]
  .bss               zero     0x20004678     0xc8  app_ros.o [1]
  .bss               zero     0x20004740     0xc8  app_ros.o [1]
  .bss               zero     0x20004808     0xc0  spi.o [1]
  .bss               zero     0x200048c8     0xa0  tasks.o [1]
  .bss               zero     0x20004968     0xa0  time.o [1]
  .bss               zero     0x20004a08     0x8c  tasks.o [1]
  .bss               zero     0x20004a94     0x80  app_ano.o [1]
  .bss               zero     0x20004b14     0x80  rc_pwm.o [1]
  .bss               zero     0x20004b94     0x7c  app_ano.o [1]
  .bss               zero     0x20004c10     0x64  app_ano.o [1]
  .bss               zero     0x20004c74     0x5c  app_ctrl.o [1]
  .bss               zero     0x20004cd0     0x58  spi.o [1]
  .bss               zero     0x20004d28     0x58  spi.o [1]
  .bss               zero     0x20004d80     0x40  mpu9250.o [1]
  .bss               zero     0x20004dc0     0x40  usart.o [1]
  .bss               zero     0x20004e00     0x40  usart.o [1]
  .bss               zero     0x20004e40     0x40  usart.o [1]
  .bss               zero     0x20004e80     0x40  usart.o [1]
  .bss               zero     0x20004ec0     0x40  usart.o [1]
  .bss               zero     0x20004f00     0x40  usart.o [1]
  .bss               zero     0x20004f40     0x3c  app_ins_ekf_quaternion.o [1]
  .bss               zero     0x20004f7c     0x3c  app_ros.o [1]
  .bss               zero     0x20004fb8     0x3c  stm32f4xx_hal_timebase_TIM.o [1]
  .bss               zero     0x20004ff4     0x3c  tim.o [1]
  .bss               zero     0x20005030     0x3c  tim.o [1]
  .bss               zero     0x2000506c     0x3c  tim.o [1]
  .bss               zero     0x200050a8     0x3c  tim.o [1]
  .bss               zero     0x200050e4     0x34  app_ano.o [1]
  .bss               zero     0x20005118     0x34  freertos.o [1]
  .bss               zero     0x2000514c     0x14  flash_on_chip.o [1]
  .bss               zero     0x20005160     0x30  ms5803.o [1]
  .bss               zero     0x20005190     0x28  uwb1000.o [1]
  .bss               zero     0x200051b8     0x20  stm32f4xx_hal_flash.o [1]
  .bss               zero     0x200051d8     0x18  dlmalloc.o [3]
  .bss               zero     0x200051f0     0x10  app_ros.o [1]
  .bss               zero     0x20005200     0x10  time.o [1]
  .bss               zero     0x20005210      0x8  time.o [1]
  .bss               zero     0x20005218      0x5  usart_cfg.o [1]
  .bss               zero     0x20005220      0x4  motor_pwm.o [1]
  .bss               zero     0x20005224      0x4  motor_pwm.o [1]
  .bss               zero     0x20005228      0x4  motor_pwm.o [1]
  .bss               zero     0x2000522c      0x4  motor_pwm.o [1]
  .bss               zero     0x20005230      0x4  time.o [1]
  .bss               zero     0x20005234      0x4  time.o [1]
  .bss               zero     0x20005238      0x4  time.o [1]
  .bss               zero     0x2000523c      0x4  time.o [1]
  .bss               zero     0x20005240      0x4  xgetmemchunk.o [3]
                            - 0x20005244   0x50f8

"P2", part 3 of 3:                        0x11600
  CSTACK                      0x20005248    0x600  <Block>
    CSTACK           uninit   0x20005248    0x600  <Block tail>
  HEAP                        0x20005848  0x11000  <Block>
    HEAP             uninit   0x20005848  0x11000  <Block tail>
                            - 0x20016848  0x11600


*******************************************************************************
*** INIT TABLE
***

          Address     Size
          -------     ----
Zero (__iar_zero_init3)
    1 destination range, total size 0x50f8:
          0x2000014c  0x50f8

Copy/packbits (__iar_packbits_init_single3)
    1 source range, total size 0x76 (35% of destination):
          0x0800cd36    0x76
    1 destination range, total size 0x14c:
          0x20000000   0x14c



*******************************************************************************
*** MODULE SUMMARY
***

    Module                        ro code  ro data  rw data
    ------                        -------  -------  -------
D:\WORK\DEVO\CODE\SFOX_ZERO\SFOX_ZERO\EWARM\SFOX_ZERO\Obj: [1]
    CMatrix.o                       2 940
    app_ano.o                       3 400               404
    app_ctrl.o                        464                92
    app_ins_ekf_quaternion.o        4 940       98      156
    app_led.o                         200
    app_ros.o                       1 640               476
    app_uwb.o                           4
    cmsis_os.o                        296
    dma.o                             184
    flash_on_chip.o                 2 100               320
    freertos.o                        772       96       52
    gpio.o                            180
    heap_4.o                          452            15 384
    list.o                            144
    main.o                            318
    motor_pwm.o                       344                16
    mpu9250.o                       1 840       45      192
    ms5803.o                          876                48
    port.o                            512        4       12
    portasm.o                         168
    queue.o                         1 564
    rc_pwm.o                          796               128
    spi.o                             524               368
    startup_stm32f407xx.o             660
    stm32f4xx_hal.o                   124        5       12
    stm32f4xx_hal_cortex.o            220
    stm32f4xx_hal_dma.o             1 052
    stm32f4xx_hal_flash.o             540                32
    stm32f4xx_hal_flash_ex.o          360
    stm32f4xx_hal_gpio.o              512
    stm32f4xx_hal_msp.o               148
    stm32f4xx_hal_rcc.o             1 248
    stm32f4xx_hal_spi.o             2 702
    stm32f4xx_hal_tim.o             1 902
    stm32f4xx_hal_tim_ex.o             82
    stm32f4xx_hal_timebase_TIM.o      128                60
    stm32f4xx_hal_uart.o            1 574
    stm32f4xx_it.o                    208
    system_stm32f4xx.o                 96        9        4
    tasks.o                         1 976               300
    tim.o                           1 136               240
    time.o                            152               440
    usart.o                         1 412               960
    usart_cfg.o                       360                 5
    uwb1000.o                         428               772
    -------------------------------------------------------
    Total:                         41 678      257   20 473

command line: [2]
    -------------------------------------------------------
    Total:

dl7M_tlf.a: [3]
    XShttio.o                          12        3        8
    abort.o                             6
    dlmalloc.o                      5 332               496
    exit.o                              4
    heaptramp0.o                        4
    iar_Stoulx.o                      372
    isspace.o                          20
    low_level_init.o                    4
    tolower.o                          20
    xgetmemchunk.o                     44                 4
    xlocale_c.o                        52       28       72
    -------------------------------------------------------
    Total:                          5 870       31      580

m7M_tls.a: [4]
    DblAdd.o                          376
    DblCmpEq.o                         32
    DblCmpGe.o                         46
    DblCmpLe.o                         46
    DblDiv.o                          582
    DblMul.o                          418
    DblSub.o                          226
    DblToFlt.o                        104
    FltToDbl.o                         72
    S32ToDbl.o                         34
    S64ToFlt.o                         88
    asin64.o                          240
    atan2_64.o                        316
    fpinit_M.o                         34
    iar_Atan64.o                      520
    math_wrappers64.o                  34
    sqrt.o                            258
    -------------------------------------------------------
    Total:                          3 426

rt7M_tl.a: [5]
    ABImemclr.o                         6
    ABImemclr4.o                        6
    ABImemcpy.o                       166
    ABImemset.o                        94
    ABImemset48.o                      50
    I64DivMod.o                       626
    I64DivZer.o                         2
    cexit.o                            10
    cmain.o                            30
    cstartup_M.o                       12
    data_init.o                        40
    memchr.o                           88
    packbits_init_single.o             56
    zero_init3.o                       64
    -------------------------------------------------------
    Total:                          1 250

shb_l.a: [6]
    exit.o                             20
    iarttio.o                          44
    -------------------------------------------------------
    Total:                             64

    Gaps                               42        2        7
    Linker created                              32   71 168
-----------------------------------------------------------
    Grand Total:                   52 330      322   92 228


*******************************************************************************
*** ENTRY LIST
***

Entry                      Address    Size  Type      Object
-----                      -------    ----  ----      ------
.iar.init_table$$Base   0x0800cbc0           --   Gb  - Linker created -
.iar.init_table$$Limit  0x0800cbe0           --   Gb  - Linker created -
?main                   0x0800cbe1          Code  Gb  cmain.o [5]
AHBPrescTable           0x0800caac    0x10  Data  Gb  system_stm32f4xx.o [1]
ANCHOR_INDEX            0x20004038     0x2  Data  Gb  uwb1000.o [1]
ANO_DT_Data_Receive_Anl
                        0x080049d1   0x68a  Code  Gb  app_ano.o [1]
ANO_DT_Send_Check       0x0800505b    0x26  Code  Gb  app_ano.o [1]
ANO_DT_Send_PID         0x08004681   0x13a  Code  Gb  app_ano.o [1]
ANO_data_receive_prepara
                        0x08004939    0x96  Code  Gb  app_ano.o [1]
ANO_send_15_data        0x080044bd   0x1c2  Code  Gb  app_ano.o [1]
ANO_sending             0x080043c9    0xf4  Code  Gb  app_ano.o [1]
APBPrescTable           0x0800cc30     0x8  Data  Gb  system_stm32f4xx.o [1]
BusFault_Handler        0x0800c933     0x2  Code  Gb  stm32f4xx_it.o [1]
CSTACK$$Base            0x20005248           --   Gb  - Linker created -
CSTACK$$Limit           0x20005848           --   Gb  - Linker created -
DMA1_Stream3_IRQHandler
                        0x0800c947     0x6  Code  Gb  stm32f4xx_it.o [1]
DMA1_Stream4_IRQHandler
                        0x0800c94d     0x6  Code  Gb  stm32f4xx_it.o [1]
DMA1_Stream6_IRQHandler
                        0x0800c953     0x6  Code  Gb  stm32f4xx_it.o [1]
DMA1_Stream7_IRQHandler
                        0x0800c983     0x6  Code  Gb  stm32f4xx_it.o [1]
DMA2_Stream0_IRQHandler
                        0x0800c995     0x6  Code  Gb  stm32f4xx_it.o [1]
DMA2_Stream3_IRQHandler
                        0x0800c99b     0x6  Code  Gb  stm32f4xx_it.o [1]
DMA2_Stream6_IRQHandler
                        0x0800c9a1     0x6  Code  Gb  stm32f4xx_it.o [1]
DMA2_Stream7_IRQHandler
                        0x0800c9a7     0x6  Code  Gb  stm32f4xx_it.o [1]
DMA_CalcBaseAndBitshift
                        0x08008849    0x2c  Code  Lc  stm32f4xx_hal_dma.o [1]
DMA_CalcBaseAndBitshift::flagBitshiftOffset
                        0x08008884     0x8  Data  Lc  stm32f4xx_hal_dma.o [1]
DebugMon_Handler        0x0800c937     0x2  Code  Gb  stm32f4xx_it.o [1]
EraseInitStruct         0x2000514c    0x14  Data  Gb  flash_on_chip.o [1]
FLASH_Erase_Sector      0x08007e19    0x4e  Code  Gb  stm32f4xx_hal_flash_ex.o [1]
FLASH_FlushCaches       0x08007e67    0x50  Code  Gb  stm32f4xx_hal_flash_ex.o [1]
FLASH_MassErase         0x08007df9    0x20  Code  Lc  stm32f4xx_hal_flash_ex.o [1]
FLASH_Program_Byte      0x08007cc7    0x1e  Code  Lc  stm32f4xx_hal_flash.o [1]
FLASH_Program_DoubleWord
                        0x08007c5d    0x26  Code  Lc  stm32f4xx_hal_flash.o [1]
FLASH_Program_HalfWord  0x08007ca5    0x22  Code  Lc  stm32f4xx_hal_flash.o [1]
FLASH_Program_Word      0x08007c83    0x22  Code  Lc  stm32f4xx_hal_flash.o [1]
FLASH_SetErrorCode      0x08007ce5    0x60  Code  Lc  stm32f4xx_hal_flash.o [1]
FLASH_WaitForLastOperation
                        0x08007c11    0x44  Code  Gb  stm32f4xx_hal_flash.o [1]
FLASHinit               0x080059d5    0x14  Code  Gb  flash_on_chip.o [1]
HAL_DMA_Abort           0x080085eb    0x8c  Code  Gb  stm32f4xx_hal_dma.o [1]
HAL_DMA_Abort_IT        0x08008677    0x24  Code  Gb  stm32f4xx_hal_dma.o [1]
HAL_DMA_IRQHandler      0x0800869b   0x1aa  Code  Gb  stm32f4xx_hal_dma.o [1]
HAL_DMA_Init            0x08008471    0xec  Code  Gb  stm32f4xx_hal_dma.o [1]
HAL_DMA_Start_IT        0x0800855d    0x8e  Code  Gb  stm32f4xx_hal_dma.o [1]
HAL_Delay               0x08007ec5    0x28  Code  Wk  stm32f4xx_hal.o [1]
HAL_FLASHEx_Erase       0x08007d5d    0x9c  Code  Gb  stm32f4xx_hal_flash_ex.o [1]
HAL_FLASH_Lock          0x08007c03     0x8  Code  Gb  stm32f4xx_hal_flash.o [1]
HAL_FLASH_Program       0x08007b41    0xa6  Code  Gb  stm32f4xx_hal_flash.o [1]
HAL_FLASH_Unlock        0x08007be7    0x1c  Code  Gb  stm32f4xx_hal_flash.o [1]
HAL_GPIO_Init           0x0800add9   0x1ae  Code  Gb  stm32f4xx_hal_gpio.o [1]
HAL_GPIO_ReadPin        0x0800af87    0x10  Code  Gb  stm32f4xx_hal_gpio.o [1]
HAL_GPIO_TogglePin      0x0800afa3     0x8  Code  Gb  stm32f4xx_hal_gpio.o [1]
HAL_GPIO_WritePin       0x0800af97     0xc  Code  Gb  stm32f4xx_hal_gpio.o [1]
HAL_GetTick             0x0800adcd     0xc  Code  Wk  stm32f4xx_hal.o [1]
HAL_IncTick             0x0800a945    0x14  Code  Wk  stm32f4xx_hal.o [1]
HAL_Init                0x08008a79    0x30  Code  Gb  stm32f4xx_hal.o [1]
HAL_InitTick            0x0800afd9    0x70  Code  Gb  stm32f4xx_hal_timebase_TIM.o [1]
HAL_MspInit             0x0800b2cd    0x94  Code  Gb  stm32f4xx_hal_msp.o [1]
HAL_NVIC_EnableIRQ      0x0800a8d5     0xa  Code  Gb  stm32f4xx_hal_cortex.o [1]
HAL_NVIC_SetPriority    0x0800a883    0x52  Code  Gb  stm32f4xx_hal_cortex.o [1]
HAL_NVIC_SetPriorityGrouping
                        0x0800a869    0x1a  Code  Gb  stm32f4xx_hal_cortex.o [1]
HAL_RCC_ClockConfig     0x08008895   0x110  Code  Gb  stm32f4xx_hal_rcc.o [1]
HAL_RCC_GetClockConfig  0x080089cf    0x38  Code  Gb  stm32f4xx_hal_rcc.o [1]
HAL_RCC_GetHCLKFreq     0x080089a5     0x6  Code  Gb  stm32f4xx_hal_rcc.o [1]
HAL_RCC_GetPCLK1Freq    0x080089ab    0x10  Code  Gb  stm32f4xx_hal_rcc.o [1]
HAL_RCC_GetPCLK2Freq    0x080089bb     0xe  Code  Gb  stm32f4xx_hal_rcc.o [1]
HAL_RCC_OscConfig       0x0800a56d   0x2fc  Code  Wk  stm32f4xx_hal_rcc.o [1]
HAL_SPI_DMAStop         0x0800baeb    0x28  Code  Gb  stm32f4xx_hal_spi.o [1]
HAL_SPI_IRQHandler      0x0800bb13    0xf8  Code  Gb  stm32f4xx_hal_spi.o [1]
HAL_SPI_Init            0x0800b361    0x80  Code  Gb  stm32f4xx_hal_spi.o [1]
HAL_SPI_MspInit         0x08008c9d   0x12c  Code  Gb  spi.o [1]
HAL_SPI_Receive         0x0800b5bb   0x13e  Code  Gb  stm32f4xx_hal_spi.o [1]
HAL_SPI_Receive_DMA     0x0800b92f    0xc6  Code  Gb  stm32f4xx_hal_spi.o [1]
HAL_SPI_RxCpltCallback  0x080099d3    0x20  Code  Gb  mpu9250.o [1]
HAL_SPI_Transmit        0x0800b3e1   0x1da  Code  Gb  stm32f4xx_hal_spi.o [1]
HAL_SPI_TransmitReceive
                        0x0800b6f9   0x236  Code  Gb  stm32f4xx_hal_spi.o [1]
HAL_SPI_TransmitReceive_DMA
                        0x0800b9f5    0xee  Code  Gb  stm32f4xx_hal_spi.o [1]
HAL_SYSTICK_CLKSourceConfig
                        0x0800a90b    0x1a  Code  Gb  stm32f4xx_hal_cortex.o [1]
HAL_SYSTICK_Config      0x0800a8e9    0x22  Code  Gb  stm32f4xx_hal_cortex.o [1]
HAL_TIMEx_BreakCallback
                        0x0800c8f3     0x2  Code  Wk  stm32f4xx_hal_tim_ex.o [1]
HAL_TIMEx_CommutationCallback
                        0x0800c8f7     0x2  Code  Wk  stm32f4xx_hal_tim_ex.o [1]
HAL_TIMEx_MasterConfigSynchronization
                        0x0800c551    0x4e  Code  Gb  stm32f4xx_hal_tim_ex.o [1]
HAL_TIM_Base_Init       0x0800bde9    0x20  Code  Gb  stm32f4xx_hal_tim.o [1]
HAL_TIM_Base_Start_IT   0x0800be09    0x16  Code  Gb  stm32f4xx_hal_tim.o [1]
HAL_TIM_IC_CaptureCallback
                        0x080092e7   0x2ac  Code  Gb  rc_pwm.o [1]
HAL_TIM_IC_ConfigChannel
                        0x0800c05f   0x11a  Code  Gb  stm32f4xx_hal_tim.o [1]
HAL_TIM_IC_Init         0x0800be91    0x20  Code  Gb  stm32f4xx_hal_tim.o [1]
HAL_TIM_IC_MspInit      0x080090d7    0xb6  Code  Gb  tim.o [1]
HAL_TIM_IC_Start_IT     0x0800beb1    0x3a  Code  Gb  stm32f4xx_hal_tim.o [1]
HAL_TIM_IRQHandler      0x0800bf15   0x14a  Code  Gb  stm32f4xx_hal_tim.o [1]
HAL_TIM_MspPostInit     0x080091cf    0x66  Code  Gb  tim.o [1]
HAL_TIM_PWM_ConfigChannel
                        0x0800c179    0xd2  Code  Gb  stm32f4xx_hal_tim.o [1]
HAL_TIM_PWM_Init        0x0800be4b    0x20  Code  Gb  stm32f4xx_hal_tim.o [1]
HAL_TIM_PWM_MspInit     0x0800918d    0x42  Code  Gb  tim.o [1]
HAL_TIM_PWM_Start       0x0800be6b    0x26  Code  Gb  stm32f4xx_hal_tim.o [1]
HAL_TIM_PeriodElapsedCallback
                        0x0800632f     0xe  Code  Gb  main.o [1]
HAL_TIM_ReadCapturedValue
                        0x0800c257    0x44  Code  Gb  stm32f4xx_hal_tim.o [1]
HAL_UART_IRQHandler     0x08005d2d   0x158  Code  Gb  stm32f4xx_hal_uart.o [1]
HAL_UART_Init           0x08005bf9    0x44  Code  Gb  stm32f4xx_hal_uart.o [1]
HAL_UART_MspInit        0x0800802d   0x3be  Code  Gb  usart.o [1]
HAL_UART_Receive_IT     0x08005c57    0x48  Code  Gb  stm32f4xx_hal_uart.o [1]
HAL_UART_RxCpltCallback
                        0x08005183    0x78  Code  Gb  usart_cfg.o [1]
HAL_UART_Transmit_DMA   0x08005cb3    0x7a  Code  Gb  stm32f4xx_hal_uart.o [1]
HEAP$$Base              0x20005848           --   Gb  - Linker created -
HEAP$$Limit             0x20016848           --   Gb  - Linker created -
HardFault_Handler       0x0800c92f     0x2  Code  Gb  stm32f4xx_it.o [1]
MPU9250_Check           0x080098af    0xd4  Code  Gb  mpu9250.o [1]
MPU9250_ERROR           0x20004db4     0x4  Data  Gb  mpu9250.o [1]
MPU9250_Handler         0x20000080     0x4  Data  Gb  mpu9250.o [1]
MPU9250_Init            0x0800985d    0x52  Code  Gb  mpu9250.o [1]
MPU9250_Mag_ReadReg     0x0800980b    0x52  Code  Gb  mpu9250.o [1]
MPU9250_Mag_WriteReg    0x080097b5    0x56  Code  Gb  mpu9250.o [1]
MPU9250_ReadReg         0x08009717    0x4e  Code  Gb  mpu9250.o [1]
MPU9250_WriteReg        0x08009765    0x50  Code  Gb  mpu9250.o [1]
MPU9250_data_buffer     0x20000060    0x1c  Data  Gb  mpu9250.o [1]
MPU9250_data_push       0x08009c0d   0x136  Code  Gb  mpu9250.o [1]
MPU9250_gyro_acc_calibrate_offset_func
                        0x080099f5   0x10a  Code  Gb  mpu9250.o [1]
MPU9250_gyro_acc_calibrate_offset_func::cnt_g
                        0x20004d80     0x2  Data  Lc  mpu9250.o [1]
MPU9250_gyro_acc_calibrate_offset_func::gyrox_high
                        0x20004dbc     0x4  Data  Lc  mpu9250.o [1]
MPU9250_gyro_acc_calibrate_offset_func::gyrox_low
                        0x20004db8     0x4  Data  Lc  mpu9250.o [1]
MPU9250_gyro_acc_calibrate_offset_func::tempAcc
                        0x20004d90     0xc  Data  Lc  mpu9250.o [1]
MPU9250_gyro_acc_calibrate_offset_func::tempGyro
                        0x20004d84     0xc  Data  Lc  mpu9250.o [1]
MPU9250_mag_calibrate   0x08009aff   0x10e  Code  Gb  mpu9250.o [1]
MPU9250_mag_calibrate::cnt
                        0x200000d8     0x4  Data  Lc  mpu9250.o [1]
MPU9250_mag_calibrate::magx_high
                        0x200000c4     0x4  Data  Lc  mpu9250.o [1]
MPU9250_mag_calibrate::magx_low
                        0x200000c0     0x4  Data  Lc  mpu9250.o [1]
MPU9250_mag_calibrate::magy_high
                        0x200000cc     0x4  Data  Lc  mpu9250.o [1]
MPU9250_mag_calibrate::magy_low
                        0x200000c8     0x4  Data  Lc  mpu9250.o [1]
MPU9250_mag_calibrate::magz_high
                        0x200000d4     0x4  Data  Lc  mpu9250.o [1]
MPU9250_mag_calibrate::magz_low
                        0x200000d0     0x4  Data  Lc  mpu9250.o [1]
MPU9250_process         0x08009d49    0xa6  Code  Gb  mpu9250.o [1]
MPU9250_process::MPU9250MagCalibrateStart
                        0x200000dc     0x4  Data  Lc  mpu9250.o [1]
MPU9250_read_raw_data   0x08009985    0x4e  Code  Gb  mpu9250.o [1]
MS5803_C1               0x20005160     0x2  Data  Gb  ms5803.o [1]
MS5803_C2               0x20005162     0x2  Data  Gb  ms5803.o [1]
MS5803_C3               0x20005164     0x2  Data  Gb  ms5803.o [1]
MS5803_C4               0x20005166     0x2  Data  Gb  ms5803.o [1]
MS5803_C5               0x20005168     0x2  Data  Gb  ms5803.o [1]
MS5803_C6               0x2000516a     0x2  Data  Gb  ms5803.o [1]
MS5803_D1               0x20005180     0x4  Data  Gb  ms5803.o [1]
MS5803_D2               0x20005184     0x4  Data  Gb  ms5803.o [1]
MS5803_Handler          0x2000518c     0x4  Data  Gb  ms5803.o [1]
MS5803_Init             0x08009e39    0xb0  Code  Gb  ms5803.o [1]
MS5803_ReadRegs         0x0800a11d    0x42  Code  Gb  ms5803.o [1]
MS5803_WriteReg         0x0800a15f    0x2e  Code  Gb  ms5803.o [1]
MS5803_caculate         0x08009ef5   0x1ba  Code  Gb  ms5803.o [1]
MS5803_pressure         0x20005170     0x8  Data  Gb  ms5803.o [1]
MS5803_process          0x08009ee9     0xc  Code  Gb  ms5803.o [1]
MS5803_read_data        0x0800a0af    0x6e  Code  Gb  ms5803.o [1]
MS5803_temperature      0x20005178     0x8  Data  Gb  ms5803.o [1]
MX_DMA_Init             0x08008b61    0xb8  Code  Gb  dma.o [1]
MX_FREERTOS_Init        0x0800a26d   0x12a  Code  Gb  freertos.o [1]
MX_GPIO_Init            0x08008aad    0xb4  Code  Gb  gpio.o [1]
MX_SPI1_Init            0x08008c19    0x3e  Code  Gb  spi.o [1]
MX_SPI2_Init            0x08008c57    0x3e  Code  Gb  spi.o [1]
MX_TIM1_Init            0x08008e25    0xb0  Code  Gb  tim.o [1]
MX_TIM2_Init            0x08008ed5    0xae  Code  Gb  tim.o [1]
MX_TIM3_Init            0x08008f83    0xa6  Code  Gb  tim.o [1]
MX_TIM4_Init            0x08009029    0xa4  Code  Gb  tim.o [1]
MX_UART4_Init           0x08007eed    0x34  Code  Gb  usart.o [1]
MX_UART5_Init           0x08007f21    0x34  Code  Gb  usart.o [1]
MX_USART1_UART_Init     0x08007f5d    0x34  Code  Gb  usart.o [1]
MX_USART2_UART_Init     0x08007f91    0x34  Code  Gb  usart.o [1]
MX_USART3_UART_Init     0x08007fc5    0x34  Code  Gb  usart.o [1]
MX_USART6_UART_Init     0x08007ff9    0x34  Code  Gb  usart.o [1]
MatAdd                  0x08003089    0x8e  Code  Gb  CMatrix.o [1]
MatAt                   0x080034f1    0x20  Code  Gb  CMatrix.o [1]
MatBlockCompose         0x08003255   0x1d6  Code  Gb  CMatrix.o [1]
MatBlockDecompose       0x0800342b    0x86  Code  Gb  CMatrix.o [1]
MatCopy                 0x0800354d    0x58  Code  Gb  CMatrix.o [1]
MatCreate               0x08002a29    0x58  Code  Gb  CMatrix.o [1]
MatDelete               0x08002b0f    0x50  Code  Gb  CMatrix.o [1]
MatDiag                 0x080034b1    0x40  Code  Gb  CMatrix.o [1]
MatEye                  0x08002fc5    0x7e  Code  Gb  CMatrix.o [1]
MatInit                 0x08002a81    0x50  Code  Gb  CMatrix.o [1]
MatInverse              0x08002c1d   0x3a4  Code  Gb  CMatrix.o [1]
MatIsValid              0x08002ad1    0x3e  Code  Gb  CMatrix.o [1]
MatMultiply             0x08002b61    0xb8  Code  Gb  CMatrix.o [1]
MatScalarMultiply       0x080031a5    0x56  Code  Gb  CMatrix.o [1]
MatSetValAt             0x08003511    0x3c  Code  Gb  CMatrix.o [1]
MatSub                  0x08003117    0x8e  Code  Gb  CMatrix.o [1]
MatTrans                0x080031fb    0x5a  Code  Gb  CMatrix.o [1]
MatZeros                0x08003043    0x46  Code  Gb  CMatrix.o [1]
MemManage_Handler       0x0800c931     0x2  Code  Gb  stm32f4xx_it.o [1]
NMI_Handler             0x0800c92d     0x2  Code  Gb  stm32f4xx_it.o [1]
PendSV_Handler          0x0800ad25          Code  Gb  portasm.o [1]
RC_PWM                  0x20004b14    0x20  Data  Gb  rc_pwm.o [1]
RC_PWM_init             0x08009295    0x52  Code  Gb  rc_pwm.o [1]
ReadTheFLASH            0x08005b95    0x20  Code  Gb  flash_on_chip.o [1]
Region$$Table$$Base     0x0800cbc0           --   Gb  - Linker created -
Region$$Table$$Limit    0x0800cbe0           --   Gb  - Linker created -
RxBuffer                0x200050e4    0x34  Data  Lc  app_ano.o [1]
RxBuffer                0x20004740    0xc8  Data  Lc  app_ros.o [1]
SPI1_IRQHandler         0x0800c965     0x6  Code  Gb  stm32f4xx_it.o [1]
SPI_DMAAbortOnError     0x0800bd49     0xc  Code  Lc  stm32f4xx_hal_spi.o [1]
SPI_DMAError            0x0800bd29    0x1e  Code  Lc  stm32f4xx_hal_spi.o [1]
SPI_DMAHalfReceiveCplt  0x0800bd19     0x6  Code  Lc  stm32f4xx_hal_spi.o [1]
SPI_DMAHalfTransmitReceiveCplt
                        0x0800bd21     0x6  Code  Lc  stm32f4xx_hal_spi.o [1]
SPI_DMAReceiveCplt      0x0800bc0d    0x4e  Code  Lc  stm32f4xx_hal_spi.o [1]
SPI_DMATransmitReceiveCplt
                        0x0800bc5d    0xba  Code  Lc  stm32f4xx_hal_spi.o [1]
SPI_WaitFlagStateUntilTimeout
                        0x0800bd55    0x92  Code  Lc  stm32f4xx_hal_spi.o [1]
SVC_Handler             0x0800ad7d          Code  Gb  portasm.o [1]
StartDefaultTask        0x0800a397     0xa  Code  Gb  freertos.o [1]
StartTask02LED          0x0800a3a1     0x8  Code  Gb  freertos.o [1]
StartTask03COM          0x0800a3a9    0x40  Code  Gb  freertos.o [1]
StartTask04MPU9250      0x0800a3e9    0x3a  Code  Gb  freertos.o [1]
StartTask05MS5803       0x0800a423     0xe  Code  Gb  freertos.o [1]
StartTask06BackEnd      0x0800a431    0x42  Code  Gb  freertos.o [1]
StartTask07UWB          0x0800a473    0x3a  Code  Gb  freertos.o [1]
SysTick_Handler         0x0800c939     0xe  Code  Gb  stm32f4xx_it.o [1]
SystemClock_Config      0x08006285    0xaa  Code  Gb  main.o [1]
SystemCoreClock         0x200000f8     0x4  Data  Gb  system_stm32f4xx.o [1]
SystemInit              0x0800ca5d    0x3a  Code  Gb  system_stm32f4xx.o [1]
TIM1_CC_IRQHandler      0x0800c959     0x6  Code  Gb  stm32f4xx_it.o [1]
TIM2_IRQHandler         0x0800c95f     0x6  Code  Gb  stm32f4xx_it.o [1]
TIM8_TRG_COM_TIM14_IRQHandler
                        0x0800c97d     0x6  Code  Gb  stm32f4xx_it.o [1]
TIM_Base_SetConfig      0x0800c29b    0x98  Code  Gb  stm32f4xx_hal_tim.o [1]
TIM_OC1_SetConfig       0x0800c3f9    0x52  Code  Lc  stm32f4xx_hal_tim.o [1]
TIM_OC2_SetConfig       0x0800c3a1    0x56  Code  Gb  stm32f4xx_hal_tim.o [1]
TIM_OC3_SetConfig       0x0800c44b    0x52  Code  Lc  stm32f4xx_hal_tim.o [1]
TIM_OC4_SetConfig       0x0800c4a3    0x48  Code  Lc  stm32f4xx_hal_tim.o [1]
TIM_TI1_SetConfig       0x0800c333    0x6c  Code  Gb  stm32f4xx_hal_tim.o [1]
TIM_TI2_SetConfig       0x0800c519    0x36  Code  Lc  stm32f4xx_hal_tim.o [1]
UART4_IRQHandler        0x0800c989     0x6  Code  Gb  stm32f4xx_it.o [1]
UART5_IRQHandler        0x0800c98f     0x6  Code  Gb  stm32f4xx_it.o [1]
UART_DMAAbortOnError    0x08005f31     0xc  Code  Lc  stm32f4xx_hal_uart.o [1]
UART_DMAError           0x08005eb9    0x5c  Code  Lc  stm32f4xx_hal_uart.o [1]
UART_DMATransmitCplt    0x08005e85    0x2a  Code  Lc  stm32f4xx_hal_uart.o [1]
UART_DMATxHalfCplt      0x08005eb1     0x6  Code  Lc  stm32f4xx_hal_uart.o [1]
UART_EndRxTransfer      0x08005f15    0x1c  Code  Lc  stm32f4xx_hal_uart.o [1]
UART_Receive_IT         0x08005f3d    0x8c  Code  Lc  stm32f4xx_hal_uart.o [1]
UART_SetConfig          0x08005fc9   0x23e  Code  Lc  stm32f4xx_hal_uart.o [1]
USART1_DMA_send_data    0x080051fb     0xa  Code  Gb  usart_cfg.o [1]
USART1_IRQHandler       0x0800c96b     0x6  Code  Gb  stm32f4xx_it.o [1]
USART2_IRQHandler       0x0800c971     0x6  Code  Gb  stm32f4xx_it.o [1]
USART3_IRQHandler       0x0800c977     0x6  Code  Gb  stm32f4xx_it.o [1]
USART4_DMA_send_data    0x08005205     0xa  Code  Gb  usart_cfg.o [1]
USART6_IRQHandler       0x0800c9ad     0x6  Code  Gb  stm32f4xx_it.o [1]
USART_init              0x08005111    0x72  Code  Gb  usart_cfg.o [1]
UpdateTheFLASH          0x080059e9    0x92  Code  Gb  flash_on_chip.o [1]
UsageFault_Handler      0x0800c935     0x2  Code  Gb  stm32f4xx_it.o [1]
_Error_Handler          0x08006355     0x2  Code  Gb  main.o [1]
_LocaleC_isspace        0x0800c905    0x14  Code  Gb  xlocale_c.o [3]
_LocaleC_isupper        0x0800c8f9     0x2  Code  Gb  xlocale_c.o [3]
_LocaleC_tolower        0x0800c919     0xc  Code  Gb  xlocale_c.o [3]
__aeabi_cdcmpeq         0x08004379          Code  Gb  DblCmpEq.o [4]
__aeabi_cdcmple         0x08003ee5          Code  Gb  DblCmpLe.o [4]
__aeabi_cdrcmple        0x08004399          Code  Gb  DblCmpGe.o [4]
__aeabi_d2f             0x080039e5          Code  Gb  DblToFlt.o [4]
__aeabi_dadd            0x08003ff9          Code  Gb  DblAdd.o [4]
__aeabi_ddiv            0x0800379d          Code  Gb  DblDiv.o [4]
__aeabi_dmul            0x08003a71          Code  Gb  DblMul.o [4]
__aeabi_dsub            0x08003f15          Code  Gb  DblSub.o [4]
__aeabi_f2d             0x08003651          Code  Gb  FltToDbl.o [4]
__aeabi_i2d             0x080053a1          Code  Gb  S32ToDbl.o [4]
__aeabi_l2f             0x0800c5a1          Code  Gb  S64ToFlt.o [4]
__aeabi_ldiv0           0x0800c8e5          Code  Gb  I64DivZer.o [5]
__aeabi_ldivmod         0x0800b059          Code  Gb  I64DivMod.o [5]
__aeabi_memclr          0x08003c1d          Code  Gb  ABImemclr.o [5]
__aeabi_memclr4         0x08003c15          Code  Gb  ABImemclr4.o [5]
__aeabi_memcpy          0x080035a5          Code  Gb  ABImemcpy.o [5]
__aeabi_memcpy4         0x080035c5          Code  Gb  ABImemcpy.o [5]
__aeabi_memcpy8         0x080035c5          Code  Gb  ABImemcpy.o [5]
__aeabi_uldivmod        0x0800b09d          Code  Gb  I64DivMod.o [5]
__cmain                 0x0800cbe1          Code  Gb  cmain.o [5]
__data_GetMemChunk      0x08001665    0x2c  Code  Gb  xgetmemchunk.o [3]
__data_GetMemChunk::start
                        0x20005240     0x4  Data  Lc  xgetmemchunk.o [3]
__exit                  0x08001691    0x14  Code  Gb  exit.o [6]
__iar_Atan64            0x08004171   0x170  Code  Gb  iar_Atan64.o [4]
__iar_Memchr            0x0800c88d          Code  Gb  memchr.o [5]
__iar_Memset4_word      0x08003e51          Code  Gb  ABImemset48.o [5]
__iar_Memset8_word      0x08003e51          Code  Gb  ABImemset48.o [5]
__iar_Memset_word       0x08003e85          Code  Gb  ABImemset.o [5]
__iar_Stoulx            0x0800a959   0x112  Code  Gb  iar_Stoulx.o [3]
__iar_asin64            0x08003c25    0xf0  Code  Gb  asin64.o [4]
__iar_atan2_64          0x08003d15   0x13c  Code  Gb  atan2_64.o [4]
__iar_close_ttio        0x080016a5    0x2c  Code  Gb  iarttio.o [6]
__iar_dadd              0x08003f25          Code  Gb  DblSub.o [4]
__iar_data_init3        0x0800cb75    0x28  Code  Gb  data_init.o [5]
__iar_dlfree            0x08001163   0x4f6  Code  Gb  dlmalloc.o [3]
__iar_dlmalloc          0x08000ead   0x2b6  Code  Gb  dlmalloc.o [3]
__iar_dsub              0x08004009          Code  Gb  DblAdd.o [4]
__iar_dsubStart         0x0800401b          Code  Gb  DblAdd.o [4]
__iar_globLocale        0x200000fc    0x48  Data  Lc  xlocale_c.o [3]
__iar_global_Locale     0x0800c925     0x4  Code  Gb  xlocale_c.o [3]
__iar_init_vfp          0x0800cb9d          Code  Gb  fpinit_M.o [4]
__iar_lookup_ttioh      0x080016d1     0x4  Code  Gb  XShttio.o [3]
__iar_packbits_init_single3
                        0x0800cb3d    0x38  Code  Gb  packbits_init_single.o [5]
__iar_program_start     0x0800cc25          Code  Gb  cstartup_M.o [5]
__iar_sqrt64            0x080036a9          Code  Gb  sqrt.o [4]
__iar_systems$$module {Abs}
                        0x00000001          Data  Gb  command line/config [2]
__iar_ttio_handles      0x20000144     0x8  Data  Lc  XShttio.o [3]
__iar_vfp___iar_sqrt64  0x08003699          Code  Gb  sqrt.o [4]
__iar_vfp_asin          0x08003a53     0xc  Code  Gb  math_wrappers64.o [4]
__iar_vfp_atan2         0x08003a5f    0x10  Code  Gb  math_wrappers64.o [4]
__iar_vfp_sqrt          0x08003699          Code  Gb  sqrt.o [4]
__iar_vfp_sqrtl         0x08003699          Code  Gb  sqrt.o [4]
__iar_zero_init3        0x0800cafd    0x40  Code  Gb  zero_init3.o [5]
__low_level_init        0x0800cbff     0x4  Code  Gb  low_level_init.o [3]
__vector_table          0x08000000          Data  Gb  startup_stm32f407xx.o [1]
_buf_index              0x2000403c     0x4  Data  Lc  uwb1000.o [1]
_call_main              0x0800cbed          Code  Gb  cmain.o [5]
_comma_index            0x20004040     0x4  Data  Lc  uwb1000.o [1]
_data_cnt               0x20004b9c     0x4  Data  Lc  app_ano.o [1]
_data_cnt               0x200051f8     0x4  Data  Lc  app_ros.o [1]
_data_cnt               0x200051b4     0x4  Data  Lc  uwb1000.o [1]
_data_len               0x20004b98     0x4  Data  Lc  app_ano.o [1]
_data_len               0x200051f4     0x4  Data  Lc  app_ros.o [1]
_data_len               0x200051b0     0x4  Data  Lc  uwb1000.o [1]
_exit                   0x0800cc09          Code  Gb  cexit.o [5]
_gm_                    0x20004284   0x1d8  Data  Lc  dlmalloc.o [3]
_main                   0x0800cbfb          Code  Gb  cmain.o [5]
a                       0x08004338    0x40  Data  Lc  iar_Atan64.o [4]
aRxBuffer1              0x20005218     0x1  Data  Gb  usart_cfg.o [1]
aRxBuffer2              0x20005219     0x1  Data  Gb  usart_cfg.o [1]
aRxBuffer3              0x2000521b     0x1  Data  Gb  usart_cfg.o [1]
aRxBuffer5              0x2000521a     0x1  Data  Gb  usart_cfg.o [1]
aRxBuffer6              0x2000521c     0x1  Data  Gb  usart_cfg.o [1]
abort                   0x0800165d     0x6  Code  Gb  abort.o [3]
accx_mps                0x20004f4c     0x4  Data  Gb  app_ins_ekf_quaternion.o [1]
accx_raw_bias_mps       0x20004d9c     0x4  Data  Gb  mpu9250.o [1]
accx_raw_mps            0x20000084     0x4  Data  Gb  mpu9250.o [1]
accy_mps                0x20004f50     0x4  Data  Gb  app_ins_ekf_quaternion.o [1]
accy_raw_bias_mps       0x20004da0     0x4  Data  Gb  mpu9250.o [1]
accy_raw_mps            0x20000088     0x4  Data  Gb  mpu9250.o [1]
accz_mps                0x20004f54     0x4  Data  Gb  app_ins_ekf_quaternion.o [1]
accz_raw_bias_mps       0x20004da4     0x4  Data  Gb  mpu9250.o [1]
accz_raw_mps            0x2000008c     0x4  Data  Gb  mpu9250.o [1]
add_segment             0x0800054d   0x1f2  Code  Lc  dlmalloc.o [3]
alt_d                   0x20004ac0     0x4  Data  Gb  app_ano.o [1]
alt_i                   0x20004abc     0x4  Data  Gb  app_ano.o [1]
alt_p                   0x20004ab8     0x4  Data  Gb  app_ano.o [1]
anchor                  0x20003d68   0x2d0  Data  Gb  uwb1000.o [1]
anchor_index            0x2000403a     0x1  Data  Gb  uwb1000.o [1]
ano_data_to_send        0x20004c10    0x64  Data  Lc  app_ano.o [1]
ano_process             0x08005081    0x46  Code  Gb  app_ano.o [1]
ano_process::delay_cnt  0x20004c0c     0x4  Data  Lc  app_ano.o [1]
app_ano_time_consume_us
                        0x20005230     0x4  Data  Gb  time.o [1]
app_backend_time_consume_us
                        0x20005234     0x4  Data  Gb  time.o [1]
app_ctrl_thread         0x0800c691     0xa  Code  Gb  app_ctrl.o [1]
app_ins_ekf_quaternion_thread
                        0x080016dd    0x5c  Code  Gb  app_ins_ekf_quaternion.o [1]
app_led_thread          0x0800a1a5    0x92  Code  Gb  app_led.o [1]
app_ros_thread          0x08006b11    0x1e  Code  Gb  app_ros.o [1]
app_uwb_thread          0x0800c861     0x4  Code  Gb  app_uwb.o [1]
app_uwb_time_consume_us
                        0x2000523c     0x4  Data  Gb  time.o [1]
asin                    0x08003c25    0xf0  Code  Gb  asin64.o [4]
asinl                   0x08003c25    0xf0  Code  Gb  asin64.o [4]
atan2                   0x08003d15   0x13c  Code  Gb  atan2_64.o [4]
atan2l                  0x08003d15   0x13c  Code  Gb  atan2_64.o [4]
atoi                    0x0800aa71     0x2  Code  Gb  iar_Stoulx.o [3]
attitude_ctrl           0x0800c6b9    0x4c  Code  Gb  app_ctrl.o [1]
control                 0x0800c69b    0x1e  Code  Gb  app_ctrl.o [1]
cycle_T                 0x20004588    0xf0  Data  Gb  time.o [1]
d1d2_convert_step       0x20005188     0x4  Data  Lc  ms5803.o [1]
data_from_ANO_updata    0x20004ba8     0x4  Data  Lc  app_ano.o [1]
data_from_ros_updata    0x200051fc     0x4  Data  Lc  app_ros.o [1]
data_parse_state        0x200051ac     0x1  Data  Gb  uwb1000.o [1]
data_trans_with_ano     0x080047c5   0x16e  Code  Gb  app_ano.o [1]
defaultTaskHandle       0x20005118     0x4  Data  Gb  freertos.o [1]
det_t_s                 0x20005200    0x10  Data  Gb  time.o [1]
digits                  0x0800aa7c    0x28  Data  Lc  iar_Stoulx.o [3]
ekf_P                   0x20000054     0xc  Data  Gb  app_ins_ekf_quaternion.o [1]
ekf_basedon_quaternion  0x080017cd  0x1254  Code  Gb  app_ins_ekf_quaternion.o [1]
ekf_basedon_quaternion::RunOnce
                        0x20000044     0x4  Data  Lc  app_ins_ekf_quaternion.o [1]
ekf_sigmas_accelBias_process_noise_mps2
                        0x20000034     0x4  Data  Gb  app_ins_ekf_quaternion.o [1]
ekf_sigmas_accel_bias_mps2
                        0x20000020     0x4  Data  Gb  app_ins_ekf_quaternion.o [1]
ekf_sigmas_gyroBias_process_noise_rps
                        0x20000030     0x4  Data  Gb  app_ins_ekf_quaternion.o [1]
ekf_sigmas_gyro_bias_rps
                        0x2000001c     0x4  Data  Gb  app_ins_ekf_quaternion.o [1]
ekf_sigmas_mag3D_unitVector_meas
                        0x20000038     0x4  Data  Gb  app_ins_ekf_quaternion.o [1]
ekf_sigmas_pos_meas_m   0x2000003c     0x4  Data  Gb  app_ins_ekf_quaternion.o [1]
ekf_sigmas_pos_process_noise_m
                        0x20000028     0x4  Data  Gb  app_ins_ekf_quaternion.o [1]
ekf_sigmas_quad_process_noise
                        0x20000024     0x4  Data  Gb  app_ins_ekf_quaternion.o [1]
ekf_sigmas_vel_meas_m   0x20000040     0x4  Data  Gb  app_ins_ekf_quaternion.o [1]
ekf_sigmas_vel_process_noise_mps
                        0x2000002c     0x4  Data  Gb  app_ins_ekf_quaternion.o [1]
ekf_xhat                0x20000048     0xc  Data  Gb  app_ins_ekf_quaternion.o [1]
exit                    0x0800cc03     0x4  Code  Gb  exit.o [3]
flash_byte_to_float     0x08005bb5    0x2e  Code  Gb  flash_on_chip.o [1]
flash_float_to_byte     0x08005be3    0x16  Code  Gb  flash_on_chip.o [1]
flash_read_parameters   0x08005705   0x2d0  Code  Gb  flash_on_chip.o [1]
flash_save_parameters   0x080053c5   0x340  Code  Gb  flash_on_chip.o [1]
free                    0x0800364b     0x4  Code  Gb  heaptramp0.o [3]
get_cycle_time          0x0800c5f9    0x50  Code  Gb  time.o [1]
get_data_from_ANO       0x20004ba0     0x4  Data  Lc  app_ano.o [1]
get_sys_time_us         0x0800c649    0x22  Code  Gb  time.o [1]
gravity_mps2            0x2000000c     0x4  Data  Gb  app_ins_ekf_quaternion.o [1]
gyrox_raw_bias_dps      0x20004da8     0x4  Data  Gb  mpu9250.o [1]
gyrox_raw_dps           0x20000090     0x4  Data  Gb  mpu9250.o [1]
gyrox_rps               0x20004f40     0x4  Data  Gb  app_ins_ekf_quaternion.o [1]
gyroy_raw_bias_dps      0x20004dac     0x4  Data  Gb  mpu9250.o [1]
gyroy_raw_dps           0x20000094     0x4  Data  Gb  mpu9250.o [1]
gyroy_rps               0x20004f44     0x4  Data  Gb  app_ins_ekf_quaternion.o [1]
gyroz_raw_bias_dps      0x20004db0     0x4  Data  Gb  mpu9250.o [1]
gyroz_raw_dps           0x20000098     0x4  Data  Gb  mpu9250.o [1]
gyroz_rps               0x20004f48     0x4  Data  Gb  app_ins_ekf_quaternion.o [1]
hdma_spi1_rx            0x20004808    0x60  Data  Gb  spi.o [1]
hdma_spi1_tx            0x20004868    0x60  Data  Gb  spi.o [1]
hdma_uart4_tx           0x20004044    0x60  Data  Gb  usart.o [1]
hdma_uart5_tx           0x200040a4    0x60  Data  Gb  usart.o [1]
hdma_usart1_tx          0x20004104    0x60  Data  Gb  usart.o [1]
hdma_usart2_tx          0x20004164    0x60  Data  Gb  usart.o [1]
hdma_usart3_tx          0x200041c4    0x60  Data  Gb  usart.o [1]
hdma_usart6_tx          0x20004224    0x60  Data  Gb  usart.o [1]
hspi1                   0x20004cd0    0x58  Data  Gb  spi.o [1]
hspi2                   0x20004d28    0x58  Data  Gb  spi.o [1]
htim1                   0x20004ff4    0x3c  Data  Gb  tim.o [1]
htim14                  0x20004fb8    0x3c  Data  Gb  stm32f4xx_hal_timebase_TIM.o [1]
htim2                   0x20005030    0x3c  Data  Gb  tim.o [1]
htim3                   0x2000506c    0x3c  Data  Gb  tim.o [1]
htim4                   0x200050a8    0x3c  Data  Gb  tim.o [1]
huart1                  0x20004e40    0x40  Data  Gb  usart.o [1]
huart2                  0x20004e80    0x40  Data  Gb  usart.o [1]
huart3                  0x20004ec0    0x40  Data  Gb  usart.o [1]
huart4                  0x20004dc0    0x40  Data  Gb  usart.o [1]
huart5                  0x20004e00    0x40  Data  Gb  usart.o [1]
huart6                  0x20004f00    0x40  Data  Gb  usart.o [1]
init_mparams            0x080001a7    0x32  Code  Lc  dlmalloc.o [3]
init_top                0x080001d9    0x32  Code  Lc  dlmalloc.o [3]
isspace                 0x0800c865    0x14  Code  Gb  isspace.o [3]
large_pos_uncertainty_m
                        0x20000014     0x4  Data  Gb  app_ins_ekf_quaternion.o [1]
large_quad_uncertainty  0x20000010     0x4  Data  Gb  app_ins_ekf_quaternion.o [1]
large_vel_uncertainty_mps
                        0x20000018     0x4  Data  Gb  app_ins_ekf_quaternion.o [1]
led_init                0x0800a237     0x4  Code  Gb  app_led.o [1]
magx_gain               0x200000b4     0x4  Data  Gb  mpu9250.o [1]
magx_offset             0x200000a8     0x4  Data  Gb  mpu9250.o [1]
magx_raw_uT             0x2000009c     0x4  Data  Gb  mpu9250.o [1]
magx_ut                 0x20004f58     0x4  Data  Gb  app_ins_ekf_quaternion.o [1]
magy_gain               0x200000b8     0x4  Data  Gb  mpu9250.o [1]
magy_offset             0x200000ac     0x4  Data  Gb  mpu9250.o [1]
magy_raw_uT             0x200000a0     0x4  Data  Gb  mpu9250.o [1]
magy_ut                 0x20004f5c     0x4  Data  Gb  app_ins_ekf_quaternion.o [1]
magz_gain               0x200000bc     0x4  Data  Gb  mpu9250.o [1]
magz_offset             0x200000b0     0x4  Data  Gb  mpu9250.o [1]
magz_raw_uT             0x200000a4     0x4  Data  Gb  mpu9250.o [1]
magz_ut                 0x20004f60     0x4  Data  Gb  app_ins_ekf_quaternion.o [1]
main                    0x08006219    0x6c  Code  Gb  main.o [1]
memchr                  0x0800c88d          Code  Gb  memchr.o [5]
motor1_output           0x20005220     0x4  Data  Gb  motor_pwm.o [1]
motor2_output           0x20005224     0x4  Data  Gb  motor_pwm.o [1]
motor3_output           0x20005228     0x4  Data  Gb  motor_pwm.o [1]
motor4_output           0x2000522c     0x4  Data  Gb  motor_pwm.o [1]
motor_esc_init          0x080095b1    0xa4  Code  Gb  motor_pwm.o [1]
motor_pwm_set_value     0x08009655    0x22  Code  Gb  motor_pwm.o [1]
mparams                 0x200051d8    0x18  Data  Lc  dlmalloc.o [3]
mpu9250_time_consume_us
                        0x20005238     0x4  Data  Gb  time.o [1]
mpu_data_ok             0x2000007c     0x1  Data  Gb  mpu9250.o [1]
myBinarySem01MPU9250GyroAccCalibrateOffsetHandle
                        0x20005134     0x4  Data  Gb  freertos.o [1]
myBinarySem02LED1ONHandle
                        0x20005138     0x4  Data  Gb  freertos.o [1]
myBinarySem03LED2ONHandle
                        0x2000513c     0x4  Data  Gb  freertos.o [1]
myBinarySem04MPU9250MagCalibrateHandle
                        0x20005148     0x4  Data  Gb  freertos.o [1]
myBinarySem05LED1PulsateHandle
                        0x20005140     0x4  Data  Gb  freertos.o [1]
myBinarySem06LED2PulsateHandle
                        0x20005144     0x4  Data  Gb  freertos.o [1]
myTask02LEDHandle       0x2000511c     0x4  Data  Gb  freertos.o [1]
myTask03COMHandle       0x20005120     0x4  Data  Gb  freertos.o [1]
myTask04MPU9250Handle   0x20005124     0x4  Data  Gb  freertos.o [1]
myTask05MS5803Handle    0x20005128     0x4  Data  Gb  freertos.o [1]
myTask06BackEndHandle   0x2000512c     0x4  Data  Gb  freertos.o [1]
myTask07UWBHandle       0x20005130     0x4  Data  Gb  freertos.o [1]
ndigs                   0x0800aaa4    0x28  Data  Lc  iar_Stoulx.o [3]
obtain_sensors_data     0x08001739    0x66  Code  Gb  app_ins_ekf_quaternion.o [1]
osDelay                 0x080052b3     0xe  Code  Gb  cmsis_os.o [1]
osKernelStart           0x08005279     0xa  Code  Gb  cmsis_os.o [1]
osSemaphoreCreate       0x080052c1    0x2c  Code  Gb  cmsis_os.o [1]
osSemaphoreRelease      0x08005343    0x44  Code  Gb  cmsis_os.o [1]
osSemaphoreWait         0x080052ed    0x56  Code  Gb  cmsis_os.o [1]
osSystickHandler        0x08005387    0x14  Code  Gb  cmsis_os.o [1]
osThreadCreate          0x08005283    0x30  Code  Gb  cmsis_os.o [1]
pFlash                  0x200051b8    0x20  Data  Gb  stm32f4xx_hal_flash.o [1]
parse_ready             0x200051ad     0x1  Data  Lc  uwb1000.o [1]
pid10_d                 0x20004b08     0x4  Data  Gb  app_ano.o [1]
pid10_i                 0x20004b04     0x4  Data  Gb  app_ano.o [1]
pid10_p                 0x20004b00     0x4  Data  Gb  app_ano.o [1]
pid11_d                 0x20004bb4     0x4  Data  Gb  app_ano.o [1]
pid11_i                 0x20004b10     0x4  Data  Gb  app_ano.o [1]
pid11_p                 0x20004b0c     0x4  Data  Gb  app_ano.o [1]
pid12_d                 0x20004bc0     0x4  Data  Gb  app_ano.o [1]
pid12_i                 0x20004bbc     0x4  Data  Gb  app_ano.o [1]
pid12_p                 0x20004bb8     0x4  Data  Gb  app_ano.o [1]
pid13_d                 0x20004bcc     0x4  Data  Gb  app_ano.o [1]
pid13_i                 0x20004bc8     0x4  Data  Gb  app_ano.o [1]
pid13_p                 0x20004bc4     0x4  Data  Gb  app_ano.o [1]
pid14_d                 0x20004bd8     0x4  Data  Gb  app_ano.o [1]
pid14_i                 0x20004bd4     0x4  Data  Gb  app_ano.o [1]
pid14_p                 0x20004bd0     0x4  Data  Gb  app_ano.o [1]
pid15_d                 0x20004be4     0x4  Data  Gb  app_ano.o [1]
pid15_i                 0x20004be0     0x4  Data  Gb  app_ano.o [1]
pid15_p                 0x20004bdc     0x4  Data  Gb  app_ano.o [1]
pid16_d                 0x20004bf0     0x4  Data  Gb  app_ano.o [1]
pid16_i                 0x20004bec     0x4  Data  Gb  app_ano.o [1]
pid16_p                 0x20004be8     0x4  Data  Gb  app_ano.o [1]
pid17_d                 0x20004bfc     0x4  Data  Gb  app_ano.o [1]
pid17_i                 0x20004bf8     0x4  Data  Gb  app_ano.o [1]
pid17_p                 0x20004bf4     0x4  Data  Gb  app_ano.o [1]
pid18_d                 0x20004c08     0x4  Data  Gb  app_ano.o [1]
pid18_i                 0x20004c04     0x4  Data  Gb  app_ano.o [1]
pid18_p                 0x20004c00     0x4  Data  Gb  app_ano.o [1]
pid6_d                  0x20004ad8     0x4  Data  Gb  app_ano.o [1]
pid6_i                  0x20004ad4     0x4  Data  Gb  app_ano.o [1]
pid6_p                  0x20004ad0     0x4  Data  Gb  app_ano.o [1]
pid7_d                  0x20004ae4     0x4  Data  Gb  app_ano.o [1]
pid7_i                  0x20004ae0     0x4  Data  Gb  app_ano.o [1]
pid7_p                  0x20004adc     0x4  Data  Gb  app_ano.o [1]
pid8_d                  0x20004af0     0x4  Data  Gb  app_ano.o [1]
pid8_i                  0x20004aec     0x4  Data  Gb  app_ano.o [1]
pid8_p                  0x20004ae8     0x4  Data  Gb  app_ano.o [1]
pid9_d                  0x20004afc     0x4  Data  Gb  app_ano.o [1]
pid9_i                  0x20004af8     0x4  Data  Gb  app_ano.o [1]
pid9_p                  0x20004af4     0x4  Data  Gb  app_ano.o [1]
pit_d                   0x20004aa8     0x4  Data  Gb  app_ano.o [1]
pit_i                   0x20004aa4     0x4  Data  Gb  app_ano.o [1]
pit_p                   0x20004aa0     0x4  Data  Gb  app_ano.o [1]
pitch_deg               0x20000004     0x4  Data  Gb  app_ins_ekf_quaternion.o [1]
pitch_input             0x20004c7c     0x4  Data  Gb  app_ctrl.o [1]
pos_alt                 0x20004f6c     0x4  Data  Gb  app_ins_ekf_quaternion.o [1]
pos_d                   0x20004acc     0x4  Data  Gb  app_ano.o [1]
pos_east                0x20004f68     0x4  Data  Gb  app_ins_ekf_quaternion.o [1]
pos_i                   0x20004ac8     0x4  Data  Gb  app_ano.o [1]
pos_north               0x20004f64     0x4  Data  Gb  app_ins_ekf_quaternion.o [1]
pos_p                   0x20004ac4     0x4  Data  Gb  app_ano.o [1]
prepend_alloc           0x0800020b   0x342  Code  Lc  dlmalloc.o [3]
prvAddCurrentTaskToDelayedList
                        0x080072b1    0x64  Code  Lc  tasks.o [1]
prvAddNewTaskToReadyList
                        0x08006c37    0xe4  Code  Lc  tasks.o [1]
prvCopyDataFromQueue    0x080078b7    0x26  Code  Lc  queue.o [1]
prvCopyDataToQueue      0x0800784f    0x68  Code  Lc  queue.o [1]
prvIdleTask             0x080070d1    0x6e  Code  Lc  tasks.o [1]
prvInsertBlockIntoFreeList
                        0x0800ac43    0x48  Code  Lc  heap_4.o [1]
prvResetNextTaskUnblockTime
                        0x0800713f    0x1c  Code  Lc  tasks.o [1]
prvTaskExitError        0x08007969    0x28  Code  Lc  port.o [1]
prvUnlockQueue          0x080078dd    0x60  Code  Lc  queue.o [1]
pvPortMalloc            0x0800aacd   0x11e  Code  Gb  heap_4.o [1]
pvTaskIncrementMutexHeldCount
                        0x08007285    0x14  Code  Gb  tasks.o [1]
pxCurrentTCB            0x200048f0     0x4  Data  Gb  tasks.o [1]
pxDelayedTaskList       0x200048f4     0x4  Data  Lc  tasks.o [1]
pxEnd                   0x20000154     0x4  Data  Lc  heap_4.o [1]
pxOverflowDelayedTaskList
                        0x200048f8     0x4  Data  Lc  tasks.o [1]
pxPortInitialiseStack   0x08007941    0x26  Code  Gb  port.o [1]
pxReadyTasksLists       0x20004a08    0x8c  Data  Lc  tasks.o [1]
rc_d                    0x20004c9c     0x4  Data  Gb  app_ctrl.o [1]
rc_e                    0x20004c94     0x4  Data  Gb  app_ctrl.o [1]
rc_g                    0x20004c98     0x4  Data  Gb  app_ctrl.o [1]
rc_pitch                0x20004c88     0x4  Data  Gb  app_ctrl.o [1]
rc_pitch_max            0x20004ca8     0x4  Data  Gb  app_ctrl.o [1]
rc_pitch_min            0x20004cac     0x4  Data  Gb  app_ctrl.o [1]
rc_pitch_threshold      0x20004cc4     0x4  Data  Gb  app_ctrl.o [1]
rc_roll                 0x20004c84     0x4  Data  Gb  app_ctrl.o [1]
rc_roll_max             0x20004ca0     0x4  Data  Gb  app_ctrl.o [1]
rc_roll_min             0x20004ca4     0x4  Data  Gb  app_ctrl.o [1]
rc_roll_threshold       0x20004cc0     0x4  Data  Gb  app_ctrl.o [1]
rc_throttle             0x20004c8c     0x4  Data  Gb  app_ctrl.o [1]
rc_throttle_max         0x20004cb8     0x4  Data  Gb  app_ctrl.o [1]
rc_throttle_min         0x20004cbc     0x4  Data  Gb  app_ctrl.o [1]
rc_throttle_threshold   0x20004cc8     0x4  Data  Gb  app_ctrl.o [1]
rc_yaw                  0x20004c90     0x4  Data  Gb  app_ctrl.o [1]
rc_yaw_max              0x20004cb0     0x4  Data  Gb  app_ctrl.o [1]
rc_yaw_min              0x20004cb4     0x4  Data  Gb  app_ctrl.o [1]
rc_yaw_threshold        0x20004ccc     0x4  Data  Gb  app_ctrl.o [1]
read_data_from_inner_flash
                        0x20004bb0     0x4  Data  Lc  app_ano.o [1]
remote_control_data_obtain
                        0x0800c705   0x124  Code  Gb  app_ctrl.o [1]
rol_d                   0x20004a9c     0x4  Data  Gb  app_ano.o [1]
rol_i                   0x20004a98     0x4  Data  Gb  app_ano.o [1]
rol_p                   0x20004a94     0x4  Data  Gb  app_ano.o [1]
roll_deg                0x20000000     0x4  Data  Gb  app_ins_ekf_quaternion.o [1]
roll_input              0x20004c78     0x4  Data  Gb  app_ctrl.o [1]
ros_a_x                 0x20004f7c     0x4  Data  Gb  app_ros.o [1]
ros_a_y                 0x20004f80     0x4  Data  Gb  app_ros.o [1]
ros_a_z                 0x20004f84     0x4  Data  Gb  app_ros.o [1]
ros_b_x                 0x20004f88     0x4  Data  Gb  app_ros.o [1]
ros_b_y                 0x20004f8c     0x4  Data  Gb  app_ros.o [1]
ros_b_z                 0x20004f90     0x4  Data  Gb  app_ros.o [1]
ros_c_x                 0x20004f94     0x4  Data  Gb  app_ros.o [1]
ros_c_y                 0x20004f98     0x4  Data  Gb  app_ros.o [1]
ros_c_z                 0x20004f9c     0x4  Data  Gb  app_ros.o [1]
ros_d_x                 0x20004fa0     0x4  Data  Gb  app_ros.o [1]
ros_d_y                 0x20004fa4     0x4  Data  Gb  app_ros.o [1]
ros_d_z                 0x20004fa8     0x4  Data  Gb  app_ros.o [1]
ros_data_receive_analyse
                        0x0800668d   0x270  Code  Gb  app_ros.o [1]
ros_data_receive_prepara
                        0x080065e1    0xa8  Code  Gb  app_ros.o [1]
ros_data_to_send        0x20004678    0xc8  Data  Lc  app_ros.o [1]
ros_e_x                 0x20004fac     0x4  Data  Gb  app_ros.o [1]
ros_e_y                 0x20004fb0     0x4  Data  Gb  app_ros.o [1]
ros_e_z                 0x20004fb4     0x4  Data  Gb  app_ros.o [1]
ros_send_15_data        0x08006901   0x210  Code  Gb  app_ros.o [1]
ros_sending             0x08006505    0xdc  Code  Gb  app_ros.o [1]
save_arry               0x2000445c   0x12c  Data  Gb  flash_on_chip.o [1]
segment_holding         0x08000189    0x1e  Code  Lc  dlmalloc.o [3]
send_pid_para           0x20004ba4     0x4  Data  Lc  app_ano.o [1]
simpdelay               0x08009709     0xe  Code  Lc  mpu9250.o [1]
sqrt                    0x080036a9          Code  Gb  sqrt.o [4]
sqrtl                   0x080036a9          Code  Gb  sqrt.o [4]
state                   0x20004b94     0x4  Data  Lc  app_ano.o [1]
state                   0x200051f0     0x4  Data  Lc  app_ros.o [1]
sysTickUptime           0x20005210     0x8  Data  Gb  time.o [1]
sys_alloc               0x08000745   0x164  Code  Lc  dlmalloc.o [3]
sys_trim                0x080008a9    0x66  Code  Lc  dlmalloc.o [3]
throttle_input          0x20004c74     0x4  Data  Gb  app_ctrl.o [1]
time_consume            0x20004968    0xa0  Data  Gb  time.o [1]
time_inc_tick           0x0800c66b    0x16  Code  Gb  time.o [1]
timer1_channel1_PE9_DiffCapture
                        0x20004b3c     0x4  Data  Gb  rc_pwm.o [1]
timer1_channel1_PE9_IC1Value1
                        0x20004b34     0x4  Data  Gb  rc_pwm.o [1]
timer1_channel1_PE9_IC1Value2
                        0x20004b38     0x4  Data  Gb  rc_pwm.o [1]
timer1_channel2_PE11_DiffCapture
                        0x20004b48     0x4  Data  Gb  rc_pwm.o [1]
timer1_channel2_PE11_IC1Value1
                        0x20004b40     0x4  Data  Gb  rc_pwm.o [1]
timer1_channel2_PE11_IC1Value2
                        0x20004b44     0x4  Data  Gb  rc_pwm.o [1]
timer1_channel3_PE13_DiffCapture
                        0x20004b54     0x4  Data  Gb  rc_pwm.o [1]
timer1_channel3_PE13_IC1Value1
                        0x20004b4c     0x4  Data  Gb  rc_pwm.o [1]
timer1_channel3_PE13_IC1Value2
                        0x20004b50     0x4  Data  Gb  rc_pwm.o [1]
timer1_channel4_PE14_DiffCapture
                        0x20004b60     0x4  Data  Gb  rc_pwm.o [1]
timer1_channel4_PE14_IC1Value1
                        0x20004b58     0x4  Data  Gb  rc_pwm.o [1]
timer1_channel4_PE14_IC1Value2
                        0x20004b5c     0x4  Data  Gb  rc_pwm.o [1]
timer2_channel1_PA5_DiffCapture
                        0x20004b6c     0x4  Data  Gb  rc_pwm.o [1]
timer2_channel1_PA5_IC1Value1
                        0x20004b64     0x4  Data  Gb  rc_pwm.o [1]
timer2_channel1_PA5_IC1Value2
                        0x20004b68     0x4  Data  Gb  rc_pwm.o [1]
timer2_channel2_PA1_DiffCapture
                        0x20004b78     0x4  Data  Gb  rc_pwm.o [1]
timer2_channel2_PA1_IC1Value1
                        0x20004b70     0x4  Data  Gb  rc_pwm.o [1]
timer2_channel2_PA1_IC1Value2
                        0x20004b74     0x4  Data  Gb  rc_pwm.o [1]
timer2_channel3_PB10_DiffCapture
                        0x20004b84     0x4  Data  Gb  rc_pwm.o [1]
timer2_channel3_PB10_IC1Value1
                        0x20004b7c     0x4  Data  Gb  rc_pwm.o [1]
timer2_channel3_PB10_IC1Value2
                        0x20004b80     0x4  Data  Gb  rc_pwm.o [1]
timer2_channel4_PB11_DiffCapture
                        0x20004b90     0x4  Data  Gb  rc_pwm.o [1]
timer2_channel4_PB11_IC1Value1
                        0x20004b88     0x4  Data  Gb  rc_pwm.o [1]
timer2_channel4_PB11_IC1Value2
                        0x20004b8c     0x4  Data  Gb  rc_pwm.o [1]
timer4_channel1_PD12_PWM_setvalue
                        0x08009677    0x14  Code  Gb  motor_pwm.o [1]
timer4_channel2_PD13_PWM_setvalue
                        0x0800969f    0x20  Code  Gb  motor_pwm.o [1]
timer4_channel3_PD14_PWM_setvalue
                        0x080096bf    0x20  Code  Gb  motor_pwm.o [1]
timer4_channel4_PD15_PWM_setvalue
                        0x080096df    0x20  Code  Gb  motor_pwm.o [1]
tmalloc_large           0x0800091d   0x384  Code  Lc  dlmalloc.o [3]
tmalloc_small           0x08000ca1   0x1fe  Code  Lc  dlmalloc.o [3]
tolower                 0x0800c879    0x14  Code  Gb  tolower.o [3]
ucHeap                  0x20000164  0x3c00  Data  Lc  heap_4.o [1]
ucMaxSysCallPriority    0x200000e0     0x1  Data  Lc  port.o [1]
ulMaxPRIGROUPValue      0x200000e8     0x4  Data  Lc  port.o [1]
uwTick                  0x200000f0     0x4  Data  Gb  stm32f4xx_hal.o [1]
uwTickFreq              0x200000ec     0x1  Data  Gb  stm32f4xx_hal.o [1]
uwTickPrio              0x200000f4     0x4  Data  Gb  stm32f4xx_hal.o [1]
uwb1000_buffer          0x20005190    0x1c  Data  Gb  uwb1000.o [1]
uwb1000_buffer_fill     0x08006435    0x82  Code  Gb  uwb1000.o [1]
uwb1000_data_prepare    0x08006359    0xdc  Code  Gb  uwb1000.o [1]
uwb1000_data_prepare::Sbuf
                        0x2000403b     0x1  Data  Lc  uwb1000.o [1]
uwb1000_str_find        0x080064c1    0x3a  Code  Gb  uwb1000.o [1]
uxCriticalNesting       0x200000e4     0x4  Data  Lc  port.o [1]
uxCurrentNumberOfTasks  0x20004914     0x4  Data  Lc  tasks.o [1]
uxDeletedTasksWaitingCleanUp
                        0x200048fc     0x4  Data  Lc  tasks.o [1]
uxListRemove            0x0800acfd    0x24  Code  Gb  list.o [1]
uxPendedTicks           0x20004924     0x4  Data  Lc  tasks.o [1]
uxSchedulerSuspended    0x20004938     0x4  Data  Lc  tasks.o [1]
uxTaskNumber            0x20004930     0x4  Data  Lc  tasks.o [1]
uxTopReadyPriority      0x2000491c     0x4  Data  Lc  tasks.o [1]
vApplicationIdleHook    0x0800ad23     0x2  Code  Wk  freertos.o [1]
vApplicationTickHook    0x0800ad21     0x2  Code  Wk  freertos.o [1]
vListInitialise         0x0800ac91    0x1a  Code  Gb  list.o [1]
vListInitialiseItem     0x0800acab     0x6  Code  Gb  list.o [1]
vListInsert             0x0800acc9    0x34  Code  Gb  list.o [1]
vListInsertEnd          0x0800acb1    0x18  Code  Gb  list.o [1]
vPortEnableVFP          0x0800adb1          Code  Gb  portasm.o [1]
vPortEnterCritical      0x08007a35    0x32  Code  Gb  port.o [1]
vPortExitCritical       0x08007a67    0x22  Code  Gb  port.o [1]
vPortFree               0x0800abeb    0x58  Code  Gb  heap_4.o [1]
vPortStartFirstTask     0x0800ad99          Code  Gb  portasm.o [1]
vPortValidateInterruptPriority
                        0x08007ab1    0x44  Code  Gb  port.o [1]
vTaskDelay              0x08006d1b    0x42  Code  Gb  tasks.o [1]
vTaskMissedYield        0x080070c3     0xa  Code  Gb  tasks.o [1]
vTaskPlaceOnEventList   0x08006f9f    0x26  Code  Gb  tasks.o [1]
vTaskPriorityInherit    0x08007173    0x80  Code  Gb  tasks.o [1]
vTaskSetTimeOutState    0x08007039    0x20  Code  Gb  tasks.o [1]
vTaskStartScheduler     0x08006d5d    0x62  Code  Gb  tasks.o [1]
vTaskSuspendAll         0x08006dbf     0xc  Code  Gb  tasks.o [1]
vTaskSwitchContext      0x08006f45    0x5a  Code  Gb  tasks.o [1]
vel_down                0x20004f78     0x4  Data  Gb  app_ins_ekf_quaternion.o [1]
vel_east                0x20004f74     0x4  Data  Gb  app_ins_ekf_quaternion.o [1]
vel_north               0x20004f70     0x4  Data  Gb  app_ins_ekf_quaternion.o [1]
write_data_to_inner_flash
                        0x20004bac     0x4  Data  Lc  app_ano.o [1]
xBlockAllocatedBit      0x20000160     0x4  Data  Lc  heap_4.o [1]
xDelayedTaskList1       0x2000493c    0x14  Data  Lc  tasks.o [1]
xDelayedTaskList2       0x20004950    0x14  Data  Lc  tasks.o [1]
xFreeBytesRemaining     0x20000158     0x4  Data  Lc  heap_4.o [1]
xIdleTaskHandle         0x20004964     0x4  Data  Lc  tasks.o [1]
xMinimumEverFreeBytesRemaining
                        0x2000015c     0x4  Data  Lc  heap_4.o [1]
xNextTaskUnblockTime    0x20004934     0x4  Data  Lc  tasks.o [1]
xNumOfOverflows         0x2000492c     0x4  Data  Lc  tasks.o [1]
xPendingReadyList       0x200048c8    0x14  Data  Lc  tasks.o [1]
xPortStartScheduler     0x08007991    0xa4  Code  Gb  port.o [1]
xPortSysTickHandler     0x08007a89    0x26  Code  Gb  port.o [1]
xQueueCreateCountingSemaphore
                        0x080073f3    0x4e  Code  Gb  queue.o [1]
xQueueGenericCreate     0x080073ab    0x48  Code  Gb  queue.o [1]
xQueueGenericReceive    0x0800764d   0x176  Code  Gb  queue.o [1]
xQueueGenericReset      0x08007325    0x86  Code  Gb  queue.o [1]
xQueueGenericSend       0x08007441   0x15c  Code  Gb  queue.o [1]
xQueueGiveFromISR       0x080075b1    0x9c  Code  Gb  queue.o [1]
xQueueReceiveFromISR    0x080077c3    0x8c  Code  Gb  queue.o [1]
xSchedulerRunning       0x20004920     0x4  Data  Lc  tasks.o [1]
xStart                  0x2000014c     0x8  Data  Lc  heap_4.o [1]
xSuspendedTaskList      0x20004900    0x14  Data  Lc  tasks.o [1]
xTaskCheckForTimeOut    0x08007059    0x6a  Code  Gb  tasks.o [1]
xTaskCreate             0x08006b6d    0xca  Code  Gb  tasks.o [1]
xTaskGetSchedulerState  0x0800715b    0x18  Code  Gb  tasks.o [1]
xTaskIncrementTick      0x08006e77    0xce  Code  Gb  tasks.o [1]
xTaskPriorityDisinherit
                        0x080071f3    0x92  Code  Gb  tasks.o [1]
xTaskRemoveFromEventList
                        0x08006fcf    0x64  Code  Gb  tasks.o [1]
xTaskResumeAll          0x08006dcb    0xac  Code  Gb  tasks.o [1]
xTasksWaitingTermination
                        0x200048dc    0x14  Data  Lc  tasks.o [1]
xTickCount              0x20004918     0x4  Data  Lc  tasks.o [1]
xYieldPending           0x20004928     0x4  Data  Lc  tasks.o [1]
yaw_d                   0x20004ab4     0x4  Data  Gb  app_ano.o [1]
yaw_deg                 0x20000008     0x4  Data  Gb  app_ins_ekf_quaternion.o [1]
yaw_i                   0x20004ab0     0x4  Data  Gb  app_ano.o [1]
yaw_input               0x20004c80     0x4  Data  Gb  app_ctrl.o [1]
yaw_p                   0x20004aac     0x4  Data  Gb  app_ano.o [1]


[1] = D:\WORK\DEVO\CODE\SFOX_ZERO\SFOX_ZERO\EWARM\SFOX_ZERO\Obj
[2] = command line
[3] = dl7M_tlf.a
[4] = m7M_tls.a
[5] = rt7M_tl.a
[6] = shb_l.a

  52 330 bytes of readonly  code memory
     322 bytes of readonly  data memory
  92 228 bytes of readwrite data memory

Errors: none
Warnings: none
