###############################################################################
#
# IAR ELF Linker V8.22.1.15669/W32 for ARM                29/Sep/2018  23:17:19
# Copyright 2007-2018 IAR Systems AB.
#
#    Output file  =  
#        D:\WORK\DEVO\CODE\SFOX_ZERO\SFOX_ZERO\EWARM\SFOX_ZERO\Exe\SFOX_ZERO.out
#    Map file     =  
#        D:\WORK\DEVO\CODE\SFOX_ZERO\SFOX_ZERO\EWARM\SFOX_ZERO\List\SFOX_ZERO.map
#    Command line =  
#        -f C:\Users\tsuig\AppData\Local\Temp\EWF782.tmp
#        (D:\WORK\DEVO\CODE\SFOX_ZERO\SFOX_ZERO\EWARM\SFOX_ZERO\Obj\app_ano.o
#        D:\WORK\DEVO\CODE\SFOX_ZERO\SFOX_ZERO\EWARM\SFOX_ZERO\Obj\app_ctrl.o
#        D:\WORK\DEVO\CODE\SFOX_ZERO\SFOX_ZERO\EWARM\SFOX_ZERO\Obj\app_ins.o
#        D:\WORK\DEVO\CODE\SFOX_ZERO\SFOX_ZERO\EWARM\SFOX_ZERO\Obj\app_ins_ekf_quaternion.o
#        D:\WORK\DEVO\CODE\SFOX_ZERO\SFOX_ZERO\EWARM\SFOX_ZERO\Obj\app_led.o
#        D:\WORK\DEVO\CODE\SFOX_ZERO\SFOX_ZERO\EWARM\SFOX_ZERO\Obj\app_ros.o
#        D:\WORK\DEVO\CODE\SFOX_ZERO\SFOX_ZERO\EWARM\SFOX_ZERO\Obj\app_uwb.o
#        D:\WORK\DEVO\CODE\SFOX_ZERO\SFOX_ZERO\EWARM\SFOX_ZERO\Obj\CMatrix.o
#        D:\WORK\DEVO\CODE\SFOX_ZERO\SFOX_ZERO\EWARM\SFOX_ZERO\Obj\cmsis_os.o
#        D:\WORK\DEVO\CODE\SFOX_ZERO\SFOX_ZERO\EWARM\SFOX_ZERO\Obj\croutine.o
#        D:\WORK\DEVO\CODE\SFOX_ZERO\SFOX_ZERO\EWARM\SFOX_ZERO\Obj\dma.o
#        D:\WORK\DEVO\CODE\SFOX_ZERO\SFOX_ZERO\EWARM\SFOX_ZERO\Obj\event_groups.o
#        D:\WORK\DEVO\CODE\SFOX_ZERO\SFOX_ZERO\EWARM\SFOX_ZERO\Obj\flash_on_chip.o
#        D:\WORK\DEVO\CODE\SFOX_ZERO\SFOX_ZERO\EWARM\SFOX_ZERO\Obj\freertos.o
#        D:\WORK\DEVO\CODE\SFOX_ZERO\SFOX_ZERO\EWARM\SFOX_ZERO\Obj\gpio.o
#        D:\WORK\DEVO\CODE\SFOX_ZERO\SFOX_ZERO\EWARM\SFOX_ZERO\Obj\gps_m8n.o
#        D:\WORK\DEVO\CODE\SFOX_ZERO\SFOX_ZERO\EWARM\SFOX_ZERO\Obj\heap_4.o
#        D:\WORK\DEVO\CODE\SFOX_ZERO\SFOX_ZERO\EWARM\SFOX_ZERO\Obj\list.o
#        D:\WORK\DEVO\CODE\SFOX_ZERO\SFOX_ZERO\EWARM\SFOX_ZERO\Obj\main.o
#        D:\WORK\DEVO\CODE\SFOX_ZERO\SFOX_ZERO\EWARM\SFOX_ZERO\Obj\motor_pwm.o
#        D:\WORK\DEVO\CODE\SFOX_ZERO\SFOX_ZERO\EWARM\SFOX_ZERO\Obj\mpu9250.o
#        D:\WORK\DEVO\CODE\SFOX_ZERO\SFOX_ZERO\EWARM\SFOX_ZERO\Obj\ms5803.o
#        D:\WORK\DEVO\CODE\SFOX_ZERO\SFOX_ZERO\EWARM\SFOX_ZERO\Obj\port.o
#        D:\WORK\DEVO\CODE\SFOX_ZERO\SFOX_ZERO\EWARM\SFOX_ZERO\Obj\portasm.o
#        D:\WORK\DEVO\CODE\SFOX_ZERO\SFOX_ZERO\EWARM\SFOX_ZERO\Obj\queue.o
#        D:\WORK\DEVO\CODE\SFOX_ZERO\SFOX_ZERO\EWARM\SFOX_ZERO\Obj\rc_pwm.o
#        D:\WORK\DEVO\CODE\SFOX_ZERO\SFOX_ZERO\EWARM\SFOX_ZERO\Obj\spi.o
#        D:\WORK\DEVO\CODE\SFOX_ZERO\SFOX_ZERO\EWARM\SFOX_ZERO\Obj\startup_stm32f407xx.o
#        D:\WORK\DEVO\CODE\SFOX_ZERO\SFOX_ZERO\EWARM\SFOX_ZERO\Obj\stm32f4xx_hal.o
#        D:\WORK\DEVO\CODE\SFOX_ZERO\SFOX_ZERO\EWARM\SFOX_ZERO\Obj\stm32f4xx_hal_cortex.o
#        D:\WORK\DEVO\CODE\SFOX_ZERO\SFOX_ZERO\EWARM\SFOX_ZERO\Obj\stm32f4xx_hal_dma.o
#        D:\WORK\DEVO\CODE\SFOX_ZERO\SFOX_ZERO\EWARM\SFOX_ZERO\Obj\stm32f4xx_hal_dma_ex.o
#        D:\WORK\DEVO\CODE\SFOX_ZERO\SFOX_ZERO\EWARM\SFOX_ZERO\Obj\stm32f4xx_hal_flash.o
#        D:\WORK\DEVO\CODE\SFOX_ZERO\SFOX_ZERO\EWARM\SFOX_ZERO\Obj\stm32f4xx_hal_flash_ex.o
#        D:\WORK\DEVO\CODE\SFOX_ZERO\SFOX_ZERO\EWARM\SFOX_ZERO\Obj\stm32f4xx_hal_flash_ramfunc.o
#        D:\WORK\DEVO\CODE\SFOX_ZERO\SFOX_ZERO\EWARM\SFOX_ZERO\Obj\stm32f4xx_hal_gpio.o
#        D:\WORK\DEVO\CODE\SFOX_ZERO\SFOX_ZERO\EWARM\SFOX_ZERO\Obj\stm32f4xx_hal_msp.o
#        D:\WORK\DEVO\CODE\SFOX_ZERO\SFOX_ZERO\EWARM\SFOX_ZERO\Obj\stm32f4xx_hal_pwr.o
#        D:\WORK\DEVO\CODE\SFOX_ZERO\SFOX_ZERO\EWARM\SFOX_ZERO\Obj\stm32f4xx_hal_pwr_ex.o
#        D:\WORK\DEVO\CODE\SFOX_ZERO\SFOX_ZERO\EWARM\SFOX_ZERO\Obj\stm32f4xx_hal_rcc.o
#        D:\WORK\DEVO\CODE\SFOX_ZERO\SFOX_ZERO\EWARM\SFOX_ZERO\Obj\stm32f4xx_hal_rcc_ex.o
#        D:\WORK\DEVO\CODE\SFOX_ZERO\SFOX_ZERO\EWARM\SFOX_ZERO\Obj\stm32f4xx_hal_spi.o
#        D:\WORK\DEVO\CODE\SFOX_ZERO\SFOX_ZERO\EWARM\SFOX_ZERO\Obj\stm32f4xx_hal_tim.o
#        D:\WORK\DEVO\CODE\SFOX_ZERO\SFOX_ZERO\EWARM\SFOX_ZERO\Obj\stm32f4xx_hal_tim_ex.o
#        D:\WORK\DEVO\CODE\SFOX_ZERO\SFOX_ZERO\EWARM\SFOX_ZERO\Obj\stm32f4xx_hal_timebase_TIM.o
#        D:\WORK\DEVO\CODE\SFOX_ZERO\SFOX_ZERO\EWARM\SFOX_ZERO\Obj\stm32f4xx_hal_uart.o
#        D:\WORK\DEVO\CODE\SFOX_ZERO\SFOX_ZERO\EWARM\SFOX_ZERO\Obj\stm32f4xx_it.o
#        D:\WORK\DEVO\CODE\SFOX_ZERO\SFOX_ZERO\EWARM\SFOX_ZERO\Obj\system_stm32f4xx.o
#        D:\WORK\DEVO\CODE\SFOX_ZERO\SFOX_ZERO\EWARM\SFOX_ZERO\Obj\tasks.o
#        D:\WORK\DEVO\CODE\SFOX_ZERO\SFOX_ZERO\EWARM\SFOX_ZERO\Obj\tim.o
#        D:\WORK\DEVO\CODE\SFOX_ZERO\SFOX_ZERO\EWARM\SFOX_ZERO\Obj\time.o
#        D:\WORK\DEVO\CODE\SFOX_ZERO\SFOX_ZERO\EWARM\SFOX_ZERO\Obj\timers.o
#        D:\WORK\DEVO\CODE\SFOX_ZERO\SFOX_ZERO\EWARM\SFOX_ZERO\Obj\usart.o
#        D:\WORK\DEVO\CODE\SFOX_ZERO\SFOX_ZERO\EWARM\SFOX_ZERO\Obj\usart_cfg.o
#        D:\WORK\DEVO\CODE\SFOX_ZERO\SFOX_ZERO\EWARM\SFOX_ZERO\Obj\uwb1000.o
#        --redirect _Printf=_PrintfFull --redirect _Scanf=_ScanfFull -o
#        D:\WORK\DEVO\CODE\SFOX_ZERO\SFOX_ZERO\EWARM\SFOX_ZERO\Exe\SFOX_ZERO.out
#        --map
#        D:\WORK\DEVO\CODE\SFOX_ZERO\SFOX_ZERO\EWARM\SFOX_ZERO\List\SFOX_ZERO.map
#        --config
#        D:\WORK\DEVO\CODE\SFOX_ZERO\SFOX_ZERO\EWARM/stm32f407xx_flash.icf
#        --semihosting --entry __iar_program_start "D:\Program Files (x86)\IAR
#        Systems\Embedded Workbench
#        8.0\arm\CMSIS\Lib\IAR\iar_cortexM4lf_math.a" --vfe --text_out locale)
#
###############################################################################

*******************************************************************************
*** RUNTIME MODEL ATTRIBUTES
***

CppFlavor       = *
__Heap_Handler  = DLMalloc
__SystemLibrary = DLib
__dlib_version  = 6


*******************************************************************************
*** HEAP SELECTION
***

The advanced heap was selected because the application calls memory
allocation functions outside of system library functions, and there
are calls to deallocation functions in the application.


*******************************************************************************
*** PLACEMENT SUMMARY
***

"A0":  place at 0x08000000 { ro section .intvec };
"P1":  place in [from 0x08000000 to 0x080fffff] { ro };
define block CSTACK with size = 1536, alignment = 8 { };
define block HEAP with size = 84K, alignment = 8 { };
"P2":  place in [from 0x20000000 to 0x2001ffff] {
          rw, block CSTACK, block HEAP };
initialize by copy { rw };

  Section            Kind        Address     Size  Object
  -------            ----        -------     ----  ------
"A0":                                       0x188
  .intvec            ro code  0x08000000    0x188  startup_stm32f407xx.o [1]
                            - 0x08000188    0x188

"P1":                                      0xe840
  .text              ro code  0x08000188   0x14d4  dlmalloc.o [3]
  .text              ro code  0x0800165c      0x6  abort.o [3]
  .text              ro code  0x08001662     0x7a  lz77_init_single.o [5]
  .text              ro code  0x080016dc     0x2c  xgetmemchunk.o [3]
  .text              ro code  0x08001708     0x14  exit.o [6]
  .text              ro code  0x0800171c     0x2c  iarttio.o [6]
  .text              ro code  0x08001748      0xc  XShttio.o [3]
  .text              ro code  0x08001754   0x1328  app_ins_ekf_quaternion.o [1]
  .text              ro code  0x08002a7c    0x218  cmsis_os.o [1]
  .text              ro code  0x08002c94    0xb80  CMatrix.o [1]
  .text              ro code  0x08003814     0xa6  ABImemcpy.o [5]
  .text              ro code  0x080038ba      0x4  heaptramp0.o [3]
  .text              ro code  0x080038c0     0x48  FltToDbl.o [4]
  .text              ro code  0x08003908    0x102  sqrt.o [4]
  .text              ro code  0x08003a0c    0x246  DblDiv.o [4]
  .text              ro code  0x08003c54     0x68  DblToFlt.o [4]
  .text              ro code  0x08003cbc     0x56  math_wrappers64.o [4]
  .text              ro code  0x08003d14    0x1a2  DblMul.o [4]
  .text              ro code  0x08003eb8    0x7b8  tasks.o [1]
  .text              ro code  0x08004670    0x6c8  queue.o [1]
  .text              ro code  0x08004d38    0x200  port.o [1]
  .text              ro code  0x08004f38      0x6  ABImemclr4.o [5]
  .text              ro code  0x08004f40      0x6  ABImemclr.o [5]
  .text              ro code  0x08004f48    0x5a8  strto64.o [4]
  .text              ro code  0x080054f0     0xf0  asin64.o [4]
  .text              ro code  0x080055e0    0x13c  atan2_64.o [4]
  .text              ro code  0x0800571c    0x320  logx64.o [4]
  .text              ro code  0x08005a3c    0x44c  cos_sin64.o [4]
  .text              ro code  0x08005e88    0x1c4  heap_4.o [1]
  .text              ro code  0x0800604c     0x90  list.o [1]
  .text              ro code  0x080060dc      0x2  freertos.o [1]
  .text              ro code  0x080060de      0x2  freertos.o [1]
  CODE               ro code  0x080060e0     0xa8  portasm.o [1]
  .text              ro code  0x08006188     0x32  ABImemset48.o [5]
  .text              ro code  0x080061bc     0x5e  ABImemset.o [5]
  .text              ro code  0x0800621c     0x70  frexp.o [4]
  .text              ro code  0x0800628c    0x13a  ldexp.o [4]
  .text              ro code  0x080063c6    0x122  iar_Stopfx.o [3]
  .text              ro code  0x080064e8    0x1c8  iar_Stoflt.o [3]
  .text              ro code  0x080066b0     0x22  S32ToDbl.o [4]
  .text              ro code  0x080066d4    0x178  DblAdd.o [4]
  .text              ro code  0x0800684c    0x21c  iar_Stoxflt.o [3]
  .text              ro code  0x08006a68     0x2e  DblCmpLe.o [4]
  .text              ro code  0x08006a98     0xe2  DblSub.o [4]
  .text              ro code  0x08006b80    0x208  iar_Atan64.o [4]
  .text              ro code  0x08006d88     0x3a  DblToS32.o [4]
  .text              ro code  0x08006dc2     0x14  isspace.o [3]
  .text              ro code  0x08006dd6     0x14  isalpha.o [3]
  .text              ro code  0x08006dec     0x4c  xlocale_c.o [3]
  .text              ro code  0x08006e38     0x58  memchr.o [5]
  .text              ro code  0x08006e90     0x20  DblCmpEq.o [4]
  .text              ro code  0x08006eb0     0x2e  DblCmpGe.o [4]
  .text              ro code  0x08006ee0    0xd40  app_ano.o [1]
  .text              ro code  0x08007c20    0x158  usart_cfg.o [1]
  .text              ro code  0x08007d78    0x828  flash_on_chip.o [1]
  .text              ro code  0x080085a0    0x620  stm32f4xx_hal_uart.o [1]
  .text              ro code  0x08008bc0    0x146  main.o [1]
  .text              ro code  0x08008d08    0x910  gps_m8n.o [1]
  .text              ro code  0x08009618    0x32c  app_ros.o [1]
  .text              ro code  0x08009944    0x21c  stm32f4xx_hal_flash.o [1]
  .text              ro code  0x08009b60    0x168  stm32f4xx_hal_flash_ex.o [1]
  .text              ro code  0x08009cc8    0x584  usart.o [1]
  .text              ro code  0x0800a24c    0x41c  stm32f4xx_hal_dma.o [1]
  .text              ro code  0x0800a668      0x2  stm32f4xx_hal_uart.o [1]
  .text              ro code  0x0800a66a      0x2  stm32f4xx_hal_uart.o [1]
  .text              ro code  0x0800a66c      0x2  stm32f4xx_hal_uart.o [1]
  .text              ro code  0x0800a670    0x208  stm32f4xx_hal_rcc.o [1]
  .text              ro code  0x0800a878     0x34  stm32f4xx_hal.o [1]
  .text              ro code  0x0800a8ac     0xb4  gpio.o [1]
  .text              ro code  0x0800a960     0xb8  dma.o [1]
  .text              ro code  0x0800aa18    0x20c  spi.o [1]
  .text              ro code  0x0800ac24    0x470  tim.o [1]
  .text              ro code  0x0800b094    0x31c  rc_pwm.o [1]
  .text              ro code  0x0800b3b0    0x134  motor_pwm.o [1]
  .text              ro code  0x0800b4e4    0x86c  mpu9250.o [1]
  .text              ro code  0x0800bd50    0x4a8  ms5803.o [1]
  .text              ro code  0x0800c1f8     0xe8  app_led.o [1]
  .text              ro code  0x0800c2e0    0x384  freertos.o [1]
  .text              ro code  0x0800c664    0x2fc  stm32f4xx_hal_rcc.o [1]
  .text              ro code  0x0800c960     0xdc  stm32f4xx_hal_cortex.o [1]
  .text              ro code  0x0800ca3c     0x14  stm32f4xx_hal.o [1]
  .text              ro code  0x0800ca50     0x30  strstr.o [3]
  .text              ro code  0x0800ca80    0x174  iar_Stoulx.o [3]
  .text              ro code  0x0800cbf4     0x98  time.o [1]
  .text              ro code  0x0800cc8c     0x4a  strcmp.o [5]
  .text              ro code  0x0800ccd8      0xc  stm32f4xx_hal.o [1]
  .text              ro code  0x0800cce4    0x200  stm32f4xx_hal_gpio.o [1]
  .text              ro code  0x0800cee4     0x80  stm32f4xx_hal_timebase_TIM.o [1]
  .text              ro code  0x0800cf64      0x2  stm32f4xx_hal_rcc.o [1]
  .text              ro code  0x0800cf68    0x272  I64DivMod.o [5]
  .text              ro code  0x0800d1dc     0x94  stm32f4xx_hal_msp.o [1]
  .text              ro code  0x0800d270    0xa86  stm32f4xx_hal_spi.o [1]
  .text              ro code  0x0800dcf8    0x768  stm32f4xx_hal_tim.o [1]
  .text              ro code  0x0800e460     0x4e  stm32f4xx_hal_tim_ex.o [1]
  .text              ro code  0x0800e4b0     0x28  stm32f4xx_hal.o [1]
  .text              ro code  0x0800e4d8     0x58  S64ToFlt.o [4]
  .text              ro code  0x0800e530     0x16  strchr.o [5]
  .text              ro code  0x0800e546     0x14  tolower.o [3]
  .text              ro code  0x0800e55c      0x2  I64DivZer.o [5]
  .text              ro code  0x0800e55e      0x2  stm32f4xx_hal_spi.o [1]
  .text              ro code  0x0800e560      0x2  stm32f4xx_hal_spi.o [1]
  .text              ro code  0x0800e562      0x2  stm32f4xx_hal_spi.o [1]
  .text              ro code  0x0800e564      0x2  stm32f4xx_hal_spi.o [1]
  .text              ro code  0x0800e566      0x2  stm32f4xx_hal_tim.o [1]
  .text              ro code  0x0800e568      0x2  stm32f4xx_hal_tim.o [1]
  .text              ro code  0x0800e56a      0x2  stm32f4xx_hal_tim_ex.o [1]
  .text              ro code  0x0800e56c      0x2  stm32f4xx_hal_tim.o [1]
  .text              ro code  0x0800e56e      0x2  stm32f4xx_hal_tim_ex.o [1]
  .text              ro code  0x0800e570     0xd0  stm32f4xx_it.o [1]
  .rodata            const    0x0800e640     0x60  freertos.o [1]
  .text              ro code  0x0800e6a0     0x60  system_stm32f4xx.o [1]
  .rodata            const    0x0800e700     0x40  app_ins_ekf_quaternion.o [1]
  .text              ro code  0x0800e740     0x40  zero_init3.o [5]
  .text              ro code  0x0800e780     0x28  data_init.o [5]
  .text              ro code  0x0800e7a8     0x22  fpinit_M.o [4]
  .iar.init_table    const    0x0800e7cc     0x20  - Linker created -
  .text              ro code  0x0800e7ec     0x1e  cmain.o [5]
  .text              ro code  0x0800e80a      0x4  low_level_init.o [3]
  .text              ro code  0x0800e80e      0x4  exit.o [3]
  .text              ro code  0x0800e814      0xa  cexit.o [5]
  .text              ro code  0x0800e820     0x10  startup_stm32f407xx.o [1]
  .text              ro code  0x0800e830      0xc  cstartup_M.o [5]
  .rodata            const    0x0800e83c      0x8  system_stm32f4xx.o [1]
  .rodata            const    0x0800e844      0x6  xlocale_c.o [3]
  .text              ro code  0x0800e84a      0x4  startup_stm32f407xx.o [1]
  .text              ro code  0x0800e84e      0x4  startup_stm32f407xx.o [1]
  .text              ro code  0x0800e852      0x4  startup_stm32f407xx.o [1]
  .text              ro code  0x0800e856      0x4  startup_stm32f407xx.o [1]
  .text              ro code  0x0800e85a      0x4  startup_stm32f407xx.o [1]
  .text              ro code  0x0800e85e      0x4  startup_stm32f407xx.o [1]
  .text              ro code  0x0800e862      0x4  startup_stm32f407xx.o [1]
  .text              ro code  0x0800e866      0x4  startup_stm32f407xx.o [1]
  .text              ro code  0x0800e86a      0x4  startup_stm32f407xx.o [1]
  .text              ro code  0x0800e86e      0x4  startup_stm32f407xx.o [1]
  .text              ro code  0x0800e872      0x4  startup_stm32f407xx.o [1]
  .text              ro code  0x0800e876      0x4  startup_stm32f407xx.o [1]
  .text              ro code  0x0800e87a      0x4  startup_stm32f407xx.o [1]
  .text              ro code  0x0800e87e      0x4  startup_stm32f407xx.o [1]
  .text              ro code  0x0800e882      0x4  startup_stm32f407xx.o [1]
  .text              ro code  0x0800e886      0x4  startup_stm32f407xx.o [1]
  .text              ro code  0x0800e88a      0x4  startup_stm32f407xx.o [1]
  .text              ro code  0x0800e88e      0x4  startup_stm32f407xx.o [1]
  .text              ro code  0x0800e892      0x4  startup_stm32f407xx.o [1]
  .text              ro code  0x0800e896      0x4  startup_stm32f407xx.o [1]
  .text              ro code  0x0800e89a      0x4  startup_stm32f407xx.o [1]
  .text              ro code  0x0800e89e      0x4  startup_stm32f407xx.o [1]
  .text              ro code  0x0800e8a2      0x4  startup_stm32f407xx.o [1]
  .text              ro code  0x0800e8a6      0x4  startup_stm32f407xx.o [1]
  .text              ro code  0x0800e8aa      0x4  startup_stm32f407xx.o [1]
  .text              ro code  0x0800e8ae      0x4  startup_stm32f407xx.o [1]
  .text              ro code  0x0800e8b2      0x4  startup_stm32f407xx.o [1]
  .text              ro code  0x0800e8b6      0x4  startup_stm32f407xx.o [1]
  .text              ro code  0x0800e8ba      0x4  startup_stm32f407xx.o [1]
  .text              ro code  0x0800e8be      0x4  startup_stm32f407xx.o [1]
  .text              ro code  0x0800e8c2      0x4  startup_stm32f407xx.o [1]
  .text              ro code  0x0800e8c6      0x4  startup_stm32f407xx.o [1]
  .text              ro code  0x0800e8ca      0x4  startup_stm32f407xx.o [1]
  .text              ro code  0x0800e8ce      0x4  startup_stm32f407xx.o [1]
  .text              ro code  0x0800e8d2      0x4  startup_stm32f407xx.o [1]
  .text              ro code  0x0800e8d6      0x4  startup_stm32f407xx.o [1]
  .text              ro code  0x0800e8da      0x4  startup_stm32f407xx.o [1]
  .text              ro code  0x0800e8de      0x4  startup_stm32f407xx.o [1]
  .text              ro code  0x0800e8e2      0x4  startup_stm32f407xx.o [1]
  .text              ro code  0x0800e8e6      0x4  startup_stm32f407xx.o [1]
  .text              ro code  0x0800e8ea      0x4  startup_stm32f407xx.o [1]
  .text              ro code  0x0800e8ee      0x4  startup_stm32f407xx.o [1]
  .text              ro code  0x0800e8f2      0x4  startup_stm32f407xx.o [1]
  .text              ro code  0x0800e8f6      0x4  startup_stm32f407xx.o [1]
  .text              ro code  0x0800e8fa      0x4  startup_stm32f407xx.o [1]
  .text              ro code  0x0800e8fe      0x4  startup_stm32f407xx.o [1]
  .text              ro code  0x0800e902      0x4  startup_stm32f407xx.o [1]
  .text              ro code  0x0800e906      0x4  startup_stm32f407xx.o [1]
  .text              ro code  0x0800e90a      0x4  startup_stm32f407xx.o [1]
  .text              ro code  0x0800e90e      0x4  startup_stm32f407xx.o [1]
  .text              ro code  0x0800e912      0x4  startup_stm32f407xx.o [1]
  .text              ro code  0x0800e916      0x4  startup_stm32f407xx.o [1]
  .text              ro code  0x0800e91a      0x4  startup_stm32f407xx.o [1]
  .text              ro code  0x0800e91e      0x4  startup_stm32f407xx.o [1]
  .text              ro code  0x0800e922      0x4  startup_stm32f407xx.o [1]
  .text              ro code  0x0800e926      0x4  startup_stm32f407xx.o [1]
  .text              ro code  0x0800e92a      0x4  startup_stm32f407xx.o [1]
  .text              ro code  0x0800e92e      0x4  startup_stm32f407xx.o [1]
  .text              ro code  0x0800e932      0x4  startup_stm32f407xx.o [1]
  .text              ro code  0x0800e936      0x4  startup_stm32f407xx.o [1]
  .text              ro code  0x0800e93a      0x4  startup_stm32f407xx.o [1]
  .text              ro code  0x0800e93e      0x4  startup_stm32f407xx.o [1]
  .text              ro code  0x0800e942      0x4  startup_stm32f407xx.o [1]
  .rodata            const    0x0800e946      0x0  zero_init3.o [5]
  .rodata            const    0x0800e946      0x0  lz77_init_single.o [5]
  Initializer bytes  const    0x0800e946     0x82  <for P2-1>
                            - 0x0800e9c8   0xe840

"P2", part 1 of 3:                          0x134
  P2-1                        0x20000000    0x134  <Init block>
    .data            inited   0x20000000     0x30  gps_m8n.o [1]
    .data            inited   0x20000030     0x60  app_ins_ekf_quaternion.o [1]
    .data            inited   0x20000090      0xc  port.o [1]
    .data            inited   0x2000009c      0xc  stm32f4xx_hal.o [1]
    .data            inited   0x200000a8      0x4  system_stm32f4xx.o [1]
    .data            inited   0x200000ac     0x38  xlocale_c.o [3]
    .data            inited   0x200000e4     0x48  xlocale_c.o [3]
    .data            inited   0x2000012c      0x8  XShttio.o [3]
                            - 0x20000134    0x134

"P2", part 2 of 3:                         0x4ff0
  .bss               zero     0x20000134   0x3c18  heap_4.o [1]
  .bss               zero     0x20003d4c    0x240  usart.o [1]
  .bss               zero     0x20003f8c    0x1d8  dlmalloc.o [3]
  .bss               zero     0x20004164    0x12c  flash_on_chip.o [1]
  .bss               zero     0x20004290     0x7c  app_ano.o [1]
  .bss               zero     0x20004310    0x120  gps_m8n.o [1]
  .bss               zero     0x20004430     0xf0  time.o [1]
  .bss               zero     0x20004520     0xc8  app_ros.o [1]
  .bss               zero     0x200045e8     0xc0  spi.o [1]
  .bss               zero     0x200046a8     0xa4  gps_m8n.o [1]
  .bss               zero     0x2000474c     0xa0  tasks.o [1]
  .bss               zero     0x200047ec     0x7c  mpu9250.o [1]
  .bss               zero     0x20004868     0xa0  time.o [1]
  .bss               zero     0x20004908     0x8c  tasks.o [1]
  .bss               zero     0x20004994     0x80  app_ano.o [1]
  .bss               zero     0x20004a14     0x80  rc_pwm.o [1]
  .bss               zero     0x20004a94     0x64  app_ano.o [1]
  .bss               zero     0x20004af8     0x58  spi.o [1]
  .bss               zero     0x20004b50     0x58  spi.o [1]
  .bss               zero     0x20004ba8     0x48  app_ins_ekf_quaternion.o [1]
  .bss               zero     0x20004bf0     0x40  usart.o [1]
  .bss               zero     0x20004c30     0x40  usart.o [1]
  .bss               zero     0x20004c70     0x40  usart.o [1]
  .bss               zero     0x20004cb0     0x40  usart.o [1]
  .bss               zero     0x20004cf0     0x40  usart.o [1]
  .bss               zero     0x20004d30     0x40  usart.o [1]
  .bss               zero     0x20004d70     0x3c  app_ros.o [1]
  .bss               zero     0x20004dac     0x3c  freertos.o [1]
  .bss               zero     0x20004de8     0x3c  ms5803.o [1]
  .bss               zero     0x20004e24     0x3c  stm32f4xx_hal_timebase_TIM.o [1]
  .bss               zero     0x20004e60     0x3c  tim.o [1]
  .bss               zero     0x20004e9c     0x3c  tim.o [1]
  .bss               zero     0x20004ed8     0x3c  tim.o [1]
  .bss               zero     0x20004f14     0x3c  tim.o [1]
  .bss               zero     0x20004f50     0x34  app_ano.o [1]
  .bss               zero     0x20004f84     0x28  mpu9250.o [1]
  .bss               zero     0x20004fac     0x24  mpu9250.o [1]
  .bss               zero     0x20004fd0     0x20  stm32f4xx_hal_flash.o [1]
  .bss               zero     0x20004ff0     0x1c  mpu9250.o [1]
  .bss               zero     0x2000500c     0x1c  time.o [1]
  .bss               zero     0x20005028     0x18  dlmalloc.o [3]
  .bss               zero     0x20005040     0x14  flash_on_chip.o [1]
  .bss               zero     0x20005054     0x10  app_ros.o [1]
  .bss               zero     0x20005064     0x10  mpu9250.o [1]
  .bss               zero     0x20005074     0x10  mpu9250.o [1]
  .bss               zero     0x20005084     0x10  mpu9250.o [1]
  .bss               zero     0x20005094     0x10  mpu9250.o [1]
  .bss               zero     0x200050a4     0x10  mpu9250.o [1]
  .bss               zero     0x200050b4     0x10  mpu9250.o [1]
  .bss               zero     0x200050c4     0x10  mpu9250.o [1]
  .bss               zero     0x200050d4     0x10  mpu9250.o [1]
  .bss               zero     0x200050e4     0x10  mpu9250.o [1]
  .bss               zero     0x200050f4     0x10  ms5803.o [1]
  .bss               zero     0x20005104      0x4  time.o [1]
  .bss               zero     0x20005108      0x8  time.o [1]
  .bss               zero     0x20005110      0x5  usart_cfg.o [1]
  .bss               zero     0x20005118      0x4  time.o [1]
  .bss               zero     0x2000511c      0x4  time.o [1]
  .bss               zero     0x20005120      0x4  xgetmemchunk.o [3]
                            - 0x20005124   0x4ff0

"P2", part 3 of 3:                        0x15600
  CSTACK                      0x20005128    0x600  <Block>
    CSTACK           uninit   0x20005128    0x600  <Block tail>
  HEAP                        0x20005728  0x15000  <Block>
    HEAP             uninit   0x20005728  0x15000  <Block tail>
                            - 0x2001a728  0x15600


*******************************************************************************
*** INIT TABLE
***

          Address     Size
          -------     ----
Zero (__iar_zero_init3)
    1 destination range, total size 0x4ff0:
          0x20000134  0x4ff0

Copy/lz77 (__iar_lz77_init_single3)
    1 source range, total size 0x82 (42% of destination):
          0x0800e946    0x82
    1 destination range, total size 0x134:
          0x20000000   0x134



*******************************************************************************
*** MODULE SUMMARY
***

    Module                        ro code  ro data  rw data
    ------                        -------  -------  -------
D:\WORK\DEVO\CODE\SFOX_ZERO\SFOX_ZERO\EWARM\SFOX_ZERO\Obj: [1]
    CMatrix.o                       2 944
    app_ano.o                       3 392               404
    app_ins_ekf_quaternion.o        4 904      104      168
    app_led.o                         232
    app_ros.o                         812               276
    cmsis_os.o                        536
    dma.o                             184
    flash_on_chip.o                 2 088               320
    freertos.o                        904       96       60
    gpio.o                            180
    gps_m8n.o                       2 320       20      500
    heap_4.o                          452            15 384
    list.o                            144
    main.o                            326
    motor_pwm.o                       308
    mpu9250.o                       2 156               372
    ms5803.o                        1 192                76
    port.o                            512        5       12
    portasm.o                         168
    queue.o                         1 736
    rc_pwm.o                          796               128
    spi.o                             524               368
    startup_stm32f407xx.o             660
    stm32f4xx_hal.o                   124        5       12
    stm32f4xx_hal_cortex.o            220
    stm32f4xx_hal_dma.o             1 052
    stm32f4xx_hal_flash.o             540                32
    stm32f4xx_hal_flash_ex.o          360
    stm32f4xx_hal_gpio.o              512
    stm32f4xx_hal_msp.o               148
    stm32f4xx_hal_rcc.o             1 286
    stm32f4xx_hal_spi.o             2 702
    stm32f4xx_hal_tim.o             1 902
    stm32f4xx_hal_tim_ex.o             82
    stm32f4xx_hal_timebase_TIM.o      128                60
    stm32f4xx_hal_uart.o            1 574
    stm32f4xx_it.o                    208
    system_stm32f4xx.o                 96       10        4
    tasks.o                         1 976               300
    tim.o                           1 136               240
    time.o                            152               448
    usart.o                         1 412               960
    usart_cfg.o                       344                 5
    -------------------------------------------------------
    Total:                         43 424      240   20 129

command line: [2]
    -------------------------------------------------------
    Total:

dl7M_tlf.a: [3]
    XShttio.o                          12        4        8
    abort.o                             6
    dlmalloc.o                      5 332               496
    exit.o                              4
    heaptramp0.o                        4
    iar_Stoflt.o                      456
    iar_Stopfx.o                      290
    iar_Stoulx.o                      372
    iar_Stoxflt.o                     540
    isalpha.o                          20
    isspace.o                          20
    low_level_init.o                    4
    strstr.o                           48
    tolower.o                          20
    xgetmemchunk.o                     44                 4
    xlocale_c.o                        76       60      128
    -------------------------------------------------------
    Total:                          7 248       64      636

m7M_tls.a: [4]
    DblAdd.o                          376
    DblCmpEq.o                         32
    DblCmpGe.o                         46
    DblCmpLe.o                         46
    DblDiv.o                          582
    DblMul.o                          418
    DblSub.o                          226
    DblToFlt.o                        104
    DblToS32.o                         58
    FltToDbl.o                         72
    S32ToDbl.o                         34
    S64ToFlt.o                         88
    asin64.o                          240
    atan2_64.o                        316
    cos_sin64.o                     1 100
    fpinit_M.o                         34
    frexp.o                           112
    iar_Atan64.o                      520
    ldexp.o                           314
    logx64.o                          800
    math_wrappers64.o                  86
    sqrt.o                            258
    strto64.o                       1 448
    -------------------------------------------------------
    Total:                          7 310

rt7M_tl.a: [5]
    ABImemclr.o                         6
    ABImemclr4.o                        6
    ABImemcpy.o                       166
    ABImemset.o                        94
    ABImemset48.o                      50
    I64DivMod.o                       626
    I64DivZer.o                         2
    cexit.o                            10
    cmain.o                            30
    cstartup_M.o                       12
    data_init.o                        40
    lz77_init_single.o                122
    memchr.o                           88
    strchr.o                           22
    strcmp.o                           74
    zero_init3.o                       64
    -------------------------------------------------------
    Total:                          1 412

shb_l.a: [6]
    exit.o                             20
    iarttio.o                          44
    -------------------------------------------------------
    Total:                             64

    Gaps                               52        2        7
    Linker created                              32   87 552
-----------------------------------------------------------
    Grand Total:                   59 510      338  108 324


*******************************************************************************
*** ENTRY LIST
***

Entry                      Address    Size  Type      Object
-----                      -------    ----  ----      ------
.iar.init_table$$Base   0x0800e7cc           --   Gb  - Linker created -
.iar.init_table$$Limit  0x0800e7ec           --   Gb  - Linker created -
?main                   0x0800e7ed          Code  Gb  cmain.o [5]
AHBPrescTable           0x0800e6f0    0x10  Data  Gb  system_stm32f4xx.o [1]
ANO_DT_Data_Receive_Anl
                        0x080074f9   0x68a  Code  Gb  app_ano.o [1]
ANO_DT_Send_Check       0x08007b83    0x26  Code  Gb  app_ano.o [1]
ANO_DT_Send_PID         0x080071b1   0x13a  Code  Gb  app_ano.o [1]
ANO_data_receive_prepara
                        0x08007463    0x96  Code  Gb  app_ano.o [1]
ANO_send_15_data        0x08006fe9   0x1c2  Code  Gb  app_ano.o [1]
ANO_sending             0x08006ee1   0x108  Code  Gb  app_ano.o [1]
APBPrescTable           0x0800e83c     0x8  Data  Gb  system_stm32f4xx.o [1]
BusFault_Handler        0x0800e579     0x2  Code  Gb  stm32f4xx_it.o [1]
CSTACK$$Base            0x20005128           --   Gb  - Linker created -
CSTACK$$Limit           0x20005728           --   Gb  - Linker created -
DMA1_Stream3_IRQHandler
                        0x0800e58d     0x6  Code  Gb  stm32f4xx_it.o [1]
DMA1_Stream4_IRQHandler
                        0x0800e593     0x6  Code  Gb  stm32f4xx_it.o [1]
DMA1_Stream6_IRQHandler
                        0x0800e599     0x6  Code  Gb  stm32f4xx_it.o [1]
DMA1_Stream7_IRQHandler
                        0x0800e5c9     0x6  Code  Gb  stm32f4xx_it.o [1]
DMA2_Stream0_IRQHandler
                        0x0800e5db     0x6  Code  Gb  stm32f4xx_it.o [1]
DMA2_Stream3_IRQHandler
                        0x0800e5e1     0x6  Code  Gb  stm32f4xx_it.o [1]
DMA2_Stream6_IRQHandler
                        0x0800e5e7     0x6  Code  Gb  stm32f4xx_it.o [1]
DMA2_Stream7_IRQHandler
                        0x0800e5ed     0x6  Code  Gb  stm32f4xx_it.o [1]
DMA_CalcBaseAndBitshift
                        0x0800a625    0x2c  Code  Lc  stm32f4xx_hal_dma.o [1]
DMA_CalcBaseAndBitshift::flagBitshiftOffset
                        0x0800a660     0x8  Data  Lc  stm32f4xx_hal_dma.o [1]
DebugMon_Handler        0x0800e57d     0x2  Code  Gb  stm32f4xx_it.o [1]
Dtentox                 0x080050fd   0x19a  Code  Lc  strto64.o [4]
EraseInitStruct         0x20005040    0x14  Data  Gb  flash_on_chip.o [1]
FLASH_Erase_Sector      0x08009c1d    0x4e  Code  Gb  stm32f4xx_hal_flash_ex.o [1]
FLASH_FlushCaches       0x08009c6b    0x50  Code  Gb  stm32f4xx_hal_flash_ex.o [1]
FLASH_MassErase         0x08009bfd    0x20  Code  Lc  stm32f4xx_hal_flash_ex.o [1]
FLASH_Program_Byte      0x08009acb    0x1e  Code  Lc  stm32f4xx_hal_flash.o [1]
FLASH_Program_DoubleWord
                        0x08009a61    0x26  Code  Lc  stm32f4xx_hal_flash.o [1]
FLASH_Program_HalfWord  0x08009aa9    0x22  Code  Lc  stm32f4xx_hal_flash.o [1]
FLASH_Program_Word      0x08009a87    0x22  Code  Lc  stm32f4xx_hal_flash.o [1]
FLASH_SetErrorCode      0x08009ae9    0x60  Code  Lc  stm32f4xx_hal_flash.o [1]
FLASH_WaitForLastOperation
                        0x08009a15    0x44  Code  Gb  stm32f4xx_hal_flash.o [1]
FLASHinit               0x080083a7    0x14  Code  Gb  flash_on_chip.o [1]
GPS_M8N_HOME_POINT_STATUS
                        0x20000024     0x4  Data  Gb  gps_m8n.o [1]
GPS_M8N_STATUS          0x20000020     0x4  Data  Gb  gps_m8n.o [1]
HAL_DMA_Abort           0x0800a3c7    0x8c  Code  Gb  stm32f4xx_hal_dma.o [1]
HAL_DMA_Abort_IT        0x0800a453    0x24  Code  Gb  stm32f4xx_hal_dma.o [1]
HAL_DMA_IRQHandler      0x0800a477   0x1aa  Code  Gb  stm32f4xx_hal_dma.o [1]
HAL_DMA_Init            0x0800a24d    0xec  Code  Gb  stm32f4xx_hal_dma.o [1]
HAL_DMA_Start_IT        0x0800a339    0x8e  Code  Gb  stm32f4xx_hal_dma.o [1]
HAL_Delay               0x0800e4b1    0x28  Code  Wk  stm32f4xx_hal.o [1]
HAL_FLASHEx_Erase       0x08009b61    0x9c  Code  Gb  stm32f4xx_hal_flash_ex.o [1]
HAL_FLASH_Lock          0x08009a07     0x8  Code  Gb  stm32f4xx_hal_flash.o [1]
HAL_FLASH_Program       0x08009945    0xa6  Code  Gb  stm32f4xx_hal_flash.o [1]
HAL_FLASH_Unlock        0x080099eb    0x1c  Code  Gb  stm32f4xx_hal_flash.o [1]
HAL_GPIO_Init           0x0800cce5   0x1ae  Code  Gb  stm32f4xx_hal_gpio.o [1]
HAL_GPIO_ReadPin        0x0800ce93    0x10  Code  Gb  stm32f4xx_hal_gpio.o [1]
HAL_GPIO_TogglePin      0x0800ceaf     0x8  Code  Gb  stm32f4xx_hal_gpio.o [1]
HAL_GPIO_WritePin       0x0800cea3     0xc  Code  Gb  stm32f4xx_hal_gpio.o [1]
HAL_GetTick             0x0800ccd9     0xc  Code  Wk  stm32f4xx_hal.o [1]
HAL_IncTick             0x0800ca3d    0x14  Code  Wk  stm32f4xx_hal.o [1]
HAL_Init                0x0800a879    0x30  Code  Gb  stm32f4xx_hal.o [1]
HAL_InitTick            0x0800cee5    0x70  Code  Gb  stm32f4xx_hal_timebase_TIM.o [1]
HAL_MspInit             0x0800d1dd    0x94  Code  Gb  stm32f4xx_hal_msp.o [1]
HAL_NVIC_EnableIRQ      0x0800c9cd     0xa  Code  Gb  stm32f4xx_hal_cortex.o [1]
HAL_NVIC_SetPriority    0x0800c97b    0x52  Code  Gb  stm32f4xx_hal_cortex.o [1]
HAL_NVIC_SetPriorityGrouping
                        0x0800c961    0x1a  Code  Gb  stm32f4xx_hal_cortex.o [1]
HAL_RCC_ClockConfig     0x0800a671   0x110  Code  Gb  stm32f4xx_hal_rcc.o [1]
HAL_RCC_EnableCSS       0x0800a781     0x8  Code  Gb  stm32f4xx_hal_rcc.o [1]
HAL_RCC_GetClockConfig  0x0800a7b3    0x38  Code  Gb  stm32f4xx_hal_rcc.o [1]
HAL_RCC_GetHCLKFreq     0x0800a789     0x6  Code  Gb  stm32f4xx_hal_rcc.o [1]
HAL_RCC_GetPCLK1Freq    0x0800a78f    0x10  Code  Gb  stm32f4xx_hal_rcc.o [1]
HAL_RCC_GetPCLK2Freq    0x0800a79f     0xe  Code  Gb  stm32f4xx_hal_rcc.o [1]
HAL_RCC_NMI_IRQHandler  0x0800a7eb    0x14  Code  Gb  stm32f4xx_hal_rcc.o [1]
HAL_RCC_OscConfig       0x0800c665   0x2fc  Code  Wk  stm32f4xx_hal_rcc.o [1]
HAL_SPI_DMAStop         0x0800d9fb    0x28  Code  Gb  stm32f4xx_hal_spi.o [1]
HAL_SPI_IRQHandler      0x0800da23    0xf8  Code  Gb  stm32f4xx_hal_spi.o [1]
HAL_SPI_Init            0x0800d271    0x80  Code  Gb  stm32f4xx_hal_spi.o [1]
HAL_SPI_MspInit         0x0800aa9d   0x12c  Code  Gb  spi.o [1]
HAL_SPI_Receive         0x0800d4cb   0x13e  Code  Gb  stm32f4xx_hal_spi.o [1]
HAL_SPI_Receive_DMA     0x0800d83f    0xc6  Code  Gb  stm32f4xx_hal_spi.o [1]
HAL_SPI_RxCpltCallback  0x0800b79f    0x20  Code  Gb  mpu9250.o [1]
HAL_SPI_Transmit        0x0800d2f1   0x1da  Code  Gb  stm32f4xx_hal_spi.o [1]
HAL_SPI_TransmitReceive
                        0x0800d609   0x236  Code  Gb  stm32f4xx_hal_spi.o [1]
HAL_SPI_TransmitReceive_DMA
                        0x0800d905    0xee  Code  Gb  stm32f4xx_hal_spi.o [1]
HAL_SYSTICK_CLKSourceConfig
                        0x0800ca03    0x1a  Code  Gb  stm32f4xx_hal_cortex.o [1]
HAL_SYSTICK_Config      0x0800c9e1    0x22  Code  Gb  stm32f4xx_hal_cortex.o [1]
HAL_TIMEx_BreakCallback
                        0x0800e56b     0x2  Code  Wk  stm32f4xx_hal_tim_ex.o [1]
HAL_TIMEx_CommutationCallback
                        0x0800e56f     0x2  Code  Wk  stm32f4xx_hal_tim_ex.o [1]
HAL_TIMEx_MasterConfigSynchronization
                        0x0800e461    0x4e  Code  Gb  stm32f4xx_hal_tim_ex.o [1]
HAL_TIM_Base_Init       0x0800dcf9    0x20  Code  Gb  stm32f4xx_hal_tim.o [1]
HAL_TIM_Base_Start_IT   0x0800dd19    0x16  Code  Gb  stm32f4xx_hal_tim.o [1]
HAL_TIM_IC_CaptureCallback
                        0x0800b0e7   0x2ac  Code  Gb  rc_pwm.o [1]
HAL_TIM_IC_ConfigChannel
                        0x0800df6f   0x11a  Code  Gb  stm32f4xx_hal_tim.o [1]
HAL_TIM_IC_Init         0x0800dda1    0x20  Code  Gb  stm32f4xx_hal_tim.o [1]
HAL_TIM_IC_MspInit      0x0800aed7    0xb6  Code  Gb  tim.o [1]
HAL_TIM_IC_Start_IT     0x0800ddc1    0x3a  Code  Gb  stm32f4xx_hal_tim.o [1]
HAL_TIM_IRQHandler      0x0800de25   0x14a  Code  Gb  stm32f4xx_hal_tim.o [1]
HAL_TIM_MspPostInit     0x0800afcf    0x66  Code  Gb  tim.o [1]
HAL_TIM_PWM_ConfigChannel
                        0x0800e089    0xd2  Code  Gb  stm32f4xx_hal_tim.o [1]
HAL_TIM_PWM_Init        0x0800dd5b    0x20  Code  Gb  stm32f4xx_hal_tim.o [1]
HAL_TIM_PWM_MspInit     0x0800af8d    0x42  Code  Gb  tim.o [1]
HAL_TIM_PWM_Start       0x0800dd7b    0x26  Code  Gb  stm32f4xx_hal_tim.o [1]
HAL_TIM_PeriodElapsedCallback
                        0x08008cdf     0xe  Code  Gb  main.o [1]
HAL_TIM_ReadCapturedValue
                        0x0800e167    0x44  Code  Gb  stm32f4xx_hal_tim.o [1]
HAL_UART_IRQHandler     0x080086d5   0x158  Code  Gb  stm32f4xx_hal_uart.o [1]
HAL_UART_Init           0x080085a1    0x44  Code  Gb  stm32f4xx_hal_uart.o [1]
HAL_UART_MspInit        0x08009e09   0x3be  Code  Gb  usart.o [1]
HAL_UART_Receive_IT     0x080085ff    0x48  Code  Gb  stm32f4xx_hal_uart.o [1]
HAL_UART_RxCpltCallback
                        0x08007c93    0x78  Code  Gb  usart_cfg.o [1]
HAL_UART_Transmit_DMA   0x0800865b    0x7a  Code  Gb  stm32f4xx_hal_uart.o [1]
HEAP$$Base              0x20005728           --   Gb  - Linker created -
HEAP$$Limit             0x2001a728           --   Gb  - Linker created -
HardFault_Handler       0x0800e575     0x2  Code  Gb  stm32f4xx_it.o [1]
MPU9250_Calibrate       0x0800bc23    0x92  Code  Gb  mpu9250.o [1]
MPU9250_Calibrate::MPU9250MagCalibrateStart
                        0x20004864     0x4  Data  Lc  mpu9250.o [1]
MPU9250_Check           0x0800b679    0xd4  Code  Gb  mpu9250.o [1]
MPU9250_ERROR           0x20004fa8     0x4  Data  Gb  mpu9250.o [1]
MPU9250_Handler         0x20004fa4     0x4  Data  Gb  mpu9250.o [1]
MPU9250_Init            0x0800b639    0x40  Code  Gb  mpu9250.o [1]
MPU9250_Mag_ReadReg     0x0800b5e7    0x52  Code  Gb  mpu9250.o [1]
MPU9250_Mag_WriteReg    0x0800b591    0x56  Code  Gb  mpu9250.o [1]
MPU9250_ReadReg         0x0800b4f3    0x4e  Code  Gb  mpu9250.o [1]
MPU9250_WriteReg        0x0800b541    0x50  Code  Gb  mpu9250.o [1]
MPU9250_data_buffer     0x20004f84    0x1c  Data  Gb  mpu9250.o [1]
MPU9250_data_push       0x0800ba71   0x1b2  Code  Gb  mpu9250.o [1]
MPU9250_gyro_acc_calibrate_offset_func
                        0x0800b7c1   0x116  Code  Gb  mpu9250.o [1]
MPU9250_gyro_acc_calibrate_offset_func::cnt_g
                        0x20004fac     0x2  Data  Lc  mpu9250.o [1]
MPU9250_gyro_acc_calibrate_offset_func::gyrox_high
                        0x20004fcc     0x4  Data  Lc  mpu9250.o [1]
MPU9250_gyro_acc_calibrate_offset_func::gyrox_low
                        0x20004fc8     0x4  Data  Lc  mpu9250.o [1]
MPU9250_gyro_acc_calibrate_offset_func::tempAcc
                        0x20004fbc     0xc  Data  Lc  mpu9250.o [1]
MPU9250_gyro_acc_calibrate_offset_func::tempGyro
                        0x20004fb0     0xc  Data  Lc  mpu9250.o [1]
MPU9250_mag_calibrate   0x0800b8d7   0x116  Code  Gb  mpu9250.o [1]
MPU9250_mag_calibrate::cnt
                        0x20005008     0x4  Data  Lc  mpu9250.o [1]
MPU9250_mag_calibrate::magx_high
                        0x20004ff4     0x4  Data  Lc  mpu9250.o [1]
MPU9250_mag_calibrate::magx_low
                        0x20004ff0     0x4  Data  Lc  mpu9250.o [1]
MPU9250_mag_calibrate::magy_high
                        0x20004ffc     0x4  Data  Lc  mpu9250.o [1]
MPU9250_mag_calibrate::magy_low
                        0x20004ff8     0x4  Data  Lc  mpu9250.o [1]
MPU9250_mag_calibrate::magz_high
                        0x20005004     0x4  Data  Lc  mpu9250.o [1]
MPU9250_mag_calibrate::magz_low
                        0x20005000     0x4  Data  Lc  mpu9250.o [1]
MPU9250_process         0x0800bcbd    0x1a  Code  Gb  mpu9250.o [1]
MPU9250_read_raw_data   0x0800b751    0x4e  Code  Gb  mpu9250.o [1]
MS5803_C1               0x20004de8     0x2  Data  Gb  ms5803.o [1]
MS5803_C2               0x20004dea     0x2  Data  Gb  ms5803.o [1]
MS5803_C3               0x20004dec     0x2  Data  Gb  ms5803.o [1]
MS5803_C4               0x20004dee     0x2  Data  Gb  ms5803.o [1]
MS5803_C5               0x20004df0     0x2  Data  Gb  ms5803.o [1]
MS5803_C6               0x20004df2     0x2  Data  Gb  ms5803.o [1]
MS5803_D1               0x20004e10     0x4  Data  Gb  ms5803.o [1]
MS5803_D2               0x20004e14     0x4  Data  Gb  ms5803.o [1]
MS5803_Handler          0x20004e1c     0x4  Data  Gb  ms5803.o [1]
MS5803_Init             0x0800bdab    0xb0  Code  Gb  ms5803.o [1]
MS5803_ReadRegs         0x0800c15f    0x42  Code  Gb  ms5803.o [1]
MS5803_WriteReg         0x0800c1a1    0x2e  Code  Gb  ms5803.o [1]
MS5803_caculate         0x0800be75   0x278  Code  Gb  ms5803.o [1]
MS5803_caculate::ms5803_start_cnt
                        0x20004e20     0x4  Data  Lc  ms5803.o [1]
MS5803_process          0x0800be69     0xc  Code  Gb  ms5803.o [1]
MS5803_read_data        0x0800c0f1    0x6e  Code  Gb  ms5803.o [1]
MX_DMA_Init             0x0800a961    0xb8  Code  Gb  dma.o [1]
MX_FREERTOS_Init        0x0800c2e1   0x14e  Code  Gb  freertos.o [1]
MX_GPIO_Init            0x0800a8ad    0xb4  Code  Gb  gpio.o [1]
MX_SPI1_Init            0x0800aa19    0x3c  Code  Gb  spi.o [1]
MX_SPI2_Init            0x0800aa55    0x3e  Code  Gb  spi.o [1]
MX_TIM1_Init            0x0800ac25    0xb0  Code  Gb  tim.o [1]
MX_TIM2_Init            0x0800acd5    0xae  Code  Gb  tim.o [1]
MX_TIM3_Init            0x0800ad83    0xa6  Code  Gb  tim.o [1]
MX_TIM4_Init            0x0800ae29    0xa4  Code  Gb  tim.o [1]
MX_UART4_Init           0x08009cc9    0x34  Code  Gb  usart.o [1]
MX_UART5_Init           0x08009cfd    0x34  Code  Gb  usart.o [1]
MX_USART1_UART_Init     0x08009d39    0x34  Code  Gb  usart.o [1]
MX_USART2_UART_Init     0x08009d6d    0x34  Code  Gb  usart.o [1]
MX_USART3_UART_Init     0x08009da1    0x34  Code  Gb  usart.o [1]
MX_USART6_UART_Init     0x08009dd5    0x34  Code  Gb  usart.o [1]
MatAdd                  0x080032f9    0x8e  Code  Gb  CMatrix.o [1]
MatAt                   0x08003761    0x20  Code  Gb  CMatrix.o [1]
MatBlockCompose         0x080034c5   0x1d6  Code  Gb  CMatrix.o [1]
MatBlockDecompose       0x0800369b    0x86  Code  Gb  CMatrix.o [1]
MatCopy                 0x080037bd    0x58  Code  Gb  CMatrix.o [1]
MatCreate               0x08002c95    0x58  Code  Gb  CMatrix.o [1]
MatDelete               0x08002d7b    0x50  Code  Gb  CMatrix.o [1]
MatDiag                 0x08003721    0x40  Code  Gb  CMatrix.o [1]
MatEye                  0x08003235    0x7e  Code  Gb  CMatrix.o [1]
MatInit                 0x08002ced    0x50  Code  Gb  CMatrix.o [1]
MatInverse              0x08002e89   0x3a6  Code  Gb  CMatrix.o [1]
MatIsValid              0x08002d3d    0x3e  Code  Gb  CMatrix.o [1]
MatMultiply             0x08002dcd    0xb8  Code  Gb  CMatrix.o [1]
MatScalarMultiply       0x08003415    0x56  Code  Gb  CMatrix.o [1]
MatSetValAt             0x08003781    0x3c  Code  Gb  CMatrix.o [1]
MatSub                  0x08003387    0x8e  Code  Gb  CMatrix.o [1]
MatTrans                0x0800346b    0x5a  Code  Gb  CMatrix.o [1]
MatZeros                0x080032b3    0x46  Code  Gb  CMatrix.o [1]
MemManage_Handler       0x0800e577     0x2  Code  Gb  stm32f4xx_it.o [1]
NMI_Handler             0x0800e571     0x4  Code  Gb  stm32f4xx_it.o [1]
PendSV_Handler          0x080060e1          Code  Gb  portasm.o [1]
RC_PWM                  0x20004a14    0x20  Data  Gb  rc_pwm.o [1]
RC_PWM_init             0x0800b095    0x52  Code  Gb  rc_pwm.o [1]
ReadTheFLASH            0x0800853d    0x20  Code  Gb  flash_on_chip.o [1]
Region$$Table$$Base     0x0800e7cc           --   Gb  - Linker created -
Region$$Table$$Limit    0x0800e7ec           --   Gb  - Linker created -
RxBuffer                0x20004f50    0x34  Data  Lc  app_ano.o [1]
RxBuffer                0x20004520    0xc8  Data  Lc  app_ros.o [1]
SPI1_IRQHandler         0x0800e5ab     0x6  Code  Gb  stm32f4xx_it.o [1]
SPI_DMAAbortOnError     0x0800dc59     0xc  Code  Lc  stm32f4xx_hal_spi.o [1]
SPI_DMAError            0x0800dc39    0x1e  Code  Lc  stm32f4xx_hal_spi.o [1]
SPI_DMAHalfReceiveCplt  0x0800dc29     0x6  Code  Lc  stm32f4xx_hal_spi.o [1]
SPI_DMAHalfTransmitReceiveCplt
                        0x0800dc31     0x6  Code  Lc  stm32f4xx_hal_spi.o [1]
SPI_DMAReceiveCplt      0x0800db1d    0x4e  Code  Lc  stm32f4xx_hal_spi.o [1]
SPI_DMATransmitReceiveCplt
                        0x0800db6d    0xba  Code  Lc  stm32f4xx_hal_spi.o [1]
SPI_WaitFlagStateUntilTimeout
                        0x0800dc65    0x92  Code  Lc  stm32f4xx_hal_spi.o [1]
SVC_Handler             0x08006139          Code  Gb  portasm.o [1]
StartDefaultTask        0x0800c42f     0xa  Code  Gb  freertos.o [1]
StartTask01RealTime     0x0800c4a1    0x6e  Code  Gb  freertos.o [1]
StartTask02Normal       0x0800c439    0x68  Code  Gb  freertos.o [1]
StartTask03LED          0x0800c50f     0xe  Code  Gb  freertos.o [1]
StartTask04COM          0x0800c51d    0x10  Code  Gb  freertos.o [1]
StartTask05IMU          0x0800c52d    0x5a  Code  Gb  freertos.o [1]
StartTask06IMUAUX       0x0800c5a5     0xe  Code  Gb  freertos.o [1]
SysTick_Handler         0x0800e57f     0xe  Code  Gb  stm32f4xx_it.o [1]
SystemClock_Config      0x08008c2d    0xb2  Code  Gb  main.o [1]
SystemCoreClock         0x200000a8     0x4  Data  Gb  system_stm32f4xx.o [1]
SystemInit              0x0800e6a1    0x3a  Code  Gb  system_stm32f4xx.o [1]
TIM1_CC_IRQHandler      0x0800e59f     0x6  Code  Gb  stm32f4xx_it.o [1]
TIM2_IRQHandler         0x0800e5a5     0x6  Code  Gb  stm32f4xx_it.o [1]
TIM8_UP_TIM13_IRQHandler
                        0x0800e5c3     0x6  Code  Gb  stm32f4xx_it.o [1]
TIM_Base_SetConfig      0x0800e1ab    0x98  Code  Gb  stm32f4xx_hal_tim.o [1]
TIM_OC1_SetConfig       0x0800e309    0x52  Code  Lc  stm32f4xx_hal_tim.o [1]
TIM_OC2_SetConfig       0x0800e2b1    0x56  Code  Gb  stm32f4xx_hal_tim.o [1]
TIM_OC3_SetConfig       0x0800e35b    0x52  Code  Lc  stm32f4xx_hal_tim.o [1]
TIM_OC4_SetConfig       0x0800e3b3    0x48  Code  Lc  stm32f4xx_hal_tim.o [1]
TIM_TI1_SetConfig       0x0800e243    0x6c  Code  Gb  stm32f4xx_hal_tim.o [1]
TIM_TI2_SetConfig       0x0800e429    0x36  Code  Lc  stm32f4xx_hal_tim.o [1]
UART4_IRQHandler        0x0800e5cf     0x6  Code  Gb  stm32f4xx_it.o [1]
UART5_IRQHandler        0x0800e5d5     0x6  Code  Gb  stm32f4xx_it.o [1]
UART_DMAAbortOnError    0x080088d9     0xc  Code  Lc  stm32f4xx_hal_uart.o [1]
UART_DMAError           0x08008861    0x5c  Code  Lc  stm32f4xx_hal_uart.o [1]
UART_DMATransmitCplt    0x0800882d    0x2a  Code  Lc  stm32f4xx_hal_uart.o [1]
UART_DMATxHalfCplt      0x08008859     0x6  Code  Lc  stm32f4xx_hal_uart.o [1]
UART_EndRxTransfer      0x080088bd    0x1c  Code  Lc  stm32f4xx_hal_uart.o [1]
UART_Receive_IT         0x080088e5    0x8c  Code  Lc  stm32f4xx_hal_uart.o [1]
UART_SetConfig          0x08008971   0x23e  Code  Lc  stm32f4xx_hal_uart.o [1]
USART1_DMA_send_data    0x08007d0b     0xa  Code  Gb  usart_cfg.o [1]
USART1_IRQHandler       0x0800e5b1     0x6  Code  Gb  stm32f4xx_it.o [1]
USART2_IRQHandler       0x0800e5b7     0x6  Code  Gb  stm32f4xx_it.o [1]
USART3_IRQHandler       0x0800e5bd     0x6  Code  Gb  stm32f4xx_it.o [1]
USART6_IRQHandler       0x0800e5f3     0x6  Code  Gb  stm32f4xx_it.o [1]
USART_init              0x08007c21    0x72  Code  Gb  usart_cfg.o [1]
UpdateTheFLASH          0x080083bd    0x92  Code  Gb  flash_on_chip.o [1]
UsageFault_Handler      0x0800e57b     0x2  Code  Gb  stm32f4xx_it.o [1]
_Error_Handler          0x08008d05     0x2  Code  Gb  main.o [1]
_LocaleC_isalpha        0x08006df3     0xc  Code  Gb  xlocale_c.o [3]
_LocaleC_islower        0x08006ded     0x4  Code  Gb  xlocale_c.o [3]
_LocaleC_isspace        0x08006e09    0x14  Code  Gb  xlocale_c.o [3]
_LocaleC_isupper        0x08006df1     0x2  Code  Gb  xlocale_c.o [3]
_LocaleC_tolower        0x08006e1d     0xc  Code  Gb  xlocale_c.o [3]
_Locale_lconv           0x200000ac    0x38  Data  Lc  xlocale_c.o [3]
__aeabi_cdcmpeq         0x08006e91          Code  Gb  DblCmpEq.o [4]
__aeabi_cdcmple         0x08006a69          Code  Gb  DblCmpLe.o [4]
__aeabi_cdrcmple        0x08006eb1          Code  Gb  DblCmpGe.o [4]
__aeabi_d2f             0x08003c55          Code  Gb  DblToFlt.o [4]
__aeabi_d2iz            0x08006d89          Code  Gb  DblToS32.o [4]
__aeabi_dadd            0x080066d5          Code  Gb  DblAdd.o [4]
__aeabi_ddiv            0x08003a0d          Code  Gb  DblDiv.o [4]
__aeabi_dmul            0x08003d15          Code  Gb  DblMul.o [4]
__aeabi_dsub            0x08006a99          Code  Gb  DblSub.o [4]
__aeabi_f2d             0x080038c1          Code  Gb  FltToDbl.o [4]
__aeabi_i2d             0x080066b1          Code  Gb  S32ToDbl.o [4]
__aeabi_l2f             0x0800e4d9          Code  Gb  S64ToFlt.o [4]
__aeabi_ldiv0           0x0800e55d          Code  Gb  I64DivZer.o [5]
__aeabi_ldivmod         0x0800cf69          Code  Gb  I64DivMod.o [5]
__aeabi_memclr          0x08004f41          Code  Gb  ABImemclr.o [5]
__aeabi_memclr4         0x08004f39          Code  Gb  ABImemclr4.o [5]
__aeabi_memcpy          0x08003815          Code  Gb  ABImemcpy.o [5]
__aeabi_memcpy4         0x08003835          Code  Gb  ABImemcpy.o [5]
__aeabi_memcpy8         0x08003835          Code  Gb  ABImemcpy.o [5]
__aeabi_uldivmod        0x0800cfad          Code  Gb  I64DivMod.o [5]
__cmain                 0x0800e7ed          Code  Gb  cmain.o [5]
__data_GetMemChunk      0x080016dd    0x2c  Code  Gb  xgetmemchunk.o [3]
__data_GetMemChunk::start
                        0x20005120     0x4  Data  Lc  xgetmemchunk.o [3]
__exit                  0x08001709    0x14  Code  Gb  exit.o [6]
__iar_Atan64            0x08006b81   0x170  Code  Gb  iar_Atan64.o [4]
__iar_Log64             0x0800571d   0x284  Code  Lc  logx64.o [4]
__iar_Memchr            0x08006e39          Code  Gb  memchr.o [5]
__iar_Memset4_word      0x08006189          Code  Gb  ABImemset48.o [5]
__iar_Memset8_word      0x08006189          Code  Gb  ABImemset48.o [5]
__iar_Memset_word       0x080061bd          Code  Gb  ABImemset.o [5]
__iar_Sin64             0x08005a3d   0x3b2  Code  Lc  cos_sin64.o [4]
__iar_Sto64             0x080052a9   0x1a6  Code  Gb  strto64.o [4]
__iar_Stoflt            0x080064e9   0x1c8  Code  Gb  iar_Stoflt.o [3]
__iar_Stopfx            0x080063c7   0x122  Code  Gb  iar_Stopfx.o [3]
__iar_Stoulx            0x0800ca81   0x112  Code  Gb  iar_Stoulx.o [3]
__iar_Stoxflt           0x0800684d   0x1e6  Code  Gb  iar_Stoxflt.o [3]
__iar_Stoxflt::digits   0x08006a38    0x18  Data  Lc  iar_Stoxflt.o [3]
__iar_Stoxflt::vals     0x08006a50    0x18  Data  Lc  iar_Stoxflt.o [3]
__iar_Strchr            0x0800e531          Code  Gb  strchr.o [5]
__iar_asin64            0x080054f1    0xf0  Code  Gb  asin64.o [4]
__iar_atan2_64          0x080055e1   0x13c  Code  Gb  atan2_64.o [4]
__iar_close_ttio        0x0800171d    0x2c  Code  Gb  iarttio.o [6]
__iar_cos64             0x08005e81     0x4  Code  Gb  cos_sin64.o [4]
__iar_cos_medium        0x08005e81     0x4  Code  Gb  cos_sin64.o [4]
__iar_cos_medium64      0x08005e81     0x4  Code  Gb  cos_sin64.o [4]
__iar_cos_mediuml       0x08005e81     0x4  Code  Gb  cos_sin64.o [4]
__iar_dadd              0x08006aa9          Code  Gb  DblSub.o [4]
__iar_data_init3        0x0800e781    0x28  Code  Gb  data_init.o [5]
__iar_dlfree            0x08001163   0x4f6  Code  Gb  dlmalloc.o [3]
__iar_dlmalloc          0x08000ead   0x2b6  Code  Gb  dlmalloc.o [3]
__iar_dsub              0x080066e5          Code  Gb  DblAdd.o [4]
__iar_dsubStart         0x080066f7          Code  Gb  DblAdd.o [4]
__iar_frexp             0x08006229          Code  Gb  frexp.o [4]
__iar_frexpl            0x08006229          Code  Gb  frexp.o [4]
__iar_globLocale        0x200000e4    0x48  Data  Lc  xlocale_c.o [3]
__iar_global_Locale     0x08006e29     0x4  Code  Gb  xlocale_c.o [3]
__iar_init_vfp          0x0800e7a9          Code  Gb  fpinit_M.o [4]
__iar_ldexp64           0x0800628d          Code  Gb  ldexp.o [4]
__iar_log64             0x08005a39     0x4  Code  Gb  logx64.o [4]
__iar_log_medium        0x08005a39     0x4  Code  Gb  logx64.o [4]
__iar_log_medium64      0x08005a39     0x4  Code  Gb  logx64.o [4]
__iar_log_mediuml       0x08005a39     0x4  Code  Gb  logx64.o [4]
__iar_lookup_ttioh      0x08001749     0x4  Code  Gb  XShttio.o [3]
__iar_lz77_init_single3
                        0x08001663    0x7a  Code  Gb  lz77_init_single.o [5]
__iar_program_start     0x0800e831          Code  Gb  cstartup_M.o [5]
__iar_scalbln64         0x0800628d          Code  Gb  ldexp.o [4]
__iar_scalbn64          0x0800628d          Code  Gb  ldexp.o [4]
__iar_sin64             0x08005e85     0x4  Code  Gb  cos_sin64.o [4]
__iar_sin_medium        0x08005e85     0x4  Code  Gb  cos_sin64.o [4]
__iar_sin_medium64      0x08005e85     0x4  Code  Gb  cos_sin64.o [4]
__iar_sin_mediuml       0x08005e85     0x4  Code  Gb  cos_sin64.o [4]
__iar_softfp___iar_frexp64
                        0x0800621d          Code  Gb  frexp.o [4]
__iar_softfp_frexp      0x0800621d          Code  Gb  frexp.o [4]
__iar_softfp_frexpl     0x0800621d          Code  Gb  frexp.o [4]
__iar_sqrt64            0x08003919          Code  Gb  sqrt.o [4]
__iar_systems$$module {Abs}
                        0x00000001          Data  Gb  command line/config [2]
__iar_ttio_handles      0x2000012c     0x8  Data  Lc  XShttio.o [3]
__iar_vfp___iar_sqrt64  0x08003909          Code  Gb  sqrt.o [4]
__iar_vfp_asin          0x08003cd3     0xc  Code  Gb  math_wrappers64.o [4]
__iar_vfp_atan2         0x08003cdf    0x10  Code  Gb  math_wrappers64.o [4]
__iar_vfp_atof          0x08003cc3     0x8  Code  Gb  math_wrappers64.o [4]
__iar_vfp_cos           0x08003cfb     0xc  Code  Gb  math_wrappers64.o [4]
__iar_vfp_log           0x08003cef     0xc  Code  Gb  math_wrappers64.o [4]
__iar_vfp_sin           0x08003d07     0xc  Code  Gb  math_wrappers64.o [4]
__iar_vfp_sqrt          0x08003909          Code  Gb  sqrt.o [4]
__iar_vfp_sqrtl         0x08003909          Code  Gb  sqrt.o [4]
__iar_vfp_strtod        0x08003ccb     0x8  Code  Gb  math_wrappers64.o [4]
__iar_zero_init3        0x0800e741    0x40  Code  Gb  zero_init3.o [5]
__low_level_init        0x0800e80b     0x4  Code  Gb  low_level_init.o [3]
__vector_table          0x08000000          Data  Gb  startup_stm32f407xx.o [1]
_call_main              0x0800e7f9          Code  Gb  cmain.o [5]
_data_cnt               0x20004298     0x4  Data  Lc  app_ano.o [1]
_data_cnt               0x2000505c     0x4  Data  Lc  app_ros.o [1]
_data_len               0x20004294     0x4  Data  Lc  app_ano.o [1]
_data_len               0x20005058     0x4  Data  Lc  app_ros.o [1]
_exit                   0x0800e815          Code  Gb  cexit.o [5]
_gm_                    0x20003f8c   0x1d8  Data  Lc  dlmalloc.o [3]
_main                   0x0800e807          Code  Gb  cmain.o [5]
a                       0x08006d48    0x40  Data  Lc  iar_Atan64.o [4]
aRxBuffer1              0x20005110     0x1  Data  Gb  usart_cfg.o [1]
aRxBuffer2              0x20005111     0x1  Data  Gb  usart_cfg.o [1]
aRxBuffer3              0x20005113     0x1  Data  Gb  usart_cfg.o [1]
aRxBuffer5              0x20005112     0x1  Data  Gb  usart_cfg.o [1]
aRxBuffer6              0x20005114     0x1  Data  Gb  usart_cfg.o [1]
abort                   0x0800165d     0x6  Code  Gb  abort.o [3]
accx_mps                0x20004bc0     0x4  Data  Gb  app_ins_ekf_quaternion.o [1]
accy_mps                0x20004bc4     0x4  Data  Gb  app_ins_ekf_quaternion.o [1]
accz_mps                0x20004bc8     0x4  Data  Gb  app_ins_ekf_quaternion.o [1]
add_segment             0x0800054d   0x1f2  Code  Lc  dlmalloc.o [3]
alt_d                   0x200049c0     0x4  Data  Gb  app_ano.o [1]
alt_i                   0x200049bc     0x4  Data  Gb  app_ano.o [1]
alt_p                   0x200049b8     0x4  Data  Gb  app_ano.o [1]
ano_data_to_send        0x20004a94    0x64  Data  Lc  app_ano.o [1]
ano_process             0x08007ba9    0x46  Code  Gb  app_ano.o [1]
ano_process::delay_cnt  0x20004308     0x4  Data  Lc  app_ano.o [1]
app_ins_ekf_quaternion_thread
                        0x08001755    0x5c  Code  Gb  app_ins_ekf_quaternion.o [1]
app_led_thread          0x0800c1f9    0xb0  Code  Gb  app_led.o [1]
asin                    0x080054f1    0xf0  Code  Gb  asin64.o [4]
asinl                   0x080054f1    0xf0  Code  Gb  asin64.o [4]
atan2                   0x080055e1   0x13c  Code  Gb  atan2_64.o [4]
atan2l                  0x080055e1   0x13c  Code  Gb  atan2_64.o [4]
atof                    0x08005495     0x8  Code  Gb  strto64.o [4]
atoi                    0x0800cb99     0x2  Code  Gb  iar_Stoulx.o [3]
cos                     0x08005e81     0x4  Code  Gb  cos_sin64.o [4]
cosl                    0x08005e81     0x4  Code  Gb  cos_sin64.o [4]
cycle_T                 0x20004430    0xf0  Data  Gb  time.o [1]
d1d2_convert_step       0x20004e18     0x4  Data  Lc  ms5803.o [1]
data_from_ANO_updata    0x200042a4     0x4  Data  Lc  app_ano.o [1]
data_from_ros_updata    0x20005060     0x4  Data  Lc  app_ros.o [1]
data_trans_with_ano     0x080072f5   0x16e  Code  Gb  app_ano.o [1]
ddiv                    0x0800501d    0xd0  Code  Lc  strto64.o [4]
defaultTaskHandle       0x20004dac     0x4  Data  Gb  freertos.o [1]
det_t_s                 0x2000500c    0x1c  Data  Gb  time.o [1]
digits                  0x0800cba4    0x28  Data  Lc  iar_Stoulx.o [3]
dmul                    0x08004f49    0xd2  Code  Lc  strto64.o [4]
ekf_P                   0x20000084     0xc  Data  Gb  app_ins_ekf_quaternion.o [1]
ekf_basedon_quaternion  0x08001835  0x1240  Code  Gb  app_ins_ekf_quaternion.o [1]
ekf_basedon_quaternion::RunOnce
                        0x20000074     0x4  Data  Lc  app_ins_ekf_quaternion.o [1]
ekf_sigmas_accelBias_process_noise_mps2
                        0x20000064     0x4  Data  Gb  app_ins_ekf_quaternion.o [1]
ekf_sigmas_accel_bias_mps2
                        0x20000050     0x4  Data  Gb  app_ins_ekf_quaternion.o [1]
ekf_sigmas_gyroBias_process_noise_rps
                        0x20000060     0x4  Data  Gb  app_ins_ekf_quaternion.o [1]
ekf_sigmas_gyro_bias_rps
                        0x2000004c     0x4  Data  Gb  app_ins_ekf_quaternion.o [1]
ekf_sigmas_mag3D_unitVector_meas
                        0x20000068     0x4  Data  Gb  app_ins_ekf_quaternion.o [1]
ekf_sigmas_pos_meas_m   0x2000006c     0x4  Data  Gb  app_ins_ekf_quaternion.o [1]
ekf_sigmas_pos_process_noise_m
                        0x20000058     0x4  Data  Gb  app_ins_ekf_quaternion.o [1]
ekf_sigmas_quad_process_noise
                        0x20000054     0x4  Data  Gb  app_ins_ekf_quaternion.o [1]
ekf_sigmas_vel_meas_m   0x20000070     0x4  Data  Gb  app_ins_ekf_quaternion.o [1]
ekf_sigmas_vel_process_noise_mps
                        0x2000005c     0x4  Data  Gb  app_ins_ekf_quaternion.o [1]
ekf_xhat                0x20000078     0xc  Data  Gb  app_ins_ekf_quaternion.o [1]
exit                    0x0800e80f     0x4  Code  Gb  exit.o [3]
flash_byte_to_float     0x0800855d    0x2e  Code  Gb  flash_on_chip.o [1]
flash_float_to_byte     0x0800858b    0x16  Code  Gb  flash_on_chip.o [1]
flash_read_parameters   0x080080bd   0x2ea  Code  Gb  flash_on_chip.o [1]
flash_save_parameters   0x08007d79   0x344  Code  Gb  flash_on_chip.o [1]
free                    0x080038bb     0x4  Code  Gb  heaptramp0.o [3]
get_cycle_time          0x0800cbf5    0x50  Code  Gb  time.o [1]
get_data_from_ANO       0x2000429c     0x4  Data  Lc  app_ano.o [1]
get_sys_time_us         0x0800cc45    0x22  Code  Gb  time.o [1]
gps_m8n                 0x20004310   0x120  Data  Gb  gps_m8n.o [1]
gps_m8n_buffer          0x200046a8    0x98  Data  Gb  gps_m8n.o [1]
gps_m8n_data_extraction
                        0x08008de9   0x35a  Code  Gb  gps_m8n.o [1]
gps_m8n_evt             0x20004ba8     0xc  Data  Gb  app_ins_ekf_quaternion.o [1]
gps_m8n_receive         0x08008d13    0xd6  Code  Gb  gps_m8n.o [1]
gps_m8n_receive::_data_cnt
                        0x20004748     0x4  Data  Lc  gps_m8n.o [1]
gps_m8n_receive::_data_len
                        0x20004744     0x4  Data  Lc  gps_m8n.o [1]
gps_m8n_receive::data_receive_stage
                        0x20004740     0x4  Data  Lc  gps_m8n.o [1]
gps_m8n_set_home_point  0x0800925d    0x8a  Code  Gb  gps_m8n.o [1]
gps_m8n_set_home_point::gps_valid_data_cnt
                        0x2000002c     0x4  Data  Lc  gps_m8n.o [1]
gps_m8n_set_home_point::temp_home_point_latitude
                        0x20000010     0x8  Data  Lc  gps_m8n.o [1]
gps_m8n_set_home_point::temp_home_point_longitude
                        0x20000018     0x8  Data  Lc  gps_m8n.o [1]
gps_m8n_status_preparation
                        0x08009143   0x108  Code  Gb  gps_m8n.o [1]
gps_m8n_status_preparation::gps_update_watchdog
                        0x20000028     0x4  Data  Lc  gps_m8n.o [1]
gps_m8n_thread          0x08008d09     0xa  Code  Gb  gps_m8n.o [1]
gps_m8n_wgs84_to_ned_haversine
                        0x080092f1   0x2b4  Code  Gb  gps_m8n.o [1]
gravity_mps2            0x2000003c     0x4  Data  Gb  app_ins_ekf_quaternion.o [1]
gyrox_rps               0x20004bb4     0x4  Data  Gb  app_ins_ekf_quaternion.o [1]
gyroy_rps               0x20004bb8     0x4  Data  Gb  app_ins_ekf_quaternion.o [1]
gyroz_rps               0x20004bbc     0x4  Data  Gb  app_ins_ekf_quaternion.o [1]
hdma_spi1_rx            0x200045e8    0x60  Data  Gb  spi.o [1]
hdma_spi1_tx            0x20004648    0x60  Data  Gb  spi.o [1]
hdma_uart4_tx           0x20003d4c    0x60  Data  Gb  usart.o [1]
hdma_uart5_tx           0x20003dac    0x60  Data  Gb  usart.o [1]
hdma_usart1_tx          0x20003e0c    0x60  Data  Gb  usart.o [1]
hdma_usart2_tx          0x20003e6c    0x60  Data  Gb  usart.o [1]
hdma_usart3_tx          0x20003ecc    0x60  Data  Gb  usart.o [1]
hdma_usart6_tx          0x20003f2c    0x60  Data  Gb  usart.o [1]
home_point_latitude     0x20000000     0x8  Data  Gb  gps_m8n.o [1]
home_point_longitude    0x20000008     0x8  Data  Gb  gps_m8n.o [1]
hspi1                   0x20004af8    0x58  Data  Gb  spi.o [1]
hspi2                   0x20004b50    0x58  Data  Gb  spi.o [1]
htim1                   0x20004e60    0x3c  Data  Gb  tim.o [1]
htim2                   0x20004e9c    0x3c  Data  Gb  tim.o [1]
htim3                   0x20004ed8    0x3c  Data  Gb  tim.o [1]
htim4                   0x20004f14    0x3c  Data  Gb  tim.o [1]
htim8                   0x20004e24    0x3c  Data  Gb  stm32f4xx_hal_timebase_TIM.o [1]
huart1                  0x20004c70    0x40  Data  Gb  usart.o [1]
huart2                  0x20004cb0    0x40  Data  Gb  usart.o [1]
huart3                  0x20004cf0    0x40  Data  Gb  usart.o [1]
huart4                  0x20004bf0    0x40  Data  Gb  usart.o [1]
huart5                  0x20004c30    0x40  Data  Gb  usart.o [1]
huart6                  0x20004d30    0x40  Data  Gb  usart.o [1]
init_mparams            0x080001a7    0x32  Code  Lc  dlmalloc.o [3]
init_top                0x080001d9    0x32  Code  Lc  dlmalloc.o [3]
isalpha                 0x08006dd7    0x14  Code  Gb  isalpha.o [3]
isspace                 0x08006dc3    0x14  Code  Gb  isspace.o [3]
large_pos_uncertainty_m
                        0x20000044     0x4  Data  Gb  app_ins_ekf_quaternion.o [1]
large_quad_uncertainty  0x20000040     0x4  Data  Gb  app_ins_ekf_quaternion.o [1]
large_vel_uncertainty_mps
                        0x20000048     0x4  Data  Gb  app_ins_ekf_quaternion.o [1]
ldexp                   0x0800628d          Code  Gb  ldexp.o [4]
ldexpl                  0x0800628d          Code  Gb  ldexp.o [4]
led_init                0x0800c2a9     0x4  Code  Gb  app_led.o [1]
localeconv              0x08006e2d     0x4  Code  Gb  xlocale_c.o [3]
log                     0x08005a39     0x4  Code  Gb  logx64.o [4]
logl                    0x08005a39     0x4  Code  Gb  logx64.o [4]
magx_ut                 0x20004bcc     0x4  Data  Gb  app_ins_ekf_quaternion.o [1]
magy_ut                 0x20004bd0     0x4  Data  Gb  app_ins_ekf_quaternion.o [1]
magz_ut                 0x20004bd4     0x4  Data  Gb  app_ins_ekf_quaternion.o [1]
main                    0x08008bc1    0x6c  Code  Gb  main.o [1]
memchr                  0x08006e39          Code  Gb  memchr.o [5]
motor_esc_init          0x0800b3b1    0xa4  Code  Gb  motor_pwm.o [1]
mparams                 0x20005028    0x18  Data  Lc  dlmalloc.o [3]
mpu9250                 0x200047ec    0x78  Data  Gb  mpu9250.o [1]
mpu9250_lowpass_0N3D_maxflat_filter_accx
                        0x0800b9ed     0x4  Code  Gb  mpu9250.o [1]
mpu9250_lowpass_0N3D_maxflat_filter_accx::out
                        0x20005064    0x10  Data  Lc  mpu9250.o [1]
mpu9250_lowpass_0N3D_maxflat_filter_accy
                        0x0800b9f1     0x4  Code  Gb  mpu9250.o [1]
mpu9250_lowpass_0N3D_maxflat_filter_accy::out
                        0x20005074    0x10  Data  Lc  mpu9250.o [1]
mpu9250_lowpass_0N3D_maxflat_filter_accz
                        0x0800ba4b     0x4  Code  Gb  mpu9250.o [1]
mpu9250_lowpass_0N3D_maxflat_filter_accz::out
                        0x20005084    0x10  Data  Lc  mpu9250.o [1]
mpu9250_lowpass_0N3D_maxflat_filter_gyrox
                        0x0800ba4f     0x4  Code  Gb  mpu9250.o [1]
mpu9250_lowpass_0N3D_maxflat_filter_gyrox::out
                        0x20005094    0x10  Data  Lc  mpu9250.o [1]
mpu9250_lowpass_0N3D_maxflat_filter_gyroy
                        0x0800ba53     0x4  Code  Gb  mpu9250.o [1]
mpu9250_lowpass_0N3D_maxflat_filter_gyroy::out
                        0x200050a4    0x10  Data  Lc  mpu9250.o [1]
mpu9250_lowpass_0N3D_maxflat_filter_gyroz
                        0x0800ba57     0x4  Code  Gb  mpu9250.o [1]
mpu9250_lowpass_0N3D_maxflat_filter_gyroz::out
                        0x200050b4    0x10  Data  Lc  mpu9250.o [1]
mpu9250_lowpass_0N3D_maxflat_filter_magx
                        0x0800ba5b     0x4  Code  Gb  mpu9250.o [1]
mpu9250_lowpass_0N3D_maxflat_filter_magx::out
                        0x200050c4    0x10  Data  Lc  mpu9250.o [1]
mpu9250_lowpass_0N3D_maxflat_filter_magy
                        0x0800ba5f     0x4  Code  Gb  mpu9250.o [1]
mpu9250_lowpass_0N3D_maxflat_filter_magy::out
                        0x200050d4    0x10  Data  Lc  mpu9250.o [1]
mpu9250_lowpass_0N3D_maxflat_filter_magz
                        0x0800ba63     0x4  Code  Gb  mpu9250.o [1]
mpu9250_lowpass_0N3D_maxflat_filter_magz::out
                        0x200050e4    0x10  Data  Lc  mpu9250.o [1]
mpu9250_process_time_consume_us
                        0x2000511c     0x4  Data  Gb  time.o [1]
mpu_data_ok             0x20004fa0     0x1  Data  Gb  mpu9250.o [1]
ms5803                  0x20004df8    0x18  Data  Gb  ms5803.o [1]
ms5803_lowpass_0N3D_maxflat_filter_pressure
                        0x0800bd51    0x5a  Code  Gb  ms5803.o [1]
ms5803_lowpass_0N3D_maxflat_filter_pressure::out
                        0x200050f4    0x10  Data  Lc  ms5803.o [1]
myBinarySem01MPU9250GyroAccCalibrateOffsetHandle
                        0x20004dcc     0x4  Data  Gb  freertos.o [1]
myBinarySem02LED1ONHandle
                        0x20004dd0     0x4  Data  Gb  freertos.o [1]
myBinarySem03LED2ONHandle
                        0x20004dd4     0x4  Data  Gb  freertos.o [1]
myBinarySem04MPU9250MagCalibrateHandle
                        0x20004de0     0x4  Data  Gb  freertos.o [1]
myBinarySem05LED1PulsateHandle
                        0x20004dd8     0x4  Data  Gb  freertos.o [1]
myBinarySem06LED2PulsateHandle
                        0x20004ddc     0x4  Data  Gb  freertos.o [1]
myBinarySem07GPSUpdateHandle
                        0x20004de4     0x4  Data  Gb  freertos.o [1]
myQueue02GPSM8NToInsHandle
                        0x20004dc8     0x4  Data  Gb  freertos.o [1]
myTask01RealTimHandle   0x20004db4     0x4  Data  Gb  freertos.o [1]
myTask02NormalHandle    0x20004db0     0x4  Data  Gb  freertos.o [1]
myTask03LEDHandle       0x20004db8     0x4  Data  Gb  freertos.o [1]
myTask04COMHandle       0x20004dbc     0x4  Data  Gb  freertos.o [1]
myTask05IMUHandle       0x20004dc0     0x4  Data  Gb  freertos.o [1]
myTask06IMUAUXHandle    0x20004dc4     0x4  Data  Gb  freertos.o [1]
ndigs                   0x0800cbcc    0x28  Data  Lc  iar_Stoulx.o [3]
normal_time_consume_us  0x20005104     0x4  Data  Gb  time.o [1]
obtain_sensors_data     0x080017b1    0x74  Code  Gb  app_ins_ekf_quaternion.o [1]
osDelay                 0x08002ab7     0xe  Code  Gb  cmsis_os.o [1]
osKernelStart           0x08002a7d     0xa  Code  Gb  cmsis_os.o [1]
osMessageCreate         0x08002b8b     0xa  Code  Gb  cmsis_os.o [1]
osMessageGet            0x08002bd9    0x76  Code  Gb  cmsis_os.o [1]
osMessagePut            0x08002b95    0x44  Code  Gb  cmsis_os.o [1]
osSemaphoreCreate       0x08002ac5    0x2c  Code  Gb  cmsis_os.o [1]
osSemaphoreRelease      0x08002b47    0x44  Code  Gb  cmsis_os.o [1]
osSemaphoreWait         0x08002af1    0x56  Code  Gb  cmsis_os.o [1]
osSystickHandler        0x08002c7b    0x14  Code  Gb  cmsis_os.o [1]
osThreadCreate          0x08002a87    0x30  Code  Gb  cmsis_os.o [1]
pFlash                  0x20004fd0    0x20  Data  Gb  stm32f4xx_hal_flash.o [1]
pid10_d                 0x20004a08     0x4  Data  Gb  app_ano.o [1]
pid10_i                 0x20004a04     0x4  Data  Gb  app_ano.o [1]
pid10_p                 0x20004a00     0x4  Data  Gb  app_ano.o [1]
pid11_d                 0x200042b0     0x4  Data  Gb  app_ano.o [1]
pid11_i                 0x20004a10     0x4  Data  Gb  app_ano.o [1]
pid11_p                 0x20004a0c     0x4  Data  Gb  app_ano.o [1]
pid12_d                 0x200042bc     0x4  Data  Gb  app_ano.o [1]
pid12_i                 0x200042b8     0x4  Data  Gb  app_ano.o [1]
pid12_p                 0x200042b4     0x4  Data  Gb  app_ano.o [1]
pid13_d                 0x200042c8     0x4  Data  Gb  app_ano.o [1]
pid13_i                 0x200042c4     0x4  Data  Gb  app_ano.o [1]
pid13_p                 0x200042c0     0x4  Data  Gb  app_ano.o [1]
pid14_d                 0x200042d4     0x4  Data  Gb  app_ano.o [1]
pid14_i                 0x200042d0     0x4  Data  Gb  app_ano.o [1]
pid14_p                 0x200042cc     0x4  Data  Gb  app_ano.o [1]
pid15_d                 0x200042e0     0x4  Data  Gb  app_ano.o [1]
pid15_i                 0x200042dc     0x4  Data  Gb  app_ano.o [1]
pid15_p                 0x200042d8     0x4  Data  Gb  app_ano.o [1]
pid16_d                 0x200042ec     0x4  Data  Gb  app_ano.o [1]
pid16_i                 0x200042e8     0x4  Data  Gb  app_ano.o [1]
pid16_p                 0x200042e4     0x4  Data  Gb  app_ano.o [1]
pid17_d                 0x200042f8     0x4  Data  Gb  app_ano.o [1]
pid17_i                 0x200042f4     0x4  Data  Gb  app_ano.o [1]
pid17_p                 0x200042f0     0x4  Data  Gb  app_ano.o [1]
pid18_d                 0x20004304     0x4  Data  Gb  app_ano.o [1]
pid18_i                 0x20004300     0x4  Data  Gb  app_ano.o [1]
pid18_p                 0x200042fc     0x4  Data  Gb  app_ano.o [1]
pid6_d                  0x200049d8     0x4  Data  Gb  app_ano.o [1]
pid6_i                  0x200049d4     0x4  Data  Gb  app_ano.o [1]
pid6_p                  0x200049d0     0x4  Data  Gb  app_ano.o [1]
pid7_d                  0x200049e4     0x4  Data  Gb  app_ano.o [1]
pid7_i                  0x200049e0     0x4  Data  Gb  app_ano.o [1]
pid7_p                  0x200049dc     0x4  Data  Gb  app_ano.o [1]
pid8_d                  0x200049f0     0x4  Data  Gb  app_ano.o [1]
pid8_i                  0x200049ec     0x4  Data  Gb  app_ano.o [1]
pid8_p                  0x200049e8     0x4  Data  Gb  app_ano.o [1]
pid9_d                  0x200049fc     0x4  Data  Gb  app_ano.o [1]
pid9_i                  0x200049f8     0x4  Data  Gb  app_ano.o [1]
pid9_p                  0x200049f4     0x4  Data  Gb  app_ano.o [1]
pit_d                   0x200049a8     0x4  Data  Gb  app_ano.o [1]
pit_i                   0x200049a4     0x4  Data  Gb  app_ano.o [1]
pit_p                   0x200049a0     0x4  Data  Gb  app_ano.o [1]
pitch_deg               0x20000034     0x4  Data  Gb  app_ins_ekf_quaternion.o [1]
pos_alt                 0x20004be0     0x4  Data  Gb  app_ins_ekf_quaternion.o [1]
pos_d                   0x200049cc     0x4  Data  Gb  app_ano.o [1]
pos_east                0x20004bdc     0x4  Data  Gb  app_ins_ekf_quaternion.o [1]
pos_i                   0x200049c8     0x4  Data  Gb  app_ano.o [1]
pos_north               0x20004bd8     0x4  Data  Gb  app_ins_ekf_quaternion.o [1]
pos_p                   0x200049c4     0x4  Data  Gb  app_ano.o [1]
pows                    0x080054a8    0x48  Data  Lc  strto64.o [4]
prepend_alloc           0x0800020b   0x342  Code  Lc  dlmalloc.o [3]
prvAddCurrentTaskToDelayedList
                        0x080045fd    0x64  Code  Lc  tasks.o [1]
prvAddNewTaskToReadyList
                        0x08003f83    0xe4  Code  Lc  tasks.o [1]
prvCopyDataFromQueue    0x08004caf    0x26  Code  Lc  queue.o [1]
prvCopyDataToQueue      0x08004c47    0x68  Code  Lc  queue.o [1]
prvIdleTask             0x0800441d    0x6e  Code  Lc  tasks.o [1]
prvInsertBlockIntoFreeList
                        0x08005fff    0x48  Code  Lc  heap_4.o [1]
prvResetNextTaskUnblockTime
                        0x0800448b    0x1c  Code  Lc  tasks.o [1]
prvTaskExitError        0x08004d61    0x28  Code  Lc  port.o [1]
prvUnlockQueue          0x08004cd5    0x60  Code  Lc  queue.o [1]
pvPortMalloc            0x08005e89   0x11e  Code  Gb  heap_4.o [1]
pvTaskIncrementMutexHeldCount
                        0x080045d1    0x14  Code  Gb  tasks.o [1]
pxCurrentTCB            0x20004774     0x4  Data  Gb  tasks.o [1]
pxDelayedTaskList       0x20004778     0x4  Data  Lc  tasks.o [1]
pxEnd                   0x2000013c     0x4  Data  Lc  heap_4.o [1]
pxOverflowDelayedTaskList
                        0x2000477c     0x4  Data  Lc  tasks.o [1]
pxPortInitialiseStack   0x08004d39    0x26  Code  Gb  port.o [1]
pxReadyTasksLists       0x20004908    0x8c  Data  Lc  tasks.o [1]
read_data_from_inner_flash
                        0x200042ac     0x4  Data  Lc  app_ano.o [1]
real_time_consume_us    0x20005118     0x4  Data  Gb  time.o [1]
rol_d                   0x2000499c     0x4  Data  Gb  app_ano.o [1]
rol_i                   0x20004998     0x4  Data  Gb  app_ano.o [1]
rol_p                   0x20004994     0x4  Data  Gb  app_ano.o [1]
roll_deg                0x20000030     0x4  Data  Gb  app_ins_ekf_quaternion.o [1]
ros_a_x                 0x20004d70     0x4  Data  Gb  app_ros.o [1]
ros_a_y                 0x20004d74     0x4  Data  Gb  app_ros.o [1]
ros_a_z                 0x20004d78     0x4  Data  Gb  app_ros.o [1]
ros_b_x                 0x20004d7c     0x4  Data  Gb  app_ros.o [1]
ros_b_y                 0x20004d80     0x4  Data  Gb  app_ros.o [1]
ros_b_z                 0x20004d84     0x4  Data  Gb  app_ros.o [1]
ros_c_x                 0x20004d88     0x4  Data  Gb  app_ros.o [1]
ros_c_y                 0x20004d8c     0x4  Data  Gb  app_ros.o [1]
ros_c_z                 0x20004d90     0x4  Data  Gb  app_ros.o [1]
ros_d_x                 0x20004d94     0x4  Data  Gb  app_ros.o [1]
ros_d_y                 0x20004d98     0x4  Data  Gb  app_ros.o [1]
ros_d_z                 0x20004d9c     0x4  Data  Gb  app_ros.o [1]
ros_data_receive_analyse
                        0x080096c1   0x270  Code  Gb  app_ros.o [1]
ros_data_receive_prepara
                        0x08009619    0xa8  Code  Gb  app_ros.o [1]
ros_e_x                 0x20004da0     0x4  Data  Gb  app_ros.o [1]
ros_e_y                 0x20004da4     0x4  Data  Gb  app_ros.o [1]
ros_e_z                 0x20004da8     0x4  Data  Gb  app_ros.o [1]
save_arry               0x20004164   0x12c  Data  Gb  flash_on_chip.o [1]
scalbln                 0x0800628d          Code  Gb  ldexp.o [4]
scalblnl                0x0800628d          Code  Gb  ldexp.o [4]
scalbn                  0x0800628d          Code  Gb  ldexp.o [4]
scalbnl                 0x0800628d          Code  Gb  ldexp.o [4]
segment_holding         0x08000189    0x1e  Code  Lc  dlmalloc.o [3]
send_pid_para           0x200042a0     0x4  Data  Lc  app_ano.o [1]
simpdelay               0x0800b4e5     0xe  Code  Lc  mpu9250.o [1]
sin                     0x08005e85     0x4  Code  Gb  cos_sin64.o [4]
sinl                    0x08005e85     0x4  Code  Gb  cos_sin64.o [4]
sqrt                    0x08003919          Code  Gb  sqrt.o [4]
sqrtl                   0x08003919          Code  Gb  sqrt.o [4]
state                   0x20004290     0x4  Data  Lc  app_ano.o [1]
state                   0x20005054     0x4  Data  Lc  app_ros.o [1]
strchr                  0x0800e531          Code  Gb  strchr.o [5]
strcmp                  0x0800cc8d          Code  Gb  strcmp.o [5]
strstr                  0x0800ca51    0x30  Code  Gb  strstr.o [3]
strtod                  0x0800549d     0x6  Code  Gb  strto64.o [4]
strtold                 0x0800549d     0x6  Code  Gb  strto64.o [4]
sysTickUptime           0x20005108     0x8  Data  Gb  time.o [1]
sys_alloc               0x08000745   0x164  Code  Lc  dlmalloc.o [3]
sys_trim                0x080008a9    0x66  Code  Lc  dlmalloc.o [3]
time_consume            0x20004868    0xa0  Data  Gb  time.o [1]
time_inc_tick           0x0800cc67    0x16  Code  Gb  time.o [1]
timer1_channel1_PE9_DiffCapture
                        0x20004a3c     0x4  Data  Gb  rc_pwm.o [1]
timer1_channel1_PE9_IC1Value1
                        0x20004a34     0x4  Data  Gb  rc_pwm.o [1]
timer1_channel1_PE9_IC1Value2
                        0x20004a38     0x4  Data  Gb  rc_pwm.o [1]
timer1_channel2_PE11_DiffCapture
                        0x20004a48     0x4  Data  Gb  rc_pwm.o [1]
timer1_channel2_PE11_IC1Value1
                        0x20004a40     0x4  Data  Gb  rc_pwm.o [1]
timer1_channel2_PE11_IC1Value2
                        0x20004a44     0x4  Data  Gb  rc_pwm.o [1]
timer1_channel3_PE13_DiffCapture
                        0x20004a54     0x4  Data  Gb  rc_pwm.o [1]
timer1_channel3_PE13_IC1Value1
                        0x20004a4c     0x4  Data  Gb  rc_pwm.o [1]
timer1_channel3_PE13_IC1Value2
                        0x20004a50     0x4  Data  Gb  rc_pwm.o [1]
timer1_channel4_PE14_DiffCapture
                        0x20004a60     0x4  Data  Gb  rc_pwm.o [1]
timer1_channel4_PE14_IC1Value1
                        0x20004a58     0x4  Data  Gb  rc_pwm.o [1]
timer1_channel4_PE14_IC1Value2
                        0x20004a5c     0x4  Data  Gb  rc_pwm.o [1]
timer2_channel1_PA5_DiffCapture
                        0x20004a6c     0x4  Data  Gb  rc_pwm.o [1]
timer2_channel1_PA5_IC1Value1
                        0x20004a64     0x4  Data  Gb  rc_pwm.o [1]
timer2_channel1_PA5_IC1Value2
                        0x20004a68     0x4  Data  Gb  rc_pwm.o [1]
timer2_channel2_PA1_DiffCapture
                        0x20004a78     0x4  Data  Gb  rc_pwm.o [1]
timer2_channel2_PA1_IC1Value1
                        0x20004a70     0x4  Data  Gb  rc_pwm.o [1]
timer2_channel2_PA1_IC1Value2
                        0x20004a74     0x4  Data  Gb  rc_pwm.o [1]
timer2_channel3_PB10_DiffCapture
                        0x20004a84     0x4  Data  Gb  rc_pwm.o [1]
timer2_channel3_PB10_IC1Value1
                        0x20004a7c     0x4  Data  Gb  rc_pwm.o [1]
timer2_channel3_PB10_IC1Value2
                        0x20004a80     0x4  Data  Gb  rc_pwm.o [1]
timer2_channel4_PB11_DiffCapture
                        0x20004a90     0x4  Data  Gb  rc_pwm.o [1]
timer2_channel4_PB11_IC1Value1
                        0x20004a88     0x4  Data  Gb  rc_pwm.o [1]
timer2_channel4_PB11_IC1Value2
                        0x20004a8c     0x4  Data  Gb  rc_pwm.o [1]
timer4_channel1_PD12_PWM_setvalue
                        0x0800b455    0x14  Code  Gb  motor_pwm.o [1]
timer4_channel2_PD13_PWM_setvalue
                        0x0800b47d    0x20  Code  Gb  motor_pwm.o [1]
timer4_channel3_PD14_PWM_setvalue
                        0x0800b49d    0x20  Code  Gb  motor_pwm.o [1]
timer4_channel4_PD15_PWM_setvalue
                        0x0800b4bd    0x20  Code  Gb  motor_pwm.o [1]
tmalloc_large           0x0800091d   0x384  Code  Lc  dlmalloc.o [3]
tmalloc_small           0x08000ca1   0x1fe  Code  Lc  dlmalloc.o [3]
tolower                 0x0800e547    0x14  Code  Gb  tolower.o [3]
ucHeap                  0x2000014c  0x3c00  Data  Lc  heap_4.o [1]
ucMaxSysCallPriority    0x20000090     0x1  Data  Lc  port.o [1]
ulMaxPRIGROUPValue      0x20000098     0x4  Data  Lc  port.o [1]
uwTick                  0x200000a0     0x4  Data  Gb  stm32f4xx_hal.o [1]
uwTickFreq              0x2000009c     0x1  Data  Gb  stm32f4xx_hal.o [1]
uwTickPrio              0x200000a4     0x4  Data  Gb  stm32f4xx_hal.o [1]
uxCriticalNesting       0x20000094     0x4  Data  Lc  port.o [1]
uxCurrentNumberOfTasks  0x20004798     0x4  Data  Lc  tasks.o [1]
uxDeletedTasksWaitingCleanUp
                        0x20004780     0x4  Data  Lc  tasks.o [1]
uxListRemove            0x080060b9    0x24  Code  Gb  list.o [1]
uxPendedTicks           0x200047a8     0x4  Data  Lc  tasks.o [1]
uxSchedulerSuspended    0x200047bc     0x4  Data  Lc  tasks.o [1]
uxTaskNumber            0x200047b4     0x4  Data  Lc  tasks.o [1]
uxTopReadyPriority      0x200047a0     0x4  Data  Lc  tasks.o [1]
vApplicationIdleHook    0x080060df     0x2  Code  Wk  freertos.o [1]
vApplicationTickHook    0x080060dd     0x2  Code  Wk  freertos.o [1]
vListInitialise         0x0800604d    0x1a  Code  Gb  list.o [1]
vListInitialiseItem     0x08006067     0x6  Code  Gb  list.o [1]
vListInsert             0x08006085    0x34  Code  Gb  list.o [1]
vListInsertEnd          0x0800606d    0x18  Code  Gb  list.o [1]
vPortEnableVFP          0x0800616d          Code  Gb  portasm.o [1]
vPortEnterCritical      0x08004e2d    0x32  Code  Gb  port.o [1]
vPortExitCritical       0x08004e5f    0x22  Code  Gb  port.o [1]
vPortFree               0x08005fa7    0x58  Code  Gb  heap_4.o [1]
vPortStartFirstTask     0x08006155          Code  Gb  portasm.o [1]
vPortValidateInterruptPriority
                        0x08004ea9    0x44  Code  Gb  port.o [1]
vTaskDelay              0x08004067    0x42  Code  Gb  tasks.o [1]
vTaskMissedYield        0x0800440f     0xa  Code  Gb  tasks.o [1]
vTaskPlaceOnEventList   0x080042eb    0x26  Code  Gb  tasks.o [1]
vTaskPriorityInherit    0x080044bf    0x80  Code  Gb  tasks.o [1]
vTaskSetTimeOutState    0x08004385    0x20  Code  Gb  tasks.o [1]
vTaskStartScheduler     0x080040a9    0x62  Code  Gb  tasks.o [1]
vTaskSuspendAll         0x0800410b     0xc  Code  Gb  tasks.o [1]
vTaskSwitchContext      0x08004291    0x5a  Code  Gb  tasks.o [1]
vel_down                0x20004bec     0x4  Data  Gb  app_ins_ekf_quaternion.o [1]
vel_east                0x20004be8     0x4  Data  Gb  app_ins_ekf_quaternion.o [1]
vel_north               0x20004be4     0x4  Data  Gb  app_ins_ekf_quaternion.o [1]
write_data_to_inner_flash
                        0x200042a8     0x4  Data  Lc  app_ano.o [1]
xBlockAllocatedBit      0x20000148     0x4  Data  Lc  heap_4.o [1]
xDelayedTaskList1       0x200047c0    0x14  Data  Lc  tasks.o [1]
xDelayedTaskList2       0x200047d4    0x14  Data  Lc  tasks.o [1]
xFreeBytesRemaining     0x20000140     0x4  Data  Lc  heap_4.o [1]
xIdleTaskHandle         0x200047e8     0x4  Data  Lc  tasks.o [1]
xMinimumEverFreeBytesRemaining
                        0x20000144     0x4  Data  Lc  heap_4.o [1]
xNextTaskUnblockTime    0x200047b8     0x4  Data  Lc  tasks.o [1]
xNumOfOverflows         0x200047b0     0x4  Data  Lc  tasks.o [1]
xPendingReadyList       0x2000474c    0x14  Data  Lc  tasks.o [1]
xPortStartScheduler     0x08004d89    0xa4  Code  Gb  port.o [1]
xPortSysTickHandler     0x08004e81    0x26  Code  Gb  port.o [1]
xQueueCreateCountingSemaphore
                        0x0800473f    0x4e  Code  Gb  queue.o [1]
xQueueGenericCreate     0x080046f7    0x48  Code  Gb  queue.o [1]
xQueueGenericReceive    0x08004a45   0x176  Code  Gb  queue.o [1]
xQueueGenericReset      0x08004671    0x86  Code  Gb  queue.o [1]
xQueueGenericSend       0x0800478d   0x15c  Code  Gb  queue.o [1]
xQueueGenericSendFromISR
                        0x080048f5    0xac  Code  Gb  queue.o [1]
xQueueGiveFromISR       0x080049a9    0x9c  Code  Gb  queue.o [1]
xQueueReceiveFromISR    0x08004bbb    0x8c  Code  Gb  queue.o [1]
xSchedulerRunning       0x200047a4     0x4  Data  Lc  tasks.o [1]
xStart                  0x20000134     0x8  Data  Lc  heap_4.o [1]
xSuspendedTaskList      0x20004784    0x14  Data  Lc  tasks.o [1]
xTaskCheckForTimeOut    0x080043a5    0x6a  Code  Gb  tasks.o [1]
xTaskCreate             0x08003eb9    0xca  Code  Gb  tasks.o [1]
xTaskGetSchedulerState  0x080044a7    0x18  Code  Gb  tasks.o [1]
xTaskIncrementTick      0x080041c3    0xce  Code  Gb  tasks.o [1]
xTaskPriorityDisinherit
                        0x0800453f    0x92  Code  Gb  tasks.o [1]
xTaskRemoveFromEventList
                        0x0800431b    0x64  Code  Gb  tasks.o [1]
xTaskResumeAll          0x08004117    0xac  Code  Gb  tasks.o [1]
xTasksWaitingTermination
                        0x20004760    0x14  Data  Lc  tasks.o [1]
xTickCount              0x2000479c     0x4  Data  Lc  tasks.o [1]
xYieldPending           0x200047ac     0x4  Data  Lc  tasks.o [1]
yaw_d                   0x200049b4     0x4  Data  Gb  app_ano.o [1]
yaw_deg                 0x20000038     0x4  Data  Gb  app_ins_ekf_quaternion.o [1]
yaw_i                   0x200049b0     0x4  Data  Gb  app_ano.o [1]
yaw_p                   0x200049ac     0x4  Data  Gb  app_ano.o [1]


[1] = D:\WORK\DEVO\CODE\SFOX_ZERO\SFOX_ZERO\EWARM\SFOX_ZERO\Obj
[2] = command line
[3] = dl7M_tlf.a
[4] = m7M_tls.a
[5] = rt7M_tl.a
[6] = shb_l.a

   59 510 bytes of readonly  code memory
      338 bytes of readonly  data memory
  108 324 bytes of readwrite data memory

Errors: none
Warnings: none
