###############################################################################
#
# IAR ELF Linker V8.22.1.15669/W32 for ARM                21/Sep/2018  02:26:38
# Copyright 2007-2018 IAR Systems AB.
#
#    Output file  =  
#        D:\WORK\DEVO\CODE\SFOX_ZERO\SFOX_ZERO\EWARM\SFOX_ZERO\Exe\SFOX_ZERO.out
#    Map file     =  
#        D:\WORK\DEVO\CODE\SFOX_ZERO\SFOX_ZERO\EWARM\SFOX_ZERO\List\SFOX_ZERO.map
#    Command line =  
#        -f C:\Users\tsuig\AppData\Local\Temp\EW53B9.tmp
#        (D:\WORK\DEVO\CODE\SFOX_ZERO\SFOX_ZERO\EWARM\SFOX_ZERO\Obj\app_ano.o
#        D:\WORK\DEVO\CODE\SFOX_ZERO\SFOX_ZERO\EWARM\SFOX_ZERO\Obj\app_ctrl.o
#        D:\WORK\DEVO\CODE\SFOX_ZERO\SFOX_ZERO\EWARM\SFOX_ZERO\Obj\app_ins.o
#        D:\WORK\DEVO\CODE\SFOX_ZERO\SFOX_ZERO\EWARM\SFOX_ZERO\Obj\app_ins_ekf_quaternion.o
#        D:\WORK\DEVO\CODE\SFOX_ZERO\SFOX_ZERO\EWARM\SFOX_ZERO\Obj\app_led.o
#        D:\WORK\DEVO\CODE\SFOX_ZERO\SFOX_ZERO\EWARM\SFOX_ZERO\Obj\app_ros.o
#        D:\WORK\DEVO\CODE\SFOX_ZERO\SFOX_ZERO\EWARM\SFOX_ZERO\Obj\app_uwb.o
#        D:\WORK\DEVO\CODE\SFOX_ZERO\SFOX_ZERO\EWARM\SFOX_ZERO\Obj\CMatrix.o
#        D:\WORK\DEVO\CODE\SFOX_ZERO\SFOX_ZERO\EWARM\SFOX_ZERO\Obj\cmsis_os.o
#        D:\WORK\DEVO\CODE\SFOX_ZERO\SFOX_ZERO\EWARM\SFOX_ZERO\Obj\croutine.o
#        D:\WORK\DEVO\CODE\SFOX_ZERO\SFOX_ZERO\EWARM\SFOX_ZERO\Obj\dma.o
#        D:\WORK\DEVO\CODE\SFOX_ZERO\SFOX_ZERO\EWARM\SFOX_ZERO\Obj\event_groups.o
#        D:\WORK\DEVO\CODE\SFOX_ZERO\SFOX_ZERO\EWARM\SFOX_ZERO\Obj\flash_on_chip.o
#        D:\WORK\DEVO\CODE\SFOX_ZERO\SFOX_ZERO\EWARM\SFOX_ZERO\Obj\freertos.o
#        D:\WORK\DEVO\CODE\SFOX_ZERO\SFOX_ZERO\EWARM\SFOX_ZERO\Obj\gpio.o
#        D:\WORK\DEVO\CODE\SFOX_ZERO\SFOX_ZERO\EWARM\SFOX_ZERO\Obj\heap_4.o
#        D:\WORK\DEVO\CODE\SFOX_ZERO\SFOX_ZERO\EWARM\SFOX_ZERO\Obj\list.o
#        D:\WORK\DEVO\CODE\SFOX_ZERO\SFOX_ZERO\EWARM\SFOX_ZERO\Obj\main.o
#        D:\WORK\DEVO\CODE\SFOX_ZERO\SFOX_ZERO\EWARM\SFOX_ZERO\Obj\motor_pwm.o
#        D:\WORK\DEVO\CODE\SFOX_ZERO\SFOX_ZERO\EWARM\SFOX_ZERO\Obj\mpu9250.o
#        D:\WORK\DEVO\CODE\SFOX_ZERO\SFOX_ZERO\EWARM\SFOX_ZERO\Obj\ms5803.o
#        D:\WORK\DEVO\CODE\SFOX_ZERO\SFOX_ZERO\EWARM\SFOX_ZERO\Obj\port.o
#        D:\WORK\DEVO\CODE\SFOX_ZERO\SFOX_ZERO\EWARM\SFOX_ZERO\Obj\portasm.o
#        D:\WORK\DEVO\CODE\SFOX_ZERO\SFOX_ZERO\EWARM\SFOX_ZERO\Obj\queue.o
#        D:\WORK\DEVO\CODE\SFOX_ZERO\SFOX_ZERO\EWARM\SFOX_ZERO\Obj\rc_pwm.o
#        D:\WORK\DEVO\CODE\SFOX_ZERO\SFOX_ZERO\EWARM\SFOX_ZERO\Obj\spi.o
#        D:\WORK\DEVO\CODE\SFOX_ZERO\SFOX_ZERO\EWARM\SFOX_ZERO\Obj\startup_stm32f407xx.o
#        D:\WORK\DEVO\CODE\SFOX_ZERO\SFOX_ZERO\EWARM\SFOX_ZERO\Obj\stm32f4xx_hal.o
#        D:\WORK\DEVO\CODE\SFOX_ZERO\SFOX_ZERO\EWARM\SFOX_ZERO\Obj\stm32f4xx_hal_cortex.o
#        D:\WORK\DEVO\CODE\SFOX_ZERO\SFOX_ZERO\EWARM\SFOX_ZERO\Obj\stm32f4xx_hal_dma.o
#        D:\WORK\DEVO\CODE\SFOX_ZERO\SFOX_ZERO\EWARM\SFOX_ZERO\Obj\stm32f4xx_hal_dma_ex.o
#        D:\WORK\DEVO\CODE\SFOX_ZERO\SFOX_ZERO\EWARM\SFOX_ZERO\Obj\stm32f4xx_hal_flash.o
#        D:\WORK\DEVO\CODE\SFOX_ZERO\SFOX_ZERO\EWARM\SFOX_ZERO\Obj\stm32f4xx_hal_flash_ex.o
#        D:\WORK\DEVO\CODE\SFOX_ZERO\SFOX_ZERO\EWARM\SFOX_ZERO\Obj\stm32f4xx_hal_flash_ramfunc.o
#        D:\WORK\DEVO\CODE\SFOX_ZERO\SFOX_ZERO\EWARM\SFOX_ZERO\Obj\stm32f4xx_hal_gpio.o
#        D:\WORK\DEVO\CODE\SFOX_ZERO\SFOX_ZERO\EWARM\SFOX_ZERO\Obj\stm32f4xx_hal_msp.o
#        D:\WORK\DEVO\CODE\SFOX_ZERO\SFOX_ZERO\EWARM\SFOX_ZERO\Obj\stm32f4xx_hal_pwr.o
#        D:\WORK\DEVO\CODE\SFOX_ZERO\SFOX_ZERO\EWARM\SFOX_ZERO\Obj\stm32f4xx_hal_pwr_ex.o
#        D:\WORK\DEVO\CODE\SFOX_ZERO\SFOX_ZERO\EWARM\SFOX_ZERO\Obj\stm32f4xx_hal_rcc.o
#        D:\WORK\DEVO\CODE\SFOX_ZERO\SFOX_ZERO\EWARM\SFOX_ZERO\Obj\stm32f4xx_hal_rcc_ex.o
#        D:\WORK\DEVO\CODE\SFOX_ZERO\SFOX_ZERO\EWARM\SFOX_ZERO\Obj\stm32f4xx_hal_spi.o
#        D:\WORK\DEVO\CODE\SFOX_ZERO\SFOX_ZERO\EWARM\SFOX_ZERO\Obj\stm32f4xx_hal_tim.o
#        D:\WORK\DEVO\CODE\SFOX_ZERO\SFOX_ZERO\EWARM\SFOX_ZERO\Obj\stm32f4xx_hal_tim_ex.o
#        D:\WORK\DEVO\CODE\SFOX_ZERO\SFOX_ZERO\EWARM\SFOX_ZERO\Obj\stm32f4xx_hal_timebase_TIM.o
#        D:\WORK\DEVO\CODE\SFOX_ZERO\SFOX_ZERO\EWARM\SFOX_ZERO\Obj\stm32f4xx_hal_uart.o
#        D:\WORK\DEVO\CODE\SFOX_ZERO\SFOX_ZERO\EWARM\SFOX_ZERO\Obj\stm32f4xx_it.o
#        D:\WORK\DEVO\CODE\SFOX_ZERO\SFOX_ZERO\EWARM\SFOX_ZERO\Obj\system_stm32f4xx.o
#        D:\WORK\DEVO\CODE\SFOX_ZERO\SFOX_ZERO\EWARM\SFOX_ZERO\Obj\tasks.o
#        D:\WORK\DEVO\CODE\SFOX_ZERO\SFOX_ZERO\EWARM\SFOX_ZERO\Obj\tim.o
#        D:\WORK\DEVO\CODE\SFOX_ZERO\SFOX_ZERO\EWARM\SFOX_ZERO\Obj\time.o
#        D:\WORK\DEVO\CODE\SFOX_ZERO\SFOX_ZERO\EWARM\SFOX_ZERO\Obj\timers.o
#        D:\WORK\DEVO\CODE\SFOX_ZERO\SFOX_ZERO\EWARM\SFOX_ZERO\Obj\usart.o
#        D:\WORK\DEVO\CODE\SFOX_ZERO\SFOX_ZERO\EWARM\SFOX_ZERO\Obj\usart_cfg.o
#        D:\WORK\DEVO\CODE\SFOX_ZERO\SFOX_ZERO\EWARM\SFOX_ZERO\Obj\uwb1000.o
#        --redirect _Printf=_PrintfFull --redirect _Scanf=_ScanfFull -o
#        D:\WORK\DEVO\CODE\SFOX_ZERO\SFOX_ZERO\EWARM\SFOX_ZERO\Exe\SFOX_ZERO.out
#        --map
#        D:\WORK\DEVO\CODE\SFOX_ZERO\SFOX_ZERO\EWARM\SFOX_ZERO\List\SFOX_ZERO.map
#        --config
#        D:\WORK\DEVO\CODE\SFOX_ZERO\SFOX_ZERO\EWARM/stm32f407xx_flash.icf
#        --semihosting --entry __iar_program_start "D:\Program Files (x86)\IAR
#        Systems\Embedded Workbench
#        8.0\arm\CMSIS\Lib\IAR\iar_cortexM4lf_math.a" --vfe --text_out locale)
#
###############################################################################

*******************************************************************************
*** RUNTIME MODEL ATTRIBUTES
***

CppFlavor       = *
__Heap_Handler  = DLMalloc
__SystemLibrary = DLib
__dlib_version  = 6


*******************************************************************************
*** HEAP SELECTION
***

The advanced heap was selected because the application calls memory
allocation functions outside of system library functions, and there
are calls to deallocation functions in the application.


*******************************************************************************
*** PLACEMENT SUMMARY
***

"A0":  place at 0x08000000 { ro section .intvec };
"P1":  place in [from 0x08000000 to 0x080fffff] { ro };
define block CSTACK with size = 1536, alignment = 8 { };
define block HEAP with size = 64K, alignment = 8 { };
"P2":  place in [from 0x20000000 to 0x2001ffff] {
          rw, block CSTACK, block HEAP };
initialize by copy { rw };

  Section            Kind        Address     Size  Object
  -------            ----        -------     ----  ------
"A0":                                       0x188
  .intvec            ro code  0x08000000    0x188  startup_stm32f407xx.o [1]
                            - 0x08000188    0x188

"P1":                                     0x10514
  .text              ro code  0x08000188   0x1d72  CMatrix.o [1]
  .text              ro code  0x08001efc   0x14d4  dlmalloc.o [3]
  .text              ro code  0x080033d0      0x6  ABImemclr4.o [5]
  .text              ro code  0x080033d6      0x4  heaptramp0.o [3]
  .text              ro code  0x080033dc      0x6  ABImemclr.o [5]
  .text              ro code  0x080033e2      0x6  abort.o [3]
  .text              ro code  0x080033e8     0x2c  xgetmemchunk.o [3]
  .text              ro code  0x08003414     0x32  ABImemset48.o [5]
  .text              ro code  0x08003448     0x5e  ABImemset.o [5]
  .text              ro code  0x080034a8     0x14  exit.o [6]
  .text              ro code  0x080034bc     0x2c  iarttio.o [6]
  .text              ro code  0x080034e8      0xc  XShttio.o [3]
  .text              ro code  0x080034f4   0x1554  app_ins_ekf_quaternion.o [1]
  .text              ro code  0x08004a48     0x48  FltToDbl.o [4]
  .text              ro code  0x08004a90    0x102  sqrt.o [4]
  .text              ro code  0x08004b94    0x246  DblDiv.o [4]
  .text              ro code  0x08004ddc     0x68  DblToFlt.o [4]
  .text              ro code  0x08004e44     0x22  math_wrappers64.o [4]
  .text              ro code  0x08004e68    0x1a2  DblMul.o [4]
  .text              ro code  0x0800500c     0xf0  asin64.o [4]
  .text              ro code  0x080050fc    0x13c  atan2_64.o [4]
  .text              ro code  0x08005238     0x2e  DblCmpLe.o [4]
  .text              ro code  0x08005268     0xe2  DblSub.o [4]
  .text              ro code  0x0800534c    0x178  DblAdd.o [4]
  .text              ro code  0x080054c4     0x5c  system_stm32f4xx.o [1]
  .text              ro code  0x08005520    0x208  iar_Atan64.o [4]
  .text              ro code  0x08005728     0x20  DblCmpEq.o [4]
  .text              ro code  0x08005748     0x2e  DblCmpGe.o [4]
  .text              ro code  0x08005778   0x142c  app_ano.o [1]
  .text              ro code  0x08006ba4    0x170  usart_cfg.o [1]
  .text              ro code  0x08006d14    0x144  cmsis_os.o [1]
  .text              ro code  0x08006e58     0x22  S32ToDbl.o [4]
  .text              ro code  0x08006e7c    0xd66  flash_on_chip.o [1]
  .text              ro code  0x08007be4    0x6a8  stm32f4xx_hal_uart.o [1]
  .text              ro code  0x0800828c    0x136  main.o [1]
  .text              ro code  0x080083c4    0x238  uwb1000.o [1]
  .text              ro code  0x080085fc    0x9bc  app_ros.o [1]
  .text              ro code  0x08008fb8    0xe64  tasks.o [1]
  .text              ro code  0x08009e1c    0x7ea  queue.o [1]
  .text              ro code  0x0800a608    0x24c  port.o [1]
  .text              ro code  0x0800a854     0x30  stm32f4xx_hal.o [1]
  .text              ro code  0x0800a884    0x2c4  stm32f4xx_hal_flash.o [1]
  .text              ro code  0x0800ab48    0x144  stm32f4xx_hal_flash_ex.o [1]
  .text              ro code  0x0800ac8c    0x618  usart.o [1]
  .text              ro code  0x0800b2a4    0x1fc  stm32f4xx_hal_rcc.o [1]
  .text              ro code  0x0800b4a0    0x440  stm32f4xx_hal_dma.o [1]
  .text              ro code  0x0800b8e0      0x2  stm32f4xx_hal_uart.o [1]
  .text              ro code  0x0800b8e2      0x2  stm32f4xx_hal_uart.o [1]
  .text              ro code  0x0800b8e4      0x2  stm32f4xx_hal_uart.o [1]
  .text              ro code  0x0800b8e8     0x38  stm32f4xx_hal.o [1]
  .text              ro code  0x0800b920    0x34c  stm32f4xx_hal_rcc.o [1]
  .text              ro code  0x0800bc6c     0xd8  stm32f4xx_hal_cortex.o [1]
  .text              ro code  0x0800bd44     0xb4  gpio.o [1]
  .text              ro code  0x0800bdf8     0xbc  dma.o [1]
  .text              ro code  0x0800beb4    0x224  spi.o [1]
  .text              ro code  0x0800c0d8    0x4c8  tim.o [1]
  .text              ro code  0x0800c5a0    0x320  rc_pwm.o [1]
  .text              ro code  0x0800c8c0    0x264  motor_pwm.o [1]
  .text              ro code  0x0800cb24    0xaf8  mpu9250.o [1]
  .text              ro code  0x0800d61c    0x4cc  ms5803.o [1]
  .text              ro code  0x0800dae8     0xcc  app_led.o [1]
  .text              ro code  0x0800dbb4    0x310  freertos.o [1]
  .text              ro code  0x0800dec4     0x14  stm32f4xx_hal.o [1]
  .text              ro code  0x0800ded8    0x174  iar_Stoulx.o [3]
  .text              ro code  0x0800e04c    0x2a0  heap_4.o [1]
  .text              ro code  0x0800e2ec     0xb8  list.o [1]
  .text              ro code  0x0800e3a4      0x2  freertos.o [1]
  .text              ro code  0x0800e3a6      0x2  freertos.o [1]
  .text              ro code  0x0800e3a8     0xa6  ABImemcpy.o [5]
  CODE               ro code  0x0800e450     0xa8  portasm.o [1]
  .text              ro code  0x0800e4f8      0xc  stm32f4xx_hal.o [1]
  .text              ro code  0x0800e504    0x208  stm32f4xx_hal_gpio.o [1]
  .text              ro code  0x0800e70c     0x80  stm32f4xx_hal_timebase_TIM.o [1]
  .text              ro code  0x0800e78c    0x272  I64DivMod.o [5]
  .text              ro code  0x0800ea00     0x98  stm32f4xx_hal_msp.o [1]
  .text              ro code  0x0800ea98    0xae8  stm32f4xx_hal_spi.o [1]
  .text              ro code  0x0800f580    0x92c  stm32f4xx_hal_tim.o [1]
  .text              ro code  0x0800feac     0x56  stm32f4xx_hal_tim_ex.o [1]
  .text              ro code  0x0800ff04     0x58  S64ToFlt.o [4]
  .text              ro code  0x0800ff5c     0x94  time.o [1]
  .text              ro code  0x0800fff0    0x1a8  app_ctrl.o [1]
  .text              ro code  0x08010198      0x4  app_uwb.o [1]
  .text              ro code  0x0801019c     0x14  isspace.o [3]
  .text              ro code  0x080101b0     0x14  tolower.o [3]
  .text              ro code  0x080101c4     0x58  memchr.o [5]
  .text              ro code  0x0801021c      0x2  I64DivZer.o [5]
  .text              ro code  0x0801021e      0x2  stm32f4xx_hal_spi.o [1]
  .text              ro code  0x08010220      0x2  stm32f4xx_hal_spi.o [1]
  .text              ro code  0x08010222      0x2  stm32f4xx_hal_spi.o [1]
  .text              ro code  0x08010224      0x2  stm32f4xx_hal_spi.o [1]
  .text              ro code  0x08010226      0x2  stm32f4xx_hal_tim.o [1]
  .text              ro code  0x08010228      0x2  stm32f4xx_hal_tim.o [1]
  .text              ro code  0x0801022a      0x2  stm32f4xx_hal_tim_ex.o [1]
  .text              ro code  0x0801022c      0x2  stm32f4xx_hal_tim.o [1]
  .text              ro code  0x0801022e      0x2  stm32f4xx_hal_tim_ex.o [1]
  .text              ro code  0x08010230     0x34  xlocale_c.o [3]
  .text              ro code  0x08010264     0xd4  stm32f4xx_it.o [1]
  .rodata            const    0x08010338     0x60  freertos.o [1]
  .rodata            const    0x08010398     0x40  app_ins_ekf_quaternion.o [1]
  .text              ro code  0x080103d8     0x40  zero_init3.o [5]
  .text              ro code  0x08010418     0x38  packbits_init_single.o [5]
  .text              ro code  0x08010450     0x28  data_init.o [5]
  .text              ro code  0x08010478     0x22  fpinit_M.o [4]
  .iar.init_table    const    0x0801049c     0x20  - Linker created -
  .text              ro code  0x080104bc     0x1e  cmain.o [5]
  .text              ro code  0x080104da      0x4  low_level_init.o [3]
  .text              ro code  0x080104de      0x4  exit.o [3]
  .text              ro code  0x080104e4      0xa  cexit.o [5]
  .text              ro code  0x080104f0     0x10  startup_stm32f407xx.o [1]
  .text              ro code  0x08010500      0xc  cstartup_M.o [5]
  .rodata            const    0x0801050c      0x8  system_stm32f4xx.o [1]
  .text              ro code  0x08010514      0x4  startup_stm32f407xx.o [1]
  .text              ro code  0x08010518      0x4  startup_stm32f407xx.o [1]
  .text              ro code  0x0801051c      0x4  startup_stm32f407xx.o [1]
  .text              ro code  0x08010520      0x4  startup_stm32f407xx.o [1]
  .text              ro code  0x08010524      0x4  startup_stm32f407xx.o [1]
  .text              ro code  0x08010528      0x4  startup_stm32f407xx.o [1]
  .text              ro code  0x0801052c      0x4  startup_stm32f407xx.o [1]
  .text              ro code  0x08010530      0x4  startup_stm32f407xx.o [1]
  .text              ro code  0x08010534      0x4  startup_stm32f407xx.o [1]
  .text              ro code  0x08010538      0x4  startup_stm32f407xx.o [1]
  .text              ro code  0x0801053c      0x4  startup_stm32f407xx.o [1]
  .text              ro code  0x08010540      0x4  startup_stm32f407xx.o [1]
  .text              ro code  0x08010544      0x4  startup_stm32f407xx.o [1]
  .text              ro code  0x08010548      0x4  startup_stm32f407xx.o [1]
  .text              ro code  0x0801054c      0x4  startup_stm32f407xx.o [1]
  .text              ro code  0x08010550      0x4  startup_stm32f407xx.o [1]
  .text              ro code  0x08010554      0x4  startup_stm32f407xx.o [1]
  .text              ro code  0x08010558      0x4  startup_stm32f407xx.o [1]
  .text              ro code  0x0801055c      0x4  startup_stm32f407xx.o [1]
  .text              ro code  0x08010560      0x4  startup_stm32f407xx.o [1]
  .text              ro code  0x08010564      0x4  startup_stm32f407xx.o [1]
  .text              ro code  0x08010568      0x4  startup_stm32f407xx.o [1]
  .text              ro code  0x0801056c      0x4  startup_stm32f407xx.o [1]
  .text              ro code  0x08010570      0x4  startup_stm32f407xx.o [1]
  .text              ro code  0x08010574      0x4  startup_stm32f407xx.o [1]
  .text              ro code  0x08010578      0x4  startup_stm32f407xx.o [1]
  .text              ro code  0x0801057c      0x4  startup_stm32f407xx.o [1]
  .text              ro code  0x08010580      0x4  startup_stm32f407xx.o [1]
  .text              ro code  0x08010584      0x4  startup_stm32f407xx.o [1]
  .text              ro code  0x08010588      0x4  startup_stm32f407xx.o [1]
  .text              ro code  0x0801058c      0x4  startup_stm32f407xx.o [1]
  .text              ro code  0x08010590      0x4  startup_stm32f407xx.o [1]
  .text              ro code  0x08010594      0x4  startup_stm32f407xx.o [1]
  .text              ro code  0x08010598      0x4  startup_stm32f407xx.o [1]
  .text              ro code  0x0801059c      0x4  startup_stm32f407xx.o [1]
  .text              ro code  0x080105a0      0x4  startup_stm32f407xx.o [1]
  .text              ro code  0x080105a4      0x4  startup_stm32f407xx.o [1]
  .text              ro code  0x080105a8      0x4  startup_stm32f407xx.o [1]
  .text              ro code  0x080105ac      0x4  startup_stm32f407xx.o [1]
  .text              ro code  0x080105b0      0x4  startup_stm32f407xx.o [1]
  .text              ro code  0x080105b4      0x4  startup_stm32f407xx.o [1]
  .text              ro code  0x080105b8      0x4  startup_stm32f407xx.o [1]
  .text              ro code  0x080105bc      0x4  startup_stm32f407xx.o [1]
  .text              ro code  0x080105c0      0x4  startup_stm32f407xx.o [1]
  .text              ro code  0x080105c4      0x4  startup_stm32f407xx.o [1]
  .text              ro code  0x080105c8      0x4  startup_stm32f407xx.o [1]
  .text              ro code  0x080105cc      0x4  startup_stm32f407xx.o [1]
  .text              ro code  0x080105d0      0x4  startup_stm32f407xx.o [1]
  .text              ro code  0x080105d4      0x4  startup_stm32f407xx.o [1]
  .text              ro code  0x080105d8      0x4  startup_stm32f407xx.o [1]
  .text              ro code  0x080105dc      0x4  startup_stm32f407xx.o [1]
  .text              ro code  0x080105e0      0x4  startup_stm32f407xx.o [1]
  .text              ro code  0x080105e4      0x4  startup_stm32f407xx.o [1]
  .text              ro code  0x080105e8      0x4  startup_stm32f407xx.o [1]
  .text              ro code  0x080105ec      0x4  startup_stm32f407xx.o [1]
  .text              ro code  0x080105f0      0x4  startup_stm32f407xx.o [1]
  .text              ro code  0x080105f4      0x4  startup_stm32f407xx.o [1]
  .text              ro code  0x080105f8      0x4  startup_stm32f407xx.o [1]
  .text              ro code  0x080105fc      0x4  startup_stm32f407xx.o [1]
  .text              ro code  0x08010600      0x4  startup_stm32f407xx.o [1]
  .text              ro code  0x08010604      0x4  startup_stm32f407xx.o [1]
  .text              ro code  0x08010608      0x4  startup_stm32f407xx.o [1]
  .text              ro code  0x0801060c      0x4  startup_stm32f407xx.o [1]
  .rodata            const    0x08010610      0x2  xlocale_c.o [3]
  .rodata            const    0x08010612      0x0  zero_init3.o [5]
  .rodata            const    0x08010612      0x0  packbits_init_single.o [5]
  Initializer bytes  const    0x08010612     0x78  <for P2-1>
                            - 0x0801068a  0x10502

"P2", part 1 of 3:                          0x188
  P2-1                        0x20000000    0x188  <Init block>
    .data            inited   0x20000000     0x60  app_ins_ekf_quaternion.o [1]
    .data            inited   0x20000060     0xbc  mpu9250.o [1]
    .data            inited   0x2000011c      0xc  port.o [1]
    .data            inited   0x20000128      0xc  stm32f4xx_hal.o [1]
    .data            inited   0x20000134      0x4  system_stm32f4xx.o [1]
    .data            inited   0x20000138     0x48  xlocale_c.o [3]
    .data            inited   0x20000180      0x8  XShttio.o [3]
                            - 0x20000188    0x188

"P2", part 2 of 3:                         0x50ac
  .bss               zero     0x20000188   0x3c18  heap_4.o [1]
  .bss               zero     0x20003da0    0x304  uwb1000.o [1]
  .bss               zero     0x200040a4    0x240  usart.o [1]
  .bss               zero     0x200042e4    0x1d8  dlmalloc.o [3]
  .bss               zero     0x200044bc    0x194  app_ano.o [1]
  .bss               zero     0x20004650    0x12c  flash_on_chip.o [1]
  .bss               zero     0x2000477c    0x128  tasks.o [1]
  .bss               zero     0x200048a4    0x114  app_ros.o [1]
  .bss               zero     0x200049b8     0xf8  time.o [1]
  .bss               zero     0x20004ab0     0xc8  app_ros.o [1]
  .bss               zero     0x20004b78     0xc0  spi.o [1]
  .bss               zero     0x20004c38     0xa0  time.o [1]
  .bss               zero     0x20004cd8     0x80  rc_pwm.o [1]
  .bss               zero     0x20004d58     0x5c  app_ctrl.o [1]
  .bss               zero     0x20004db4     0x58  spi.o [1]
  .bss               zero     0x20004e0c     0x58  spi.o [1]
  .bss               zero     0x20004e64     0x40  usart.o [1]
  .bss               zero     0x20004ea4     0x40  usart.o [1]
  .bss               zero     0x20004ee4     0x40  usart.o [1]
  .bss               zero     0x20004f24     0x40  usart.o [1]
  .bss               zero     0x20004f64     0x40  usart.o [1]
  .bss               zero     0x20004fa4     0x40  usart.o [1]
  .bss               zero     0x20004fe4     0x3c  app_ins_ekf_quaternion.o [1]
  .bss               zero     0x20005020     0x3c  stm32f4xx_hal_timebase_TIM.o [1]
  .bss               zero     0x2000505c     0x3c  tim.o [1]
  .bss               zero     0x20005098     0x3c  tim.o [1]
  .bss               zero     0x200050d4     0x3c  tim.o [1]
  .bss               zero     0x20005110     0x3c  tim.o [1]
  .bss               zero     0x2000514c     0x34  freertos.o [1]
  .bss               zero     0x20005180     0x2c  ms5803.o [1]
  .bss               zero     0x200051ac     0x20  stm32f4xx_hal_flash.o [1]
  .bss               zero     0x200051cc     0x18  dlmalloc.o [3]
  .bss               zero     0x200051e4     0x14  flash_on_chip.o [1]
  .bss               zero     0x200051f8     0x10  time.o [1]
  .bss               zero     0x20005208      0x5  usart_cfg.o [1]
  .bss               zero     0x20005210      0x4  motor_pwm.o [1]
  .bss               zero     0x20005214      0x4  motor_pwm.o [1]
  .bss               zero     0x20005218      0x4  motor_pwm.o [1]
  .bss               zero     0x2000521c      0x4  motor_pwm.o [1]
  .bss               zero     0x20005220      0x4  time.o [1]
  .bss               zero     0x20005224      0x4  time.o [1]
  .bss               zero     0x20005228      0x4  time.o [1]
  .bss               zero     0x2000522c      0x4  time.o [1]
  .bss               zero     0x20005230      0x4  xgetmemchunk.o [3]
                            - 0x20005234   0x50ac

"P2", part 3 of 3:                        0x10600
  CSTACK                      0x20005238    0x600  <Block>
    CSTACK           uninit   0x20005238    0x600  <Block tail>
  HEAP                        0x20005838  0x10000  <Block>
    HEAP             uninit   0x20005838  0x10000  <Block tail>
                            - 0x20015838  0x10600


*******************************************************************************
*** INIT TABLE
***

          Address     Size
          -------     ----
Zero (__iar_zero_init3)
    1 destination range, total size 0x50ac:
          0x20000188  0x50ac

Copy/packbits (__iar_packbits_init_single3)
    1 source range, total size 0x78 (30% of destination):
          0x08010612    0x78
    1 destination range, total size 0x188:
          0x20000000   0x188



*******************************************************************************
*** MODULE SUMMARY
***

    Module                        ro code  ro data  rw data
    ------                        -------  -------  -------
D:\WORK\DEVO\CODE\SFOX_ZERO\SFOX_ZERO\EWARM\SFOX_ZERO\Obj: [1]
    CMatrix.o                       7 538
    app_ano.o                       5 164               404
    app_ctrl.o                        424                92
    app_ins_ekf_quaternion.o        5 460       93      156
    app_led.o                         204
    app_ros.o                       2 492               476
    app_uwb.o                           4
    cmsis_os.o                        324
    dma.o                             188
    flash_on_chip.o                 3 430               320
    freertos.o                        788       96       52
    gpio.o                            180
    heap_4.o                          672            15 384
    list.o                            184
    main.o                            310
    motor_pwm.o                       612                16
    mpu9250.o                       2 808       57      188
    ms5803.o                        1 228                44
    port.o                            588        4       12
    portasm.o                         168
    queue.o                         2 026
    rc_pwm.o                          800               128
    spi.o                             548               368
    startup_stm32f407xx.o             660
    stm32f4xx_hal.o                   136        4       12
    stm32f4xx_hal_cortex.o            216
    stm32f4xx_hal_dma.o             1 088
    stm32f4xx_hal_flash.o             708                32
    stm32f4xx_hal_flash_ex.o          324
    stm32f4xx_hal_gpio.o              520
    stm32f4xx_hal_msp.o               152
    stm32f4xx_hal_rcc.o             1 352
    stm32f4xx_hal_spi.o             2 800
    stm32f4xx_hal_tim.o             2 354
    stm32f4xx_hal_tim_ex.o             90
    stm32f4xx_hal_timebase_TIM.o      128                60
    stm32f4xx_hal_uart.o            1 710
    stm32f4xx_it.o                    212
    system_stm32f4xx.o                 92        9        4
    tasks.o                         3 684               296
    tim.o                           1 224               240
    time.o                            148               440
    usart.o                         1 560               960
    usart_cfg.o                       368                 5
    uwb1000.o                         568               772
    -------------------------------------------------------
    Total:                         56 234      263   20 461

command line: [2]
    -------------------------------------------------------
    Total:

dl7M_tlf.a: [3]
    XShttio.o                          12        3        8
    abort.o                             6
    dlmalloc.o                      5 332               496
    exit.o                              4
    heaptramp0.o                        4
    iar_Stoulx.o                      372
    isspace.o                          20
    low_level_init.o                    4
    tolower.o                          20
    xgetmemchunk.o                     44                 4
    xlocale_c.o                        52       24       72
    -------------------------------------------------------
    Total:                          5 870       27      580

m7M_tls.a: [4]
    DblAdd.o                          376
    DblCmpEq.o                         32
    DblCmpGe.o                         46
    DblCmpLe.o                         46
    DblDiv.o                          582
    DblMul.o                          418
    DblSub.o                          226
    DblToFlt.o                        104
    FltToDbl.o                         72
    S32ToDbl.o                         34
    S64ToFlt.o                         88
    asin64.o                          240
    atan2_64.o                        316
    fpinit_M.o                         34
    iar_Atan64.o                      520
    math_wrappers64.o                  34
    sqrt.o                            258
    -------------------------------------------------------
    Total:                          3 426

rt7M_tl.a: [5]
    ABImemclr.o                         6
    ABImemclr4.o                        6
    ABImemcpy.o                       166
    ABImemset.o                        94
    ABImemset48.o                      50
    I64DivMod.o                       626
    I64DivZer.o                         2
    cexit.o                            10
    cmain.o                            30
    cstartup_M.o                       12
    data_init.o                        40
    memchr.o                           88
    packbits_init_single.o             56
    zero_init3.o                       64
    -------------------------------------------------------
    Total:                          1 250

shb_l.a: [6]
    exit.o                             20
    iarttio.o                          44
    -------------------------------------------------------
    Total:                             64

    Gaps                               42        2        3
    Linker created                              32   67 072
-----------------------------------------------------------
    Grand Total:                   66 886      324   88 116


*******************************************************************************
*** ENTRY LIST
***

Entry                      Address    Size  Type      Object
-----                      -------    ----  ----      ------
.iar.init_table$$Base   0x0801049c           --   Gb  - Linker created -
.iar.init_table$$Limit  0x080104bc           --   Gb  - Linker created -
?main                   0x080104bd          Code  Gb  cmain.o [5]
AHBPrescTable           0x08005510    0x10  Data  Gb  system_stm32f4xx.o [1]
ANCHOR_INDEX            0x2000408c     0x2  Data  Gb  uwb1000.o [1]
ANO_DT_Data_Receive_Anl
                        0x080060f5   0x7d6  Code  Gb  app_ano.o [1]
ANO_data_receive_prepara
                        0x08006021    0xd2  Code  Gb  app_ano.o [1]
APBPrescTable           0x0801050c     0x8  Data  Gb  system_stm32f4xx.o [1]
BusFault_Handler        0x0801026b     0x2  Code  Gb  stm32f4xx_it.o [1]
CSTACK$$Base            0x20005238           --   Gb  - Linker created -
CSTACK$$Limit           0x20005838           --   Gb  - Linker created -
DMA1_Stream3_IRQHandler
                        0x08010283     0x6  Code  Gb  stm32f4xx_it.o [1]
DMA1_Stream4_IRQHandler
                        0x08010289     0x6  Code  Gb  stm32f4xx_it.o [1]
DMA1_Stream6_IRQHandler
                        0x0801028f     0x6  Code  Gb  stm32f4xx_it.o [1]
DMA1_Stream7_IRQHandler
                        0x080102bf     0x6  Code  Gb  stm32f4xx_it.o [1]
DMA2_Stream0_IRQHandler
                        0x080102d1     0x6  Code  Gb  stm32f4xx_it.o [1]
DMA2_Stream3_IRQHandler
                        0x080102d7     0x6  Code  Gb  stm32f4xx_it.o [1]
DMA2_Stream6_IRQHandler
                        0x080102dd     0x6  Code  Gb  stm32f4xx_it.o [1]
DMA2_Stream7_IRQHandler
                        0x080102e3     0x6  Code  Gb  stm32f4xx_it.o [1]
DMA_CalcBaseAndBitshift::flagBitshiftOffset
                        0x0800b8d8     0x8  Data  Lc  stm32f4xx_hal_dma.o [1]
DebugMon_Handler        0x0801026f     0x2  Code  Gb  stm32f4xx_it.o [1]
EraseInitStruct         0x200051e4    0x14  Data  Gb  flash_on_chip.o [1]
FLASH_WaitForLastOperation
                        0x0800aa83    0xaa  Code  Gb  stm32f4xx_hal_flash.o [1]
FLASHinit               0x080079f5    0x14  Code  Gb  flash_on_chip.o [1]
HAL_DMA_Abort           0x0800b657    0x92  Code  Gb  stm32f4xx_hal_dma.o [1]
HAL_DMA_Abort_IT        0x0800b6e9    0x24  Code  Gb  stm32f4xx_hal_dma.o [1]
HAL_DMA_IRQHandler      0x0800b70f   0x1b6  Code  Gb  stm32f4xx_hal_dma.o [1]
HAL_DMA_Init            0x0800b4a1   0x126  Code  Gb  stm32f4xx_hal_dma.o [1]
HAL_DMA_Start_IT        0x0800b5c7    0x90  Code  Gb  stm32f4xx_hal_dma.o [1]
HAL_Delay               0x0800a855    0x30  Code  Wk  stm32f4xx_hal.o [1]
HAL_FLASHEx_Erase       0x0800ab49   0x13c  Code  Gb  stm32f4xx_hal_flash_ex.o [1]
HAL_FLASH_Lock          0x0800aa75     0xe  Code  Gb  stm32f4xx_hal_flash.o [1]
HAL_FLASH_Program       0x0800a885   0x1d4  Code  Gb  stm32f4xx_hal_flash.o [1]
HAL_FLASH_Unlock        0x0800aa59    0x1c  Code  Gb  stm32f4xx_hal_flash.o [1]
HAL_GPIO_Init           0x0800e505   0x1b6  Code  Gb  stm32f4xx_hal_gpio.o [1]
HAL_GPIO_ReadPin        0x0800e6bd    0x10  Code  Gb  stm32f4xx_hal_gpio.o [1]
HAL_GPIO_TogglePin      0x0800e6d9     0x8  Code  Gb  stm32f4xx_hal_gpio.o [1]
HAL_GPIO_WritePin       0x0800e6cd     0xc  Code  Gb  stm32f4xx_hal_gpio.o [1]
HAL_GetTick             0x0800e4f9     0xc  Code  Wk  stm32f4xx_hal.o [1]
HAL_IncTick             0x0800dec5    0x14  Code  Wk  stm32f4xx_hal.o [1]
HAL_Init                0x0800b8e9    0x34  Code  Gb  stm32f4xx_hal.o [1]
HAL_InitTick            0x0800e70d    0x70  Code  Gb  stm32f4xx_hal_timebase_TIM.o [1]
HAL_MspInit             0x0800ea01    0x98  Code  Gb  stm32f4xx_hal_msp.o [1]
HAL_NVIC_EnableIRQ      0x0800bcdf    0x12  Code  Gb  stm32f4xx_hal_cortex.o [1]
HAL_NVIC_SetPriority    0x0800bc87    0x58  Code  Gb  stm32f4xx_hal_cortex.o [1]
HAL_NVIC_SetPriorityGrouping
                        0x0800bc6d    0x1a  Code  Gb  stm32f4xx_hal_cortex.o [1]
HAL_RCC_ClockConfig     0x0800b2a5   0x11c  Code  Gb  stm32f4xx_hal_rcc.o [1]
HAL_RCC_GetClockConfig  0x0800b3ef    0x3e  Code  Gb  stm32f4xx_hal_rcc.o [1]
HAL_RCC_GetHCLKFreq     0x0800b3c1     0x6  Code  Gb  stm32f4xx_hal_rcc.o [1]
HAL_RCC_GetPCLK1Freq    0x0800b3c7    0x14  Code  Gb  stm32f4xx_hal_rcc.o [1]
HAL_RCC_GetPCLK2Freq    0x0800b3db    0x14  Code  Gb  stm32f4xx_hal_rcc.o [1]
HAL_RCC_OscConfig       0x0800b921   0x34c  Code  Wk  stm32f4xx_hal_rcc.o [1]
HAL_SPI_DMAStop         0x0800f30d    0x28  Code  Gb  stm32f4xx_hal_spi.o [1]
HAL_SPI_IRQHandler      0x0800f335   0x106  Code  Gb  stm32f4xx_hal_spi.o [1]
HAL_SPI_Init            0x0800ea99    0x82  Code  Gb  stm32f4xx_hal_spi.o [1]
HAL_SPI_MspInit         0x0800bf4d   0x138  Code  Gb  spi.o [1]
HAL_SPI_Receive         0x0800ed5f   0x142  Code  Gb  stm32f4xx_hal_spi.o [1]
HAL_SPI_Receive_DMA     0x0800f137    0xd6  Code  Gb  stm32f4xx_hal_spi.o [1]
HAL_SPI_RxCpltCallback  0x0800d129    0x20  Code  Gb  mpu9250.o [1]
HAL_SPI_Transmit        0x0800eb1d   0x242  Code  Gb  stm32f4xx_hal_spi.o [1]
HAL_SPI_TransmitReceive
                        0x0800eea1   0x296  Code  Gb  stm32f4xx_hal_spi.o [1]
HAL_SPI_TransmitReceive_DMA
                        0x0800f20d   0x100  Code  Gb  stm32f4xx_hal_spi.o [1]
HAL_SYSTICK_CLKSourceConfig
                        0x0800bd13    0x1a  Code  Gb  stm32f4xx_hal_cortex.o [1]
HAL_SYSTICK_Config      0x0800bcf1    0x22  Code  Gb  stm32f4xx_hal_cortex.o [1]
HAL_TIMEx_BreakCallback
                        0x0801022b     0x2  Code  Wk  stm32f4xx_hal_tim_ex.o [1]
HAL_TIMEx_CommutationCallback
                        0x0801022f     0x2  Code  Wk  stm32f4xx_hal_tim_ex.o [1]
HAL_TIMEx_MasterConfigSynchronization
                        0x0800fead    0x56  Code  Gb  stm32f4xx_hal_tim_ex.o [1]
HAL_TIM_Base_Init       0x0800f581    0xe2  Code  Gb  stm32f4xx_hal_tim.o [1]
HAL_TIM_Base_Start_IT   0x0800f663    0x16  Code  Gb  stm32f4xx_hal_tim.o [1]
HAL_TIM_IC_CaptureCallback
                        0x0800c5f3   0x2b2  Code  Gb  rc_pwm.o [1]
HAL_TIM_IC_ConfigChannel
                        0x0800fa73   0x1b4  Code  Gb  stm32f4xx_hal_tim.o [1]
HAL_TIM_IC_Init         0x0800f7c1    0xdc  Code  Gb  stm32f4xx_hal_tim.o [1]
HAL_TIM_IC_MspInit      0x0800c447    0xb6  Code  Gb  tim.o [1]
HAL_TIM_IC_Start_IT     0x0800f8a1    0x5e  Code  Gb  stm32f4xx_hal_tim.o [1]
HAL_TIM_IRQHandler      0x0800f929   0x14a  Code  Gb  stm32f4xx_hal_tim.o [1]
HAL_TIM_PWM_ConfigChannel
                        0x0800fc2d   0x212  Code  Gb  stm32f4xx_hal_tim.o [1]
HAL_TIM_PWM_Init        0x0800f679    0xe2  Code  Gb  stm32f4xx_hal_tim.o [1]
HAL_TIM_PWM_MspInit     0x0800c4fd    0x42  Code  Gb  tim.o [1]
HAL_TIM_PWM_Start       0x0800f75b    0x3c  Code  Gb  stm32f4xx_hal_tim.o [1]
HAL_TIM_PeriodElapsedCallback
                        0x08008399     0xe  Code  Gb  main.o [1]
HAL_TIM_ReadCapturedValue
                        0x0800fe5d    0x4e  Code  Gb  stm32f4xx_hal_tim.o [1]
HAL_UART_IRQHandler     0x08007f7f   0x270  Code  Gb  stm32f4xx_hal_uart.o [1]
HAL_UART_Init           0x08007be5   0x2b0  Code  Gb  stm32f4xx_hal_uart.o [1]
HAL_UART_MspInit        0x0800ae0d   0x41c  Code  Gb  usart.o [1]
HAL_UART_Receive_IT     0x08007ea5    0x54  Code  Gb  stm32f4xx_hal_uart.o [1]
HAL_UART_RxCpltCallback
                        0x08006c1b    0x7e  Code  Gb  usart_cfg.o [1]
HAL_UART_Transmit_DMA   0x08007ef9    0x86  Code  Gb  stm32f4xx_hal_uart.o [1]
HEAP$$Base              0x20005838           --   Gb  - Linker created -
HEAP$$Limit             0x20015838           --   Gb  - Linker created -
HardFault_Handler       0x08010267     0x2  Code  Gb  stm32f4xx_it.o [1]
MPU9250_ERROR           0x200000f0     0x4  Data  Gb  mpu9250.o [1]
MPU9250_Handler         0x20000098     0x4  Data  Gb  mpu9250.o [1]
MPU9250_Init            0x0800cb85   0x534  Code  Gb  mpu9250.o [1]
MPU9250_WriteReg        0x0800cb35    0x50  Code  Gb  mpu9250.o [1]
MPU9250_data_buffer     0x20000060    0x1c  Data  Gb  mpu9250.o [1]
MPU9250_data_push       0x0800d259   0x136  Code  Gb  mpu9250.o [1]
MPU9250_gyro_acc_calibrate_offset_func
                        0x0800d14d   0x10c  Code  Gb  mpu9250.o [1]
MPU9250_gyro_acc_calibrate_offset_func::cnt_g
                        0x20000096     0x2  Data  Lc  mpu9250.o [1]
MPU9250_gyro_acc_calibrate_offset_func::gyrox_high
                        0x200000f8     0x4  Data  Lc  mpu9250.o [1]
MPU9250_gyro_acc_calibrate_offset_func::gyrox_low
                        0x200000f4     0x4  Data  Lc  mpu9250.o [1]
MPU9250_gyro_acc_calibrate_offset_func::tempAcc
                        0x20000088     0xc  Data  Lc  mpu9250.o [1]
MPU9250_gyro_acc_calibrate_offset_func::tempGyro
                        0x2000007c     0xc  Data  Lc  mpu9250.o [1]
MPU9250_mag_calibrate::cnt
                        0x20000114     0x4  Data  Lc  mpu9250.o [1]
MPU9250_mag_calibrate::magx_high
                        0x20000100     0x4  Data  Lc  mpu9250.o [1]
MPU9250_mag_calibrate::magx_low
                        0x200000fc     0x4  Data  Lc  mpu9250.o [1]
MPU9250_mag_calibrate::magy_high
                        0x20000108     0x4  Data  Lc  mpu9250.o [1]
MPU9250_mag_calibrate::magy_low
                        0x20000104     0x4  Data  Lc  mpu9250.o [1]
MPU9250_mag_calibrate::magz_high
                        0x20000110     0x4  Data  Lc  mpu9250.o [1]
MPU9250_mag_calibrate::magz_low
                        0x2000010c     0x4  Data  Lc  mpu9250.o [1]
MPU9250_process         0x0800d39d   0x25a  Code  Gb  mpu9250.o [1]
MPU9250_process::MPU9250MagCalibrateStart
                        0x20000118     0x4  Data  Lc  mpu9250.o [1]
MPU9250_read_raw_data   0x0800d0d1    0x52  Code  Gb  mpu9250.o [1]
MS5803_C1               0x20005190     0x2  Data  Gb  ms5803.o [1]
MS5803_C2               0x20005192     0x2  Data  Gb  ms5803.o [1]
MS5803_C3               0x20005194     0x2  Data  Gb  ms5803.o [1]
MS5803_C4               0x20005196     0x2  Data  Gb  ms5803.o [1]
MS5803_C5               0x20005198     0x2  Data  Gb  ms5803.o [1]
MS5803_C6               0x2000519a     0x2  Data  Gb  ms5803.o [1]
MS5803_D1               0x2000519c     0x4  Data  Gb  ms5803.o [1]
MS5803_D2               0x200051a0     0x4  Data  Gb  ms5803.o [1]
MS5803_Handler          0x200051a8     0x4  Data  Gb  ms5803.o [1]
MS5803_Init             0x0800d61d   0x1e0  Code  Gb  ms5803.o [1]
MS5803_pressure         0x20005180     0x8  Data  Gb  ms5803.o [1]
MS5803_process          0x0800d7fd   0x2d6  Code  Gb  ms5803.o [1]
MS5803_temperature      0x20005188     0x8  Data  Gb  ms5803.o [1]
MX_DMA_Init             0x0800bdf9    0xbc  Code  Gb  dma.o [1]
MX_FREERTOS_Init        0x0800dbb5   0x12a  Code  Gb  freertos.o [1]
MX_GPIO_Init            0x0800bd45    0xb4  Code  Gb  gpio.o [1]
MX_SPI1_Init            0x0800beb5    0x4a  Code  Gb  spi.o [1]
MX_SPI2_Init            0x0800bf01    0x4a  Code  Gb  spi.o [1]
MX_TIM1_Init            0x0800c0d9    0xb0  Code  Gb  tim.o [1]
MX_TIM2_Init            0x0800c189    0xae  Code  Gb  tim.o [1]
MX_TIM3_Init            0x0800c237   0x10a  Code  Gb  tim.o [1]
MX_TIM4_Init            0x0800c341   0x106  Code  Gb  tim.o [1]
MX_UART4_Init           0x0800ac8d    0x40  Code  Gb  usart.o [1]
MX_UART5_Init           0x0800accd    0x40  Code  Gb  usart.o [1]
MX_USART1_UART_Init     0x0800ad0d    0x40  Code  Gb  usart.o [1]
MX_USART2_UART_Init     0x0800ad4d    0x40  Code  Gb  usart.o [1]
MX_USART3_UART_Init     0x0800ad8d    0x40  Code  Gb  usart.o [1]
MX_USART6_UART_Init     0x0800adcd    0x40  Code  Gb  usart.o [1]
MatAdd                  0x08001109   0x234  Code  Gb  CMatrix.o [1]
MatAt                   0x08001d05    0x5a  Code  Gb  CMatrix.o [1]
MatBlockCompose         0x080017a5   0x37c  Code  Gb  CMatrix.o [1]
MatBlockDecompose       0x08001b21   0x118  Code  Gb  CMatrix.o [1]
MatCopy                 0x08001dc9   0x132  Code  Gb  CMatrix.o [1]
MatCreate               0x08000189    0x7a  Code  Gb  CMatrix.o [1]
MatDelete               0x080002c7    0x76  Code  Gb  CMatrix.o [1]
MatDiag                 0x08001c39    0xcc  Code  Gb  CMatrix.o [1]
MatEye                  0x08000fd9    0xc4  Code  Gb  CMatrix.o [1]
MatInit                 0x08000203    0xc4  Code  Gb  CMatrix.o [1]
MatInverse              0x08000591   0xa44  Code  Gb  CMatrix.o [1]
MatMultiply             0x08000341   0x24c  Code  Gb  CMatrix.o [1]
MatScalarMultiply       0x08001571    0xd6  Code  Gb  CMatrix.o [1]
MatSetValAt             0x08001d5f    0x68  Code  Gb  CMatrix.o [1]
MatSub                  0x0800133d   0x234  Code  Gb  CMatrix.o [1]
MatTrans                0x08001649   0x15a  Code  Gb  CMatrix.o [1]
MatZeros                0x0800109d    0x6a  Code  Gb  CMatrix.o [1]
MemManage_Handler       0x08010269     0x2  Code  Gb  stm32f4xx_it.o [1]
NMI_Handler             0x08010265     0x2  Code  Gb  stm32f4xx_it.o [1]
PendSV_Handler          0x0800e451          Code  Gb  portasm.o [1]
RC_PWM                  0x20004cd8    0x20  Data  Gb  rc_pwm.o [1]
RC_PWM_init             0x0800c5a1    0x52  Code  Gb  rc_pwm.o [1]
Region$$Table$$Base     0x0801049c           --   Gb  - Linker created -
Region$$Table$$Limit    0x080104bc           --   Gb  - Linker created -
RxBuffer                0x20004520    0x34  Data  Lc  app_ano.o [1]
RxBuffer                0x200048a4    0xc8  Data  Lc  app_ros.o [1]
SPI1_IRQHandler         0x080102a1     0x6  Code  Gb  stm32f4xx_it.o [1]
SPI_DMAAbortOnError     0x0800f575     0xc  Code  Lc  stm32f4xx_hal_spi.o [1]
SPI_DMAError            0x0800f555    0x1e  Code  Lc  stm32f4xx_hal_spi.o [1]
SPI_DMAHalfReceiveCplt  0x0800f545     0x6  Code  Lc  stm32f4xx_hal_spi.o [1]
SPI_DMAHalfTransmitReceiveCplt
                        0x0800f54d     0x6  Code  Lc  stm32f4xx_hal_spi.o [1]
SPI_DMAReceiveCplt      0x0800f43d    0x4e  Code  Lc  stm32f4xx_hal_spi.o [1]
SPI_DMATransmitReceiveCplt
                        0x0800f48d    0xb8  Code  Lc  stm32f4xx_hal_spi.o [1]
SVC_Handler             0x0800e4a9          Code  Gb  portasm.o [1]
StartDefaultTask        0x0800dcdf     0xc  Code  Gb  freertos.o [1]
StartTask02LED          0x0800dced     0xa  Code  Gb  freertos.o [1]
StartTask03COM          0x0800dcf9    0x40  Code  Gb  freertos.o [1]
StartTask04MPU9250      0x0800dd39    0x3a  Code  Gb  freertos.o [1]
StartTask05MS5803       0x0800dd75    0x10  Code  Gb  freertos.o [1]
StartTask06BackEnd      0x0800dd85    0x42  Code  Gb  freertos.o [1]
StartTask07UWB          0x0800ddc9    0x3a  Code  Gb  freertos.o [1]
SysTick_Handler         0x08010271    0x12  Code  Gb  stm32f4xx_it.o [1]
SystemCoreClock         0x20000134     0x4  Data  Gb  system_stm32f4xx.o [1]
SystemInit              0x080054c5    0x3c  Code  Gb  system_stm32f4xx.o [1]
TIM1_CC_IRQHandler      0x08010295     0x6  Code  Gb  stm32f4xx_it.o [1]
TIM2_IRQHandler         0x0801029b     0x6  Code  Gb  stm32f4xx_it.o [1]
TIM8_TRG_COM_TIM14_IRQHandler
                        0x080102b9     0x6  Code  Gb  stm32f4xx_it.o [1]
UART4_IRQHandler        0x080102c5     0x6  Code  Gb  stm32f4xx_it.o [1]
UART5_IRQHandler        0x080102cb     0x6  Code  Gb  stm32f4xx_it.o [1]
UART_DMAAbortOnError    0x08008281     0xc  Code  Lc  stm32f4xx_hal_uart.o [1]
UART_DMAError           0x08008225    0x5c  Code  Lc  stm32f4xx_hal_uart.o [1]
UART_DMATransmitCplt    0x080081f1    0x2a  Code  Lc  stm32f4xx_hal_uart.o [1]
UART_DMATxHalfCplt      0x0800821d     0x6  Code  Lc  stm32f4xx_hal_uart.o [1]
USART1_DMA_send_data    0x08006c99     0xa  Code  Gb  usart_cfg.o [1]
USART1_IRQHandler       0x080102a7     0x6  Code  Gb  stm32f4xx_it.o [1]
USART2_IRQHandler       0x080102ad     0x6  Code  Gb  stm32f4xx_it.o [1]
USART3_IRQHandler       0x080102b3     0x6  Code  Gb  stm32f4xx_it.o [1]
USART4_DMA_send_data    0x08006ca3     0xa  Code  Gb  usart_cfg.o [1]
USART6_IRQHandler       0x080102e9     0x6  Code  Gb  stm32f4xx_it.o [1]
USART_init              0x08006ba5    0x76  Code  Gb  usart_cfg.o [1]
UpdateTheFLASH          0x08007a21    0x98  Code  Gb  flash_on_chip.o [1]
UsageFault_Handler      0x0801026d     0x2  Code  Gb  stm32f4xx_it.o [1]
_Error_Handler          0x080083c1     0x2  Code  Gb  main.o [1]
_LocaleC_isspace        0x0801023d    0x14  Code  Gb  xlocale_c.o [3]
_LocaleC_isupper        0x08010231     0x2  Code  Gb  xlocale_c.o [3]
_LocaleC_tolower        0x08010251     0xc  Code  Gb  xlocale_c.o [3]
__aeabi_cdcmpeq         0x08005729          Code  Gb  DblCmpEq.o [4]
__aeabi_cdcmple         0x08005239          Code  Gb  DblCmpLe.o [4]
__aeabi_cdrcmple        0x08005749          Code  Gb  DblCmpGe.o [4]
__aeabi_d2f             0x08004ddd          Code  Gb  DblToFlt.o [4]
__aeabi_dadd            0x0800534d          Code  Gb  DblAdd.o [4]
__aeabi_ddiv            0x08004b95          Code  Gb  DblDiv.o [4]
__aeabi_dmul            0x08004e69          Code  Gb  DblMul.o [4]
__aeabi_dsub            0x08005269          Code  Gb  DblSub.o [4]
__aeabi_f2d             0x08004a49          Code  Gb  FltToDbl.o [4]
__aeabi_i2d             0x08006e59          Code  Gb  S32ToDbl.o [4]
__aeabi_l2f             0x0800ff05          Code  Gb  S64ToFlt.o [4]
__aeabi_ldiv0           0x0801021d          Code  Gb  I64DivZer.o [5]
__aeabi_ldivmod         0x0800e78d          Code  Gb  I64DivMod.o [5]
__aeabi_memclr          0x080033dd          Code  Gb  ABImemclr.o [5]
__aeabi_memclr4         0x080033d1          Code  Gb  ABImemclr4.o [5]
__aeabi_memcpy          0x0800e3a9          Code  Gb  ABImemcpy.o [5]
__aeabi_memcpy4         0x0800e3c9          Code  Gb  ABImemcpy.o [5]
__aeabi_memcpy8         0x0800e3c9          Code  Gb  ABImemcpy.o [5]
__aeabi_uldivmod        0x0800e7d1          Code  Gb  I64DivMod.o [5]
__cmain                 0x080104bd          Code  Gb  cmain.o [5]
__data_GetMemChunk      0x080033e9    0x2c  Code  Gb  xgetmemchunk.o [3]
__data_GetMemChunk::start
                        0x20005230     0x4  Data  Lc  xgetmemchunk.o [3]
__exit                  0x080034a9    0x14  Code  Gb  exit.o [6]
__iar_Atan64            0x08005521   0x170  Code  Gb  iar_Atan64.o [4]
__iar_Memchr            0x080101c5          Code  Gb  memchr.o [5]
__iar_Memset4_word      0x08003415          Code  Gb  ABImemset48.o [5]
__iar_Memset8_word      0x08003415          Code  Gb  ABImemset48.o [5]
__iar_Memset_word       0x08003449          Code  Gb  ABImemset.o [5]
__iar_Stoulx            0x0800ded9   0x112  Code  Gb  iar_Stoulx.o [3]
__iar_asin64            0x0800500d    0xf0  Code  Gb  asin64.o [4]
__iar_atan2_64          0x080050fd   0x13c  Code  Gb  atan2_64.o [4]
__iar_close_ttio        0x080034bd    0x2c  Code  Gb  iarttio.o [6]
__iar_dadd              0x08005279          Code  Gb  DblSub.o [4]
__iar_data_init3        0x08010451    0x28  Code  Gb  data_init.o [5]
__iar_dlfree            0x08002ed7   0x4f6  Code  Gb  dlmalloc.o [3]
__iar_dlmalloc          0x08002c21   0x2b6  Code  Gb  dlmalloc.o [3]
__iar_dsub              0x0800535d          Code  Gb  DblAdd.o [4]
__iar_dsubStart         0x0800536f          Code  Gb  DblAdd.o [4]
__iar_globLocale        0x20000138    0x48  Data  Lc  xlocale_c.o [3]
__iar_global_Locale     0x0801025d     0x4  Code  Gb  xlocale_c.o [3]
__iar_init_vfp          0x08010479          Code  Gb  fpinit_M.o [4]
__iar_lookup_ttioh      0x080034e9     0x4  Code  Gb  XShttio.o [3]
__iar_packbits_init_single3
                        0x08010419    0x38  Code  Gb  packbits_init_single.o [5]
__iar_program_start     0x08010501          Code  Gb  cstartup_M.o [5]
__iar_sqrt64            0x08004aa1          Code  Gb  sqrt.o [4]
__iar_systems$$module {Abs}
                        0x00000001          Data  Gb  command line/config [2]
__iar_ttio_handles      0x20000180     0x8  Data  Lc  XShttio.o [3]
__iar_vfp___iar_sqrt64  0x08004a91          Code  Gb  sqrt.o [4]
__iar_vfp_asin          0x08004e4b     0xc  Code  Gb  math_wrappers64.o [4]
__iar_vfp_atan2         0x08004e57    0x10  Code  Gb  math_wrappers64.o [4]
__iar_vfp_sqrt          0x08004a91          Code  Gb  sqrt.o [4]
__iar_vfp_sqrtl         0x08004a91          Code  Gb  sqrt.o [4]
__iar_zero_init3        0x080103d9    0x40  Code  Gb  zero_init3.o [5]
__low_level_init        0x080104db     0x4  Code  Gb  low_level_init.o [3]
__vector_table          0x08000000          Data  Gb  startup_stm32f407xx.o [1]
_buf_index              0x2000409c     0x4  Data  Lc  uwb1000.o [1]
_call_main              0x080104c9          Code  Gb  cmain.o [5]
_comma_index            0x200040a0     0x4  Data  Lc  uwb1000.o [1]
_data_cnt               0x2000455c     0x4  Data  Lc  app_ano.o [1]
_data_cnt               0x200049b0     0x4  Data  Lc  app_ros.o [1]
_data_cnt               0x20004098     0x4  Data  Lc  uwb1000.o [1]
_data_len               0x20004558     0x4  Data  Lc  app_ano.o [1]
_data_len               0x200049ac     0x4  Data  Lc  app_ros.o [1]
_data_len               0x20004094     0x4  Data  Lc  uwb1000.o [1]
_exit                   0x080104e5          Code  Gb  cexit.o [5]
_gm_                    0x200042e4   0x1d8  Data  Lc  dlmalloc.o [3]
_main                   0x080104d7          Code  Gb  cmain.o [5]
a                       0x080056e8    0x40  Data  Lc  iar_Atan64.o [4]
aRxBuffer1              0x20005208     0x1  Data  Gb  usart_cfg.o [1]
aRxBuffer2              0x20005209     0x1  Data  Gb  usart_cfg.o [1]
aRxBuffer3              0x2000520b     0x1  Data  Gb  usart_cfg.o [1]
aRxBuffer5              0x2000520a     0x1  Data  Gb  usart_cfg.o [1]
aRxBuffer6              0x2000520c     0x1  Data  Gb  usart_cfg.o [1]
abort                   0x080033e3     0x6  Code  Gb  abort.o [3]
accx_mps                0x20004ff0     0x4  Data  Gb  app_ins_ekf_quaternion.o [1]
accx_raw_bias_mps       0x200000a8     0x4  Data  Gb  mpu9250.o [1]
accx_raw_mps            0x2000009c     0x4  Data  Gb  mpu9250.o [1]
accy_mps                0x20004ff4     0x4  Data  Gb  app_ins_ekf_quaternion.o [1]
accy_raw_bias_mps       0x200000ac     0x4  Data  Gb  mpu9250.o [1]
accy_raw_mps            0x200000a0     0x4  Data  Gb  mpu9250.o [1]
accz_mps                0x20004ff8     0x4  Data  Gb  app_ins_ekf_quaternion.o [1]
accz_raw_bias_mps       0x200000b0     0x4  Data  Gb  mpu9250.o [1]
accz_raw_mps            0x200000a4     0x4  Data  Gb  mpu9250.o [1]
add_segment             0x080022c1   0x1f2  Code  Lc  dlmalloc.o [3]
alt_d                   0x200045a0     0x4  Data  Gb  app_ano.o [1]
alt_i                   0x2000459c     0x4  Data  Gb  app_ano.o [1]
alt_p                   0x20004598     0x4  Data  Gb  app_ano.o [1]
anchor                  0x20003da0   0x2d0  Data  Gb  uwb1000.o [1]
anchor_index            0x2000408e     0x1  Data  Gb  uwb1000.o [1]
ano_data_to_send        0x200044bc    0x64  Data  Lc  app_ano.o [1]
ano_process             0x080068cd   0x298  Code  Gb  app_ano.o [1]
ano_process::delay_cnt  0x2000464c     0x4  Data  Lc  app_ano.o [1]
app_ano_time_consume_us
                        0x20005220     0x4  Data  Gb  time.o [1]
app_backend_time_consume_us
                        0x20005224     0x4  Data  Gb  time.o [1]
app_ctrl_thread         0x0800fff1   0x170  Code  Gb  app_ctrl.o [1]
app_ins_ekf_quaternion_thread
                        0x080034f5    0xa0  Code  Gb  app_ins_ekf_quaternion.o [1]
app_led_thread          0x0800dae9    0x96  Code  Gb  app_led.o [1]
app_ros_thread          0x08008ea5    0xe0  Code  Gb  app_ros.o [1]
app_uwb_thread          0x08010199     0x4  Code  Gb  app_uwb.o [1]
app_uwb_time_consume_us
                        0x2000522c     0x4  Data  Gb  time.o [1]
asin                    0x0800500d    0xf0  Code  Gb  asin64.o [4]
asinl                   0x0800500d    0xf0  Code  Gb  asin64.o [4]
atan2                   0x080050fd   0x13c  Code  Gb  atan2_64.o [4]
atan2l                  0x080050fd   0x13c  Code  Gb  atan2_64.o [4]
atoi                    0x0800dff1     0x2  Code  Gb  iar_Stoulx.o [3]
cycle_T                 0x200049c0    0xf0  Data  Gb  time.o [1]
d1d2_convert_step       0x200051a4     0x4  Data  Lc  ms5803.o [1]
data_from_ANO_updata    0x20004568     0x4  Data  Lc  app_ano.o [1]
data_from_ros_updata    0x200049b4     0x4  Data  Lc  app_ros.o [1]
data_parse_state        0x2000408f     0x1  Data  Gb  uwb1000.o [1]
data_trans_with_ano     0x08005779   0x8a0  Code  Gb  app_ano.o [1]
defaultTaskHandle       0x2000514c     0x4  Data  Gb  freertos.o [1]
det_t_s                 0x200051f8    0x10  Data  Gb  time.o [1]
digits                  0x0800dffc    0x28  Data  Lc  iar_Stoulx.o [3]
ekf_P                   0x20000054     0xc  Data  Gb  app_ins_ekf_quaternion.o [1]
ekf_basedon_quaternion  0x080035c5  0x147a  Code  Gb  app_ins_ekf_quaternion.o [1]
ekf_basedon_quaternion::RunOnce
                        0x20000044     0x4  Data  Lc  app_ins_ekf_quaternion.o [1]
ekf_sigmas_accelBias_process_noise_mps2
                        0x20000034     0x4  Data  Gb  app_ins_ekf_quaternion.o [1]
ekf_sigmas_accel_bias_mps2
                        0x20000020     0x4  Data  Gb  app_ins_ekf_quaternion.o [1]
ekf_sigmas_gyroBias_process_noise_rps
                        0x20000030     0x4  Data  Gb  app_ins_ekf_quaternion.o [1]
ekf_sigmas_gyro_bias_rps
                        0x2000001c     0x4  Data  Gb  app_ins_ekf_quaternion.o [1]
ekf_sigmas_mag3D_unitVector_meas
                        0x20000038     0x4  Data  Gb  app_ins_ekf_quaternion.o [1]
ekf_sigmas_pos_meas_m   0x2000003c     0x4  Data  Gb  app_ins_ekf_quaternion.o [1]
ekf_sigmas_pos_process_noise_m
                        0x20000028     0x4  Data  Gb  app_ins_ekf_quaternion.o [1]
ekf_sigmas_quad_process_noise
                        0x20000024     0x4  Data  Gb  app_ins_ekf_quaternion.o [1]
ekf_sigmas_vel_meas_m   0x20000040     0x4  Data  Gb  app_ins_ekf_quaternion.o [1]
ekf_sigmas_vel_process_noise_mps
                        0x2000002c     0x4  Data  Gb  app_ins_ekf_quaternion.o [1]
ekf_xhat                0x20000048     0xc  Data  Gb  app_ins_ekf_quaternion.o [1]
exit                    0x080104df     0x4  Code  Gb  exit.o [3]
flash_byte_to_float     0x08007bb5    0x2e  Code  Gb  flash_on_chip.o [1]
flash_read_parameters   0x080075c9   0x428  Code  Gb  flash_on_chip.o [1]
flash_save_parameters   0x08006e7d   0x71a  Code  Gb  flash_on_chip.o [1]
free                    0x080033d7     0x4  Code  Gb  heaptramp0.o [3]
get_cycle_time          0x0800ff5d    0x4e  Code  Gb  time.o [1]
get_data_from_ANO       0x20004560     0x4  Data  Lc  app_ano.o [1]
get_sys_time_us         0x0800ffab    0x22  Code  Gb  time.o [1]
gravity_mps2            0x2000000c     0x4  Data  Gb  app_ins_ekf_quaternion.o [1]
gyrox_raw_bias_dps      0x200000c0     0x4  Data  Gb  mpu9250.o [1]
gyrox_raw_dps           0x200000b4     0x4  Data  Gb  mpu9250.o [1]
gyrox_rps               0x20004fe4     0x4  Data  Gb  app_ins_ekf_quaternion.o [1]
gyroy_raw_bias_dps      0x200000c4     0x4  Data  Gb  mpu9250.o [1]
gyroy_raw_dps           0x200000b8     0x4  Data  Gb  mpu9250.o [1]
gyroy_rps               0x20004fe8     0x4  Data  Gb  app_ins_ekf_quaternion.o [1]
gyroz_raw_bias_dps      0x200000c8     0x4  Data  Gb  mpu9250.o [1]
gyroz_raw_dps           0x200000bc     0x4  Data  Gb  mpu9250.o [1]
gyroz_rps               0x20004fec     0x4  Data  Gb  app_ins_ekf_quaternion.o [1]
hdma_spi1_rx            0x20004b78    0x60  Data  Gb  spi.o [1]
hdma_spi1_tx            0x20004bd8    0x60  Data  Gb  spi.o [1]
hdma_uart4_tx           0x200040a4    0x60  Data  Gb  usart.o [1]
hdma_uart5_tx           0x20004104    0x60  Data  Gb  usart.o [1]
hdma_usart1_tx          0x20004164    0x60  Data  Gb  usart.o [1]
hdma_usart2_tx          0x200041c4    0x60  Data  Gb  usart.o [1]
hdma_usart3_tx          0x20004224    0x60  Data  Gb  usart.o [1]
hdma_usart6_tx          0x20004284    0x60  Data  Gb  usart.o [1]
hspi1                   0x20004db4    0x58  Data  Gb  spi.o [1]
hspi2                   0x20004e0c    0x58  Data  Gb  spi.o [1]
htim1                   0x2000505c    0x3c  Data  Gb  tim.o [1]
htim14                  0x20005020    0x3c  Data  Gb  stm32f4xx_hal_timebase_TIM.o [1]
htim2                   0x20005098    0x3c  Data  Gb  tim.o [1]
htim3                   0x200050d4    0x3c  Data  Gb  tim.o [1]
htim4                   0x20005110    0x3c  Data  Gb  tim.o [1]
huart1                  0x20004ee4    0x40  Data  Gb  usart.o [1]
huart2                  0x20004f24    0x40  Data  Gb  usart.o [1]
huart3                  0x20004f64    0x40  Data  Gb  usart.o [1]
huart4                  0x20004e64    0x40  Data  Gb  usart.o [1]
huart5                  0x20004ea4    0x40  Data  Gb  usart.o [1]
huart6                  0x20004fa4    0x40  Data  Gb  usart.o [1]
init_mparams            0x08001f1b    0x32  Code  Lc  dlmalloc.o [3]
init_top                0x08001f4d    0x32  Code  Lc  dlmalloc.o [3]
isspace                 0x0801019d    0x14  Code  Gb  isspace.o [3]
large_pos_uncertainty_m
                        0x20000014     0x4  Data  Gb  app_ins_ekf_quaternion.o [1]
large_quad_uncertainty  0x20000010     0x4  Data  Gb  app_ins_ekf_quaternion.o [1]
large_vel_uncertainty_mps
                        0x20000018     0x4  Data  Gb  app_ins_ekf_quaternion.o [1]
led_init                0x0800db7f    0x20  Code  Gb  app_led.o [1]
magx_gain               0x200000e4     0x4  Data  Gb  mpu9250.o [1]
magx_offset             0x200000d8     0x4  Data  Gb  mpu9250.o [1]
magx_raw_uT             0x200000cc     0x4  Data  Gb  mpu9250.o [1]
magx_ut                 0x20004ffc     0x4  Data  Gb  app_ins_ekf_quaternion.o [1]
magy_gain               0x200000e8     0x4  Data  Gb  mpu9250.o [1]
magy_offset             0x200000dc     0x4  Data  Gb  mpu9250.o [1]
magy_raw_uT             0x200000d0     0x4  Data  Gb  mpu9250.o [1]
magy_ut                 0x20005000     0x4  Data  Gb  app_ins_ekf_quaternion.o [1]
magz_gain               0x200000ec     0x4  Data  Gb  mpu9250.o [1]
magz_offset             0x200000e0     0x4  Data  Gb  mpu9250.o [1]
magz_raw_uT             0x200000d4     0x4  Data  Gb  mpu9250.o [1]
magz_ut                 0x20005004     0x4  Data  Gb  app_ins_ekf_quaternion.o [1]
main                    0x0800828d   0x10c  Code  Gb  main.o [1]
memchr                  0x080101c5          Code  Gb  memchr.o [5]
motor1_output           0x20005210     0x4  Data  Gb  motor_pwm.o [1]
motor2_output           0x20005214     0x4  Data  Gb  motor_pwm.o [1]
motor3_output           0x20005218     0x4  Data  Gb  motor_pwm.o [1]
motor4_output           0x2000521c     0x4  Data  Gb  motor_pwm.o [1]
motor_esc_init          0x0800c8c1   0x1cc  Code  Gb  motor_pwm.o [1]
motor_pwm_set_value     0x0800ca8d    0x90  Code  Gb  motor_pwm.o [1]
mparams                 0x200051cc    0x18  Data  Lc  dlmalloc.o [3]
mpu9250_time_consume_us
                        0x20005228     0x4  Data  Gb  time.o [1]
mpu_data_ok             0x20000094     0x1  Data  Gb  mpu9250.o [1]
myBinarySem01MPU9250GyroAccCalibrateOffsetHandle
                        0x20005168     0x4  Data  Gb  freertos.o [1]
myBinarySem02LED1ONHandle
                        0x2000516c     0x4  Data  Gb  freertos.o [1]
myBinarySem03LED2ONHandle
                        0x20005170     0x4  Data  Gb  freertos.o [1]
myBinarySem04MPU9250MagCalibrateHandle
                        0x2000517c     0x4  Data  Gb  freertos.o [1]
myBinarySem05LED1PulsateHandle
                        0x20005174     0x4  Data  Gb  freertos.o [1]
myBinarySem06LED2PulsateHandle
                        0x20005178     0x4  Data  Gb  freertos.o [1]
myTask02LEDHandle       0x20005150     0x4  Data  Gb  freertos.o [1]
myTask03COMHandle       0x20005154     0x4  Data  Gb  freertos.o [1]
myTask04MPU9250Handle   0x20005158     0x4  Data  Gb  freertos.o [1]
myTask05MS5803Handle    0x2000515c     0x4  Data  Gb  freertos.o [1]
myTask06BackEndHandle   0x20005160     0x4  Data  Gb  freertos.o [1]
myTask07UWBHandle       0x20005164     0x4  Data  Gb  freertos.o [1]
ndigs                   0x0800e024    0x28  Data  Lc  iar_Stoulx.o [3]
osDelay                 0x08006d53    0x12  Code  Gb  cmsis_os.o [1]
osKernelStart           0x08006d15     0xe  Code  Gb  cmsis_os.o [1]
osSemaphoreCreate       0x08006d65    0x2c  Code  Gb  cmsis_os.o [1]
osSemaphoreRelease      0x08006def    0x4a  Code  Gb  cmsis_os.o [1]
osSemaphoreWait         0x08006d91    0x5e  Code  Gb  cmsis_os.o [1]
osSystickHandler        0x08006e39    0x1a  Code  Gb  cmsis_os.o [1]
osThreadCreate          0x08006d23    0x30  Code  Gb  cmsis_os.o [1]
pFlash                  0x200051ac    0x20  Data  Gb  stm32f4xx_hal_flash.o [1]
parse_ready             0x20004090     0x1  Data  Lc  uwb1000.o [1]
pid10_d                 0x200045e8     0x4  Data  Gb  app_ano.o [1]
pid10_i                 0x200045e4     0x4  Data  Gb  app_ano.o [1]
pid10_p                 0x200045e0     0x4  Data  Gb  app_ano.o [1]
pid11_d                 0x200045f4     0x4  Data  Gb  app_ano.o [1]
pid11_i                 0x200045f0     0x4  Data  Gb  app_ano.o [1]
pid11_p                 0x200045ec     0x4  Data  Gb  app_ano.o [1]
pid12_d                 0x20004600     0x4  Data  Gb  app_ano.o [1]
pid12_i                 0x200045fc     0x4  Data  Gb  app_ano.o [1]
pid12_p                 0x200045f8     0x4  Data  Gb  app_ano.o [1]
pid13_d                 0x2000460c     0x4  Data  Gb  app_ano.o [1]
pid13_i                 0x20004608     0x4  Data  Gb  app_ano.o [1]
pid13_p                 0x20004604     0x4  Data  Gb  app_ano.o [1]
pid14_d                 0x20004618     0x4  Data  Gb  app_ano.o [1]
pid14_i                 0x20004614     0x4  Data  Gb  app_ano.o [1]
pid14_p                 0x20004610     0x4  Data  Gb  app_ano.o [1]
pid15_d                 0x20004624     0x4  Data  Gb  app_ano.o [1]
pid15_i                 0x20004620     0x4  Data  Gb  app_ano.o [1]
pid15_p                 0x2000461c     0x4  Data  Gb  app_ano.o [1]
pid16_d                 0x20004630     0x4  Data  Gb  app_ano.o [1]
pid16_i                 0x2000462c     0x4  Data  Gb  app_ano.o [1]
pid16_p                 0x20004628     0x4  Data  Gb  app_ano.o [1]
pid17_d                 0x2000463c     0x4  Data  Gb  app_ano.o [1]
pid17_i                 0x20004638     0x4  Data  Gb  app_ano.o [1]
pid17_p                 0x20004634     0x4  Data  Gb  app_ano.o [1]
pid18_d                 0x20004648     0x4  Data  Gb  app_ano.o [1]
pid18_i                 0x20004644     0x4  Data  Gb  app_ano.o [1]
pid18_p                 0x20004640     0x4  Data  Gb  app_ano.o [1]
pid6_d                  0x200045b8     0x4  Data  Gb  app_ano.o [1]
pid6_i                  0x200045b4     0x4  Data  Gb  app_ano.o [1]
pid6_p                  0x200045b0     0x4  Data  Gb  app_ano.o [1]
pid7_d                  0x200045c4     0x4  Data  Gb  app_ano.o [1]
pid7_i                  0x200045c0     0x4  Data  Gb  app_ano.o [1]
pid7_p                  0x200045bc     0x4  Data  Gb  app_ano.o [1]
pid8_d                  0x200045d0     0x4  Data  Gb  app_ano.o [1]
pid8_i                  0x200045cc     0x4  Data  Gb  app_ano.o [1]
pid8_p                  0x200045c8     0x4  Data  Gb  app_ano.o [1]
pid9_d                  0x200045dc     0x4  Data  Gb  app_ano.o [1]
pid9_i                  0x200045d8     0x4  Data  Gb  app_ano.o [1]
pid9_p                  0x200045d4     0x4  Data  Gb  app_ano.o [1]
pit_d                   0x20004588     0x4  Data  Gb  app_ano.o [1]
pit_i                   0x20004584     0x4  Data  Gb  app_ano.o [1]
pit_p                   0x20004580     0x4  Data  Gb  app_ano.o [1]
pitch_deg               0x20000004     0x4  Data  Gb  app_ins_ekf_quaternion.o [1]
pitch_input             0x20004d60     0x4  Data  Gb  app_ctrl.o [1]
pos_alt                 0x20005010     0x4  Data  Gb  app_ins_ekf_quaternion.o [1]
pos_d                   0x200045ac     0x4  Data  Gb  app_ano.o [1]
pos_east                0x2000500c     0x4  Data  Gb  app_ins_ekf_quaternion.o [1]
pos_i                   0x200045a8     0x4  Data  Gb  app_ano.o [1]
pos_north               0x20005008     0x4  Data  Gb  app_ins_ekf_quaternion.o [1]
pos_p                   0x200045a4     0x4  Data  Gb  app_ano.o [1]
prepend_alloc           0x08001f7f   0x342  Code  Lc  dlmalloc.o [3]
prvIdleTask             0x08009b41   0x15a  Code  Lc  tasks.o [1]
prvTaskExitError        0x0800a631    0x28  Code  Lc  port.o [1]
pvPortMalloc            0x0800e04d   0x1e0  Code  Gb  heap_4.o [1]
pvTaskIncrementMutexHeldCount
                        0x08009dfd    0x18  Code  Gb  tasks.o [1]
pxCurrentTCB            0x20004830     0x4  Data  Gb  tasks.o [1]
pxDelayedTaskList       0x20004834     0x4  Data  Lc  tasks.o [1]
pxEnd                   0x20000190     0x4  Data  Lc  heap_4.o [1]
pxOverflowDelayedTaskList
                        0x20004838     0x4  Data  Lc  tasks.o [1]
pxPortInitialiseStack   0x0800a609    0x28  Code  Gb  port.o [1]
pxReadyTasksLists       0x200047a4    0x8c  Data  Lc  tasks.o [1]
rc_d                    0x20004d80     0x4  Data  Gb  app_ctrl.o [1]
rc_e                    0x20004d78     0x4  Data  Gb  app_ctrl.o [1]
rc_g                    0x20004d7c     0x4  Data  Gb  app_ctrl.o [1]
rc_pitch                0x20004d6c     0x4  Data  Gb  app_ctrl.o [1]
rc_pitch_max            0x20004d8c     0x4  Data  Gb  app_ctrl.o [1]
rc_pitch_min            0x20004d90     0x4  Data  Gb  app_ctrl.o [1]
rc_pitch_threshold      0x20004da8     0x4  Data  Gb  app_ctrl.o [1]
rc_roll                 0x20004d68     0x4  Data  Gb  app_ctrl.o [1]
rc_roll_max             0x20004d84     0x4  Data  Gb  app_ctrl.o [1]
rc_roll_min             0x20004d88     0x4  Data  Gb  app_ctrl.o [1]
rc_roll_threshold       0x20004da4     0x4  Data  Gb  app_ctrl.o [1]
rc_throttle             0x20004d70     0x4  Data  Gb  app_ctrl.o [1]
rc_throttle_max         0x20004d9c     0x4  Data  Gb  app_ctrl.o [1]
rc_throttle_min         0x20004da0     0x4  Data  Gb  app_ctrl.o [1]
rc_throttle_threshold   0x20004dac     0x4  Data  Gb  app_ctrl.o [1]
rc_yaw                  0x20004d74     0x4  Data  Gb  app_ctrl.o [1]
rc_yaw_max              0x20004d94     0x4  Data  Gb  app_ctrl.o [1]
rc_yaw_min              0x20004d98     0x4  Data  Gb  app_ctrl.o [1]
rc_yaw_threshold        0x20004db0     0x4  Data  Gb  app_ctrl.o [1]
read_data_from_inner_flash
                        0x20004570     0x4  Data  Lc  app_ano.o [1]
rol_d                   0x2000457c     0x4  Data  Gb  app_ano.o [1]
rol_i                   0x20004578     0x4  Data  Gb  app_ano.o [1]
rol_p                   0x20004574     0x4  Data  Gb  app_ano.o [1]
roll_deg                0x20000000     0x4  Data  Gb  app_ins_ekf_quaternion.o [1]
roll_input              0x20004d5c     0x4  Data  Gb  app_ctrl.o [1]
ros_a_x                 0x2000496c     0x4  Data  Gb  app_ros.o [1]
ros_a_y                 0x20004970     0x4  Data  Gb  app_ros.o [1]
ros_a_z                 0x20004974     0x4  Data  Gb  app_ros.o [1]
ros_b_x                 0x20004978     0x4  Data  Gb  app_ros.o [1]
ros_b_y                 0x2000497c     0x4  Data  Gb  app_ros.o [1]
ros_b_z                 0x20004980     0x4  Data  Gb  app_ros.o [1]
ros_c_x                 0x20004984     0x4  Data  Gb  app_ros.o [1]
ros_c_y                 0x20004988     0x4  Data  Gb  app_ros.o [1]
ros_c_z                 0x2000498c     0x4  Data  Gb  app_ros.o [1]
ros_d_x                 0x20004990     0x4  Data  Gb  app_ros.o [1]
ros_d_y                 0x20004994     0x4  Data  Gb  app_ros.o [1]
ros_d_z                 0x20004998     0x4  Data  Gb  app_ros.o [1]
ros_data_receive_analyse
                        0x0800896d   0x2e2  Code  Gb  app_ros.o [1]
ros_data_receive_prepara
                        0x080085fd   0x36c  Code  Gb  app_ros.o [1]
ros_data_to_send        0x20004ab0    0xc8  Data  Lc  app_ros.o [1]
ros_e_x                 0x2000499c     0x4  Data  Gb  app_ros.o [1]
ros_e_y                 0x200049a0     0x4  Data  Gb  app_ros.o [1]
ros_e_z                 0x200049a4     0x4  Data  Gb  app_ros.o [1]
ros_send_15_data        0x08008c55   0x24e  Code  Gb  app_ros.o [1]
save_arry               0x20004650   0x12c  Data  Gb  flash_on_chip.o [1]
segment_holding         0x08001efd    0x1e  Code  Lc  dlmalloc.o [3]
send_pid_para           0x20004564     0x4  Data  Lc  app_ano.o [1]
simpdelay               0x0800cb25     0xe  Code  Lc  mpu9250.o [1]
sqrt                    0x08004aa1          Code  Gb  sqrt.o [4]
sqrtl                   0x08004aa1          Code  Gb  sqrt.o [4]
state                   0x20004554     0x4  Data  Lc  app_ano.o [1]
state                   0x200049a8     0x4  Data  Lc  app_ros.o [1]
sysTickUptime           0x200049b8     0x8  Data  Gb  time.o [1]
sys_alloc               0x080024b9   0x164  Code  Lc  dlmalloc.o [3]
sys_trim                0x0800261d    0x66  Code  Lc  dlmalloc.o [3]
throttle_input          0x20004d58     0x4  Data  Gb  app_ctrl.o [1]
time_consume            0x20004c38    0xa0  Data  Gb  time.o [1]
time_inc_tick           0x0800ffcd    0x16  Code  Gb  time.o [1]
timer1_channel1_PE9_DiffCapture
                        0x20004d00     0x4  Data  Gb  rc_pwm.o [1]
timer1_channel1_PE9_IC1Value1
                        0x20004cf8     0x4  Data  Gb  rc_pwm.o [1]
timer1_channel1_PE9_IC1Value2
                        0x20004cfc     0x4  Data  Gb  rc_pwm.o [1]
timer1_channel2_PE11_DiffCapture
                        0x20004d0c     0x4  Data  Gb  rc_pwm.o [1]
timer1_channel2_PE11_IC1Value1
                        0x20004d04     0x4  Data  Gb  rc_pwm.o [1]
timer1_channel2_PE11_IC1Value2
                        0x20004d08     0x4  Data  Gb  rc_pwm.o [1]
timer1_channel3_PE13_DiffCapture
                        0x20004d18     0x4  Data  Gb  rc_pwm.o [1]
timer1_channel3_PE13_IC1Value1
                        0x20004d10     0x4  Data  Gb  rc_pwm.o [1]
timer1_channel3_PE13_IC1Value2
                        0x20004d14     0x4  Data  Gb  rc_pwm.o [1]
timer1_channel4_PE14_DiffCapture
                        0x20004d24     0x4  Data  Gb  rc_pwm.o [1]
timer1_channel4_PE14_IC1Value1
                        0x20004d1c     0x4  Data  Gb  rc_pwm.o [1]
timer1_channel4_PE14_IC1Value2
                        0x20004d20     0x4  Data  Gb  rc_pwm.o [1]
timer2_channel1_PA5_DiffCapture
                        0x20004d30     0x4  Data  Gb  rc_pwm.o [1]
timer2_channel1_PA5_IC1Value1
                        0x20004d28     0x4  Data  Gb  rc_pwm.o [1]
timer2_channel1_PA5_IC1Value2
                        0x20004d2c     0x4  Data  Gb  rc_pwm.o [1]
timer2_channel2_PA1_DiffCapture
                        0x20004d3c     0x4  Data  Gb  rc_pwm.o [1]
timer2_channel2_PA1_IC1Value1
                        0x20004d34     0x4  Data  Gb  rc_pwm.o [1]
timer2_channel2_PA1_IC1Value2
                        0x20004d38     0x4  Data  Gb  rc_pwm.o [1]
timer2_channel3_PB10_DiffCapture
                        0x20004d48     0x4  Data  Gb  rc_pwm.o [1]
timer2_channel3_PB10_IC1Value1
                        0x20004d40     0x4  Data  Gb  rc_pwm.o [1]
timer2_channel3_PB10_IC1Value2
                        0x20004d44     0x4  Data  Gb  rc_pwm.o [1]
timer2_channel4_PB11_DiffCapture
                        0x20004d54     0x4  Data  Gb  rc_pwm.o [1]
timer2_channel4_PB11_IC1Value1
                        0x20004d4c     0x4  Data  Gb  rc_pwm.o [1]
timer2_channel4_PB11_IC1Value2
                        0x20004d50     0x4  Data  Gb  rc_pwm.o [1]
tmalloc_large           0x08002691   0x384  Code  Lc  dlmalloc.o [3]
tmalloc_small           0x08002a15   0x1fe  Code  Lc  dlmalloc.o [3]
tolower                 0x080101b1    0x14  Code  Gb  tolower.o [3]
ucHeap                  0x200001a0  0x3c00  Data  Lc  heap_4.o [1]
ucMaxSysCallPriority    0x2000011c     0x1  Data  Lc  port.o [1]
ulMaxPRIGROUPValue      0x20000124     0x4  Data  Lc  port.o [1]
uwTick                  0x2000012c     0x4  Data  Gb  stm32f4xx_hal.o [1]
uwTickFreq              0x20000128     0x1  Data  Gb  stm32f4xx_hal.o [1]
uwTickPrio              0x20000130     0x4  Data  Gb  stm32f4xx_hal.o [1]
uwb1000_buffer          0x20004070    0x1c  Data  Gb  uwb1000.o [1]
uwb1000_buffer_fill     0x08008531    0xbe  Code  Gb  uwb1000.o [1]
uwb1000_data_prepare    0x080083c5   0x16c  Code  Gb  uwb1000.o [1]
uwb1000_data_prepare::Sbuf
                        0x20004091     0x1  Data  Lc  uwb1000.o [1]
uxCriticalNesting       0x20000120     0x4  Data  Lc  port.o [1]
uxCurrentNumberOfTasks  0x20004854     0x4  Data  Lc  tasks.o [1]
uxDeletedTasksWaitingCleanUp
                        0x2000483c     0x4  Data  Lc  tasks.o [1]
uxListRemove            0x0800e381    0x24  Code  Gb  list.o [1]
uxPendedTicks           0x20004864     0x4  Data  Lc  tasks.o [1]
uxSchedulerSuspended    0x20004878     0x4  Data  Lc  tasks.o [1]
uxTaskNumber            0x20004870     0x4  Data  Lc  tasks.o [1]
uxTopReadyPriority      0x2000485c     0x4  Data  Lc  tasks.o [1]
vApplicationIdleHook    0x0800e3a7     0x2  Code  Wk  freertos.o [1]
vApplicationTickHook    0x0800e3a5     0x2  Code  Wk  freertos.o [1]
vListInitialise         0x0800e2ed    0x1a  Code  Gb  list.o [1]
vListInitialiseItem     0x0800e307     0x6  Code  Gb  list.o [1]
vListInsert             0x0800e325    0x5c  Code  Gb  list.o [1]
vListInsertEnd          0x0800e30d    0x18  Code  Gb  list.o [1]
vPortEnableVFP          0x0800e4dd          Code  Gb  portasm.o [1]
vPortEnterCritical      0x0800a74f    0x32  Code  Gb  port.o [1]
vPortExitCritical       0x0800a781    0x22  Code  Gb  port.o [1]
vPortFree               0x0800e22d    0xbc  Code  Gb  heap_4.o [1]
vPortStartFirstTask     0x0800e4c5          Code  Gb  portasm.o [1]
vPortValidateInterruptPriority
                        0x0800a7cd    0x44  Code  Gb  port.o [1]
vTaskDelay              0x08009181   0x296  Code  Gb  tasks.o [1]
vTaskMissedYield        0x08009b31     0xc  Code  Gb  tasks.o [1]
vTaskPlaceOnEventList   0x0800998b    0x98  Code  Gb  tasks.o [1]
vTaskPriorityInherit    0x08009cb7    0xa0  Code  Gb  tasks.o [1]
vTaskSetTimeOutState    0x08009a95    0x24  Code  Gb  tasks.o [1]
vTaskStartScheduler     0x08009419   0x1ce  Code  Gb  tasks.o [1]
vTaskSuspendAll         0x080095f1    0x10  Code  Gb  tasks.o [1]
vTaskSwitchContext      0x0800992b    0x60  Code  Gb  tasks.o [1]
vel_down                0x2000501c     0x4  Data  Gb  app_ins_ekf_quaternion.o [1]
vel_east                0x20005018     0x4  Data  Gb  app_ins_ekf_quaternion.o [1]
vel_north               0x20005014     0x4  Data  Gb  app_ins_ekf_quaternion.o [1]
write_data_to_inner_flash
                        0x2000456c     0x4  Data  Lc  app_ano.o [1]
xBlockAllocatedBit      0x2000019c     0x4  Data  Lc  heap_4.o [1]
xDelayedTaskList1       0x2000487c    0x14  Data  Lc  tasks.o [1]
xDelayedTaskList2       0x20004890    0x14  Data  Lc  tasks.o [1]
xFreeBytesRemaining     0x20000194     0x4  Data  Lc  heap_4.o [1]
xMinimumEverFreeBytesRemaining
                        0x20000198     0x4  Data  Lc  heap_4.o [1]
xNextTaskUnblockTime    0x20004874     0x4  Data  Lc  tasks.o [1]
xNumOfOverflows         0x2000486c     0x4  Data  Lc  tasks.o [1]
xPendingReadyList       0x2000477c    0x14  Data  Lc  tasks.o [1]
xPortStartScheduler     0x0800a659    0xf6  Code  Gb  port.o [1]
xPortSysTickHandler     0x0800a7a3    0x2a  Code  Gb  port.o [1]
xQueueCreateCountingSemaphore
                        0x08009ea3    0x8c  Code  Gb  queue.o [1]
xQueueGenericCreate     0x08009e1d    0x86  Code  Gb  queue.o [1]
xQueueGenericReceive    0x0800a2a9   0x29a  Code  Gb  queue.o [1]
xQueueGenericSend       0x08009f31   0x2d2  Code  Gb  queue.o [1]
xQueueGiveFromISR       0x0800a203    0xa6  Code  Gb  queue.o [1]
xQueueReceiveFromISR    0x0800a549    0xbe  Code  Gb  queue.o [1]
xSchedulerRunning       0x20004860     0x4  Data  Lc  tasks.o [1]
xStart                  0x20000188     0x8  Data  Lc  heap_4.o [1]
xSuspendedTaskList      0x20004840    0x14  Data  Lc  tasks.o [1]
xTaskCheckForTimeOut    0x08009ab9    0x78  Code  Gb  tasks.o [1]
xTaskCreate             0x08008fb9   0x1c6  Code  Gb  tasks.o [1]
xTaskGetSchedulerState  0x08009c9b    0x1c  Code  Gb  tasks.o [1]
xTaskIncrementTick      0x0800980f   0x11c  Code  Gb  tasks.o [1]
xTaskPriorityDisinherit
                        0x08009d57    0xa6  Code  Gb  tasks.o [1]
xTaskRemoveFromEventList
                        0x08009a23    0x72  Code  Gb  tasks.o [1]
xTaskResumeAll          0x08009609   0x206  Code  Gb  tasks.o [1]
xTasksWaitingTermination
                        0x20004790    0x14  Data  Lc  tasks.o [1]
xTickCount              0x20004858     0x4  Data  Lc  tasks.o [1]
xYieldPending           0x20004868     0x4  Data  Lc  tasks.o [1]
yaw_d                   0x20004594     0x4  Data  Gb  app_ano.o [1]
yaw_deg                 0x20000008     0x4  Data  Gb  app_ins_ekf_quaternion.o [1]
yaw_i                   0x20004590     0x4  Data  Gb  app_ano.o [1]
yaw_input               0x20004d64     0x4  Data  Gb  app_ctrl.o [1]
yaw_p                   0x2000458c     0x4  Data  Gb  app_ano.o [1]


[1] = D:\WORK\DEVO\CODE\SFOX_ZERO\SFOX_ZERO\EWARM\SFOX_ZERO\Obj
[2] = command line
[3] = dl7M_tlf.a
[4] = m7M_tls.a
[5] = rt7M_tl.a
[6] = shb_l.a

  66 886 bytes of readonly  code memory
     324 bytes of readonly  data memory
  88 116 bytes of readwrite data memory

Errors: none
Warnings: none
