###############################################################################
#
# IAR ELF Linker V8.22.1.15669/W32 for ARM                18/Sep/2018  19:35:53
# Copyright 2007-2018 IAR Systems AB.
#
#    Output file  =  
#        D:\WORK\DEVO\CODE\SFOX_ZERO\SFOX_ZERO\EWARM\SFOX_ZERO\Exe\SFOX_ZERO.out
#    Map file     =  
#        D:\WORK\DEVO\CODE\SFOX_ZERO\SFOX_ZERO\EWARM\SFOX_ZERO\List\SFOX_ZERO.map
#    Command line =  
#        -f C:\Users\tsuig\AppData\Local\Temp\EW7C8A.tmp
#        (D:\WORK\DEVO\CODE\SFOX_ZERO\SFOX_ZERO\EWARM\SFOX_ZERO\Obj\app_ano.o
#        D:\WORK\DEVO\CODE\SFOX_ZERO\SFOX_ZERO\EWARM\SFOX_ZERO\Obj\app_ctrl.o
#        D:\WORK\DEVO\CODE\SFOX_ZERO\SFOX_ZERO\EWARM\SFOX_ZERO\Obj\app_ins.o
#        D:\WORK\DEVO\CODE\SFOX_ZERO\SFOX_ZERO\EWARM\SFOX_ZERO\Obj\app_ins_ekf_quaternion.o
#        D:\WORK\DEVO\CODE\SFOX_ZERO\SFOX_ZERO\EWARM\SFOX_ZERO\Obj\app_led.o
#        D:\WORK\DEVO\CODE\SFOX_ZERO\SFOX_ZERO\EWARM\SFOX_ZERO\Obj\app_ros.o
#        D:\WORK\DEVO\CODE\SFOX_ZERO\SFOX_ZERO\EWARM\SFOX_ZERO\Obj\app_uwb.o
#        D:\WORK\DEVO\CODE\SFOX_ZERO\SFOX_ZERO\EWARM\SFOX_ZERO\Obj\CMatrix.o
#        D:\WORK\DEVO\CODE\SFOX_ZERO\SFOX_ZERO\EWARM\SFOX_ZERO\Obj\cmsis_os.o
#        D:\WORK\DEVO\CODE\SFOX_ZERO\SFOX_ZERO\EWARM\SFOX_ZERO\Obj\croutine.o
#        D:\WORK\DEVO\CODE\SFOX_ZERO\SFOX_ZERO\EWARM\SFOX_ZERO\Obj\dma.o
#        D:\WORK\DEVO\CODE\SFOX_ZERO\SFOX_ZERO\EWARM\SFOX_ZERO\Obj\event_groups.o
#        D:\WORK\DEVO\CODE\SFOX_ZERO\SFOX_ZERO\EWARM\SFOX_ZERO\Obj\flash_on_chip.o
#        D:\WORK\DEVO\CODE\SFOX_ZERO\SFOX_ZERO\EWARM\SFOX_ZERO\Obj\freertos.o
#        D:\WORK\DEVO\CODE\SFOX_ZERO\SFOX_ZERO\EWARM\SFOX_ZERO\Obj\gpio.o
#        D:\WORK\DEVO\CODE\SFOX_ZERO\SFOX_ZERO\EWARM\SFOX_ZERO\Obj\heap_4.o
#        D:\WORK\DEVO\CODE\SFOX_ZERO\SFOX_ZERO\EWARM\SFOX_ZERO\Obj\list.o
#        D:\WORK\DEVO\CODE\SFOX_ZERO\SFOX_ZERO\EWARM\SFOX_ZERO\Obj\main.o
#        D:\WORK\DEVO\CODE\SFOX_ZERO\SFOX_ZERO\EWARM\SFOX_ZERO\Obj\motor_pwm.o
#        D:\WORK\DEVO\CODE\SFOX_ZERO\SFOX_ZERO\EWARM\SFOX_ZERO\Obj\mpu9250.o
#        D:\WORK\DEVO\CODE\SFOX_ZERO\SFOX_ZERO\EWARM\SFOX_ZERO\Obj\ms5803.o
#        D:\WORK\DEVO\CODE\SFOX_ZERO\SFOX_ZERO\EWARM\SFOX_ZERO\Obj\port.o
#        D:\WORK\DEVO\CODE\SFOX_ZERO\SFOX_ZERO\EWARM\SFOX_ZERO\Obj\portasm.o
#        D:\WORK\DEVO\CODE\SFOX_ZERO\SFOX_ZERO\EWARM\SFOX_ZERO\Obj\queue.o
#        D:\WORK\DEVO\CODE\SFOX_ZERO\SFOX_ZERO\EWARM\SFOX_ZERO\Obj\rc_pwm.o
#        D:\WORK\DEVO\CODE\SFOX_ZERO\SFOX_ZERO\EWARM\SFOX_ZERO\Obj\spi.o
#        D:\WORK\DEVO\CODE\SFOX_ZERO\SFOX_ZERO\EWARM\SFOX_ZERO\Obj\startup_stm32f407xx.o
#        D:\WORK\DEVO\CODE\SFOX_ZERO\SFOX_ZERO\EWARM\SFOX_ZERO\Obj\stm32f4xx_hal.o
#        D:\WORK\DEVO\CODE\SFOX_ZERO\SFOX_ZERO\EWARM\SFOX_ZERO\Obj\stm32f4xx_hal_cortex.o
#        D:\WORK\DEVO\CODE\SFOX_ZERO\SFOX_ZERO\EWARM\SFOX_ZERO\Obj\stm32f4xx_hal_dma.o
#        D:\WORK\DEVO\CODE\SFOX_ZERO\SFOX_ZERO\EWARM\SFOX_ZERO\Obj\stm32f4xx_hal_dma_ex.o
#        D:\WORK\DEVO\CODE\SFOX_ZERO\SFOX_ZERO\EWARM\SFOX_ZERO\Obj\stm32f4xx_hal_flash.o
#        D:\WORK\DEVO\CODE\SFOX_ZERO\SFOX_ZERO\EWARM\SFOX_ZERO\Obj\stm32f4xx_hal_flash_ex.o
#        D:\WORK\DEVO\CODE\SFOX_ZERO\SFOX_ZERO\EWARM\SFOX_ZERO\Obj\stm32f4xx_hal_flash_ramfunc.o
#        D:\WORK\DEVO\CODE\SFOX_ZERO\SFOX_ZERO\EWARM\SFOX_ZERO\Obj\stm32f4xx_hal_gpio.o
#        D:\WORK\DEVO\CODE\SFOX_ZERO\SFOX_ZERO\EWARM\SFOX_ZERO\Obj\stm32f4xx_hal_msp.o
#        D:\WORK\DEVO\CODE\SFOX_ZERO\SFOX_ZERO\EWARM\SFOX_ZERO\Obj\stm32f4xx_hal_pwr.o
#        D:\WORK\DEVO\CODE\SFOX_ZERO\SFOX_ZERO\EWARM\SFOX_ZERO\Obj\stm32f4xx_hal_pwr_ex.o
#        D:\WORK\DEVO\CODE\SFOX_ZERO\SFOX_ZERO\EWARM\SFOX_ZERO\Obj\stm32f4xx_hal_rcc.o
#        D:\WORK\DEVO\CODE\SFOX_ZERO\SFOX_ZERO\EWARM\SFOX_ZERO\Obj\stm32f4xx_hal_rcc_ex.o
#        D:\WORK\DEVO\CODE\SFOX_ZERO\SFOX_ZERO\EWARM\SFOX_ZERO\Obj\stm32f4xx_hal_spi.o
#        D:\WORK\DEVO\CODE\SFOX_ZERO\SFOX_ZERO\EWARM\SFOX_ZERO\Obj\stm32f4xx_hal_tim.o
#        D:\WORK\DEVO\CODE\SFOX_ZERO\SFOX_ZERO\EWARM\SFOX_ZERO\Obj\stm32f4xx_hal_tim_ex.o
#        D:\WORK\DEVO\CODE\SFOX_ZERO\SFOX_ZERO\EWARM\SFOX_ZERO\Obj\stm32f4xx_hal_timebase_TIM.o
#        D:\WORK\DEVO\CODE\SFOX_ZERO\SFOX_ZERO\EWARM\SFOX_ZERO\Obj\stm32f4xx_hal_uart.o
#        D:\WORK\DEVO\CODE\SFOX_ZERO\SFOX_ZERO\EWARM\SFOX_ZERO\Obj\stm32f4xx_it.o
#        D:\WORK\DEVO\CODE\SFOX_ZERO\SFOX_ZERO\EWARM\SFOX_ZERO\Obj\system_stm32f4xx.o
#        D:\WORK\DEVO\CODE\SFOX_ZERO\SFOX_ZERO\EWARM\SFOX_ZERO\Obj\tasks.o
#        D:\WORK\DEVO\CODE\SFOX_ZERO\SFOX_ZERO\EWARM\SFOX_ZERO\Obj\tim.o
#        D:\WORK\DEVO\CODE\SFOX_ZERO\SFOX_ZERO\EWARM\SFOX_ZERO\Obj\time.o
#        D:\WORK\DEVO\CODE\SFOX_ZERO\SFOX_ZERO\EWARM\SFOX_ZERO\Obj\timers.o
#        D:\WORK\DEVO\CODE\SFOX_ZERO\SFOX_ZERO\EWARM\SFOX_ZERO\Obj\usart.o
#        D:\WORK\DEVO\CODE\SFOX_ZERO\SFOX_ZERO\EWARM\SFOX_ZERO\Obj\usart_cfg.o
#        D:\WORK\DEVO\CODE\SFOX_ZERO\SFOX_ZERO\EWARM\SFOX_ZERO\Obj\uwb1000.o
#        --redirect _Printf=_PrintfFull --redirect _Scanf=_ScanfFull -o
#        D:\WORK\DEVO\CODE\SFOX_ZERO\SFOX_ZERO\EWARM\SFOX_ZERO\Exe\SFOX_ZERO.out
#        --map
#        D:\WORK\DEVO\CODE\SFOX_ZERO\SFOX_ZERO\EWARM\SFOX_ZERO\List\SFOX_ZERO.map
#        --config
#        D:\WORK\DEVO\CODE\SFOX_ZERO\SFOX_ZERO\EWARM/stm32f407xx_flash.icf
#        --semihosting --entry __iar_program_start --vfe --text_out locale)
#
###############################################################################

*******************************************************************************
*** RUNTIME MODEL ATTRIBUTES
***

CppFlavor       = *
__Heap_Handler  = DLMalloc
__SystemLibrary = DLib
__dlib_version  = 6


*******************************************************************************
*** HEAP SELECTION
***

The advanced heap was selected because the application calls memory
allocation functions outside of system library functions, and there
are calls to deallocation functions in the application.


*******************************************************************************
*** PLACEMENT SUMMARY
***

"A0":  place at 0x08000000 { ro section .intvec };
"P1":  place in [from 0x08000000 to 0x080fffff] { ro };
define block CSTACK with size = 1536, alignment = 8 { };
define block HEAP with size = 512, alignment = 8 { };
"P2":  place in [from 0x20000000 to 0x2001ffff] {
          rw, block CSTACK, block HEAP };
initialize by copy { rw };

  Section            Kind        Address     Size  Object
  -------            ----        -------     ----  ------
"A0":                                       0x188
  .intvec            ro code  0x08000000    0x188  startup_stm32f407xx.o [1]
                            - 0x08000188    0x188

"P1":                                     0x11056
  .text              ro code  0x08000188   0x1f94  app_ins_ekf_quaternion.o [1]
  .text              ro code  0x0800211c    0xac8  CMatrix.o [1]
  .text              ro code  0x08002be4     0xa6  ABImemcpy.o [5]
  .text              ro code  0x08002c8c     0x48  FltToDbl.o [4]
  .text              ro code  0x08002cd4    0x1a2  DblMul.o [4]
  .text              ro code  0x08002e78     0x68  DblToFlt.o [4]
  .text              ro code  0x08002ee0    0x246  DblDiv.o [4]
  .text              ro code  0x08003126     0x3a  math_wrappers64.o [4]
  .text              ro code  0x08003160    0x178  DblAdd.o [4]
  .text              ro code  0x080032d8     0xe2  DblSub.o [4]
  .text              ro code  0x080033bc      0x6  ABImemclr4.o [5]
  .text              ro code  0x080033c4    0x102  sqrt.o [4]
  .text              ro code  0x080034c8   0x14d4  dlmalloc.o [3]
  .text              ro code  0x0800499c     0x66  ABImemset.o [5]
  .text              ro code  0x08004a02      0x4  heaptramp0.o [3]
  .text              ro code  0x08004a08     0xf0  asin64.o [4]
  .text              ro code  0x08004af8    0x13c  atan2_64.o [4]
  .text              ro code  0x08004c34    0x44c  cos_sin64.o [4]
  .text              ro code  0x08005080     0x32  ABImemset48.o [5]
  .text              ro code  0x080050b2      0x6  abort.o [3]
  .text              ro code  0x080050b8     0x2c  xgetmemchunk.o [3]
  .text              ro code  0x080050e4     0x2e  DblCmpLe.o [4]
  .text              ro code  0x08005112     0x2c  copy_init3.o [5]
  .text              ro code  0x08005140    0x208  iar_Atan64.o [4]
  .text              ro code  0x08005348     0x3a  DblToS32.o [4]
  .text              ro code  0x08005384     0x22  S32ToDbl.o [4]
  .text              ro code  0x080053a8     0x14  exit.o [6]
  .text              ro code  0x080053bc     0x20  DblCmpEq.o [4]
  .text              ro code  0x080053dc     0x2e  DblCmpGe.o [4]
  .text              ro code  0x0800540c     0x2c  iarttio.o [6]
  .text              ro code  0x08005438      0xc  XShttio.o [3]
  .text              ro code  0x08005444   0x15b0  app_ano.o [1]
  .text              ro code  0x080069f4    0x158  usart_cfg.o [1]
  .text              ro code  0x08006b4c    0x19c  cmsis_os.o [1]
  .text              ro code  0x08006ce8    0xa8c  flash_on_chip.o [1]
  .text              ro code  0x08007774    0x7e0  stm32f4xx_hal_uart.o [1]
  .text              ro code  0x08007f54    0x15e  main.o [1]
  .text              ro code  0x080080b4    0x2f4  uwb1000.o [1]
  .text              ro code  0x080083a8    0xa9a  app_ros.o [1]
  .text              ro code  0x08008e44    0xab0  tasks.o [1]
  .text              ro code  0x080098f4    0x7c4  queue.o [1]
  .text              ro code  0x0800a0b8    0x258  port.o [1]
  .text              ro code  0x0800a310    0x268  stm32f4xx_hal_flash.o [1]
  .text              ro code  0x0800a578    0x1dc  stm32f4xx_hal_flash_ex.o [1]
  .text              ro code  0x0800a754     0x28  stm32f4xx_hal.o [1]
  .text              ro code  0x0800a77c    0x79c  usart.o [1]
  .text              ro code  0x0800af18    0x54c  stm32f4xx_hal_dma.o [1]
  .text              ro code  0x0800b464      0x2  stm32f4xx_hal_uart.o [1]
  .text              ro code  0x0800b466      0x2  stm32f4xx_hal_uart.o [1]
  .text              ro code  0x0800b468      0x2  stm32f4xx_hal_uart.o [1]
  .text              ro code  0x0800b46c    0x264  stm32f4xx_hal_rcc.o [1]
  .text              ro code  0x0800b6d0     0x40  stm32f4xx_hal.o [1]
  .text              ro code  0x0800b710     0xe0  gpio.o [1]
  .text              ro code  0x0800b7f0     0xc0  dma.o [1]
  .text              ro code  0x0800b8b0    0x26c  spi.o [1]
  .text              ro code  0x0800bb1c    0x538  tim.o [1]
  .text              ro code  0x0800c054    0x4e4  rc_pwm.o [1]
  .text              ro code  0x0800c538    0x168  motor_pwm.o [1]
  .text              ro code  0x0800c6a0    0xb44  mpu9250.o [1]
  .text              ro code  0x0800d1e4    0x4d0  ms5803.o [1]
  .text              ro code  0x0800d6b4     0xe0  app_led.o [1]
  .text              ro code  0x0800d794    0x328  freertos.o [1]
  .text              ro code  0x0800dabc    0x3c0  stm32f4xx_hal_rcc.o [1]
  .text              ro code  0x0800de7c    0x16c  stm32f4xx_hal_cortex.o [1]
  .text              ro code  0x0800dfe8     0x18  stm32f4xx_hal.o [1]
  .text              ro code  0x0800e000    0x174  iar_Stoulx.o [3]
  .text              ro code  0x0800e174    0x278  heap_4.o [1]
  .text              ro code  0x0800e3ec     0x9a  list.o [1]
  .text              ro code  0x0800e486      0x2  freertos.o [1]
  .text              ro code  0x0800e488      0x2  freertos.o [1]
  CODE               ro code  0x0800e48c     0xa8  portasm.o [1]
  .text              ro code  0x0800e534      0xc  stm32f4xx_hal.o [1]
  .text              ro code  0x0800e540    0x290  stm32f4xx_hal_gpio.o [1]
  .text              ro code  0x0800e7d0     0x9c  stm32f4xx_hal_timebase_TIM.o [1]
  .text              ro code  0x0800e86c    0x272  I64DivMod.o [5]
  .text              ro code  0x0800eade     0x5e  stm32f4xx_hal_msp.o [1]
  .text              ro code  0x0800eb3c    0xb40  stm32f4xx_hal_spi.o [1]
  .text              ro code  0x0800f67c    0x96a  stm32f4xx_hal_tim.o [1]
  .text              ro code  0x0800ffe8     0x5a  stm32f4xx_hal_tim_ex.o [1]
  .text              ro code  0x08010044     0x58  S64ToFlt.o [4]
  .text              ro code  0x0801009c     0xcc  time.o [1]
  .text              ro code  0x08010168    0x374  app_ctrl.o [1]
  .text              ro code  0x080104dc      0xe  app_uwb.o [1]
  .text              ro code  0x080104ea     0x14  isspace.o [3]
  .text              ro code  0x080104fe     0x14  tolower.o [3]
  .text              ro code  0x08010514     0x58  memchr.o [5]
  .text              ro code  0x0801056c      0x2  I64DivZer.o [5]
  .text              ro code  0x0801056e      0x2  stm32f4xx_hal_spi.o [1]
  .text              ro code  0x08010570      0x2  stm32f4xx_hal_spi.o [1]
  .text              ro code  0x08010572      0x2  stm32f4xx_hal_spi.o [1]
  .text              ro code  0x08010574      0x2  stm32f4xx_hal_spi.o [1]
  .text              ro code  0x08010576      0x2  stm32f4xx_hal_tim.o [1]
  .text              ro code  0x08010578      0x2  stm32f4xx_hal_tim.o [1]
  .text              ro code  0x0801057a      0x2  stm32f4xx_hal_tim_ex.o [1]
  .text              ro code  0x0801057c      0x2  stm32f4xx_hal_tim.o [1]
  .text              ro code  0x0801057e      0x2  stm32f4xx_hal_tim_ex.o [1]
  .text              ro code  0x08010580     0x34  xlocale_c.o [3]
  .rodata            const    0x080105b4    0x400  app_ins_ekf_quaternion.o [1]
  .rodata            const    0x080109b4    0x180  app_ins_ekf_quaternion.o [1]
  .text              ro code  0x08010b34    0x114  stm32f4xx_it.o [1]
  Initializer bytes  const    0x08010c48     0x9c  <for P2-1>
  .text              ro code  0x08010ce4     0x6c  system_stm32f4xx.o [1]
  .rodata            const    0x08010d50     0x40  app_ins_ekf_quaternion.o [1]
  .text              ro code  0x08010d90     0x40  zero_init3.o [5]
  .rodata            const    0x08010dd0     0x38  usart_cfg.o [1]
  .rodata            const    0x08010e08     0x34  main.o [1]
  .rodata            const    0x08010e3c     0x34  usart.o [1]
  .rodata            const    0x08010e70     0x30  spi.o [1]
  .rodata            const    0x08010ea0     0x30  tim.o [1]
  .text              ro code  0x08010ed0     0x28  data_init.o [5]
  .text              ro code  0x08010ef8     0x22  fpinit_M.o [4]
  .iar.init_table    const    0x08010f1c     0x24  - Linker created -
  .text              ro code  0x08010f40     0x1e  cmain.o [5]
  .text              ro code  0x08010f5e      0x4  low_level_init.o [3]
  .text              ro code  0x08010f62      0x4  exit.o [3]
  .text              ro code  0x08010f68      0xa  cexit.o [5]
  .rodata            const    0x08010f74     0x14  freertos.o [1]
  .rodata            const    0x08010f88     0x14  freertos.o [1]
  .rodata            const    0x08010f9c     0x14  freertos.o [1]
  .rodata            const    0x08010fb0     0x14  freertos.o [1]
  .rodata            const    0x08010fc4     0x14  freertos.o [1]
  .rodata            const    0x08010fd8     0x14  freertos.o [1]
  .rodata            const    0x08010fec     0x14  freertos.o [1]
  .rodata            const    0x08011000     0x14  mpu9250.o [1]
  .rodata            const    0x08011014     0x10  freertos.o [1]
  .rodata            const    0x08011024     0x10  freertos.o [1]
  .rodata            const    0x08011034     0x10  freertos.o [1]
  .rodata            const    0x08011044     0x10  system_stm32f4xx.o [1]
  .text              ro code  0x08011054     0x10  startup_stm32f407xx.o [1]
  .rodata            const    0x08011064      0xc  freertos.o [1]
  .rodata            const    0x08011070      0xc  freertos.o [1]
  .rodata            const    0x0801107c      0xc  freertos.o [1]
  .rodata            const    0x08011088      0xc  freertos.o [1]
  .text              ro code  0x08011094      0xc  cstartup_M.o [5]
  .rodata            const    0x080110a0      0x8  stm32f4xx_hal_dma.o [1]
  .rodata            const    0x080110a8      0x8  system_stm32f4xx.o [1]
  .rodata            const    0x080110b0      0x8  tasks.o [1]
  .rodata            const    0x080110b8      0x8  uwb1000.o [1]
  .rodata            const    0x080110c0      0x4  freertos.o [1]
  .rodata            const    0x080110c4      0x4  freertos.o [1]
  .rodata            const    0x080110c8      0x4  freertos.o [1]
  .rodata            const    0x080110cc      0x4  freertos.o [1]
  .rodata            const    0x080110d0      0x4  freertos.o [1]
  .rodata            const    0x080110d4      0x4  freertos.o [1]
  .rodata            const    0x080110d8      0x4  heap_4.o [1]
  .rodata            const    0x080110dc      0x4  port.o [1]
  .text              ro code  0x080110e0      0x4  startup_stm32f407xx.o [1]
  .text              ro code  0x080110e4      0x4  startup_stm32f407xx.o [1]
  .text              ro code  0x080110e8      0x4  startup_stm32f407xx.o [1]
  .text              ro code  0x080110ec      0x4  startup_stm32f407xx.o [1]
  .text              ro code  0x080110f0      0x4  startup_stm32f407xx.o [1]
  .text              ro code  0x080110f4      0x4  startup_stm32f407xx.o [1]
  .text              ro code  0x080110f8      0x4  startup_stm32f407xx.o [1]
  .text              ro code  0x080110fc      0x4  startup_stm32f407xx.o [1]
  .text              ro code  0x08011100      0x4  startup_stm32f407xx.o [1]
  .text              ro code  0x08011104      0x4  startup_stm32f407xx.o [1]
  .text              ro code  0x08011108      0x4  startup_stm32f407xx.o [1]
  .text              ro code  0x0801110c      0x4  startup_stm32f407xx.o [1]
  .text              ro code  0x08011110      0x4  startup_stm32f407xx.o [1]
  .text              ro code  0x08011114      0x4  startup_stm32f407xx.o [1]
  .text              ro code  0x08011118      0x4  startup_stm32f407xx.o [1]
  .text              ro code  0x0801111c      0x4  startup_stm32f407xx.o [1]
  .text              ro code  0x08011120      0x4  startup_stm32f407xx.o [1]
  .text              ro code  0x08011124      0x4  startup_stm32f407xx.o [1]
  .text              ro code  0x08011128      0x4  startup_stm32f407xx.o [1]
  .text              ro code  0x0801112c      0x4  startup_stm32f407xx.o [1]
  .text              ro code  0x08011130      0x4  startup_stm32f407xx.o [1]
  .text              ro code  0x08011134      0x4  startup_stm32f407xx.o [1]
  .text              ro code  0x08011138      0x4  startup_stm32f407xx.o [1]
  .text              ro code  0x0801113c      0x4  startup_stm32f407xx.o [1]
  .text              ro code  0x08011140      0x4  startup_stm32f407xx.o [1]
  .text              ro code  0x08011144      0x4  startup_stm32f407xx.o [1]
  .text              ro code  0x08011148      0x4  startup_stm32f407xx.o [1]
  .text              ro code  0x0801114c      0x4  startup_stm32f407xx.o [1]
  .text              ro code  0x08011150      0x4  startup_stm32f407xx.o [1]
  .text              ro code  0x08011154      0x4  startup_stm32f407xx.o [1]
  .text              ro code  0x08011158      0x4  startup_stm32f407xx.o [1]
  .text              ro code  0x0801115c      0x4  startup_stm32f407xx.o [1]
  .text              ro code  0x08011160      0x4  startup_stm32f407xx.o [1]
  .text              ro code  0x08011164      0x4  startup_stm32f407xx.o [1]
  .text              ro code  0x08011168      0x4  startup_stm32f407xx.o [1]
  .text              ro code  0x0801116c      0x4  startup_stm32f407xx.o [1]
  .text              ro code  0x08011170      0x4  startup_stm32f407xx.o [1]
  .text              ro code  0x08011174      0x4  startup_stm32f407xx.o [1]
  .text              ro code  0x08011178      0x4  startup_stm32f407xx.o [1]
  .text              ro code  0x0801117c      0x4  startup_stm32f407xx.o [1]
  .text              ro code  0x08011180      0x4  startup_stm32f407xx.o [1]
  .text              ro code  0x08011184      0x4  startup_stm32f407xx.o [1]
  .text              ro code  0x08011188      0x4  startup_stm32f407xx.o [1]
  .text              ro code  0x0801118c      0x4  startup_stm32f407xx.o [1]
  .text              ro code  0x08011190      0x4  startup_stm32f407xx.o [1]
  .text              ro code  0x08011194      0x4  startup_stm32f407xx.o [1]
  .text              ro code  0x08011198      0x4  startup_stm32f407xx.o [1]
  .text              ro code  0x0801119c      0x4  startup_stm32f407xx.o [1]
  .text              ro code  0x080111a0      0x4  startup_stm32f407xx.o [1]
  .text              ro code  0x080111a4      0x4  startup_stm32f407xx.o [1]
  .text              ro code  0x080111a8      0x4  startup_stm32f407xx.o [1]
  .text              ro code  0x080111ac      0x4  startup_stm32f407xx.o [1]
  .text              ro code  0x080111b0      0x4  startup_stm32f407xx.o [1]
  .text              ro code  0x080111b4      0x4  startup_stm32f407xx.o [1]
  .text              ro code  0x080111b8      0x4  startup_stm32f407xx.o [1]
  .text              ro code  0x080111bc      0x4  startup_stm32f407xx.o [1]
  .text              ro code  0x080111c0      0x4  startup_stm32f407xx.o [1]
  .text              ro code  0x080111c4      0x4  startup_stm32f407xx.o [1]
  .text              ro code  0x080111c8      0x4  startup_stm32f407xx.o [1]
  .text              ro code  0x080111cc      0x4  startup_stm32f407xx.o [1]
  .text              ro code  0x080111d0      0x4  startup_stm32f407xx.o [1]
  .text              ro code  0x080111d4      0x4  startup_stm32f407xx.o [1]
  .text              ro code  0x080111d8      0x4  startup_stm32f407xx.o [1]
  .rodata            const    0x080111dc      0x2  xlocale_c.o [3]
  .rodata            const    0x080111de      0x0  zero_init3.o [5]
  .rodata            const    0x080111de      0x0  copy_init3.o [5]
                            - 0x080111de  0x11056

"P2", part 1 of 3:                           0x9c
  P2-1                        0x20000000     0x99  <Init block>
    .data            inited   0x20000000      0x4  app_ins_ekf_quaternion.o [1]
    .data            inited   0x20000004      0x4  app_ins_ekf_quaternion.o [1]
    .data            inited   0x20000008      0x4  app_ins_ekf_quaternion.o [1]
    .data            inited   0x2000000c      0x4  app_ins_ekf_quaternion.o [1]
    .data            inited   0x20000010      0x4  app_ins_ekf_quaternion.o [1]
    .data            inited   0x20000014      0x4  app_ins_ekf_quaternion.o [1]
    .data            inited   0x20000018      0x4  app_ins_ekf_quaternion.o [1]
    .data            inited   0x2000001c      0x4  app_ins_ekf_quaternion.o [1]
    .data            inited   0x20000020      0x4  app_ins_ekf_quaternion.o [1]
    .data            inited   0x20000024      0x4  app_ins_ekf_quaternion.o [1]
    .data            inited   0x20000028      0x4  app_ins_ekf_quaternion.o [1]
    .data            inited   0x2000002c      0x4  app_ins_ekf_quaternion.o [1]
    .data            inited   0x20000030      0x4  app_ins_ekf_quaternion.o [1]
    .data            inited   0x20000034      0x4  mpu9250.o [1]
    .data            inited   0x20000038      0x4  mpu9250.o [1]
    .data            inited   0x2000003c      0x4  mpu9250.o [1]
    .data            inited   0x20000040      0x4  port.o [1]
    .data            inited   0x20000044      0x4  system_stm32f4xx.o [1]
    .data            inited   0x20000048     0x48  xlocale_c.o [3]
    .data            inited   0x20000090      0x8  XShttio.o [3]
    .data            inited   0x20000098      0x1  stm32f4xx_hal.o [1]
                            - 0x20000099     0x99

"P2", part 2 of 3:                         0x51b0
  .bss               zero     0x2000009c   0x3c00  heap_4.o [1]
  .bss               zero     0x20003ca0    0x2d0  uwb1000.o [1]
  .bss               zero     0x20003f70    0x1d8  dlmalloc.o [3]
  .bss               zero     0x20004148    0x12c  flash_on_chip.o [1]
  .bss               zero     0x20004274     0xf0  time.o [1]
  .bss               zero     0x20004364     0xc8  app_ros.o [1]
  .bss               zero     0x2000442c     0xc8  app_ros.o [1]
  .bss               zero     0x200044f4     0x64  app_ano.o [1]
  .bss               zero     0x20004558     0xa0  time.o [1]
  .bss               zero     0x200045f8     0x8c  tasks.o [1]
  .bss               zero     0x20004684     0x60  spi.o [1]
  .bss               zero     0x200046e4     0x60  spi.o [1]
  .bss               zero     0x20004744     0x60  usart.o [1]
  .bss               zero     0x200047a4     0x60  usart.o [1]
  .bss               zero     0x20004804     0x60  usart.o [1]
  .bss               zero     0x20004864     0x60  usart.o [1]
  .bss               zero     0x200048c4     0x60  usart.o [1]
  .bss               zero     0x20004924     0x60  usart.o [1]
  .bss               zero     0x20004984     0x58  spi.o [1]
  .bss               zero     0x200049dc     0x58  spi.o [1]
  .bss               zero     0x20004a34     0x40  usart.o [1]
  .bss               zero     0x20004a74     0x40  usart.o [1]
  .bss               zero     0x20004ab4     0x40  usart.o [1]
  .bss               zero     0x20004af4     0x40  usart.o [1]
  .bss               zero     0x20004b34     0x40  usart.o [1]
  .bss               zero     0x20004b74     0x40  usart.o [1]
  .bss               zero     0x20004bb4     0x3c  stm32f4xx_hal_timebase_TIM.o [1]
  .bss               zero     0x20004bf0     0x3c  tim.o [1]
  .bss               zero     0x20004c2c     0x3c  tim.o [1]
  .bss               zero     0x20004c68     0x3c  tim.o [1]
  .bss               zero     0x20004ca4     0x3c  tim.o [1]
  .bss               zero     0x20004ce0     0x34  app_ano.o [1]
  .bss               zero     0x20004d14     0x20  rc_pwm.o [1]
  .bss               zero     0x20004d34     0x20  stm32f4xx_hal_flash.o [1]
  .bss               zero     0x20004d54     0x1c  mpu9250.o [1]
  .bss               zero     0x20004d70     0x1c  uwb1000.o [1]
  .bss               zero     0x20004d8c     0x18  dlmalloc.o [3]
  .bss               zero     0x20004da4     0x14  flash_on_chip.o [1]
  .bss               zero     0x20004db8     0x14  tasks.o [1]
  .bss               zero     0x20004dcc     0x14  tasks.o [1]
  .bss               zero     0x20004de0     0x14  tasks.o [1]
  .bss               zero     0x20004df4     0x14  tasks.o [1]
  .bss               zero     0x20004e08     0x14  tasks.o [1]
  .bss               zero     0x20004e1c     0x10  time.o [1]
  .bss               zero     0x20004e2c      0xc  app_ins_ekf_quaternion.o [1]
  .bss               zero     0x20004e38      0xc  app_ins_ekf_quaternion.o [1]
  .bss               zero     0x20004e44      0xc  app_ins_ekf_quaternion.o [1]
  .bss               zero     0x20004e50      0xc  app_ins_ekf_quaternion.o [1]
  .bss               zero     0x20004e5c      0xc  mpu9250.o [1]
  .bss               zero     0x20004e68      0xc  mpu9250.o [1]
  .bss               zero     0x20004e74      0x8  heap_4.o [1]
  .bss               zero     0x20004e7c      0x4  app_ano.o [1]
  .bss               zero     0x20004e80      0x8  ms5803.o [1]
  .bss               zero     0x20004e88      0x8  ms5803.o [1]
  .bss               zero     0x20004e90      0x8  time.o [1]
  .bss               zero     0x20004e98      0x4  app_ano.o [1]
  .bss               zero     0x20004e9c      0x4  app_ano.o [1]
  .bss               zero     0x20004ea0      0x4  app_ano.o [1]
  .bss               zero     0x20004ea4      0x4  app_ano.o [1]
  .bss               zero     0x20004ea8      0x4  app_ano.o [1]
  .bss               zero     0x20004eac      0x4  app_ano.o [1]
  .bss               zero     0x20004eb0      0x4  app_ano.o [1]
  .bss               zero     0x20004eb4      0x4  app_ano.o [1]
  .bss               zero     0x20004eb8      0x4  app_ano.o [1]
  .bss               zero     0x20004ebc      0x4  app_ano.o [1]
  .bss               zero     0x20004ec0      0x4  app_ano.o [1]
  .bss               zero     0x20004ec4      0x4  app_ano.o [1]
  .bss               zero     0x20004ec8      0x4  app_ano.o [1]
  .bss               zero     0x20004ecc      0x4  app_ano.o [1]
  .bss               zero     0x20004ed0      0x4  app_ano.o [1]
  .bss               zero     0x20004ed4      0x4  app_ano.o [1]
  .bss               zero     0x20004ed8      0x4  app_ano.o [1]
  .bss               zero     0x20004edc      0x4  app_ano.o [1]
  .bss               zero     0x20004ee0      0x4  app_ano.o [1]
  .bss               zero     0x20004ee4      0x4  app_ano.o [1]
  .bss               zero     0x20004ee8      0x4  app_ano.o [1]
  .bss               zero     0x20004eec      0x4  app_ano.o [1]
  .bss               zero     0x20004ef0      0x4  app_ano.o [1]
  .bss               zero     0x20004ef4      0x4  app_ano.o [1]
  .bss               zero     0x20004ef8      0x4  app_ano.o [1]
  .bss               zero     0x20004efc      0x4  app_ano.o [1]
  .bss               zero     0x20004f00      0x4  app_ano.o [1]
  .bss               zero     0x20004f04      0x4  app_ano.o [1]
  .bss               zero     0x20004f08      0x4  app_ano.o [1]
  .bss               zero     0x20004f0c      0x4  app_ano.o [1]
  .bss               zero     0x20004f10      0x4  app_ano.o [1]
  .bss               zero     0x20004f14      0x4  app_ano.o [1]
  .bss               zero     0x20004f18      0x4  app_ano.o [1]
  .bss               zero     0x20004f1c      0x4  app_ano.o [1]
  .bss               zero     0x20004f20      0x4  app_ano.o [1]
  .bss               zero     0x20004f24      0x4  app_ano.o [1]
  .bss               zero     0x20004f28      0x4  app_ano.o [1]
  .bss               zero     0x20004f2c      0x4  app_ano.o [1]
  .bss               zero     0x20004f30      0x4  app_ano.o [1]
  .bss               zero     0x20004f34      0x4  app_ano.o [1]
  .bss               zero     0x20004f38      0x4  app_ano.o [1]
  .bss               zero     0x20004f3c      0x4  app_ano.o [1]
  .bss               zero     0x20004f40      0x4  app_ano.o [1]
  .bss               zero     0x20004f44      0x4  app_ano.o [1]
  .bss               zero     0x20004f48      0x4  app_ano.o [1]
  .bss               zero     0x20004f4c      0x4  app_ano.o [1]
  .bss               zero     0x20004f50      0x4  app_ano.o [1]
  .bss               zero     0x20004f54      0x4  app_ano.o [1]
  .bss               zero     0x20004f58      0x4  app_ano.o [1]
  .bss               zero     0x20004f5c      0x4  app_ano.o [1]
  .bss               zero     0x20004f60      0x4  app_ano.o [1]
  .bss               zero     0x20004f64      0x4  app_ano.o [1]
  .bss               zero     0x20004f68      0x4  app_ano.o [1]
  .bss               zero     0x20004f6c      0x4  app_ano.o [1]
  .bss               zero     0x20004f70      0x4  app_ano.o [1]
  .bss               zero     0x20004f74      0x4  app_ano.o [1]
  .bss               zero     0x20004f78      0x4  app_ano.o [1]
  .bss               zero     0x20004f7c      0x4  app_ano.o [1]
  .bss               zero     0x20004f80      0x4  app_ano.o [1]
  .bss               zero     0x20004f84      0x4  app_ano.o [1]
  .bss               zero     0x20004f88      0x4  app_ano.o [1]
  .bss               zero     0x20004f8c      0x4  app_ano.o [1]
  .bss               zero     0x20004f90      0x4  app_ctrl.o [1]
  .bss               zero     0x20004f94      0x4  app_ctrl.o [1]
  .bss               zero     0x20004f98      0x4  app_ctrl.o [1]
  .bss               zero     0x20004f9c      0x4  app_ctrl.o [1]
  .bss               zero     0x20004fa0      0x4  app_ctrl.o [1]
  .bss               zero     0x20004fa4      0x4  app_ctrl.o [1]
  .bss               zero     0x20004fa8      0x4  app_ctrl.o [1]
  .bss               zero     0x20004fac      0x4  app_ctrl.o [1]
  .bss               zero     0x20004fb0      0x4  app_ctrl.o [1]
  .bss               zero     0x20004fb4      0x4  app_ctrl.o [1]
  .bss               zero     0x20004fb8      0x4  app_ctrl.o [1]
  .bss               zero     0x20004fbc      0x4  app_ctrl.o [1]
  .bss               zero     0x20004fc0      0x4  app_ctrl.o [1]
  .bss               zero     0x20004fc4      0x4  app_ctrl.o [1]
  .bss               zero     0x20004fc8      0x4  app_ctrl.o [1]
  .bss               zero     0x20004fcc      0x4  app_ctrl.o [1]
  .bss               zero     0x20004fd0      0x4  app_ctrl.o [1]
  .bss               zero     0x20004fd4      0x4  app_ctrl.o [1]
  .bss               zero     0x20004fd8      0x4  app_ctrl.o [1]
  .bss               zero     0x20004fdc      0x4  app_ctrl.o [1]
  .bss               zero     0x20004fe0      0x4  app_ctrl.o [1]
  .bss               zero     0x20004fe4      0x4  app_ctrl.o [1]
  .bss               zero     0x20004fe8      0x4  app_ctrl.o [1]
  .bss               zero     0x20004fec      0x4  app_ins_ekf_quaternion.o [1]
  .bss               zero     0x20004ff0      0x4  app_ins_ekf_quaternion.o [1]
  .bss               zero     0x20004ff4      0x4  app_ins_ekf_quaternion.o [1]
  .bss               zero     0x20004ff8      0x4  app_ins_ekf_quaternion.o [1]
  .bss               zero     0x20004ffc      0x4  app_ins_ekf_quaternion.o [1]
  .bss               zero     0x20005000      0x4  app_ins_ekf_quaternion.o [1]
  .bss               zero     0x20005004      0x4  app_ins_ekf_quaternion.o [1]
  .bss               zero     0x20005008      0x4  app_ins_ekf_quaternion.o [1]
  .bss               zero     0x2000500c      0x4  app_ins_ekf_quaternion.o [1]
  .bss               zero     0x20005010      0x4  app_ins_ekf_quaternion.o [1]
  .bss               zero     0x20005014      0x4  app_ins_ekf_quaternion.o [1]
  .bss               zero     0x20005018      0x4  app_ins_ekf_quaternion.o [1]
  .bss               zero     0x2000501c      0x4  app_ins_ekf_quaternion.o [1]
  .bss               zero     0x20005020      0x4  app_ins_ekf_quaternion.o [1]
  .bss               zero     0x20005024      0x4  app_ins_ekf_quaternion.o [1]
  .bss               zero     0x20005028      0x4  app_ins_ekf_quaternion.o [1]
  .bss               zero     0x2000502c      0x4  app_ins_ekf_quaternion.o [1]
  .bss               zero     0x20005030      0x4  app_ins_ekf_quaternion.o [1]
  .bss               zero     0x20005034      0x4  app_ins_ekf_quaternion.o [1]
  .bss               zero     0x20005038      0x4  app_ins_ekf_quaternion.o [1]
  .bss               zero     0x2000503c      0x4  app_ros.o [1]
  .bss               zero     0x20005040      0x4  app_ros.o [1]
  .bss               zero     0x20005044      0x4  app_ros.o [1]
  .bss               zero     0x20005048      0x4  app_ros.o [1]
  .bss               zero     0x2000504c      0x4  app_ros.o [1]
  .bss               zero     0x20005050      0x4  app_ros.o [1]
  .bss               zero     0x20005054      0x4  app_ros.o [1]
  .bss               zero     0x20005058      0x4  app_ros.o [1]
  .bss               zero     0x2000505c      0x4  app_ros.o [1]
  .bss               zero     0x20005060      0x4  app_ros.o [1]
  .bss               zero     0x20005064      0x4  app_ros.o [1]
  .bss               zero     0x20005068      0x4  app_ros.o [1]
  .bss               zero     0x2000506c      0x4  app_ros.o [1]
  .bss               zero     0x20005070      0x4  app_ros.o [1]
  .bss               zero     0x20005074      0x4  app_ros.o [1]
  .bss               zero     0x20005078      0x4  app_ros.o [1]
  .bss               zero     0x2000507c      0x4  app_ros.o [1]
  .bss               zero     0x20005080      0x4  app_ros.o [1]
  .bss               zero     0x20005084      0x4  app_ros.o [1]
  .bss               zero     0x20005088      0x4  freertos.o [1]
  .bss               zero     0x2000508c      0x4  freertos.o [1]
  .bss               zero     0x20005090      0x4  freertos.o [1]
  .bss               zero     0x20005094      0x4  freertos.o [1]
  .bss               zero     0x20005098      0x4  freertos.o [1]
  .bss               zero     0x2000509c      0x4  freertos.o [1]
  .bss               zero     0x200050a0      0x4  freertos.o [1]
  .bss               zero     0x200050a4      0x4  freertos.o [1]
  .bss               zero     0x200050a8      0x4  freertos.o [1]
  .bss               zero     0x200050ac      0x4  freertos.o [1]
  .bss               zero     0x200050b0      0x4  freertos.o [1]
  .bss               zero     0x200050b4      0x4  freertos.o [1]
  .bss               zero     0x200050b8      0x4  freertos.o [1]
  .bss               zero     0x200050bc      0x4  heap_4.o [1]
  .bss               zero     0x200050c0      0x4  heap_4.o [1]
  .bss               zero     0x200050c4      0x4  heap_4.o [1]
  .bss               zero     0x200050c8      0x4  heap_4.o [1]
  .bss               zero     0x200050cc      0x4  motor_pwm.o [1]
  .bss               zero     0x200050d0      0x4  motor_pwm.o [1]
  .bss               zero     0x200050d4      0x4  motor_pwm.o [1]
  .bss               zero     0x200050d8      0x4  motor_pwm.o [1]
  .bss               zero     0x200050dc      0x4  mpu9250.o [1]
  .bss               zero     0x200050e0      0x4  mpu9250.o [1]
  .bss               zero     0x200050e4      0x4  mpu9250.o [1]
  .bss               zero     0x200050e8      0x4  mpu9250.o [1]
  .bss               zero     0x200050ec      0x4  mpu9250.o [1]
  .bss               zero     0x200050f0      0x4  mpu9250.o [1]
  .bss               zero     0x200050f4      0x4  mpu9250.o [1]
  .bss               zero     0x200050f8      0x4  mpu9250.o [1]
  .bss               zero     0x200050fc      0x4  mpu9250.o [1]
  .bss               zero     0x20005100      0x4  mpu9250.o [1]
  .bss               zero     0x20005104      0x4  mpu9250.o [1]
  .bss               zero     0x20005108      0x4  mpu9250.o [1]
  .bss               zero     0x2000510c      0x4  mpu9250.o [1]
  .bss               zero     0x20005110      0x4  mpu9250.o [1]
  .bss               zero     0x20005114      0x4  mpu9250.o [1]
  .bss               zero     0x20005118      0x4  mpu9250.o [1]
  .bss               zero     0x2000511c      0x4  mpu9250.o [1]
  .bss               zero     0x20005120      0x4  mpu9250.o [1]
  .bss               zero     0x20005124      0x4  mpu9250.o [1]
  .bss               zero     0x20005128      0x4  mpu9250.o [1]
  .bss               zero     0x2000512c      0x4  mpu9250.o [1]
  .bss               zero     0x20005130      0x4  mpu9250.o [1]
  .bss               zero     0x20005134      0x4  mpu9250.o [1]
  .bss               zero     0x20005138      0x4  mpu9250.o [1]
  .bss               zero     0x2000513c      0x4  mpu9250.o [1]
  .bss               zero     0x20005140      0x4  mpu9250.o [1]
  .bss               zero     0x20005144      0x4  mpu9250.o [1]
  .bss               zero     0x20005148      0x4  mpu9250.o [1]
  .bss               zero     0x2000514c      0x4  mpu9250.o [1]
  .bss               zero     0x20005150      0x4  mpu9250.o [1]
  .bss               zero     0x20005154      0x4  ms5803.o [1]
  .bss               zero     0x20005158      0x4  ms5803.o [1]
  .bss               zero     0x2000515c      0x4  ms5803.o [1]
  .bss               zero     0x20005160      0x4  ms5803.o [1]
  .bss               zero     0x20005164      0x4  port.o [1]
  .bss               zero     0x20005168      0x4  rc_pwm.o [1]
  .bss               zero     0x2000516c      0x4  rc_pwm.o [1]
  .bss               zero     0x20005170      0x4  rc_pwm.o [1]
  .bss               zero     0x20005174      0x4  rc_pwm.o [1]
  .bss               zero     0x20005178      0x4  rc_pwm.o [1]
  .bss               zero     0x2000517c      0x4  rc_pwm.o [1]
  .bss               zero     0x20005180      0x4  rc_pwm.o [1]
  .bss               zero     0x20005184      0x4  rc_pwm.o [1]
  .bss               zero     0x20005188      0x4  rc_pwm.o [1]
  .bss               zero     0x2000518c      0x4  rc_pwm.o [1]
  .bss               zero     0x20005190      0x4  rc_pwm.o [1]
  .bss               zero     0x20005194      0x4  rc_pwm.o [1]
  .bss               zero     0x20005198      0x4  rc_pwm.o [1]
  .bss               zero     0x2000519c      0x4  rc_pwm.o [1]
  .bss               zero     0x200051a0      0x4  rc_pwm.o [1]
  .bss               zero     0x200051a4      0x4  rc_pwm.o [1]
  .bss               zero     0x200051a8      0x4  rc_pwm.o [1]
  .bss               zero     0x200051ac      0x4  rc_pwm.o [1]
  .bss               zero     0x200051b0      0x4  rc_pwm.o [1]
  .bss               zero     0x200051b4      0x4  rc_pwm.o [1]
  .bss               zero     0x200051b8      0x4  rc_pwm.o [1]
  .bss               zero     0x200051bc      0x4  rc_pwm.o [1]
  .bss               zero     0x200051c0      0x4  rc_pwm.o [1]
  .bss               zero     0x200051c4      0x4  rc_pwm.o [1]
  .bss               zero     0x200051c8      0x4  stm32f4xx_hal.o [1]
  .bss               zero     0x200051cc      0x4  tasks.o [1]
  .bss               zero     0x200051d0      0x4  tasks.o [1]
  .bss               zero     0x200051d4      0x4  tasks.o [1]
  .bss               zero     0x200051d8      0x4  tasks.o [1]
  .bss               zero     0x200051dc      0x4  tasks.o [1]
  .bss               zero     0x200051e0      0x4  tasks.o [1]
  .bss               zero     0x200051e4      0x4  tasks.o [1]
  .bss               zero     0x200051e8      0x4  tasks.o [1]
  .bss               zero     0x200051ec      0x4  tasks.o [1]
  .bss               zero     0x200051f0      0x4  tasks.o [1]
  .bss               zero     0x200051f4      0x4  tasks.o [1]
  .bss               zero     0x200051f8      0x4  tasks.o [1]
  .bss               zero     0x200051fc      0x4  tasks.o [1]
  .bss               zero     0x20005200      0x4  tasks.o [1]
  .bss               zero     0x20005204      0x4  tasks.o [1]
  .bss               zero     0x20005208      0x4  time.o [1]
  .bss               zero     0x2000520c      0x4  time.o [1]
  .bss               zero     0x20005210      0x4  time.o [1]
  .bss               zero     0x20005214      0x4  time.o [1]
  .bss               zero     0x20005218      0x4  uwb1000.o [1]
  .bss               zero     0x2000521c      0x4  uwb1000.o [1]
  .bss               zero     0x20005220      0x4  uwb1000.o [1]
  .bss               zero     0x20005224      0x4  uwb1000.o [1]
  .bss               zero     0x20005228      0x4  uwb1000.o [1]
  .bss               zero     0x2000522c      0x4  xgetmemchunk.o [3]
  .bss               zero     0x20005230      0x2  mpu9250.o [1]
  .bss               zero     0x20005232      0x2  ms5803.o [1]
  .bss               zero     0x20005234      0x2  ms5803.o [1]
  .bss               zero     0x20005236      0x2  ms5803.o [1]
  .bss               zero     0x20005238      0x2  ms5803.o [1]
  .bss               zero     0x2000523a      0x2  ms5803.o [1]
  .bss               zero     0x2000523c      0x2  ms5803.o [1]
  .bss               zero     0x2000523e      0x2  uwb1000.o [1]
  .bss               zero     0x20005240      0x1  mpu9250.o [1]
  .bss               zero     0x20005241      0x1  port.o [1]
  .bss               zero     0x20005242      0x1  usart_cfg.o [1]
  .bss               zero     0x20005243      0x1  usart_cfg.o [1]
  .bss               zero     0x20005244      0x1  usart_cfg.o [1]
  .bss               zero     0x20005245      0x1  usart_cfg.o [1]
  .bss               zero     0x20005246      0x1  usart_cfg.o [1]
  .bss               zero     0x20005247      0x1  uwb1000.o [1]
  .bss               zero     0x20005248      0x1  uwb1000.o [1]
  .bss               zero     0x20005249      0x1  uwb1000.o [1]
  .bss               zero     0x2000524a      0x1  uwb1000.o [1]
                            - 0x2000524b   0x51af

"P2", part 3 of 3:                          0x800
  CSTACK                      0x20005250    0x600  <Block>
    CSTACK           uninit   0x20005250    0x600  <Block tail>
  HEAP                        0x20005850    0x200  <Block>
    HEAP             uninit   0x20005850    0x200  <Block tail>
                            - 0x20005a50    0x800


*******************************************************************************
*** INIT TABLE
***

          Address     Size
          -------     ----
Zero (__iar_zero_init3)
    1 destination range, total size 0x51af:
          0x2000009c  0x51af

Copy (__iar_copy_init3)
    1 source range, total size 0x9c (101% of destination):
          0x08010c48    0x9c
    1 destination range, total size 0x99:
          0x20000000    0x99



*******************************************************************************
*** MODULE SUMMARY
***

    Module                        ro code  ro data  rw data
    ------                        -------  -------  -------
D:\WORK\DEVO\CODE\SFOX_ZERO\SFOX_ZERO\EWARM\SFOX_ZERO\Obj: [1]
    CMatrix.o                       2 760
    app_ano.o                       5 552               404
    app_ctrl.o                        884                92
    app_ins_ekf_quaternion.o        8 084    1 524      180
    app_led.o                         224
    app_ros.o                       2 714               476
    app_uwb.o                          14
    cmsis_os.o                        412
    dma.o                             192
    flash_on_chip.o                 2 700               320
    freertos.o                        812      260       52
    gpio.o                            224
    heap_4.o                          632        4   15 384
    list.o                            154
    main.o                            350       52
    motor_pwm.o                       360                16
    mpu9250.o                       2 884       32      187
    ms5803.o                        1 232                44
    port.o                            600        8        9
    portasm.o                         168
    queue.o                         1 988
    rc_pwm.o                        1 252               128
    spi.o                             620       48      368
    startup_stm32f407xx.o             660
    stm32f4xx_hal.o                   140        1        5
    stm32f4xx_hal_cortex.o            364
    stm32f4xx_hal_dma.o             1 356        8
    stm32f4xx_hal_flash.o             616                32
    stm32f4xx_hal_flash_ex.o          476
    stm32f4xx_hal_gpio.o              656
    stm32f4xx_hal_msp.o                94
    stm32f4xx_hal_rcc.o             1 572
    stm32f4xx_hal_spi.o             2 888
    stm32f4xx_hal_tim.o             2 416
    stm32f4xx_hal_tim_ex.o             94
    stm32f4xx_hal_timebase_TIM.o      156                60
    stm32f4xx_hal_uart.o            2 022
    stm32f4xx_it.o                    276
    system_stm32f4xx.o                108       28        4
    tasks.o                         2 736        8      300
    tim.o                           1 336       48      240
    time.o                            204               440
    usart.o                         1 948       52      960
    usart_cfg.o                       344       56        5
    uwb1000.o                         756        8      774
    -------------------------------------------------------
    Total:                         56 030    2 137   20 480

command line: [2]
    -------------------------------------------------------
    Total:

dl7M_tlf.a: [3]
    XShttio.o                          12        8        8
    abort.o                             6
    dlmalloc.o                      5 332               496
    exit.o                              4
    heaptramp0.o                        4
    iar_Stoulx.o                      372
    isspace.o                          20
    low_level_init.o                    4
    tolower.o                          20
    xgetmemchunk.o                     44                 4
    xlocale_c.o                        52       74       72
    -------------------------------------------------------
    Total:                          5 870       82      580

m7M_tls.a: [4]
    DblAdd.o                          376
    DblCmpEq.o                         32
    DblCmpGe.o                         46
    DblCmpLe.o                         46
    DblDiv.o                          582
    DblMul.o                          418
    DblSub.o                          226
    DblToFlt.o                        104
    DblToS32.o                         58
    FltToDbl.o                         72
    S32ToDbl.o                         34
    S64ToFlt.o                         88
    asin64.o                          240
    atan2_64.o                        316
    cos_sin64.o                     1 100
    fpinit_M.o                         34
    iar_Atan64.o                      520
    math_wrappers64.o                  58
    sqrt.o                            258
    -------------------------------------------------------
    Total:                          4 608

rt7M_tl.a: [5]
    ABImemclr4.o                        6
    ABImemcpy.o                       166
    ABImemset.o                       102
    ABImemset48.o                      50
    I64DivMod.o                       626
    I64DivZer.o                         2
    cexit.o                            10
    cmain.o                            30
    copy_init3.o                       44
    cstartup_M.o                       12
    data_init.o                        40
    memchr.o                           88
    zero_init3.o                       64
    -------------------------------------------------------
    Total:                          1 240

shb_l.a: [6]
    exit.o                             20
    iarttio.o                          44
    -------------------------------------------------------
    Total:                             64

    Gaps                               36        4        4
    Linker created                              39    2 048
-----------------------------------------------------------
    Grand Total:                   67 848    2 262   23 112


*******************************************************************************
*** ENTRY LIST
***

Entry                      Address    Size  Type      Object
-----                      -------    ----  ----      ------
.iar.init_table$$Base   0x08010f1c           --   Gb  - Linker created -
.iar.init_table$$Limit  0x08010f40           --   Gb  - Linker created -
?main                   0x08010f41          Code  Gb  cmain.o [5]
AHBPrescTable           0x08011044    0x10  Data  Gb  system_stm32f4xx.o [1]
ANCHOR_INDEX            0x2000523e     0x2  Data  Gb  uwb1000.o [1]
ANO_DT_Data_Receive_Anl
                        0x0800607d   0x7d2  Code  Gb  app_ano.o [1]
ANO_DT_Send_Check       0x0800686d    0x4e  Code  Gb  app_ano.o [1]
ANO_DT_Send_PID         0x08005989   0x286  Code  Gb  app_ano.o [1]
ANO_data_push           0x0800554b    0x16  Code  Gb  app_ano.o [1]
ANO_data_receive_prepara
                        0x08005ee5   0x108  Code  Gb  app_ano.o [1]
ANO_send_15_data        0x0800557d   0x406  Code  Gb  app_ano.o [1]
ANO_sending             0x08005445   0x106  Code  Gb  app_ano.o [1]
ANO_usart_send_data     0x08005565    0x16  Code  Gb  app_ano.o [1]
APBPrescTable           0x080110a8     0x8  Data  Gb  system_stm32f4xx.o [1]
BusFault_Handler        0x08010b3b     0x2  Code  Gb  stm32f4xx_it.o [1]
CSTACK$$Base            0x20005250           --   Gb  - Linker created -
CSTACK$$Limit           0x20005850           --   Gb  - Linker created -
DMA1_Stream3_IRQHandler
                        0x08010b4d     0xa  Code  Gb  stm32f4xx_it.o [1]
DMA1_Stream4_IRQHandler
                        0x08010b57     0xa  Code  Gb  stm32f4xx_it.o [1]
DMA1_Stream6_IRQHandler
                        0x08010b61     0xa  Code  Gb  stm32f4xx_it.o [1]
DMA1_Stream7_IRQHandler
                        0x08010bb1     0xa  Code  Gb  stm32f4xx_it.o [1]
DMA2_Stream0_IRQHandler
                        0x08010bcf     0xa  Code  Gb  stm32f4xx_it.o [1]
DMA2_Stream3_IRQHandler
                        0x08010bd9     0xa  Code  Gb  stm32f4xx_it.o [1]
DMA2_Stream6_IRQHandler
                        0x08010be3     0xa  Code  Gb  stm32f4xx_it.o [1]
DMA2_Stream7_IRQHandler
                        0x08010bed     0xa  Code  Gb  stm32f4xx_it.o [1]
DMA_CalcBaseAndBitshift
                        0x0800b38d    0x30  Code  Lc  stm32f4xx_hal_dma.o [1]
DMA_CalcBaseAndBitshift::flagBitshiftOffset
                        0x080110a0     0x8  Data  Lc  stm32f4xx_hal_dma.o [1]
DMA_CheckFifoParam      0x0800b3c9    0x9c  Code  Lc  stm32f4xx_hal_dma.o [1]
DMA_SetConfig           0x0800b35f    0x2e  Code  Lc  stm32f4xx_hal_dma.o [1]
DebugMon_Handler        0x08010b3f     0x2  Code  Gb  stm32f4xx_it.o [1]
EraseInitStruct         0x20004da4    0x14  Data  Gb  flash_on_chip.o [1]
FLASH_Erase_Sector      0x0800a663    0x72  Code  Gb  stm32f4xx_hal_flash_ex.o [1]
FLASH_FlushCaches       0x0800a6d5    0x72  Code  Gb  stm32f4xx_hal_flash_ex.o [1]
FLASH_MassErase         0x0800a635    0x2e  Code  Lc  stm32f4xx_hal_flash_ex.o [1]
FLASH_Program_Byte      0x0800a4b7    0x24  Code  Lc  stm32f4xx_hal_flash.o [1]
FLASH_Program_DoubleWord
                        0x0800a437    0x30  Code  Lc  stm32f4xx_hal_flash.o [1]
FLASH_Program_HalfWord  0x0800a48f    0x28  Code  Lc  stm32f4xx_hal_flash.o [1]
FLASH_Program_Word      0x0800a467    0x28  Code  Lc  stm32f4xx_hal_flash.o [1]
FLASH_SetErrorCode      0x0800a4db    0x84  Code  Lc  stm32f4xx_hal_flash.o [1]
FLASH_WaitForLastOperation
                        0x0800a3e1    0x56  Code  Gb  stm32f4xx_hal_flash.o [1]
FLASHinit               0x080074b1    0x2e  Code  Gb  flash_on_chip.o [1]
GetSector               0x08007439    0x78  Code  Lc  flash_on_chip.o [1]
HAL_DMA_Abort           0x0800b093    0x9c  Code  Gb  stm32f4xx_hal_dma.o [1]
HAL_DMA_Abort_IT        0x0800b12f    0x28  Code  Gb  stm32f4xx_hal_dma.o [1]
HAL_DMA_IRQHandler      0x0800b157   0x208  Code  Gb  stm32f4xx_hal_dma.o [1]
HAL_DMA_Init            0x0800af19    0xe2  Code  Gb  stm32f4xx_hal_dma.o [1]
HAL_DMA_Start_IT        0x0800affb    0x98  Code  Gb  stm32f4xx_hal_dma.o [1]
HAL_Delay               0x0800a755    0x28  Code  Wk  stm32f4xx_hal.o [1]
HAL_FLASHEx_Erase       0x0800a579    0xbc  Code  Gb  stm32f4xx_hal_flash_ex.o [1]
HAL_FLASH_Lock          0x0800a3d1    0x10  Code  Gb  stm32f4xx_hal_flash.o [1]
HAL_FLASH_Program       0x0800a311    0x9a  Code  Gb  stm32f4xx_hal_flash.o [1]
HAL_FLASH_Unlock        0x0800a3ab    0x26  Code  Gb  stm32f4xx_hal_flash.o [1]
HAL_GPIO_Init           0x0800e541   0x21c  Code  Gb  stm32f4xx_hal_gpio.o [1]
HAL_GPIO_ReadPin        0x0800e75d    0x16  Code  Gb  stm32f4xx_hal_gpio.o [1]
HAL_GPIO_TogglePin      0x0800e78d     0xc  Code  Gb  stm32f4xx_hal_gpio.o [1]
HAL_GPIO_WritePin       0x0800e773    0x1a  Code  Gb  stm32f4xx_hal_gpio.o [1]
HAL_GetTick             0x0800e535     0xc  Code  Wk  stm32f4xx_hal.o [1]
HAL_IncTick             0x0800dfe9    0x18  Code  Wk  stm32f4xx_hal.o [1]
HAL_Init                0x0800b6d1    0x3a  Code  Gb  stm32f4xx_hal.o [1]
HAL_InitTick            0x0800e7d1    0x8a  Code  Gb  stm32f4xx_hal_timebase_TIM.o [1]
HAL_MspInit             0x0800eadf    0x5e  Code  Gb  stm32f4xx_hal_msp.o [1]
HAL_NVIC_EnableIRQ      0x0800df8d     0xe  Code  Gb  stm32f4xx_hal_cortex.o [1]
HAL_NVIC_SetPriority    0x0800df63    0x2a  Code  Gb  stm32f4xx_hal_cortex.o [1]
HAL_NVIC_SetPriorityGrouping
                        0x0800df57     0xc  Code  Gb  stm32f4xx_hal_cortex.o [1]
HAL_RCC_ClockConfig     0x0800b46d   0x14a  Code  Gb  stm32f4xx_hal_rcc.o [1]
HAL_RCC_GetClockConfig  0x0800b5e9    0x3a  Code  Gb  stm32f4xx_hal_rcc.o [1]
HAL_RCC_GetHCLKFreq     0x0800b5b7     0x6  Code  Gb  stm32f4xx_hal_rcc.o [1]
HAL_RCC_GetPCLK1Freq    0x0800b5bd    0x16  Code  Gb  stm32f4xx_hal_rcc.o [1]
HAL_RCC_GetPCLK2Freq    0x0800b5d3    0x16  Code  Gb  stm32f4xx_hal_rcc.o [1]
HAL_RCC_OscConfig       0x0800dabd   0x3c0  Code  Wk  stm32f4xx_hal_rcc.o [1]
HAL_SPI_DMAStop         0x0800f353    0x32  Code  Gb  stm32f4xx_hal_spi.o [1]
HAL_SPI_IRQHandler      0x0800f385   0x110  Code  Gb  stm32f4xx_hal_spi.o [1]
HAL_SPI_Init            0x0800eb3d    0x8e  Code  Gb  stm32f4xx_hal_spi.o [1]
HAL_SPI_MspInit         0x0800b975   0x172  Code  Gb  spi.o [1]
HAL_SPI_Receive         0x0800ed7b   0x17a  Code  Gb  stm32f4xx_hal_spi.o [1]
HAL_SPI_Receive_DMA     0x0800f11b    0xfa  Code  Gb  stm32f4xx_hal_spi.o [1]
HAL_SPI_RxCpltCallback  0x0800ca4d    0x14  Code  Gb  mpu9250.o [1]
HAL_SPI_Transmit        0x0800ebcb   0x1b0  Code  Gb  stm32f4xx_hal_spi.o [1]
HAL_SPI_TransmitReceive
                        0x0800eef5   0x226  Code  Gb  stm32f4xx_hal_spi.o [1]
HAL_SPI_TransmitReceive_DMA
                        0x0800f215   0x13e  Code  Gb  stm32f4xx_hal_spi.o [1]
HAL_SYSTICK_CLKSourceConfig
                        0x0800dfa7    0x20  Code  Gb  stm32f4xx_hal_cortex.o [1]
HAL_SYSTICK_Config      0x0800df9b     0xc  Code  Gb  stm32f4xx_hal_cortex.o [1]
HAL_TIMEx_BreakCallback
                        0x0801057b     0x2  Code  Wk  stm32f4xx_hal_tim_ex.o [1]
HAL_TIMEx_CommutationCallback
                        0x0801057f     0x2  Code  Wk  stm32f4xx_hal_tim_ex.o [1]
HAL_TIMEx_MasterConfigSynchronization
                        0x0800ffe9    0x5a  Code  Gb  stm32f4xx_hal_tim_ex.o [1]
HAL_TIM_Base_Init       0x0800f67d    0x38  Code  Gb  stm32f4xx_hal_tim.o [1]
HAL_TIM_Base_Start_IT   0x0800f6b5    0x1e  Code  Gb  stm32f4xx_hal_tim.o [1]
HAL_TIM_IC_CaptureCallback
                        0x0800c0b1   0x40a  Code  Gb  rc_pwm.o [1]
HAL_TIM_IC_ConfigChannel
                        0x0800f97b    0xd6  Code  Gb  stm32f4xx_hal_tim.o [1]
HAL_TIM_IC_Init         0x0800f757    0x38  Code  Gb  stm32f4xx_hal_tim.o [1]
HAL_TIM_IC_MspInit      0x0800be8f    0xcc  Code  Gb  tim.o [1]
HAL_TIM_IC_Start_IT     0x0800f78f    0x6c  Code  Gb  stm32f4xx_hal_tim.o [1]
HAL_TIM_IRQHandler      0x0800f805   0x176  Code  Gb  stm32f4xx_hal_tim.o [1]
HAL_TIM_MspPostInit     0x0800bfab    0x72  Code  Gb  tim.o [1]
HAL_TIM_PWM_ConfigChannel
                        0x0800fa51   0x100  Code  Gb  stm32f4xx_hal_tim.o [1]
HAL_TIM_PWM_Init        0x0800f6d3    0x38  Code  Gb  stm32f4xx_hal_tim.o [1]
HAL_TIM_PWM_MspInit     0x0800bf5b    0x50  Code  Gb  tim.o [1]
HAL_TIM_PWM_Start       0x0800f70b    0x4c  Code  Gb  stm32f4xx_hal_tim.o [1]
HAL_TIM_PeriodElapsedCallback
                        0x08008085    0x12  Code  Gb  main.o [1]
HAL_TIM_ReadCapturedValue
                        0x0800fb51    0x54  Code  Gb  stm32f4xx_hal_tim.o [1]
HAL_UART_IRQHandler     0x080078e7   0x14a  Code  Gb  stm32f4xx_hal_uart.o [1]
HAL_UART_Init           0x08007775    0x76  Code  Gb  stm32f4xx_hal_uart.o [1]
HAL_UART_MspInit        0x0800a9b1   0x4f0  Code  Gb  usart.o [1]
HAL_UART_Receive_IT     0x080077eb    0x66  Code  Gb  stm32f4xx_hal_uart.o [1]
HAL_UART_RxCpltCallback
                        0x08006a67    0x78  Code  Gb  usart_cfg.o [1]
HAL_UART_Transmit_DMA   0x08007851    0x96  Code  Gb  stm32f4xx_hal_uart.o [1]
HEAP$$Base              0x20005850           --   Gb  - Linker created -
HEAP$$Limit             0x20005a50           --   Gb  - Linker created -
HardFault_Handler       0x08010b37     0x2  Code  Gb  stm32f4xx_it.o [1]
MPU9250_Check           0x0800c8df    0xe2  Code  Gb  mpu9250.o [1]
MPU9250_ERROR           0x20005128     0x4  Data  Gb  mpu9250.o [1]
MPU9250_Handler         0x200050dc     0x4  Data  Gb  mpu9250.o [1]
MPU9250_Init            0x0800c84b    0x94  Code  Gb  mpu9250.o [1]
MPU9250_Mag_ReadReg     0x0800c7bb    0x62  Code  Gb  mpu9250.o [1]
MPU9250_Mag_ReadRegs    0x0800c81d    0x2e  Code  Gb  mpu9250.o [1]
MPU9250_Mag_WriteReg    0x0800c75f    0x5c  Code  Gb  mpu9250.o [1]
MPU9250_ReadReg         0x0800c6b3    0x52  Code  Gb  mpu9250.o [1]
MPU9250_WriteReg        0x0800c705    0x5a  Code  Gb  mpu9250.o [1]
MPU9250_data_buffer     0x20004d54    0x1c  Data  Gb  mpu9250.o [1]
MPU9250_data_push       0x0800ce99   0x1b2  Code  Gb  mpu9250.o [1]
MPU9250_data_ready_to_read
                        0x0800ca35    0x18  Code  Gb  mpu9250.o [1]
MPU9250_gyro_acc_calibrate_offset_func
                        0x0800ca61   0x24c  Code  Gb  mpu9250.o [1]
MPU9250_gyro_acc_calibrate_offset_func::cnt_g
                        0x20005230     0x2  Data  Lc  mpu9250.o [1]
MPU9250_gyro_acc_calibrate_offset_func::gyrox_high
                        0x20005130     0x4  Data  Lc  mpu9250.o [1]
MPU9250_gyro_acc_calibrate_offset_func::gyrox_low
                        0x2000512c     0x4  Data  Lc  mpu9250.o [1]
MPU9250_gyro_acc_calibrate_offset_func::tempAcc
                        0x20004e68     0xc  Data  Lc  mpu9250.o [1]
MPU9250_gyro_acc_calibrate_offset_func::tempGyro
                        0x20004e5c     0xc  Data  Lc  mpu9250.o [1]
MPU9250_mag_calibrate   0x0800ccb1   0x1e4  Code  Gb  mpu9250.o [1]
MPU9250_mag_calibrate::cnt
                        0x2000514c     0x4  Data  Lc  mpu9250.o [1]
MPU9250_mag_calibrate::magx_high
                        0x20005138     0x4  Data  Lc  mpu9250.o [1]
MPU9250_mag_calibrate::magx_low
                        0x20005134     0x4  Data  Lc  mpu9250.o [1]
MPU9250_mag_calibrate::magy_high
                        0x20005140     0x4  Data  Lc  mpu9250.o [1]
MPU9250_mag_calibrate::magy_low
                        0x2000513c     0x4  Data  Lc  mpu9250.o [1]
MPU9250_mag_calibrate::magz_high
                        0x20005148     0x4  Data  Lc  mpu9250.o [1]
MPU9250_mag_calibrate::magz_low
                        0x20005144     0x4  Data  Lc  mpu9250.o [1]
MPU9250_process         0x0800d055    0xd4  Code  Gb  mpu9250.o [1]
MPU9250_process::MPU9250MagCalibrateStart
                        0x20005150     0x4  Data  Lc  mpu9250.o [1]
MPU9250_read_raw_data   0x0800c9c5    0x70  Code  Gb  mpu9250.o [1]
MS5803_C1               0x20005232     0x2  Data  Gb  ms5803.o [1]
MS5803_C2               0x20005234     0x2  Data  Gb  ms5803.o [1]
MS5803_C3               0x20005236     0x2  Data  Gb  ms5803.o [1]
MS5803_C4               0x20005238     0x2  Data  Gb  ms5803.o [1]
MS5803_C5               0x2000523a     0x2  Data  Gb  ms5803.o [1]
MS5803_C6               0x2000523c     0x2  Data  Gb  ms5803.o [1]
MS5803_D1               0x20005154     0x4  Data  Gb  ms5803.o [1]
MS5803_D2               0x20005158     0x4  Data  Gb  ms5803.o [1]
MS5803_Handler          0x20005160     0x4  Data  Gb  ms5803.o [1]
MS5803_Init             0x0800d1e5    0xbe  Code  Gb  ms5803.o [1]
MS5803_ReadRegs         0x0800d5f1    0x46  Code  Gb  ms5803.o [1]
MS5803_WriteReg         0x0800d637    0x2a  Code  Gb  ms5803.o [1]
MS5803_caculate         0x0800d2b1   0x2a0  Code  Gb  ms5803.o [1]
MS5803_pressure         0x20004e80     0x8  Data  Gb  ms5803.o [1]
MS5803_process          0x0800d2a3     0xc  Code  Gb  ms5803.o [1]
MS5803_read_data        0x0800d551    0xa0  Code  Gb  ms5803.o [1]
MS5803_reset            0x0800d6a5    0x10  Code  Gb  ms5803.o [1]
MS5803_temperature      0x20004e88     0x8  Data  Gb  ms5803.o [1]
MX_DMA_Init             0x0800b7f1    0xc0  Code  Gb  dma.o [1]
MX_FREERTOS_Init        0x0800d795   0x14a  Code  Gb  freertos.o [1]
MX_GPIO_Init            0x0800b711    0xe0  Code  Gb  gpio.o [1]
MX_SPI1_Init            0x0800b8b1    0x62  Code  Gb  spi.o [1]
MX_SPI2_Init            0x0800b913    0x62  Code  Gb  spi.o [1]
MX_TIM1_Init            0x0800bb1d    0xea  Code  Gb  tim.o [1]
MX_TIM2_Init            0x0800bc07    0xe2  Code  Gb  tim.o [1]
MX_TIM3_Init            0x0800bce9    0xe2  Code  Gb  tim.o [1]
MX_TIM4_Init            0x0800bdcb    0xc4  Code  Gb  tim.o [1]
MX_UART4_Init           0x0800a77d    0x5e  Code  Gb  usart.o [1]
MX_UART5_Init           0x0800a7db    0x5e  Code  Gb  usart.o [1]
MX_USART1_UART_Init     0x0800a839    0x5e  Code  Gb  usart.o [1]
MX_USART2_UART_Init     0x0800a897    0x5e  Code  Gb  usart.o [1]
MX_USART3_UART_Init     0x0800a8f5    0x5e  Code  Gb  usart.o [1]
MX_USART6_UART_Init     0x0800a953    0x5e  Code  Gb  usart.o [1]
MatAdd                  0x0800266b    0xa4  Code  Gb  CMatrix.o [1]
MatAt                   0x08002b19    0x26  Code  Gb  CMatrix.o [1]
MatBlockCompose         0x0800286f   0x1c0  Code  Gb  CMatrix.o [1]
MatBlockDecompose       0x08002a2f    0x9a  Code  Gb  CMatrix.o [1]
MatCopy                 0x08002b83    0x62  Code  Gb  CMatrix.o [1]
MatCreate               0x0800211f    0x80  Code  Gb  CMatrix.o [1]
MatDelete               0x08002223    0x3e  Code  Gb  CMatrix.o [1]
MatDiag                 0x08002ac9    0x50  Code  Gb  CMatrix.o [1]
MatException            0x0800211d     0x2  Code  Gb  CMatrix.o [1]
MatEye                  0x080025ed    0x42  Code  Gb  CMatrix.o [1]
MatInit                 0x0800219f    0x44  Code  Gb  CMatrix.o [1]
MatInverse              0x08002321   0x2c8  Code  Gb  CMatrix.o [1]
MatIsValid              0x080021e3    0x40  Code  Gb  CMatrix.o [1]
MatMultiply             0x08002261    0xbc  Code  Gb  CMatrix.o [1]
MatScalarMultiply       0x080027b3    0x5a  Code  Gb  CMatrix.o [1]
MatSetValAt             0x08002b3f    0x44  Code  Gb  CMatrix.o [1]
MatSub                  0x0800270f    0xa4  Code  Gb  CMatrix.o [1]
MatTrans                0x0800280d    0x62  Code  Gb  CMatrix.o [1]
MatZeros                0x0800262f    0x3c  Code  Gb  CMatrix.o [1]
MemManage_Handler       0x08010b39     0x2  Code  Gb  stm32f4xx_it.o [1]
NMI_Handler             0x08010b35     0x2  Code  Gb  stm32f4xx_it.o [1]
NVIC_EnableIRQ          0x0800dea3    0x16  Code  Lc  stm32f4xx_hal_cortex.o [1]
NVIC_EncodePriority     0x0800dee5    0x42  Code  Lc  stm32f4xx_hal_cortex.o [1]
NVIC_GetPriorityGrouping
                        0x0800de99     0xa  Code  Lc  stm32f4xx_hal_cortex.o [1]
NVIC_SetPriority        0x0800deb9    0x2c  Code  Lc  stm32f4xx_hal_cortex.o [1]
NVIC_SetPriorityGrouping
                        0x0800de7d    0x1c  Code  Lc  stm32f4xx_hal_cortex.o [1]
PendSV_Handler          0x0800e48d          Code  Gb  portasm.o [1]
RC_PWM                  0x20004d14    0x20  Data  Gb  rc_pwm.o [1]
RC_PWM_init             0x0800c055    0x5c  Code  Gb  rc_pwm.o [1]
ReadTheFLASH            0x080076cd    0x2c  Code  Gb  flash_on_chip.o [1]
Region$$Table$$Base     0x08010f1c           --   Gb  - Linker created -
Region$$Table$$Limit    0x08010f40           --   Gb  - Linker created -
RxBuffer                0x20004ce0    0x34  Data  Lc  app_ano.o [1]
RxBuffer                0x2000442c    0xc8  Data  Lc  app_ros.o [1]
SPI1_IRQHandler         0x08010b7f     0xa  Code  Gb  stm32f4xx_it.o [1]
SPI_CheckFlag_BSY       0x0800f653    0x2a  Code  Lc  stm32f4xx_hal_spi.o [1]
SPI_DMAAbortOnError     0x0800f599    0x16  Code  Lc  stm32f4xx_hal_spi.o [1]
SPI_DMAError            0x0800f571    0x28  Code  Lc  stm32f4xx_hal_spi.o [1]
SPI_DMAHalfReceiveCplt  0x0800f551     0xe  Code  Lc  stm32f4xx_hal_spi.o [1]
SPI_DMAHalfTransmitReceiveCplt
                        0x0800f561     0xe  Code  Lc  stm32f4xx_hal_spi.o [1]
SPI_DMAReceiveCplt      0x0800f495    0x5e  Code  Lc  stm32f4xx_hal_spi.o [1]
SPI_DMATransmitReceiveCplt
                        0x0800f4f5    0x5c  Code  Lc  stm32f4xx_hal_spi.o [1]
SPI_WaitFlagStateUntilTimeout
                        0x0800f5b1    0xa2  Code  Lc  stm32f4xx_hal_spi.o [1]
SVC_Handler             0x0800e4e5          Code  Gb  portasm.o [1]
StartDefaultTask        0x0800d8df     0xc  Code  Gb  freertos.o [1]
StartTask02LED          0x0800d8eb     0xa  Code  Gb  freertos.o [1]
StartTask03COM          0x0800d8f5    0x4e  Code  Gb  freertos.o [1]
StartTask04MPU9250      0x0800d943    0x48  Code  Gb  freertos.o [1]
StartTask05MS5803       0x0800d98b    0x10  Code  Gb  freertos.o [1]
StartTask06BackEnd      0x0800d99b    0x58  Code  Gb  freertos.o [1]
StartTask07UWB          0x0800d9f3    0x48  Code  Gb  freertos.o [1]
SysTick_Config          0x0800df27    0x30  Code  Lc  stm32f4xx_hal_cortex.o [1]
SysTick_Handler         0x08010b41     0xc  Code  Gb  stm32f4xx_it.o [1]
SystemClock_Config      0x08007fc1    0xc4  Code  Gb  main.o [1]
SystemCoreClock         0x20000044     0x4  Data  Gb  system_stm32f4xx.o [1]
SystemInit              0x08010ce5    0x4c  Code  Gb  system_stm32f4xx.o [1]
TIM1_CC_IRQHandler      0x08010b6b     0xa  Code  Gb  stm32f4xx_it.o [1]
TIM2_IRQHandler         0x08010b75     0xa  Code  Gb  stm32f4xx_it.o [1]
TIM8_TRG_COM_TIM14_IRQHandler
                        0x08010ba7     0xa  Code  Gb  stm32f4xx_it.o [1]
TIM_Base_SetConfig      0x0800fba5    0xec  Code  Gb  stm32f4xx_hal_tim.o [1]
TIM_CCxChannelCmd       0x0800fd8d    0x1c  Code  Gb  stm32f4xx_hal_tim.o [1]
TIM_OC1_SetConfig       0x0800fdab    0x6e  Code  Lc  stm32f4xx_hal_tim.o [1]
TIM_OC2_SetConfig       0x0800fd0f    0x7c  Code  Gb  stm32f4xx_hal_tim.o [1]
TIM_OC3_SetConfig       0x0800fe19    0x76  Code  Lc  stm32f4xx_hal_tim.o [1]
TIM_OC4_SetConfig       0x0800fe8f    0x64  Code  Lc  stm32f4xx_hal_tim.o [1]
TIM_TI1_SetConfig       0x0800fc91    0x7e  Code  Gb  stm32f4xx_hal_tim.o [1]
TIM_TI2_SetConfig       0x0800ff21    0x42  Code  Lc  stm32f4xx_hal_tim.o [1]
TIM_TI3_SetConfig       0x0800ff63    0x40  Code  Lc  stm32f4xx_hal_tim.o [1]
TIM_TI4_SetConfig       0x0800ffa3    0x42  Code  Lc  stm32f4xx_hal_tim.o [1]
UART4_IRQHandler        0x08010bbb     0xa  Code  Gb  stm32f4xx_it.o [1]
UART5_IRQHandler        0x08010bc5     0xa  Code  Gb  stm32f4xx_it.o [1]
UART_DMAAbortOnError    0x08007b05    0x16  Code  Lc  stm32f4xx_hal_uart.o [1]
UART_DMAError           0x08007a75    0x58  Code  Lc  stm32f4xx_hal_uart.o [1]
UART_DMATransmitCplt    0x08007a31    0x34  Code  Lc  stm32f4xx_hal_uart.o [1]
UART_DMATxHalfCplt      0x08007a65     0xe  Code  Lc  stm32f4xx_hal_uart.o [1]
UART_EndRxTransfer      0x08007ae1    0x20  Code  Lc  stm32f4xx_hal_uart.o [1]
UART_EndTransmit_IT     0x08007b8b    0x20  Code  Lc  stm32f4xx_hal_uart.o [1]
UART_EndTxTransfer      0x08007acd    0x14  Code  Lc  stm32f4xx_hal_uart.o [1]
UART_Receive_IT         0x08007bab    0xa2  Code  Lc  stm32f4xx_hal_uart.o [1]
UART_SetConfig          0x08007c4d   0x2fc  Code  Lc  stm32f4xx_hal_uart.o [1]
UART_Transmit_IT        0x08007b1d    0x6e  Code  Lc  stm32f4xx_hal_uart.o [1]
USART1_DMA_send_data    0x08006adf    0x14  Code  Gb  usart_cfg.o [1]
USART1_IRQHandler       0x08010b89     0xa  Code  Gb  stm32f4xx_it.o [1]
USART2_IRQHandler       0x08010b93     0xa  Code  Gb  stm32f4xx_it.o [1]
USART3_IRQHandler       0x08010b9d     0xa  Code  Gb  stm32f4xx_it.o [1]
USART4_DMA_send_data    0x08006af3    0x14  Code  Gb  usart_cfg.o [1]
USART6_IRQHandler       0x08010bf7     0xa  Code  Gb  stm32f4xx_it.o [1]
USART_init              0x080069f5    0x72  Code  Gb  usart_cfg.o [1]
UpdateTheFLASH          0x080074e1    0xba  Code  Gb  flash_on_chip.o [1]
UsageFault_Handler      0x08010b3d     0x2  Code  Gb  stm32f4xx_it.o [1]
_Error_Handler          0x080080b1     0x2  Code  Gb  main.o [1]
_LocaleC_isspace        0x0801058d    0x14  Code  Gb  xlocale_c.o [3]
_LocaleC_isupper        0x08010581     0x2  Code  Gb  xlocale_c.o [3]
_LocaleC_tolower        0x080105a1     0xc  Code  Gb  xlocale_c.o [3]
__aeabi_cdcmpeq         0x080053bd          Code  Gb  DblCmpEq.o [4]
__aeabi_cdcmple         0x080050e5          Code  Gb  DblCmpLe.o [4]
__aeabi_cdrcmple        0x080053dd          Code  Gb  DblCmpGe.o [4]
__aeabi_d2f             0x08002e79          Code  Gb  DblToFlt.o [4]
__aeabi_d2iz            0x08005349          Code  Gb  DblToS32.o [4]
__aeabi_dadd            0x08003161          Code  Gb  DblAdd.o [4]
__aeabi_ddiv            0x08002ee1          Code  Gb  DblDiv.o [4]
__aeabi_dmul            0x08002cd5          Code  Gb  DblMul.o [4]
__aeabi_dsub            0x080032d9          Code  Gb  DblSub.o [4]
__aeabi_f2d             0x08002c8d          Code  Gb  FltToDbl.o [4]
__aeabi_i2d             0x08005385          Code  Gb  S32ToDbl.o [4]
__aeabi_l2f             0x08010045          Code  Gb  S64ToFlt.o [4]
__aeabi_ldiv0           0x0801056d          Code  Gb  I64DivZer.o [5]
__aeabi_ldivmod         0x0800e86d          Code  Gb  I64DivMod.o [5]
__aeabi_memclr4         0x080033bd          Code  Gb  ABImemclr4.o [5]
__aeabi_memcpy          0x08002be5          Code  Gb  ABImemcpy.o [5]
__aeabi_memcpy4         0x08002c05          Code  Gb  ABImemcpy.o [5]
__aeabi_memcpy8         0x08002c05          Code  Gb  ABImemcpy.o [5]
__aeabi_memset          0x0800499d          Code  Gb  ABImemset.o [5]
__aeabi_uldivmod        0x0800e8b1          Code  Gb  I64DivMod.o [5]
__cmain                 0x08010f41          Code  Gb  cmain.o [5]
__data_GetMemChunk      0x080050b9    0x2c  Code  Gb  xgetmemchunk.o [3]
__data_GetMemChunk::start
                        0x2000522c     0x4  Data  Lc  xgetmemchunk.o [3]
__exit                  0x080053a9    0x14  Code  Gb  exit.o [6]
__iar_Atan64            0x08005141   0x170  Code  Gb  iar_Atan64.o [4]
__iar_Memchr            0x08010515          Code  Gb  memchr.o [5]
__iar_Memset            0x0800499d          Code  Gb  ABImemset.o [5]
__iar_Memset4_word      0x08005081          Code  Gb  ABImemset48.o [5]
__iar_Memset8_word      0x08005081          Code  Gb  ABImemset48.o [5]
__iar_Memset_word       0x080049a5          Code  Gb  ABImemset.o [5]
__iar_Sin64             0x08004c35   0x3b2  Code  Lc  cos_sin64.o [4]
__iar_Stoulx            0x0800e001   0x112  Code  Gb  iar_Stoulx.o [3]
__iar_asin64            0x08004a09    0xf0  Code  Gb  asin64.o [4]
__iar_atan2_64          0x08004af9   0x13c  Code  Gb  atan2_64.o [4]
__iar_close_ttio        0x0800540d    0x2c  Code  Gb  iarttio.o [6]
__iar_copy_init3        0x08005113    0x2c  Code  Gb  copy_init3.o [5]
__iar_cos64             0x08005079     0x4  Code  Gb  cos_sin64.o [4]
__iar_cos_medium        0x08005079     0x4  Code  Gb  cos_sin64.o [4]
__iar_cos_medium64      0x08005079     0x4  Code  Gb  cos_sin64.o [4]
__iar_cos_mediuml       0x08005079     0x4  Code  Gb  cos_sin64.o [4]
__iar_dadd              0x080032e9          Code  Gb  DblSub.o [4]
__iar_data_init3        0x08010ed1    0x28  Code  Gb  data_init.o [5]
__iar_dlfree            0x080044a3   0x4f6  Code  Gb  dlmalloc.o [3]
__iar_dlmalloc          0x080041ed   0x2b6  Code  Gb  dlmalloc.o [3]
__iar_dsub              0x08003171          Code  Gb  DblAdd.o [4]
__iar_dsubStart         0x08003183          Code  Gb  DblAdd.o [4]
__iar_globLocale        0x20000048    0x48  Data  Lc  xlocale_c.o [3]
__iar_global_Locale     0x080105ad     0x4  Code  Gb  xlocale_c.o [3]
__iar_init_vfp          0x08010ef9          Code  Gb  fpinit_M.o [4]
__iar_lookup_ttioh      0x08005439     0x4  Code  Gb  XShttio.o [3]
__iar_program_start     0x08011095          Code  Gb  cstartup_M.o [5]
__iar_sin64             0x0800507d     0x4  Code  Gb  cos_sin64.o [4]
__iar_sin_medium        0x0800507d     0x4  Code  Gb  cos_sin64.o [4]
__iar_sin_medium64      0x0800507d     0x4  Code  Gb  cos_sin64.o [4]
__iar_sin_mediuml       0x0800507d     0x4  Code  Gb  cos_sin64.o [4]
__iar_sqrt64            0x080033d5          Code  Gb  sqrt.o [4]
__iar_systems$$module {Abs}
                        0x00000001          Data  Gb  command line/config [2]
__iar_ttio_handles      0x20000090     0x8  Data  Lc  XShttio.o [3]
__iar_vfp___iar_sqrt64  0x080033c5          Code  Gb  sqrt.o [4]
__iar_vfp_asin          0x0800312d     0xc  Code  Gb  math_wrappers64.o [4]
__iar_vfp_atan2         0x08003139    0x10  Code  Gb  math_wrappers64.o [4]
__iar_vfp_cos           0x08003149     0xc  Code  Gb  math_wrappers64.o [4]
__iar_vfp_sin           0x08003155     0xc  Code  Gb  math_wrappers64.o [4]
__iar_vfp_sqrt          0x080033c5          Code  Gb  sqrt.o [4]
__iar_vfp_sqrtl         0x080033c5          Code  Gb  sqrt.o [4]
__iar_zero_init3        0x08010d91    0x40  Code  Gb  zero_init3.o [5]
__low_level_init        0x08010f5f     0x4  Code  Gb  low_level_init.o [3]
__vector_table          0x08000000          Data  Gb  startup_stm32f407xx.o [1]
_buf_index              0x20005220     0x4  Data  Lc  uwb1000.o [1]
_call_main              0x08010f4d          Code  Gb  cmain.o [5]
_comma_index            0x20005228     0x4  Data  Lc  uwb1000.o [1]
_data_cnt               0x20004e9c     0x4  Data  Lc  app_ano.o [1]
_data_cnt               0x20005080     0x4  Data  Lc  app_ros.o [1]
_data_cnt               0x2000521c     0x4  Data  Lc  uwb1000.o [1]
_data_len               0x20004e98     0x4  Data  Lc  app_ano.o [1]
_data_len               0x2000507c     0x4  Data  Lc  app_ros.o [1]
_data_len               0x20005218     0x4  Data  Lc  uwb1000.o [1]
_exit                   0x08010f69          Code  Gb  cexit.o [5]
_gm_                    0x20003f70   0x1d8  Data  Lc  dlmalloc.o [3]
_header_index           0x20005224     0x4  Data  Lc  uwb1000.o [1]
_main                   0x08010f5b          Code  Gb  cmain.o [5]
a                       0x08005308    0x40  Data  Lc  iar_Atan64.o [4]
aRxBuffer1              0x20005242     0x1  Data  Gb  usart_cfg.o [1]
aRxBuffer2              0x20005243     0x1  Data  Gb  usart_cfg.o [1]
aRxBuffer3              0x20005244     0x1  Data  Gb  usart_cfg.o [1]
aRxBuffer5              0x20005245     0x1  Data  Gb  usart_cfg.o [1]
aRxBuffer6              0x20005246     0x1  Data  Gb  usart_cfg.o [1]
abort                   0x080050b3     0x6  Code  Gb  abort.o [3]
accx_mps                0x20005008     0x4  Data  Gb  app_ins_ekf_quaternion.o [1]
accx_raw_bias_mps       0x200050ec     0x4  Data  Gb  mpu9250.o [1]
accx_raw_mps            0x200050e0     0x4  Data  Gb  mpu9250.o [1]
accy_mps                0x2000500c     0x4  Data  Gb  app_ins_ekf_quaternion.o [1]
accy_raw_bias_mps       0x200050f0     0x4  Data  Gb  mpu9250.o [1]
accy_raw_mps            0x200050e4     0x4  Data  Gb  mpu9250.o [1]
accz_mps                0x20005010     0x4  Data  Gb  app_ins_ekf_quaternion.o [1]
accz_raw_bias_mps       0x200050f4     0x4  Data  Gb  mpu9250.o [1]
accz_raw_mps            0x200050e8     0x4  Data  Gb  mpu9250.o [1]
add_segment             0x0800388d   0x1f2  Code  Lc  dlmalloc.o [3]
alt_d                   0x20004ee0     0x4  Data  Gb  app_ano.o [1]
alt_i                   0x20004edc     0x4  Data  Gb  app_ano.o [1]
alt_p                   0x20004ed8     0x4  Data  Gb  app_ano.o [1]
anchor                  0x20003ca0   0x2d0  Data  Gb  uwb1000.o [1]
anchor_index            0x20005247     0x1  Data  Gb  uwb1000.o [1]
ano_data_to_send        0x200044f4    0x64  Data  Lc  app_ano.o [1]
ano_process             0x080068bb    0x52  Code  Gb  app_ano.o [1]
ano_process::delay_cnt  0x20004f8c     0x4  Data  Lc  app_ano.o [1]
app_ano_time_consume_us
                        0x20005208     0x4  Data  Gb  time.o [1]
app_backend_time_consume_us
                        0x2000520c     0x4  Data  Gb  time.o [1]
app_ctrl_thread         0x08010169    0x18  Code  Gb  app_ctrl.o [1]
app_ins_ekf_quaternion_thread
                        0x08000189    0x78  Code  Gb  app_ins_ekf_quaternion.o [1]
app_led_thread          0x0800d6b5    0x68  Code  Gb  app_led.o [1]
app_ros_thread          0x08008e35     0xe  Code  Gb  app_ros.o [1]
app_uwb_thread          0x080104dd     0xa  Code  Gb  app_uwb.o [1]
app_uwb_time_consume_us
                        0x20005214     0x4  Data  Gb  time.o [1]
asin                    0x08004a09    0xf0  Code  Gb  asin64.o [4]
asinl                   0x08004a09    0xf0  Code  Gb  asin64.o [4]
atan2                   0x08004af9   0x13c  Code  Gb  atan2_64.o [4]
atan2l                  0x08004af9   0x13c  Code  Gb  atan2_64.o [4]
atoi                    0x0800e119     0x2  Code  Gb  iar_Stoulx.o [3]
attitude_ctrl           0x0801019d    0x38  Code  Gb  app_ctrl.o [1]
control                 0x08010181    0x1c  Code  Gb  app_ctrl.o [1]
cos                     0x08005079     0x4  Code  Gb  cos_sin64.o [4]
cosl                    0x08005079     0x4  Code  Gb  cos_sin64.o [4]
cycle_T                 0x20004274    0xf0  Data  Gb  time.o [1]
d1d2_convert_step       0x2000515c     0x4  Data  Lc  ms5803.o [1]
data_from_ANO_updata    0x20004ea8     0x4  Data  Lc  app_ano.o [1]
data_from_ros_updata    0x20005084     0x4  Data  Lc  app_ros.o [1]
data_parse_state        0x20005248     0x1  Data  Gb  uwb1000.o [1]
[...]
myTask03COMHandle       0x20005090     0x4  Data  Gb  freertos.o [1]
myTask04MPU9250Handle   0x20005094     0x4  Data  Gb  freertos.o [1]
myTask05MS5803Handle    0x20005098     0x4  Data  Gb  freertos.o [1]
myTask06BackEndHandle   0x2000509c     0x4  Data  Gb  freertos.o [1]
myTask07UWBHandle       0x200050a0     0x4  Data  Gb  freertos.o [1]
ndigs                   0x0800e14c    0x28  Data  Lc  iar_Stoulx.o [3]
obtain_sensors_data     0x08000201    0x94  Code  Gb  app_ins_ekf_quaternion.o [1]
osDelay                 0x08006bad    0x1c  Code  Gb  cmsis_os.o [1]
osKernelStart           0x08006b75     0xa  Code  Gb  cmsis_os.o [1]
osSemaphoreCreate       0x08006bc9    0x34  Code  Gb  cmsis_os.o [1]
osSemaphoreRelease      0x08006c7f    0x54  Code  Gb  cmsis_os.o [1]
osSemaphoreWait         0x08006bfd    0x82  Code  Gb  cmsis_os.o [1]
osSystickHandler        0x08006cd3    0x10  Code  Gb  cmsis_os.o [1]
osThreadCreate          0x08006b7f    0x2e  Code  Gb  cmsis_os.o [1]
pFlash                  0x20004d34    0x20  Data  Gb  stm32f4xx_hal_flash.o [1]
parse_ready             0x20005249     0x1  Data  Lc  uwb1000.o [1]
pcInterruptPriorityRegisters
                        0x080110dc     0x4  Data  Lc  port.o [1]
pid10_d                 0x20004f28     0x4  Data  Gb  app_ano.o [1]
pid10_i                 0x20004f24     0x4  Data  Gb  app_ano.o [1]
pid10_p                 0x20004f20     0x4  Data  Gb  app_ano.o [1]
pid11_d                 0x20004f34     0x4  Data  Gb  app_ano.o [1]
pid11_i                 0x20004f30     0x4  Data  Gb  app_ano.o [1]
pid11_p                 0x20004f2c     0x4  Data  Gb  app_ano.o [1]
pid12_d                 0x20004f40     0x4  Data  Gb  app_ano.o [1]
pid12_i                 0x20004f3c     0x4  Data  Gb  app_ano.o [1]
pid12_p                 0x20004f38     0x4  Data  Gb  app_ano.o [1]
pid13_d                 0x20004f4c     0x4  Data  Gb  app_ano.o [1]
pid13_i                 0x20004f48     0x4  Data  Gb  app_ano.o [1]
pid13_p                 0x20004f44     0x4  Data  Gb  app_ano.o [1]
pid14_d                 0x20004f58     0x4  Data  Gb  app_ano.o [1]
pid14_i                 0x20004f54     0x4  Data  Gb  app_ano.o [1]
pid14_p                 0x20004f50     0x4  Data  Gb  app_ano.o [1]
pid15_d                 0x20004f64     0x4  Data  Gb  app_ano.o [1]
pid15_i                 0x20004f60     0x4  Data  Gb  app_ano.o [1]
pid15_p                 0x20004f5c     0x4  Data  Gb  app_ano.o [1]
pid16_d                 0x20004f70     0x4  Data  Gb  app_ano.o [1]
pid16_i                 0x20004f6c     0x4  Data  Gb  app_ano.o [1]
pid16_p                 0x20004f68     0x4  Data  Gb  app_ano.o [1]
pid17_d                 0x20004f7c     0x4  Data  Gb  app_ano.o [1]
pid17_i                 0x20004f78     0x4  Data  Gb  app_ano.o [1]
pid17_p                 0x20004f74     0x4  Data  Gb  app_ano.o [1]
pid18_d                 0x20004f88     0x4  Data  Gb  app_ano.o [1]
pid18_i                 0x20004f84     0x4  Data  Gb  app_ano.o [1]
pid18_p                 0x20004f80     0x4  Data  Gb  app_ano.o [1]
pid6_d                  0x20004ef8     0x4  Data  Gb  app_ano.o [1]
pid6_i                  0x20004ef4     0x4  Data  Gb  app_ano.o [1]
pid6_p                  0x20004ef0     0x4  Data  Gb  app_ano.o [1]
pid7_d                  0x20004f04     0x4  Data  Gb  app_ano.o [1]
pid7_i                  0x20004f00     0x4  Data  Gb  app_ano.o [1]
pid7_p                  0x20004efc     0x4  Data  Gb  app_ano.o [1]
pid8_d                  0x20004f10     0x4  Data  Gb  app_ano.o [1]
pid8_i                  0x20004f0c     0x4  Data  Gb  app_ano.o [1]
pid8_p                  0x20004f08     0x4  Data  Gb  app_ano.o [1]
pid9_d                  0x20004f1c     0x4  Data  Gb  app_ano.o [1]
pid9_i                  0x20004f18     0x4  Data  Gb  app_ano.o [1]
pid9_p                  0x20004f14     0x4  Data  Gb  app_ano.o [1]
pit_d                   0x20004ec8     0x4  Data  Gb  app_ano.o [1]
pit_i                   0x20004ec4     0x4  Data  Gb  app_ano.o [1]
pit_p                   0x20004ec0     0x4  Data  Gb  app_ano.o [1]
pitch_deg               0x20004ff0     0x4  Data  Gb  app_ins_ekf_quaternion.o [1]
pitch_input             0x20004f98     0x4  Data  Gb  app_ctrl.o [1]
pos_alt                 0x20005028     0x4  Data  Gb  app_ins_ekf_quaternion.o [1]
pos_d                   0x20004eec     0x4  Data  Gb  app_ano.o [1]
pos_east                0x20005024     0x4  Data  Gb  app_ins_ekf_quaternion.o [1]
pos_i                   0x20004ee8     0x4  Data  Gb  app_ano.o [1]
pos_north               0x20005020     0x4  Data  Gb  app_ins_ekf_quaternion.o [1]
pos_p                   0x20004ee4     0x4  Data  Gb  app_ano.o [1]
prepend_alloc           0x0800354b   0x342  Code  Lc  dlmalloc.o [3]
prvAddCurrentTaskToDelayedList
                        0x08009831    0x7e  Code  Lc  tasks.o [1]
prvAddNewTaskToReadyList
                        0x08008f7f    0xba  Code  Lc  tasks.o [1]
prvCheckTasksWaitingTermination
                        0x080095bd    0x64  Code  Lc  tasks.o [1]
prvCopyDataFromQueue    0x08009fd9    0x30  Code  Lc  queue.o [1]
prvCopyDataToQueue      0x08009f41    0x98  Code  Lc  queue.o [1]
prvDeleteTCB            0x08009621    0x12  Code  Lc  tasks.o [1]
prvHeapInit             0x0800e309    0x66  Code  Lc  heap_4.o [1]
prvIdleTask             0x0800952d    0x2a  Code  Lc  tasks.o [1]
prvInitialiseNewQueue   0x080099e3    0x32  Code  Lc  queue.o [1]
prvInitialiseNewTask    0x08008eb9    0xc6  Code  Lc  tasks.o [1]
prvInitialiseTaskLists  0x08009561    0x58  Code  Lc  tasks.o [1]
prvInsertBlockIntoFreeList
                        0x0800e36f    0x60  Code  Lc  heap_4.o [1]
prvIsQueueEmpty         0x0800a07b    0x1c  Code  Lc  queue.o [1]
prvIsQueueFull          0x0800a097    0x1e  Code  Lc  queue.o [1]
prvResetNextTaskUnblockTime
                        0x08009633    0x2e  Code  Lc  tasks.o [1]
prvTaskExitError        0x0800a0e1    0x2a  Code  Lc  port.o [1]
prvUnlockQueue          0x0800a009    0x72  Code  Lc  queue.o [1]
pvPortMalloc            0x0800e175   0x11a  Code  Gb  heap_4.o [1]
pvTaskIncrementMutexHeldCount
                        0x080097ed    0x1e  Code  Gb  tasks.o [1]
pxCurrentTCB            0x200051cc     0x4  Data  Gb  tasks.o [1]
pxDelayedTaskList       0x200051d0     0x4  Data  Lc  tasks.o [1]
pxEnd                   0x200050bc     0x4  Data  Lc  heap_4.o [1]
pxOverflowDelayedTaskList
                        0x200051d4     0x4  Data  Lc  tasks.o [1]
pxPortInitialiseStack   0x0800a0b9    0x28  Code  Gb  port.o [1]
pxReadyTasksLists       0x200045f8    0x8c  Data  Lc  tasks.o [1]
rc_d                    0x20004fb8     0x4  Data  Gb  app_ctrl.o [1]
rc_e                    0x20004fb0     0x4  Data  Gb  app_ctrl.o [1]
rc_g                    0x20004fb4     0x4  Data  Gb  app_ctrl.o [1]
rc_pitch                0x20004fa4     0x4  Data  Gb  app_ctrl.o [1]
rc_pitch_max            0x20004fc4     0x4  Data  Gb  app_ctrl.o [1]
rc_pitch_min            0x20004fc8     0x4  Data  Gb  app_ctrl.o [1]
rc_pitch_threshold      0x20004fe0     0x4  Data  Gb  app_ctrl.o [1]
rc_roll                 0x20004fa0     0x4  Data  Gb  app_ctrl.o [1]
rc_roll_max             0x20004fbc     0x4  Data  Gb  app_ctrl.o [1]
rc_roll_min             0x20004fc0     0x4  Data  Gb  app_ctrl.o [1]
rc_roll_threshold       0x20004fdc     0x4  Data  Gb  app_ctrl.o [1]
rc_throttle             0x20004fa8     0x4  Data  Gb  app_ctrl.o [1]
rc_throttle_max         0x20004fd4     0x4  Data  Gb  app_ctrl.o [1]
rc_throttle_min         0x20004fd8     0x4  Data  Gb  app_ctrl.o [1]
rc_throttle_threshold   0x20004fe4     0x4  Data  Gb  app_ctrl.o [1]
rc_yaw                  0x20004fac     0x4  Data  Gb  app_ctrl.o [1]
rc_yaw_max              0x20004fcc     0x4  Data  Gb  app_ctrl.o [1]
rc_yaw_min              0x20004fd0     0x4  Data  Gb  app_ctrl.o [1]
rc_yaw_threshold        0x20004fe8     0x4  Data  Gb  app_ctrl.o [1]
read_data_from_inner_flash
                        0x20004eb0     0x4  Data  Lc  app_ano.o [1]
remote_control_data_obtain
                        0x08010235   0x222  Code  Gb  app_ctrl.o [1]
rol_d                   0x20004ebc     0x4  Data  Gb  app_ano.o [1]
rol_i                   0x20004eb8     0x4  Data  Gb  app_ano.o [1]
rol_p                   0x20004eb4     0x4  Data  Gb  app_ano.o [1]
roll_deg                0x20004fec     0x4  Data  Gb  app_ins_ekf_quaternion.o [1]
roll_input              0x20004f94     0x4  Data  Gb  app_ctrl.o [1]
ros_a_x                 0x2000503c     0x4  Data  Gb  app_ros.o [1]
ros_a_y                 0x20005040     0x4  Data  Gb  app_ros.o [1]
ros_a_z                 0x20005044     0x4  Data  Gb  app_ros.o [1]
ros_b_x                 0x20005048     0x4  Data  Gb  app_ros.o [1]
ros_b_y                 0x2000504c     0x4  Data  Gb  app_ros.o [1]
ros_b_z                 0x20005050     0x4  Data  Gb  app_ros.o [1]
ros_c_x                 0x20005054     0x4  Data  Gb  app_ros.o [1]
ros_c_y                 0x20005058     0x4  Data  Gb  app_ros.o [1]
ros_c_z                 0x2000505c     0x4  Data  Gb  app_ros.o [1]
ros_d_x                 0x20005060     0x4  Data  Gb  app_ros.o [1]
ros_d_y                 0x20005064     0x4  Data  Gb  app_ros.o [1]
ros_d_z                 0x20005068     0x4  Data  Gb  app_ros.o [1]
ros_data_receive_analyse
                        0x08008641   0x334  Code  Gb  app_ros.o [1]
ros_data_receive_prepara
                        0x080084c3   0x14c  Code  Gb  app_ros.o [1]
ros_data_to_send        0x20004364    0xc8  Data  Lc  app_ros.o [1]
ros_e_x                 0x2000506c     0x4  Data  Gb  app_ros.o [1]
ros_e_y                 0x20005070     0x4  Data  Gb  app_ros.o [1]
ros_e_z                 0x20005074     0x4  Data  Gb  app_ros.o [1]
ros_send_15_data        0x08008979   0x43e  Code  Gb  app_ros.o [1]
ros_sending             0x080083a9   0x104  Code  Gb  app_ros.o [1]
ros_usart_send_data     0x080084ad    0x16  Code  Gb  app_ros.o [1]
save_arry               0x20004148   0x12c  Data  Gb  flash_on_chip.o [1]
segment_holding         0x080034c9    0x1e  Code  Lc  dlmalloc.o [3]
send_pid_para           0x20004ea4     0x4  Data  Lc  app_ano.o [1]
simpdelay               0x0800c6a1    0x12  Code  Lc  mpu9250.o [1]
sin                     0x0800507d     0x4  Code  Gb  cos_sin64.o [4]
sinl                    0x0800507d     0x4  Code  Gb  cos_sin64.o [4]
sqrt                    0x080033d5          Code  Gb  sqrt.o [4]
sqrtl                   0x080033d5          Code  Gb  sqrt.o [4]
state                   0x20004e7c     0x4  Data  Lc  app_ano.o [1]
state                   0x20005078     0x4  Data  Lc  app_ros.o [1]
sysTickUptime           0x20004e90     0x8  Data  Gb  time.o [1]
sys_alloc               0x08003a85   0x164  Code  Lc  dlmalloc.o [3]
sys_trim                0x08003be9    0x66  Code  Lc  dlmalloc.o [3]
throttle_input          0x20004f90     0x4  Data  Gb  app_ctrl.o [1]
time_consume            0x20004558    0xa0  Data  Gb  time.o [1]
time_inc_tick           0x08010141    0x14  Code  Gb  time.o [1]
timer1_channel1_PE9_DiffCapture
                        0x20005170     0x4  Data  Gb  rc_pwm.o [1]
timer1_channel1_PE9_IC1Value1
                        0x20005168     0x4  Data  Gb  rc_pwm.o [1]
timer1_channel1_PE9_IC1Value2
                        0x2000516c     0x4  Data  Gb  rc_pwm.o [1]
timer1_channel2_PE11_DiffCapture
                        0x2000517c     0x4  Data  Gb  rc_pwm.o [1]
timer1_channel2_PE11_IC1Value1
                        0x20005174     0x4  Data  Gb  rc_pwm.o [1]
timer1_channel2_PE11_IC1Value2
                        0x20005178     0x4  Data  Gb  rc_pwm.o [1]
timer1_channel3_PE13_DiffCapture
                        0x20005188     0x4  Data  Gb  rc_pwm.o [1]
timer1_channel3_PE13_IC1Value1
                        0x20005180     0x4  Data  Gb  rc_pwm.o [1]
timer1_channel3_PE13_IC1Value2
                        0x20005184     0x4  Data  Gb  rc_pwm.o [1]
timer1_channel4_PE14_DiffCapture
                        0x20005194     0x4  Data  Gb  rc_pwm.o [1]
timer1_channel4_PE14_IC1Value1
                        0x2000518c     0x4  Data  Gb  rc_pwm.o [1]
timer1_channel4_PE14_IC1Value2
                        0x20005190     0x4  Data  Gb  rc_pwm.o [1]
timer2_channel1_PA5_DiffCapture
                        0x200051a0     0x4  Data  Gb  rc_pwm.o [1]
timer2_channel1_PA5_IC1Value1
                        0x20005198     0x4  Data  Gb  rc_pwm.o [1]
timer2_channel1_PA5_IC1Value2
                        0x2000519c     0x4  Data  Gb  rc_pwm.o [1]
timer2_channel2_PA1_DiffCapture
                        0x200051ac     0x4  Data  Gb  rc_pwm.o [1]
timer2_channel2_PA1_IC1Value1
                        0x200051a4     0x4  Data  Gb  rc_pwm.o [1]
timer2_channel2_PA1_IC1Value2
                        0x200051a8     0x4  Data  Gb  rc_pwm.o [1]
timer2_channel3_PB10_DiffCapture
                        0x200051b8     0x4  Data  Gb  rc_pwm.o [1]
timer2_channel3_PB10_IC1Value1
                        0x200051b0     0x4  Data  Gb  rc_pwm.o [1]
timer2_channel3_PB10_IC1Value2
                        0x200051b4     0x4  Data  Gb  rc_pwm.o [1]
timer2_channel4_PB11_DiffCapture
                        0x200051c4     0x4  Data  Gb  rc_pwm.o [1]
timer2_channel4_PB11_IC1Value1
                        0x200051bc     0x4  Data  Gb  rc_pwm.o [1]
timer2_channel4_PB11_IC1Value2
                        0x200051c0     0x4  Data  Gb  rc_pwm.o [1]
timer4_channel1_PD12_PWM_setvalue
                        0x0800c5e1    0x2e  Code  Gb  motor_pwm.o [1]
timer4_channel2_PD13_PWM_setvalue
                        0x0800c60f    0x2e  Code  Gb  motor_pwm.o [1]
timer4_channel3_PD14_PWM_setvalue
                        0x0800c63d    0x2e  Code  Gb  motor_pwm.o [1]
timer4_channel4_PD15_PWM_setvalue
                        0x0800c66b    0x2e  Code  Gb  motor_pwm.o [1]
tmalloc_large           0x08003c5d   0x384  Code  Lc  dlmalloc.o [3]
tmalloc_small           0x08003fe1   0x1fe  Code  Lc  dlmalloc.o [3]
tolower                 0x080104ff    0x14  Code  Gb  tolower.o [3]
ucHeap                  0x2000009c  0x3c00  Data  Lc  heap_4.o [1]
ucMaxSysCallPriority    0x20005241     0x1  Data  Lc  port.o [1]
ulMaxPRIGROUPValue      0x20005164     0x4  Data  Lc  port.o [1]
uwTick                  0x200051c8     0x4  Data  Gb  stm32f4xx_hal.o [1]
uwTickFreq              0x20000098     0x1  Data  Gb  stm32f4xx_hal.o [1]
uwb1000_buffer          0x20004d70    0x1c  Data  Gb  uwb1000.o [1]
uwb1000_buffer_fill     0x08008235    0xf2  Code  Gb  uwb1000.o [1]
uwb1000_data_prepare    0x080080b5   0x180  Code  Gb  uwb1000.o [1]
uwb1000_data_prepare::Sbuf
                        0x2000524a     0x1  Data  Lc  uwb1000.o [1]
uwb1000_str_find        0x0800835d    0x4c  Code  Gb  uwb1000.o [1]
uxCriticalNesting       0x20000040     0x4  Data  Lc  port.o [1]
uxCurrentNumberOfTasks  0x200051dc     0x4  Data  Lc  tasks.o [1]
uxDeletedTasksWaitingCleanUp
                        0x200051d8     0x4  Data  Lc  tasks.o [1]
uxListRemove            0x0800e45f    0x28  Code  Gb  list.o [1]
uxPendedTicks           0x200051ec     0x4  Data  Lc  tasks.o [1]
uxSchedulerSuspended    0x20005204     0x4  Data  Lc  tasks.o [1]
uxTaskNumber            0x200051f8     0x4  Data  Lc  tasks.o [1]
uxTopReadyPriority      0x200051e4     0x4  Data  Lc  tasks.o [1]
vApplicationIdleHook    0x0800e489     0x2  Code  Wk  freertos.o [1]
vApplicationTickHook    0x0800e487     0x2  Code  Wk  freertos.o [1]
vListInitialise         0x0800e3ed    0x1e  Code  Gb  list.o [1]
vListInitialiseItem     0x0800e40b     0x6  Code  Gb  list.o [1]
vListInsert             0x0800e429    0x36  Code  Gb  list.o [1]
vListInsertEnd          0x0800e411    0x18  Code  Gb  list.o [1]
vPortEnableVFP          0x0800e519          Code  Gb  portasm.o [1]
vPortEnterCritical      0x0800a1d5    0x3a  Code  Gb  port.o [1]
vPortExitCritical       0x0800a20f    0x32  Code  Gb  port.o [1]
vPortFree               0x0800e28f    0x7a  Code  Gb  heap_4.o [1]
vPortStartFirstTask     0x0800e501          Code  Gb  portasm.o [1]
vPortValidateInterruptPriority
                        0x0800a269    0x4e  Code  Gb  port.o [1]
vTaskDelay              0x08009039    0x4e  Code  Gb  tasks.o [1]
vTaskMissedYield        0x08009521     0xa  Code  Gb  tasks.o [1]
vTaskPlaceOnEventList   0x080093ab    0x34  Code  Gb  tasks.o [1]
vTaskPriorityInherit    0x08009681    0xae  Code  Gb  tasks.o [1]
vTaskSetTimeOutState    0x08009479    0x26  Code  Gb  tasks.o [1]
vTaskStartScheduler     0x08009087    0x68  Code  Gb  tasks.o [1]
vTaskSuspendAll         0x080090ef    0x10  Code  Gb  tasks.o [1]
vTaskSwitchContext      0x0800933d    0x6e  Code  Gb  tasks.o [1]
vel_down                0x20005034     0x4  Data  Gb  app_ins_ekf_quaternion.o [1]
vel_east                0x20005030     0x4  Data  Gb  app_ins_ekf_quaternion.o [1]
vel_north               0x2000502c     0x4  Data  Gb  app_ins_ekf_quaternion.o [1]
write_data_to_inner_flash
                        0x20004eac     0x4  Data  Lc  app_ano.o [1]
write_motor             0x080101d5    0x5e  Code  Gb  app_ctrl.o [1]
xBlockAllocatedBit      0x200050c8     0x4  Data  Lc  heap_4.o [1]
xDelayedTaskList1       0x20004db8    0x14  Data  Lc  tasks.o [1]
xDelayedTaskList2       0x20004dcc    0x14  Data  Lc  tasks.o [1]
xFreeBytesRemaining     0x200050c0     0x4  Data  Lc  heap_4.o [1]
xHeapStructSize         0x080110d8     0x4  Data  Lc  heap_4.o [1]
xIdleTaskHandle         0x20005200     0x4  Data  Lc  tasks.o [1]
xMinimumEverFreeBytesRemaining
                        0x200050c4     0x4  Data  Lc  heap_4.o [1]
xNextTaskUnblockTime    0x200051fc     0x4  Data  Lc  tasks.o [1]
xNumOfOverflows         0x200051f4     0x4  Data  Lc  tasks.o [1]
xPendingReadyList       0x20004de0    0x14  Data  Lc  tasks.o [1]
xPortStartScheduler     0x0800a10b    0xca  Code  Gb  port.o [1]
xPortSysTickHandler     0x0800a241    0x28  Code  Gb  port.o [1]
xQueueCreateCountingSemaphore
                        0x08009a15    0x40  Code  Gb  queue.o [1]
xQueueGenericCreate     0x0800998d    0x56  Code  Gb  queue.o [1]
xQueueGenericReceive    0x08009cbd   0x1d6  Code  Gb  queue.o [1]
xQueueGenericReset      0x080098f5    0x98  Code  Gb  queue.o [1]
xQueueGenericSend       0x08009a55   0x1a6  Code  Gb  queue.o [1]
xQueueGiveFromISR       0x08009bfb    0xc2  Code  Gb  queue.o [1]
xQueueReceiveFromISR    0x08009e93    0xae  Code  Gb  queue.o [1]
xSchedulerRunning       0x200051e8     0x4  Data  Lc  tasks.o [1]
xStart                  0x20004e74     0x8  Data  Lc  heap_4.o [1]
xSuspendedTaskList      0x20004e08    0x14  Data  Lc  tasks.o [1]
xTaskCheckForTimeOut    0x080094a1    0x80  Code  Gb  tasks.o [1]
xTaskCreate             0x08008e45    0x74  Code  Gb  tasks.o [1]
xTaskGetSchedulerState  0x08009661    0x20  Code  Gb  tasks.o [1]
xTaskIncrementTick      0x080091fd   0x140  Code  Gb  tasks.o [1]
xTaskPriorityDisinherit
                        0x0800972f    0xba  Code  Gb  tasks.o [1]
xTaskRemoveFromEventList
                        0x080093e5    0x7e  Code  Gb  tasks.o [1]
xTaskResumeAll          0x080090ff    0xfe  Code  Gb  tasks.o [1]
xTasksWaitingTermination
                        0x20004df4    0x14  Data  Lc  tasks.o [1]
xTickCount              0x200051e0     0x4  Data  Lc  tasks.o [1]
xYieldPending           0x200051f0     0x4  Data  Lc  tasks.o [1]
yaw_d                   0x20004ed4     0x4  Data  Gb  app_ano.o [1]
yaw_deg                 0x20004ff4     0x4  Data  Gb  app_ins_ekf_quaternion.o [1]
yaw_i                   0x20004ed0     0x4  Data  Gb  app_ano.o [1]
yaw_input               0x20004f9c     0x4  Data  Gb  app_ctrl.o [1]
yaw_p                   0x20004ecc     0x4  Data  Gb  app_ano.o [1]


[1] = D:\WORK\DEVO\CODE\SFOX_ZERO\SFOX_ZERO\EWARM\SFOX_ZERO\Obj
[2] = command line
[3] = dl7M_tlf.a
[4] = m7M_tls.a
[5] = rt7M_tl.a
[6] = shb_l.a

  67 848 bytes of readonly  code memory
   2 262 bytes of readonly  data memory
  23 112 bytes of readwrite data memory

Errors: none
Warnings: none
