###############################################################################
#
# IAR ELF Linker V8.22.1.15669/W32 for ARM                28/Sep/2018  20:48:28
# Copyright 2007-2018 IAR Systems AB.
#
#    Output file  =  
#        D:\WORK\DEVO\CODE\SFOX_ZERO\SFOX_ZERO\EWARM\SFOX_ZERO\Exe\SFOX_ZERO.out
#    Map file     =  
#        D:\WORK\DEVO\CODE\SFOX_ZERO\SFOX_ZERO\EWARM\SFOX_ZERO\List\SFOX_ZERO.map
#    Command line =  
#        -f C:\Users\tsuig\AppData\Local\Temp\EW5F7B.tmp
#        (D:\WORK\DEVO\CODE\SFOX_ZERO\SFOX_ZERO\EWARM\SFOX_ZERO\Obj\app_ano.o
#        D:\WORK\DEVO\CODE\SFOX_ZERO\SFOX_ZERO\EWARM\SFOX_ZERO\Obj\app_ctrl.o
#        D:\WORK\DEVO\CODE\SFOX_ZERO\SFOX_ZERO\EWARM\SFOX_ZERO\Obj\app_ins.o
#        D:\WORK\DEVO\CODE\SFOX_ZERO\SFOX_ZERO\EWARM\SFOX_ZERO\Obj\app_ins_ekf_quaternion.o
#        D:\WORK\DEVO\CODE\SFOX_ZERO\SFOX_ZERO\EWARM\SFOX_ZERO\Obj\app_led.o
#        D:\WORK\DEVO\CODE\SFOX_ZERO\SFOX_ZERO\EWARM\SFOX_ZERO\Obj\app_ros.o
#        D:\WORK\DEVO\CODE\SFOX_ZERO\SFOX_ZERO\EWARM\SFOX_ZERO\Obj\app_uwb.o
#        D:\WORK\DEVO\CODE\SFOX_ZERO\SFOX_ZERO\EWARM\SFOX_ZERO\Obj\CMatrix.o
#        D:\WORK\DEVO\CODE\SFOX_ZERO\SFOX_ZERO\EWARM\SFOX_ZERO\Obj\cmsis_os.o
#        D:\WORK\DEVO\CODE\SFOX_ZERO\SFOX_ZERO\EWARM\SFOX_ZERO\Obj\croutine.o
#        D:\WORK\DEVO\CODE\SFOX_ZERO\SFOX_ZERO\EWARM\SFOX_ZERO\Obj\dma.o
#        D:\WORK\DEVO\CODE\SFOX_ZERO\SFOX_ZERO\EWARM\SFOX_ZERO\Obj\event_groups.o
#        D:\WORK\DEVO\CODE\SFOX_ZERO\SFOX_ZERO\EWARM\SFOX_ZERO\Obj\flash_on_chip.o
#        D:\WORK\DEVO\CODE\SFOX_ZERO\SFOX_ZERO\EWARM\SFOX_ZERO\Obj\freertos.o
#        D:\WORK\DEVO\CODE\SFOX_ZERO\SFOX_ZERO\EWARM\SFOX_ZERO\Obj\gpio.o
#        D:\WORK\DEVO\CODE\SFOX_ZERO\SFOX_ZERO\EWARM\SFOX_ZERO\Obj\gps_m8n.o
#        D:\WORK\DEVO\CODE\SFOX_ZERO\SFOX_ZERO\EWARM\SFOX_ZERO\Obj\heap_4.o
#        D:\WORK\DEVO\CODE\SFOX_ZERO\SFOX_ZERO\EWARM\SFOX_ZERO\Obj\list.o
#        D:\WORK\DEVO\CODE\SFOX_ZERO\SFOX_ZERO\EWARM\SFOX_ZERO\Obj\main.o
#        D:\WORK\DEVO\CODE\SFOX_ZERO\SFOX_ZERO\EWARM\SFOX_ZERO\Obj\motor_pwm.o
#        D:\WORK\DEVO\CODE\SFOX_ZERO\SFOX_ZERO\EWARM\SFOX_ZERO\Obj\mpu9250.o
#        D:\WORK\DEVO\CODE\SFOX_ZERO\SFOX_ZERO\EWARM\SFOX_ZERO\Obj\ms5803.o
#        D:\WORK\DEVO\CODE\SFOX_ZERO\SFOX_ZERO\EWARM\SFOX_ZERO\Obj\port.o
#        D:\WORK\DEVO\CODE\SFOX_ZERO\SFOX_ZERO\EWARM\SFOX_ZERO\Obj\portasm.o
#        D:\WORK\DEVO\CODE\SFOX_ZERO\SFOX_ZERO\EWARM\SFOX_ZERO\Obj\queue.o
#        D:\WORK\DEVO\CODE\SFOX_ZERO\SFOX_ZERO\EWARM\SFOX_ZERO\Obj\rc_pwm.o
#        D:\WORK\DEVO\CODE\SFOX_ZERO\SFOX_ZERO\EWARM\SFOX_ZERO\Obj\spi.o
#        D:\WORK\DEVO\CODE\SFOX_ZERO\SFOX_ZERO\EWARM\SFOX_ZERO\Obj\startup_stm32f407xx.o
#        D:\WORK\DEVO\CODE\SFOX_ZERO\SFOX_ZERO\EWARM\SFOX_ZERO\Obj\stm32f4xx_hal.o
#        D:\WORK\DEVO\CODE\SFOX_ZERO\SFOX_ZERO\EWARM\SFOX_ZERO\Obj\stm32f4xx_hal_cortex.o
#        D:\WORK\DEVO\CODE\SFOX_ZERO\SFOX_ZERO\EWARM\SFOX_ZERO\Obj\stm32f4xx_hal_dma.o
#        D:\WORK\DEVO\CODE\SFOX_ZERO\SFOX_ZERO\EWARM\SFOX_ZERO\Obj\stm32f4xx_hal_dma_ex.o
#        D:\WORK\DEVO\CODE\SFOX_ZERO\SFOX_ZERO\EWARM\SFOX_ZERO\Obj\stm32f4xx_hal_flash.o
#        D:\WORK\DEVO\CODE\SFOX_ZERO\SFOX_ZERO\EWARM\SFOX_ZERO\Obj\stm32f4xx_hal_flash_ex.o
#        D:\WORK\DEVO\CODE\SFOX_ZERO\SFOX_ZERO\EWARM\SFOX_ZERO\Obj\stm32f4xx_hal_flash_ramfunc.o
#        D:\WORK\DEVO\CODE\SFOX_ZERO\SFOX_ZERO\EWARM\SFOX_ZERO\Obj\stm32f4xx_hal_gpio.o
#        D:\WORK\DEVO\CODE\SFOX_ZERO\SFOX_ZERO\EWARM\SFOX_ZERO\Obj\stm32f4xx_hal_msp.o
#        D:\WORK\DEVO\CODE\SFOX_ZERO\SFOX_ZERO\EWARM\SFOX_ZERO\Obj\stm32f4xx_hal_pwr.o
#        D:\WORK\DEVO\CODE\SFOX_ZERO\SFOX_ZERO\EWARM\SFOX_ZERO\Obj\stm32f4xx_hal_pwr_ex.o
#        D:\WORK\DEVO\CODE\SFOX_ZERO\SFOX_ZERO\EWARM\SFOX_ZERO\Obj\stm32f4xx_hal_rcc.o
#        D:\WORK\DEVO\CODE\SFOX_ZERO\SFOX_ZERO\EWARM\SFOX_ZERO\Obj\stm32f4xx_hal_rcc_ex.o
#        D:\WORK\DEVO\CODE\SFOX_ZERO\SFOX_ZERO\EWARM\SFOX_ZERO\Obj\stm32f4xx_hal_spi.o
#        D:\WORK\DEVO\CODE\SFOX_ZERO\SFOX_ZERO\EWARM\SFOX_ZERO\Obj\stm32f4xx_hal_tim.o
#        D:\WORK\DEVO\CODE\SFOX_ZERO\SFOX_ZERO\EWARM\SFOX_ZERO\Obj\stm32f4xx_hal_tim_ex.o
#        D:\WORK\DEVO\CODE\SFOX_ZERO\SFOX_ZERO\EWARM\SFOX_ZERO\Obj\stm32f4xx_hal_timebase_TIM.o
#        D:\WORK\DEVO\CODE\SFOX_ZERO\SFOX_ZERO\EWARM\SFOX_ZERO\Obj\stm32f4xx_hal_uart.o
#        D:\WORK\DEVO\CODE\SFOX_ZERO\SFOX_ZERO\EWARM\SFOX_ZERO\Obj\stm32f4xx_it.o
#        D:\WORK\DEVO\CODE\SFOX_ZERO\SFOX_ZERO\EWARM\SFOX_ZERO\Obj\system_stm32f4xx.o
#        D:\WORK\DEVO\CODE\SFOX_ZERO\SFOX_ZERO\EWARM\SFOX_ZERO\Obj\tasks.o
#        D:\WORK\DEVO\CODE\SFOX_ZERO\SFOX_ZERO\EWARM\SFOX_ZERO\Obj\tim.o
#        D:\WORK\DEVO\CODE\SFOX_ZERO\SFOX_ZERO\EWARM\SFOX_ZERO\Obj\time.o
#        D:\WORK\DEVO\CODE\SFOX_ZERO\SFOX_ZERO\EWARM\SFOX_ZERO\Obj\timers.o
#        D:\WORK\DEVO\CODE\SFOX_ZERO\SFOX_ZERO\EWARM\SFOX_ZERO\Obj\usart.o
#        D:\WORK\DEVO\CODE\SFOX_ZERO\SFOX_ZERO\EWARM\SFOX_ZERO\Obj\usart_cfg.o
#        D:\WORK\DEVO\CODE\SFOX_ZERO\SFOX_ZERO\EWARM\SFOX_ZERO\Obj\uwb1000.o
#        --redirect _Printf=_PrintfFull --redirect _Scanf=_ScanfFull -o
#        D:\WORK\DEVO\CODE\SFOX_ZERO\SFOX_ZERO\EWARM\SFOX_ZERO\Exe\SFOX_ZERO.out
#        --map
#        D:\WORK\DEVO\CODE\SFOX_ZERO\SFOX_ZERO\EWARM\SFOX_ZERO\List\SFOX_ZERO.map
#        --config
#        D:\WORK\DEVO\CODE\SFOX_ZERO\SFOX_ZERO\EWARM/stm32f407xx_flash.icf
#        --semihosting --entry __iar_program_start "D:\Program Files (x86)\IAR
#        Systems\Embedded Workbench
#        8.0\arm\CMSIS\Lib\IAR\iar_cortexM4lf_math.a" --vfe --text_out locale)
#
###############################################################################

*******************************************************************************
*** RUNTIME MODEL ATTRIBUTES
***

CppFlavor       = *
__Heap_Handler  = DLMalloc
__SystemLibrary = DLib
__dlib_version  = 6


*******************************************************************************
*** HEAP SELECTION
***

The advanced heap was selected because the application calls memory
allocation functions outside of system library functions, and there
are calls to deallocation functions in the application.


*******************************************************************************
*** PLACEMENT SUMMARY
***

"A0":  place at 0x08000000 { ro section .intvec };
"P1":  place in [from 0x08000000 to 0x080fffff] { ro };
define block CSTACK with size = 1536, alignment = 8 { };
define block HEAP with size = 84K, alignment = 8 { };
"P2":  place in [from 0x20000000 to 0x2001ffff] {
          rw, block CSTACK, block HEAP };
initialize by copy { rw };

  Section            Kind        Address     Size  Object
  -------            ----        -------     ----  ------
"A0":                                       0x188
  .intvec            ro code  0x08000000    0x188  startup_stm32f407xx.o [1]
                            - 0x08000188    0x188

"P1":                                     0x1198e
  .text              ro code  0x08000188   0x1d72  CMatrix.o [1]
  .text              ro code  0x08001efa     0x7a  lz77_init_single.o [5]
  .text              ro code  0x08001f74   0x14d4  dlmalloc.o [3]
  .text              ro code  0x08003448      0x6  ABImemclr4.o [5]
  .text              ro code  0x0800344e      0x4  heaptramp0.o [3]
  .text              ro code  0x08003454      0x6  ABImemclr.o [5]
  .text              ro code  0x0800345a      0x6  abort.o [3]
  .text              ro code  0x08003460     0x2c  xgetmemchunk.o [3]
  .text              ro code  0x0800348c     0x32  ABImemset48.o [5]
  .text              ro code  0x080034c0     0x5e  ABImemset.o [5]
  .text              ro code  0x08003520     0x14  exit.o [6]
  .text              ro code  0x08003534     0x2c  iarttio.o [6]
  .text              ro code  0x08003560      0xc  XShttio.o [3]
  .text              ro code  0x0800356c   0x157c  app_ins_ekf_quaternion.o [1]
  .text              ro code  0x08004ae8    0x230  cmsis_os.o [1]
  .text              ro code  0x08004d18     0x48  FltToDbl.o [4]
  .text              ro code  0x08004d60    0x102  sqrt.o [4]
  .text              ro code  0x08004e64    0x246  DblDiv.o [4]
  .text              ro code  0x080050ac     0x68  DblToFlt.o [4]
  .text              ro code  0x08005114     0x4a  math_wrappers64.o [4]
  .text              ro code  0x08005160    0x1a2  DblMul.o [4]
  .text              ro code  0x08005304    0xe64  tasks.o [1]
  .text              ro code  0x08006168    0x90a  queue.o [1]
  .text              ro code  0x08006a74    0x24c  port.o [1]
  .text              ro code  0x08006cc0    0x5a8  strto64.o [4]
  .text              ro code  0x08007268     0xf0  asin64.o [4]
  .text              ro code  0x08007358    0x13c  atan2_64.o [4]
  .text              ro code  0x08007494    0x44c  cos_sin64.o [4]
  .text              ro code  0x080078e0    0x2a0  heap_4.o [1]
  .text              ro code  0x08007b80     0xb8  list.o [1]
  .text              ro code  0x08007c38      0x2  freertos.o [1]
  .text              ro code  0x08007c3a      0x2  freertos.o [1]
  .text              ro code  0x08007c3c     0xa6  ABImemcpy.o [5]
  CODE               ro code  0x08007ce4     0xa8  portasm.o [1]
  .text              ro code  0x08007d8c     0x70  frexp.o [4]
  .text              ro code  0x08007dfc    0x13a  ldexp.o [4]
  .text              ro code  0x08007f36    0x122  iar_Stopfx.o [3]
  .text              ro code  0x08008058    0x1c8  iar_Stoflt.o [3]
  .text              ro code  0x08008220     0x22  S32ToDbl.o [4]
  .text              ro code  0x08008244    0x178  DblAdd.o [4]
  .text              ro code  0x080083bc    0x21c  iar_Stoxflt.o [3]
  .text              ro code  0x080085d8     0x2e  DblCmpLe.o [4]
  .text              ro code  0x08008608     0xe2  DblSub.o [4]
  .rodata            const    0x080086ec     0x6c  freertos.o [1]
  .text              ro code  0x08008758    0x208  iar_Atan64.o [4]
  .text              ro code  0x08008960     0x3a  DblToS32.o [4]
  .text              ro code  0x0800899a     0x14  isspace.o [3]
  .text              ro code  0x080089ae     0x14  isalpha.o [3]
  .text              ro code  0x080089c4     0x4c  xlocale_c.o [3]
  .text              ro code  0x08008a10     0x58  memchr.o [5]
  .text              ro code  0x08008a68     0x20  DblCmpEq.o [4]
  .text              ro code  0x08008a88     0x2e  DblCmpGe.o [4]
  .text              ro code  0x08008ab8   0x1414  app_ano.o [1]
  .text              ro code  0x08009ecc    0x164  usart_cfg.o [1]
  .text              ro code  0x0800a030    0xd8a  flash_on_chip.o [1]
  .text              ro code  0x0800adbc    0x6a8  stm32f4xx_hal_uart.o [1]
  .text              ro code  0x0800b464    0x13e  main.o [1]
  .text              ro code  0x0800b5a4    0x988  gps_m8n.o [1]
  .text              ro code  0x0800bf2c    0x374  app_ros.o [1]
  .text              ro code  0x0800c2a0    0x2c4  stm32f4xx_hal_flash.o [1]
  .text              ro code  0x0800c564    0x144  stm32f4xx_hal_flash_ex.o [1]
  .text              ro code  0x0800c6a8     0x30  stm32f4xx_hal.o [1]
  .text              ro code  0x0800c6d8    0x618  usart.o [1]
  .text              ro code  0x0800ccf0    0x220  stm32f4xx_hal_rcc.o [1]
  .text              ro code  0x0800cf10    0x440  stm32f4xx_hal_dma.o [1]
  .text              ro code  0x0800d350      0x2  stm32f4xx_hal_uart.o [1]
  .text              ro code  0x0800d352      0x2  stm32f4xx_hal_uart.o [1]
  .text              ro code  0x0800d354      0x2  stm32f4xx_hal_uart.o [1]
  .text              ro code  0x0800d358     0x38  stm32f4xx_hal.o [1]
  .text              ro code  0x0800d390    0x34c  stm32f4xx_hal_rcc.o [1]
  .text              ro code  0x0800d6dc     0xd8  stm32f4xx_hal_cortex.o [1]
  .text              ro code  0x0800d7b4     0xb4  gpio.o [1]
  .text              ro code  0x0800d868     0xbc  dma.o [1]
  .text              ro code  0x0800d924    0x224  spi.o [1]
  .text              ro code  0x0800db48    0x4c8  tim.o [1]
  .text              ro code  0x0800e010    0x320  rc_pwm.o [1]
  .text              ro code  0x0800e330    0x1c4  motor_pwm.o [1]
  .text              ro code  0x0800e4f4    0xb84  mpu9250.o [1]
  .text              ro code  0x0800f078    0x4cc  ms5803.o [1]
  .text              ro code  0x0800f544     0xcc  app_led.o [1]
  .text              ro code  0x0800f610    0x3cc  freertos.o [1]
  .text              ro code  0x0800f9dc     0x14  stm32f4xx_hal.o [1]
  .text              ro code  0x0800f9f0     0x94  time.o [1]
  .text              ro code  0x0800fa84     0x4a  strcmp.o [5]
  .text              ro code  0x0800face     0x30  strstr.o [3]
  .text              ro code  0x0800fb00    0x174  iar_Stoulx.o [3]
  .text              ro code  0x0800fc74      0xc  stm32f4xx_hal.o [1]
  .text              ro code  0x0800fc80    0x208  stm32f4xx_hal_gpio.o [1]
  .text              ro code  0x0800fe88     0x80  stm32f4xx_hal_timebase_TIM.o [1]
  .text              ro code  0x0800ff08      0x2  stm32f4xx_hal_rcc.o [1]
  .text              ro code  0x0800ff0c    0x272  I64DivMod.o [5]
  .text              ro code  0x08010180     0x98  stm32f4xx_hal_msp.o [1]
  .text              ro code  0x08010218    0xae8  stm32f4xx_hal_spi.o [1]
  .text              ro code  0x08010d00    0x92c  stm32f4xx_hal_tim.o [1]
  .text              ro code  0x0801162c     0x56  stm32f4xx_hal_tim_ex.o [1]
  .text              ro code  0x08011684     0x58  S64ToFlt.o [4]
  .text              ro code  0x080116dc     0x16  strchr.o [5]
  .text              ro code  0x080116f2     0x14  tolower.o [3]
  .text              ro code  0x08011708      0x2  I64DivZer.o [5]
  .text              ro code  0x0801170a      0x2  stm32f4xx_hal_spi.o [1]
  .text              ro code  0x0801170c      0x2  stm32f4xx_hal_spi.o [1]
  .text              ro code  0x0801170e      0x2  stm32f4xx_hal_spi.o [1]
  .text              ro code  0x08011710      0x2  stm32f4xx_hal_spi.o [1]
  .text              ro code  0x08011712      0x2  stm32f4xx_hal_tim.o [1]
  .text              ro code  0x08011714      0x2  stm32f4xx_hal_tim.o [1]
  .text              ro code  0x08011716      0x2  stm32f4xx_hal_tim_ex.o [1]
  .text              ro code  0x08011718      0x2  stm32f4xx_hal_tim.o [1]
  .text              ro code  0x0801171a      0x2  stm32f4xx_hal_tim_ex.o [1]
  .text              ro code  0x0801171c     0xd4  stm32f4xx_it.o [1]
  .text              ro code  0x080117f0     0x5c  system_stm32f4xx.o [1]
  .rodata            const    0x0801184c     0x40  app_ins_ekf_quaternion.o [1]
  .text              ro code  0x0801188c     0x40  zero_init3.o [5]
  .text              ro code  0x080118cc     0x28  data_init.o [5]
  .text              ro code  0x080118f4     0x22  fpinit_M.o [4]
  .iar.init_table    const    0x08011918     0x20  - Linker created -
  .text              ro code  0x08011938     0x1e  cmain.o [5]
  .text              ro code  0x08011956      0x4  low_level_init.o [3]
  .text              ro code  0x0801195a      0x4  exit.o [3]
  .text              ro code  0x08011960      0xa  cexit.o [5]
  .text              ro code  0x0801196c     0x10  startup_stm32f407xx.o [1]
  .text              ro code  0x0801197c      0xc  cstartup_M.o [5]
  .rodata            const    0x08011988      0x8  system_stm32f4xx.o [1]
  .rodata            const    0x08011990      0x6  xlocale_c.o [3]
  .text              ro code  0x08011996      0x4  startup_stm32f407xx.o [1]
  .text              ro code  0x0801199a      0x4  startup_stm32f407xx.o [1]
  .text              ro code  0x0801199e      0x4  startup_stm32f407xx.o [1]
  .text              ro code  0x080119a2      0x4  startup_stm32f407xx.o [1]
  .text              ro code  0x080119a6      0x4  startup_stm32f407xx.o [1]
  .text              ro code  0x080119aa      0x4  startup_stm32f407xx.o [1]
  .text              ro code  0x080119ae      0x4  startup_stm32f407xx.o [1]
  .text              ro code  0x080119b2      0x4  startup_stm32f407xx.o [1]
  .text              ro code  0x080119b6      0x4  startup_stm32f407xx.o [1]
  .text              ro code  0x080119ba      0x4  startup_stm32f407xx.o [1]
  .text              ro code  0x080119be      0x4  startup_stm32f407xx.o [1]
  .text              ro code  0x080119c2      0x4  startup_stm32f407xx.o [1]
  .text              ro code  0x080119c6      0x4  startup_stm32f407xx.o [1]
  .text              ro code  0x080119ca      0x4  startup_stm32f407xx.o [1]
  .text              ro code  0x080119ce      0x4  startup_stm32f407xx.o [1]
  .text              ro code  0x080119d2      0x4  startup_stm32f407xx.o [1]
  .text              ro code  0x080119d6      0x4  startup_stm32f407xx.o [1]
  .text              ro code  0x080119da      0x4  startup_stm32f407xx.o [1]
  .text              ro code  0x080119de      0x4  startup_stm32f407xx.o [1]
  .text              ro code  0x080119e2      0x4  startup_stm32f407xx.o [1]
  .text              ro code  0x080119e6      0x4  startup_stm32f407xx.o [1]
  .text              ro code  0x080119ea      0x4  startup_stm32f407xx.o [1]
  .text              ro code  0x080119ee      0x4  startup_stm32f407xx.o [1]
  .text              ro code  0x080119f2      0x4  startup_stm32f407xx.o [1]
  .text              ro code  0x080119f6      0x4  startup_stm32f407xx.o [1]
  .text              ro code  0x080119fa      0x4  startup_stm32f407xx.o [1]
  .text              ro code  0x080119fe      0x4  startup_stm32f407xx.o [1]
  .text              ro code  0x08011a02      0x4  startup_stm32f407xx.o [1]
  .text              ro code  0x08011a06      0x4  startup_stm32f407xx.o [1]
  .text              ro code  0x08011a0a      0x4  startup_stm32f407xx.o [1]
  .text              ro code  0x08011a0e      0x4  startup_stm32f407xx.o [1]
  .text              ro code  0x08011a12      0x4  startup_stm32f407xx.o [1]
  .text              ro code  0x08011a16      0x4  startup_stm32f407xx.o [1]
  .text              ro code  0x08011a1a      0x4  startup_stm32f407xx.o [1]
  .text              ro code  0x08011a1e      0x4  startup_stm32f407xx.o [1]
  .text              ro code  0x08011a22      0x4  startup_stm32f407xx.o [1]
  .text              ro code  0x08011a26      0x4  startup_stm32f407xx.o [1]
  .text              ro code  0x08011a2a      0x4  startup_stm32f407xx.o [1]
  .text              ro code  0x08011a2e      0x4  startup_stm32f407xx.o [1]
  .text              ro code  0x08011a32      0x4  startup_stm32f407xx.o [1]
  .text              ro code  0x08011a36      0x4  startup_stm32f407xx.o [1]
  .text              ro code  0x08011a3a      0x4  startup_stm32f407xx.o [1]
  .text              ro code  0x08011a3e      0x4  startup_stm32f407xx.o [1]
  .text              ro code  0x08011a42      0x4  startup_stm32f407xx.o [1]
  .text              ro code  0x08011a46      0x4  startup_stm32f407xx.o [1]
  .text              ro code  0x08011a4a      0x4  startup_stm32f407xx.o [1]
  .text              ro code  0x08011a4e      0x4  startup_stm32f407xx.o [1]
  .text              ro code  0x08011a52      0x4  startup_stm32f407xx.o [1]
  .text              ro code  0x08011a56      0x4  startup_stm32f407xx.o [1]
  .text              ro code  0x08011a5a      0x4  startup_stm32f407xx.o [1]
  .text              ro code  0x08011a5e      0x4  startup_stm32f407xx.o [1]
  .text              ro code  0x08011a62      0x4  startup_stm32f407xx.o [1]
  .text              ro code  0x08011a66      0x4  startup_stm32f407xx.o [1]
  .text              ro code  0x08011a6a      0x4  startup_stm32f407xx.o [1]
  .text              ro code  0x08011a6e      0x4  startup_stm32f407xx.o [1]
  .text              ro code  0x08011a72      0x4  startup_stm32f407xx.o [1]
  .text              ro code  0x08011a76      0x4  startup_stm32f407xx.o [1]
  .text              ro code  0x08011a7a      0x4  startup_stm32f407xx.o [1]
  .text              ro code  0x08011a7e      0x4  startup_stm32f407xx.o [1]
  .text              ro code  0x08011a82      0x4  startup_stm32f407xx.o [1]
  .text              ro code  0x08011a86      0x4  startup_stm32f407xx.o [1]
  .text              ro code  0x08011a8a      0x4  startup_stm32f407xx.o [1]
  .text              ro code  0x08011a8e      0x4  startup_stm32f407xx.o [1]
  .rodata            const    0x08011a92      0x0  zero_init3.o [5]
  .rodata            const    0x08011a92      0x0  lz77_init_single.o [5]
  Initializer bytes  const    0x08011a92     0x84  <for P2-1>
                            - 0x08011b16  0x1198e

"P2", part 1 of 3:                          0x254
  P2-1                        0x20000000    0x254  <Init block>
    .data            inited   0x20000000    0x150  gps_m8n.o [1]
    .data            inited   0x20000150     0x60  app_ins_ekf_quaternion.o [1]
    .data            inited   0x200001b0      0xc  port.o [1]
    .data            inited   0x200001bc      0xc  stm32f4xx_hal.o [1]
    .data            inited   0x200001c8      0x4  system_stm32f4xx.o [1]
    .data            inited   0x200001cc     0x38  xlocale_c.o [3]
    .data            inited   0x20000204     0x48  xlocale_c.o [3]
    .data            inited   0x2000024c      0x8  XShttio.o [3]
                            - 0x20000254    0x254

"P2", part 2 of 3:                         0x4e10
  .bss               zero     0x20000254   0x3c18  heap_4.o [1]
  .bss               zero     0x20003e6c    0x240  usart.o [1]
  .bss               zero     0x200040ac    0x1d8  dlmalloc.o [3]
  .bss               zero     0x20004284    0x194  app_ano.o [1]
  .bss               zero     0x20004418    0x12c  flash_on_chip.o [1]
  .bss               zero     0x20004544    0x128  tasks.o [1]
  .bss               zero     0x2000466c    0x114  app_ros.o [1]
  .bss               zero     0x20004780     0x3c  stm32f4xx_hal_timebase_TIM.o [1]
  .bss               zero     0x200047c0     0xf8  time.o [1]
  .bss               zero     0x200048b8     0xc0  spi.o [1]
  .bss               zero     0x20004978     0xbc  mpu9250.o [1]
  .bss               zero     0x20004a34     0xa4  gps_m8n.o [1]
  .bss               zero     0x20004ad8     0xa0  time.o [1]
  .bss               zero     0x20004b78     0x80  rc_pwm.o [1]
  .bss               zero     0x20004bf8     0x58  spi.o [1]
  .bss               zero     0x20004c50     0x58  spi.o [1]
  .bss               zero     0x20004ca8     0x48  app_ins_ekf_quaternion.o [1]
  .bss               zero     0x20004cf0     0x48  freertos.o [1]
  .bss               zero     0x20004d38     0x40  usart.o [1]
  .bss               zero     0x20004d78     0x40  usart.o [1]
  .bss               zero     0x20004db8     0x40  usart.o [1]
  .bss               zero     0x20004df8     0x40  usart.o [1]
  .bss               zero     0x20004e38     0x40  usart.o [1]
  .bss               zero     0x20004e78     0x40  usart.o [1]
  .bss               zero     0x20004eb8     0x3c  tim.o [1]
  .bss               zero     0x20004ef4     0x3c  tim.o [1]
  .bss               zero     0x20004f30     0x3c  tim.o [1]
  .bss               zero     0x20004f6c     0x3c  tim.o [1]
  .bss               zero     0x20004fa8     0x2c  ms5803.o [1]
  .bss               zero     0x20004fd4     0x20  stm32f4xx_hal_flash.o [1]
  .bss               zero     0x20004ff4     0x18  time.o [1]
  .bss               zero     0x2000500c     0x18  dlmalloc.o [3]
  .bss               zero     0x20005024     0x14  flash_on_chip.o [1]
  .bss               zero     0x20005038      0xc  app_ins_ekf_quaternion.o [1]
  .bss               zero     0x20005044      0x5  usart_cfg.o [1]
  .bss               zero     0x2000504c      0x4  time.o [1]
  .bss               zero     0x20005050      0x4  time.o [1]
  .bss               zero     0x20005054      0x4  time.o [1]
  .bss               zero     0x20005058      0x4  time.o [1]
  .bss               zero     0x2000505c      0x4  time.o [1]
  .bss               zero     0x20005060      0x4  xgetmemchunk.o [3]
                            - 0x20005064   0x4e10

"P2", part 3 of 3:                        0x15600
  CSTACK                      0x20005068    0x600  <Block>
    CSTACK           uninit   0x20005068    0x600  <Block tail>
  HEAP                        0x20005668  0x15000  <Block>
    HEAP             uninit   0x20005668  0x15000  <Block tail>
                            - 0x2001a668  0x15600


*******************************************************************************
*** INIT TABLE
***

          Address     Size
          -------     ----
Zero (__iar_zero_init3)
    1 destination range, total size 0x4e10:
          0x20000254  0x4e10

Copy/lz77 (__iar_lz77_init_single3)
    1 source range, total size 0x84 (22% of destination):
          0x08011a92    0x84
    1 destination range, total size 0x254:
          0x20000000   0x254



*******************************************************************************
*** MODULE SUMMARY
***

    Module                        ro code  ro data  rw data
    ------                        -------  -------  -------
D:\WORK\DEVO\CODE\SFOX_ZERO\SFOX_ZERO\EWARM\SFOX_ZERO\Obj: [1]
    CMatrix.o                       7 538
    app_ano.o                       5 140               404
    app_ins_ekf_quaternion.o        5 500       85      180
    app_led.o                         204
    app_ros.o                         884               276
    cmsis_os.o                        560
    dma.o                             188
    flash_on_chip.o                 3 466               320
    freertos.o                        976      108       72
    gpio.o                            180
    gps_m8n.o                       2 440       74      500
    heap_4.o                          672            15 384
    list.o                            184
    main.o                            318
    motor_pwm.o                       452
    mpu9250.o                       2 948               188
    ms5803.o                        1 228                44
    port.o                            588        3       12
    portasm.o                         168
    queue.o                         2 314
    rc_pwm.o                          800               128
    spi.o                             548               368
    startup_stm32f407xx.o             660
    stm32f4xx_hal.o                   136        2       12
    stm32f4xx_hal_cortex.o            216
    stm32f4xx_hal_dma.o             1 088
    stm32f4xx_hal_flash.o             708                32
    stm32f4xx_hal_flash_ex.o          324
    stm32f4xx_hal_gpio.o              520
    stm32f4xx_hal_msp.o               152
    stm32f4xx_hal_rcc.o             1 390
    stm32f4xx_hal_spi.o             2 800
    stm32f4xx_hal_tim.o             2 354
    stm32f4xx_hal_tim_ex.o             90
    stm32f4xx_hal_timebase_TIM.o      128                60
    stm32f4xx_hal_uart.o            1 710
    stm32f4xx_it.o                    212
    system_stm32f4xx.o                 92        9        4
    tasks.o                         3 684               296
    tim.o                           1 224               240
    time.o                            148               452
    usart.o                         1 560               960
    usart_cfg.o                       356                 5
    -------------------------------------------------------
    Total:                         56 848      281   19 937

command line: [2]
    -------------------------------------------------------
    Total:

dl7M_tlf.a: [3]
    XShttio.o                          12        2        8
    abort.o                             6
    dlmalloc.o                      5 332               496
    exit.o                              4
    heaptramp0.o                        4
    iar_Stoflt.o                      456
    iar_Stopfx.o                      290
    iar_Stoulx.o                      372
    iar_Stoxflt.o                     540
    isalpha.o                          20
    isspace.o                          20
    low_level_init.o                    4
    strstr.o                           48
    tolower.o                          20
    xgetmemchunk.o                     44                 4
    xlocale_c.o                        76       35      128
    -------------------------------------------------------
    Total:                          7 248       37      636

m7M_tls.a: [4]
    DblAdd.o                          376
    DblCmpEq.o                         32
    DblCmpGe.o                         46
    DblCmpLe.o                         46
    DblDiv.o                          582
    DblMul.o                          418
    DblSub.o                          226
    DblToFlt.o                        104
    DblToS32.o                         58
    FltToDbl.o                         72
    S32ToDbl.o                         34
    S64ToFlt.o                         88
    asin64.o                          240
    atan2_64.o                        316
    cos_sin64.o                     1 100
    fpinit_M.o                         34
    frexp.o                           112
    iar_Atan64.o                      520
    ldexp.o                           314
    math_wrappers64.o                  74
    sqrt.o                            258
    strto64.o                       1 448
    -------------------------------------------------------
    Total:                          6 498

rt7M_tl.a: [5]
    ABImemclr.o                         6
    ABImemclr4.o                        6
    ABImemcpy.o                       166
    ABImemset.o                        94
    ABImemset48.o                      50
    I64DivMod.o                       626
    I64DivZer.o                         2
    cexit.o                            10
    cmain.o                            30
    cstartup_M.o                       12
    data_init.o                        40
    lz77_init_single.o                122
    memchr.o                           88
    strchr.o                           22
    strcmp.o                           74
    zero_init3.o                       64
    -------------------------------------------------------
    Total:                          1 412

shb_l.a: [6]
    exit.o                             20
    iarttio.o                          44
    -------------------------------------------------------
    Total:                             64

    Gaps                               46        4        7
    Linker created                              32   87 552
-----------------------------------------------------------
    Grand Total:                   72 116      354  108 132


*******************************************************************************
*** ENTRY LIST
***

Entry                      Address    Size  Type      Object
-----                      -------    ----  ----      ------
.iar.init_table$$Base   0x08011918           --   Gb  - Linker created -
.iar.init_table$$Limit  0x08011938           --   Gb  - Linker created -
?main                   0x08011939          Code  Gb  cmain.o [5]
AHBPrescTable           0x0801183c    0x10  Data  Gb  system_stm32f4xx.o [1]
ANO_DT_Data_Receive_Anl
                        0x08009435   0x7d6  Code  Gb  app_ano.o [1]
ANO_data_receive_prepara
                        0x08009361    0xd2  Code  Gb  app_ano.o [1]
APBPrescTable           0x08011988     0x8  Data  Gb  system_stm32f4xx.o [1]
BusFault_Handler        0x08011725     0x2  Code  Gb  stm32f4xx_it.o [1]
CSTACK$$Base            0x20005068           --   Gb  - Linker created -
CSTACK$$Limit           0x20005668           --   Gb  - Linker created -
DMA1_Stream3_IRQHandler
                        0x0801173d     0x6  Code  Gb  stm32f4xx_it.o [1]
DMA1_Stream4_IRQHandler
                        0x08011743     0x6  Code  Gb  stm32f4xx_it.o [1]
DMA1_Stream6_IRQHandler
                        0x08011749     0x6  Code  Gb  stm32f4xx_it.o [1]
DMA1_Stream7_IRQHandler
                        0x08011779     0x6  Code  Gb  stm32f4xx_it.o [1]
DMA2_Stream0_IRQHandler
                        0x0801178b     0x6  Code  Gb  stm32f4xx_it.o [1]
DMA2_Stream3_IRQHandler
                        0x08011791     0x6  Code  Gb  stm32f4xx_it.o [1]
DMA2_Stream6_IRQHandler
                        0x08011797     0x6  Code  Gb  stm32f4xx_it.o [1]
DMA2_Stream7_IRQHandler
                        0x0801179d     0x6  Code  Gb  stm32f4xx_it.o [1]
DMA_CalcBaseAndBitshift::flagBitshiftOffset
                        0x0800d348     0x8  Data  Lc  stm32f4xx_hal_dma.o [1]
DebugMon_Handler        0x08011729     0x2  Code  Gb  stm32f4xx_it.o [1]
Dtentox                 0x08006e75   0x19a  Code  Lc  strto64.o [4]
EraseInitStruct         0x20005024    0x14  Data  Gb  flash_on_chip.o [1]
FLASH_WaitForLastOperation
                        0x0800c49f    0xaa  Code  Gb  stm32f4xx_hal_flash.o [1]
FLASHinit               0x0800abd9    0x14  Code  Gb  flash_on_chip.o [1]
GPS_M8N_HOME_POINT_STATUS
                        0x20000144     0x4  Data  Gb  gps_m8n.o [1]
GPS_M8N_STATUS          0x20000140     0x4  Data  Gb  gps_m8n.o [1]
HAL_DMA_Abort           0x0800d0c7    0x92  Code  Gb  stm32f4xx_hal_dma.o [1]
HAL_DMA_Abort_IT        0x0800d159    0x24  Code  Gb  stm32f4xx_hal_dma.o [1]
HAL_DMA_IRQHandler      0x0800d17f   0x1b6  Code  Gb  stm32f4xx_hal_dma.o [1]
HAL_DMA_Init            0x0800cf11   0x126  Code  Gb  stm32f4xx_hal_dma.o [1]
HAL_DMA_Start_IT        0x0800d037    0x90  Code  Gb  stm32f4xx_hal_dma.o [1]
HAL_Delay               0x0800c6a9    0x30  Code  Wk  stm32f4xx_hal.o [1]
HAL_FLASHEx_Erase       0x0800c565   0x13c  Code  Gb  stm32f4xx_hal_flash_ex.o [1]
HAL_FLASH_Lock          0x0800c491     0xe  Code  Gb  stm32f4xx_hal_flash.o [1]
HAL_FLASH_Program       0x0800c2a1   0x1d4  Code  Gb  stm32f4xx_hal_flash.o [1]
HAL_FLASH_Unlock        0x0800c475    0x1c  Code  Gb  stm32f4xx_hal_flash.o [1]
HAL_GPIO_Init           0x0800fc81   0x1b6  Code  Gb  stm32f4xx_hal_gpio.o [1]
HAL_GPIO_ReadPin        0x0800fe39    0x10  Code  Gb  stm32f4xx_hal_gpio.o [1]
HAL_GPIO_TogglePin      0x0800fe55     0x8  Code  Gb  stm32f4xx_hal_gpio.o [1]
HAL_GPIO_WritePin       0x0800fe49     0xc  Code  Gb  stm32f4xx_hal_gpio.o [1]
HAL_GetTick             0x0800fc75     0xc  Code  Wk  stm32f4xx_hal.o [1]
HAL_IncTick             0x0800f9dd    0x14  Code  Wk  stm32f4xx_hal.o [1]
HAL_Init                0x0800d359    0x34  Code  Gb  stm32f4xx_hal.o [1]
HAL_InitTick            0x0800fe89    0x70  Code  Gb  stm32f4xx_hal_timebase_TIM.o [1]
HAL_MspInit             0x08010181    0x98  Code  Gb  stm32f4xx_hal_msp.o [1]
HAL_NVIC_EnableIRQ      0x0800d74f    0x12  Code  Gb  stm32f4xx_hal_cortex.o [1]
HAL_NVIC_SetPriority    0x0800d6f7    0x58  Code  Gb  stm32f4xx_hal_cortex.o [1]
HAL_NVIC_SetPriorityGrouping
                        0x0800d6dd    0x1a  Code  Gb  stm32f4xx_hal_cortex.o [1]
HAL_RCC_ClockConfig     0x0800ccf1   0x11c  Code  Gb  stm32f4xx_hal_rcc.o [1]
HAL_RCC_EnableCSS       0x0800ce0d     0x8  Code  Gb  stm32f4xx_hal_rcc.o [1]
HAL_RCC_GetClockConfig  0x0800ce43    0x3e  Code  Gb  stm32f4xx_hal_rcc.o [1]
HAL_RCC_GetHCLKFreq     0x0800ce15     0x6  Code  Gb  stm32f4xx_hal_rcc.o [1]
HAL_RCC_GetPCLK1Freq    0x0800ce1b    0x14  Code  Gb  stm32f4xx_hal_rcc.o [1]
HAL_RCC_GetPCLK2Freq    0x0800ce2f    0x14  Code  Gb  stm32f4xx_hal_rcc.o [1]
HAL_RCC_NMI_IRQHandler  0x0800ce81    0x14  Code  Gb  stm32f4xx_hal_rcc.o [1]
HAL_RCC_OscConfig       0x0800d391   0x34c  Code  Wk  stm32f4xx_hal_rcc.o [1]
HAL_SPI_DMAStop         0x08010a8d    0x28  Code  Gb  stm32f4xx_hal_spi.o [1]
HAL_SPI_IRQHandler      0x08010ab5   0x106  Code  Gb  stm32f4xx_hal_spi.o [1]
HAL_SPI_Init            0x08010219    0x82  Code  Gb  stm32f4xx_hal_spi.o [1]
HAL_SPI_MspInit         0x0800d9bd   0x138  Code  Gb  spi.o [1]
HAL_SPI_Receive         0x080104df   0x142  Code  Gb  stm32f4xx_hal_spi.o [1]
HAL_SPI_Receive_DMA     0x080108b7    0xd6  Code  Gb  stm32f4xx_hal_spi.o [1]
HAL_SPI_RxCpltCallback  0x0800eb23    0x20  Code  Gb  mpu9250.o [1]
HAL_SPI_Transmit        0x0801029d   0x242  Code  Gb  stm32f4xx_hal_spi.o [1]
HAL_SPI_TransmitReceive
                        0x08010621   0x296  Code  Gb  stm32f4xx_hal_spi.o [1]
HAL_SPI_TransmitReceive_DMA
                        0x0801098d   0x100  Code  Gb  stm32f4xx_hal_spi.o [1]
HAL_SYSTICK_CLKSourceConfig
                        0x0800d783    0x1a  Code  Gb  stm32f4xx_hal_cortex.o [1]
HAL_SYSTICK_Config      0x0800d761    0x22  Code  Gb  stm32f4xx_hal_cortex.o [1]
HAL_TIMEx_BreakCallback
                        0x08011717     0x2  Code  Wk  stm32f4xx_hal_tim_ex.o [1]
HAL_TIMEx_CommutationCallback
                        0x0801171b     0x2  Code  Wk  stm32f4xx_hal_tim_ex.o [1]
HAL_TIMEx_MasterConfigSynchronization
                        0x0801162d    0x56  Code  Gb  stm32f4xx_hal_tim_ex.o [1]
HAL_TIM_Base_Init       0x08010d01    0xe2  Code  Gb  stm32f4xx_hal_tim.o [1]
HAL_TIM_Base_Start_IT   0x08010de3    0x16  Code  Gb  stm32f4xx_hal_tim.o [1]
HAL_TIM_IC_CaptureCallback
                        0x0800e063   0x2b2  Code  Gb  rc_pwm.o [1]
HAL_TIM_IC_ConfigChannel
                        0x080111f3   0x1b4  Code  Gb  stm32f4xx_hal_tim.o [1]
HAL_TIM_IC_Init         0x08010f41    0xdc  Code  Gb  stm32f4xx_hal_tim.o [1]
HAL_TIM_IC_MspInit      0x0800deb7    0xb6  Code  Gb  tim.o [1]
HAL_TIM_IC_Start_IT     0x08011021    0x5e  Code  Gb  stm32f4xx_hal_tim.o [1]
HAL_TIM_IRQHandler      0x080110a9   0x14a  Code  Gb  stm32f4xx_hal_tim.o [1]
HAL_TIM_PWM_ConfigChannel
                        0x080113ad   0x212  Code  Gb  stm32f4xx_hal_tim.o [1]
HAL_TIM_PWM_Init        0x08010df9    0xe2  Code  Gb  stm32f4xx_hal_tim.o [1]
HAL_TIM_PWM_MspInit     0x0800df6d    0x42  Code  Gb  tim.o [1]
HAL_TIM_PWM_Start       0x08010edb    0x3c  Code  Gb  stm32f4xx_hal_tim.o [1]
HAL_TIM_PeriodElapsedCallback
                        0x0800b579     0xe  Code  Gb  main.o [1]
HAL_TIM_ReadCapturedValue
                        0x080115dd    0x4e  Code  Gb  stm32f4xx_hal_tim.o [1]
HAL_UART_IRQHandler     0x0800b157   0x270  Code  Gb  stm32f4xx_hal_uart.o [1]
HAL_UART_Init           0x0800adbd   0x2b0  Code  Gb  stm32f4xx_hal_uart.o [1]
HAL_UART_MspInit        0x0800c859   0x41c  Code  Gb  usart.o [1]
HAL_UART_Receive_IT     0x0800b07d    0x54  Code  Gb  stm32f4xx_hal_uart.o [1]
HAL_UART_RxCpltCallback
                        0x08009f43    0x7e  Code  Gb  usart_cfg.o [1]
HAL_UART_Transmit_DMA   0x0800b0d1    0x86  Code  Gb  stm32f4xx_hal_uart.o [1]
HEAP$$Base              0x20005668           --   Gb  - Linker created -
HEAP$$Limit             0x2001a668           --   Gb  - Linker created -
HardFault_Handler       0x08011721     0x2  Code  Gb  stm32f4xx_it.o [1]
MPU9250_ERROR           0x20004a08     0x4  Data  Gb  mpu9250.o [1]
MPU9250_Handler         0x20004a04     0x4  Data  Gb  mpu9250.o [1]
MPU9250_Init            0x0800e559   0x550  Code  Gb  mpu9250.o [1]
MPU9250_WriteReg        0x0800e505    0x54  Code  Gb  mpu9250.o [1]
MPU9250_data_buffer     0x200049cc    0x1c  Data  Gb  mpu9250.o [1]
MPU9250_data_push       0x0800ec65   0x186  Code  Gb  mpu9250.o [1]
MPU9250_gyro_acc_calibrate_offset_func
                        0x0800eb49   0x11a  Code  Gb  mpu9250.o [1]
MPU9250_gyro_acc_calibrate_offset_func::cnt_g
                        0x20004a02     0x2  Data  Lc  mpu9250.o [1]
MPU9250_gyro_acc_calibrate_offset_func::gyrox_high
                        0x20004a10     0x4  Data  Lc  mpu9250.o [1]
MPU9250_gyro_acc_calibrate_offset_func::gyrox_low
                        0x20004a0c     0x4  Data  Lc  mpu9250.o [1]
MPU9250_gyro_acc_calibrate_offset_func::tempAcc
                        0x200049f4     0xc  Data  Lc  mpu9250.o [1]
MPU9250_gyro_acc_calibrate_offset_func::tempGyro
                        0x200049e8     0xc  Data  Lc  mpu9250.o [1]
MPU9250_mag_calibrate::cnt
                        0x20004a2c     0x4  Data  Lc  mpu9250.o [1]
MPU9250_mag_calibrate::magx_high
                        0x20004a18     0x4  Data  Lc  mpu9250.o [1]
MPU9250_mag_calibrate::magx_low
                        0x20004a14     0x4  Data  Lc  mpu9250.o [1]
MPU9250_mag_calibrate::magy_high
                        0x20004a20     0x4  Data  Lc  mpu9250.o [1]
MPU9250_mag_calibrate::magy_low
                        0x20004a1c     0x4  Data  Lc  mpu9250.o [1]
MPU9250_mag_calibrate::magz_high
                        0x20004a28     0x4  Data  Lc  mpu9250.o [1]
MPU9250_mag_calibrate::magz_low
                        0x20004a24     0x4  Data  Lc  mpu9250.o [1]
MPU9250_process         0x0800edfd   0x252  Code  Gb  mpu9250.o [1]
MPU9250_process::MPU9250MagCalibrateStart
                        0x20004a30     0x4  Data  Lc  mpu9250.o [1]
MPU9250_read_raw_data   0x0800eac9    0x5a  Code  Gb  mpu9250.o [1]
MS5803_C1               0x20004fb8     0x2  Data  Gb  ms5803.o [1]
MS5803_C2               0x20004fba     0x2  Data  Gb  ms5803.o [1]
MS5803_C3               0x20004fbc     0x2  Data  Gb  ms5803.o [1]
MS5803_C4               0x20004fbe     0x2  Data  Gb  ms5803.o [1]
MS5803_C5               0x20004fc0     0x2  Data  Gb  ms5803.o [1]
MS5803_C6               0x20004fc2     0x2  Data  Gb  ms5803.o [1]
MS5803_D1               0x20004fc4     0x4  Data  Gb  ms5803.o [1]
MS5803_D2               0x20004fc8     0x4  Data  Gb  ms5803.o [1]
MS5803_Handler          0x20004fd0     0x4  Data  Gb  ms5803.o [1]
MS5803_Init             0x0800f079   0x1e0  Code  Gb  ms5803.o [1]
MS5803_pressure         0x20004fa8     0x8  Data  Gb  ms5803.o [1]
MS5803_process          0x0800f259   0x2d6  Code  Gb  ms5803.o [1]
MS5803_temperature      0x20004fb0     0x8  Data  Gb  ms5803.o [1]
MX_DMA_Init             0x0800d869    0xbc  Code  Gb  dma.o [1]
MX_FREERTOS_Init        0x0800f611   0x18a  Code  Gb  freertos.o [1]
MX_GPIO_Init            0x0800d7b5    0xb4  Code  Gb  gpio.o [1]
MX_SPI1_Init            0x0800d925    0x4a  Code  Gb  spi.o [1]
MX_SPI2_Init            0x0800d971    0x4a  Code  Gb  spi.o [1]
MX_TIM1_Init            0x0800db49    0xb0  Code  Gb  tim.o [1]
MX_TIM2_Init            0x0800dbf9    0xae  Code  Gb  tim.o [1]
MX_TIM3_Init            0x0800dca7   0x10a  Code  Gb  tim.o [1]
MX_TIM4_Init            0x0800ddb1   0x106  Code  Gb  tim.o [1]
MX_UART4_Init           0x0800c6d9    0x40  Code  Gb  usart.o [1]
MX_UART5_Init           0x0800c719    0x40  Code  Gb  usart.o [1]
MX_USART1_UART_Init     0x0800c759    0x40  Code  Gb  usart.o [1]
MX_USART2_UART_Init     0x0800c799    0x40  Code  Gb  usart.o [1]
MX_USART3_UART_Init     0x0800c7d9    0x40  Code  Gb  usart.o [1]
MX_USART6_UART_Init     0x0800c819    0x40  Code  Gb  usart.o [1]
MatAdd                  0x08001109   0x234  Code  Gb  CMatrix.o [1]
MatAt                   0x08001d05    0x5a  Code  Gb  CMatrix.o [1]
MatBlockCompose         0x080017a5   0x37c  Code  Gb  CMatrix.o [1]
MatBlockDecompose       0x08001b21   0x118  Code  Gb  CMatrix.o [1]
MatCopy                 0x08001dc9   0x132  Code  Gb  CMatrix.o [1]
MatCreate               0x08000189    0x7a  Code  Gb  CMatrix.o [1]
MatDelete               0x080002c7    0x76  Code  Gb  CMatrix.o [1]
MatDiag                 0x08001c39    0xcc  Code  Gb  CMatrix.o [1]
MatEye                  0x08000fd9    0xc4  Code  Gb  CMatrix.o [1]
MatInit                 0x08000203    0xc4  Code  Gb  CMatrix.o [1]
MatInverse              0x08000591   0xa44  Code  Gb  CMatrix.o [1]
MatMultiply             0x08000341   0x24c  Code  Gb  CMatrix.o [1]
MatScalarMultiply       0x08001571    0xd6  Code  Gb  CMatrix.o [1]
MatSetValAt             0x08001d5f    0x68  Code  Gb  CMatrix.o [1]
MatSub                  0x0800133d   0x234  Code  Gb  CMatrix.o [1]
MatTrans                0x08001649   0x15a  Code  Gb  CMatrix.o [1]
MatZeros                0x0800109d    0x6a  Code  Gb  CMatrix.o [1]
MemManage_Handler       0x08011723     0x2  Code  Gb  stm32f4xx_it.o [1]
NMI_Handler             0x0801171d     0x4  Code  Gb  stm32f4xx_it.o [1]
PendSV_Handler          0x08007ce5          Code  Gb  portasm.o [1]
RC_PWM                  0x20004b78    0x20  Data  Gb  rc_pwm.o [1]
RC_PWM_init             0x0800e011    0x52  Code  Gb  rc_pwm.o [1]
ReadTheFLASH            0x0800ad6d    0x20  Code  Gb  flash_on_chip.o [1]
Region$$Table$$Base     0x08011918           --   Gb  - Linker created -
Region$$Table$$Limit    0x08011938           --   Gb  - Linker created -
RxBuffer                0x200042e8    0x34  Data  Lc  app_ano.o [1]
RxBuffer                0x2000466c    0xc8  Data  Lc  app_ros.o [1]
SPI1_IRQHandler         0x0801175b     0x6  Code  Gb  stm32f4xx_it.o [1]
SPI_DMAAbortOnError     0x08010cf5     0xc  Code  Lc  stm32f4xx_hal_spi.o [1]
SPI_DMAError            0x08010cd5    0x1e  Code  Lc  stm32f4xx_hal_spi.o [1]
SPI_DMAHalfReceiveCplt  0x08010cc5     0x6  Code  Lc  stm32f4xx_hal_spi.o [1]
SPI_DMAHalfTransmitReceiveCplt
                        0x08010ccd     0x6  Code  Lc  stm32f4xx_hal_spi.o [1]
SPI_DMAReceiveCplt      0x08010bbd    0x4e  Code  Lc  stm32f4xx_hal_spi.o [1]
SPI_DMATransmitReceiveCplt
                        0x08010c0d    0xb8  Code  Lc  stm32f4xx_hal_spi.o [1]
SVC_Handler             0x08007d3d          Code  Gb  portasm.o [1]
StartDefaultTask        0x0800f79b     0x2  Code  Gb  freertos.o [1]
StartTask02LED          0x0800f79d     0x2  Code  Gb  freertos.o [1]
StartTask03COM          0x0800f7a1    0x4c  Code  Gb  freertos.o [1]
StartTask04MPU9250      0x0800f7ed    0x36  Code  Gb  freertos.o [1]
StartTask05MS5803       0x0800f823     0xc  Code  Gb  freertos.o [1]
StartTask06BackEnd      0x0800f831    0x42  Code  Gb  freertos.o [1]
StartTask07UWB          0x0800f875    0x36  Code  Gb  freertos.o [1]
StartTask08GPS          0x0800f8ad    0x3a  Code  Gb  freertos.o [1]
SysTick_Handler         0x0801172b    0x12  Code  Gb  stm32f4xx_it.o [1]
SystemCoreClock         0x200001c8     0x4  Data  Gb  system_stm32f4xx.o [1]
SystemInit              0x080117f1    0x3c  Code  Gb  system_stm32f4xx.o [1]
TIM1_CC_IRQHandler      0x0801174f     0x6  Code  Gb  stm32f4xx_it.o [1]
TIM2_IRQHandler         0x08011755     0x6  Code  Gb  stm32f4xx_it.o [1]
TIM8_UP_TIM13_IRQHandler
                        0x08011773     0x6  Code  Gb  stm32f4xx_it.o [1]
UART4_IRQHandler        0x0801177f     0x6  Code  Gb  stm32f4xx_it.o [1]
UART5_IRQHandler        0x08011785     0x6  Code  Gb  stm32f4xx_it.o [1]
UART_DMAAbortOnError    0x0800b459     0xc  Code  Lc  stm32f4xx_hal_uart.o [1]
UART_DMAError           0x0800b3fd    0x5c  Code  Lc  stm32f4xx_hal_uart.o [1]
UART_DMATransmitCplt    0x0800b3c9    0x2a  Code  Lc  stm32f4xx_hal_uart.o [1]
UART_DMATxHalfCplt      0x0800b3f5     0x6  Code  Lc  stm32f4xx_hal_uart.o [1]
USART1_DMA_send_data    0x08009fc1     0xa  Code  Gb  usart_cfg.o [1]
USART1_IRQHandler       0x08011761     0x6  Code  Gb  stm32f4xx_it.o [1]
USART2_IRQHandler       0x08011767     0x6  Code  Gb  stm32f4xx_it.o [1]
USART3_IRQHandler       0x0801176d     0x6  Code  Gb  stm32f4xx_it.o [1]
USART6_IRQHandler       0x080117a3     0x6  Code  Gb  stm32f4xx_it.o [1]
USART_init              0x08009ecd    0x76  Code  Gb  usart_cfg.o [1]
UpdateTheFLASH          0x0800ac05    0x98  Code  Gb  flash_on_chip.o [1]
UsageFault_Handler      0x08011727     0x2  Code  Gb  stm32f4xx_it.o [1]
_Error_Handler          0x0800b5a1     0x2  Code  Gb  main.o [1]
_LocaleC_isalpha        0x080089cb     0xc  Code  Gb  xlocale_c.o [3]
_LocaleC_islower        0x080089c5     0x4  Code  Gb  xlocale_c.o [3]
_LocaleC_isspace        0x080089e1    0x14  Code  Gb  xlocale_c.o [3]
_LocaleC_isupper        0x080089c9     0x2  Code  Gb  xlocale_c.o [3]
_LocaleC_tolower        0x080089f5     0xc  Code  Gb  xlocale_c.o [3]
_Locale_lconv           0x200001cc    0x38  Data  Lc  xlocale_c.o [3]
__aeabi_cdcmpeq         0x08008a69          Code  Gb  DblCmpEq.o [4]
__aeabi_cdcmple         0x080085d9          Code  Gb  DblCmpLe.o [4]
__aeabi_cdrcmple        0x08008a89          Code  Gb  DblCmpGe.o [4]
__aeabi_d2f             0x080050ad          Code  Gb  DblToFlt.o [4]
__aeabi_d2iz            0x08008961          Code  Gb  DblToS32.o [4]
__aeabi_dadd            0x08008245          Code  Gb  DblAdd.o [4]
__aeabi_ddiv            0x08004e65          Code  Gb  DblDiv.o [4]
__aeabi_dmul            0x08005161          Code  Gb  DblMul.o [4]
__aeabi_dsub            0x08008609          Code  Gb  DblSub.o [4]
__aeabi_f2d             0x08004d19          Code  Gb  FltToDbl.o [4]
__aeabi_i2d             0x08008221          Code  Gb  S32ToDbl.o [4]
__aeabi_l2f             0x08011685          Code  Gb  S64ToFlt.o [4]
__aeabi_ldiv0           0x08011709          Code  Gb  I64DivZer.o [5]
__aeabi_ldivmod         0x0800ff0d          Code  Gb  I64DivMod.o [5]
__aeabi_memclr          0x08003455          Code  Gb  ABImemclr.o [5]
__aeabi_memclr4         0x08003449          Code  Gb  ABImemclr4.o [5]
__aeabi_memcpy          0x08007c3d          Code  Gb  ABImemcpy.o [5]
__aeabi_memcpy4         0x08007c5d          Code  Gb  ABImemcpy.o [5]
__aeabi_memcpy8         0x08007c5d          Code  Gb  ABImemcpy.o [5]
__aeabi_uldivmod        0x0800ff51          Code  Gb  I64DivMod.o [5]
__cmain                 0x08011939          Code  Gb  cmain.o [5]
__data_GetMemChunk      0x08003461    0x2c  Code  Gb  xgetmemchunk.o [3]
__data_GetMemChunk::start
                        0x20005060     0x4  Data  Lc  xgetmemchunk.o [3]
__exit                  0x08003521    0x14  Code  Gb  exit.o [6]
__iar_Atan64            0x08008759   0x170  Code  Gb  iar_Atan64.o [4]
__iar_Memchr            0x08008a11          Code  Gb  memchr.o [5]
__iar_Memset4_word      0x0800348d          Code  Gb  ABImemset48.o [5]
__iar_Memset8_word      0x0800348d          Code  Gb  ABImemset48.o [5]
__iar_Memset_word       0x080034c1          Code  Gb  ABImemset.o [5]
__iar_Sin64             0x08007495   0x3b2  Code  Lc  cos_sin64.o [4]
__iar_Sto64             0x08007021   0x1a6  Code  Gb  strto64.o [4]
__iar_Stoflt            0x08008059   0x1c8  Code  Gb  iar_Stoflt.o [3]
__iar_Stopfx            0x08007f37   0x122  Code  Gb  iar_Stopfx.o [3]
__iar_Stoulx            0x0800fb01   0x112  Code  Gb  iar_Stoulx.o [3]
__iar_Stoxflt           0x080083bd   0x1e6  Code  Gb  iar_Stoxflt.o [3]
__iar_Stoxflt::digits   0x080085a8    0x18  Data  Lc  iar_Stoxflt.o [3]
__iar_Stoxflt::vals     0x080085c0    0x18  Data  Lc  iar_Stoxflt.o [3]
__iar_Strchr            0x080116dd          Code  Gb  strchr.o [5]
__iar_asin64            0x08007269    0xf0  Code  Gb  asin64.o [4]
__iar_atan2_64          0x08007359   0x13c  Code  Gb  atan2_64.o [4]
__iar_close_ttio        0x08003535    0x2c  Code  Gb  iarttio.o [6]
__iar_cos64             0x080078d9     0x4  Code  Gb  cos_sin64.o [4]
__iar_cos_medium        0x080078d9     0x4  Code  Gb  cos_sin64.o [4]
__iar_cos_medium64      0x080078d9     0x4  Code  Gb  cos_sin64.o [4]
__iar_cos_mediuml       0x080078d9     0x4  Code  Gb  cos_sin64.o [4]
__iar_dadd              0x08008619          Code  Gb  DblSub.o [4]
__iar_data_init3        0x080118cd    0x28  Code  Gb  data_init.o [5]
__iar_dlfree            0x08002f4f   0x4f6  Code  Gb  dlmalloc.o [3]
__iar_dlmalloc          0x08002c99   0x2b6  Code  Gb  dlmalloc.o [3]
__iar_dsub              0x08008255          Code  Gb  DblAdd.o [4]
__iar_dsubStart         0x08008267          Code  Gb  DblAdd.o [4]
__iar_frexp             0x08007d99          Code  Gb  frexp.o [4]
__iar_frexpl            0x08007d99          Code  Gb  frexp.o [4]
__iar_globLocale        0x20000204    0x48  Data  Lc  xlocale_c.o [3]
__iar_global_Locale     0x08008a01     0x4  Code  Gb  xlocale_c.o [3]
__iar_init_vfp          0x080118f5          Code  Gb  fpinit_M.o [4]
__iar_ldexp64           0x08007dfd          Code  Gb  ldexp.o [4]
__iar_lookup_ttioh      0x08003561     0x4  Code  Gb  XShttio.o [3]
__iar_lz77_init_single3
                        0x08001efb    0x7a  Code  Gb  lz77_init_single.o [5]
__iar_program_start     0x0801197d          Code  Gb  cstartup_M.o [5]
__iar_scalbln64         0x08007dfd          Code  Gb  ldexp.o [4]
__iar_scalbn64          0x08007dfd          Code  Gb  ldexp.o [4]
__iar_sin64             0x080078dd     0x4  Code  Gb  cos_sin64.o [4]
__iar_sin_medium        0x080078dd     0x4  Code  Gb  cos_sin64.o [4]
__iar_sin_medium64      0x080078dd     0x4  Code  Gb  cos_sin64.o [4]
__iar_sin_mediuml       0x080078dd     0x4  Code  Gb  cos_sin64.o [4]
__iar_softfp___iar_frexp64
                        0x08007d8d          Code  Gb  frexp.o [4]
__iar_softfp_frexp      0x08007d8d          Code  Gb  frexp.o [4]
__iar_softfp_frexpl     0x08007d8d          Code  Gb  frexp.o [4]
__iar_sqrt64            0x08004d71          Code  Gb  sqrt.o [4]
__iar_systems$$module {Abs}
                        0x00000001          Data  Gb  command line/config [2]
__iar_ttio_handles      0x2000024c     0x8  Data  Lc  XShttio.o [3]
__iar_vfp___iar_sqrt64  0x08004d61          Code  Gb  sqrt.o [4]
__iar_vfp_asin          0x0800512b     0xc  Code  Gb  math_wrappers64.o [4]
__iar_vfp_atan2         0x08005137    0x10  Code  Gb  math_wrappers64.o [4]
__iar_vfp_atof          0x0800511b     0x8  Code  Gb  math_wrappers64.o [4]
__iar_vfp_cos           0x08005147     0xc  Code  Gb  math_wrappers64.o [4]
__iar_vfp_sin           0x08005153     0xc  Code  Gb  math_wrappers64.o [4]
__iar_vfp_sqrt          0x08004d61          Code  Gb  sqrt.o [4]
__iar_vfp_sqrtl         0x08004d61          Code  Gb  sqrt.o [4]
__iar_vfp_strtod        0x08005123     0x8  Code  Gb  math_wrappers64.o [4]
__iar_zero_init3        0x0801188d    0x40  Code  Gb  zero_init3.o [5]
__low_level_init        0x08011957     0x4  Code  Gb  low_level_init.o [3]
__vector_table          0x08000000          Data  Gb  startup_stm32f407xx.o [1]
_call_main              0x08011945          Code  Gb  cmain.o [5]
_data_cnt               0x20004324     0x4  Data  Lc  app_ano.o [1]
_data_cnt               0x20004778     0x4  Data  Lc  app_ros.o [1]
_data_len               0x20004320     0x4  Data  Lc  app_ano.o [1]
_data_len               0x20004774     0x4  Data  Lc  app_ros.o [1]
_exit                   0x08011961          Code  Gb  cexit.o [5]
_gm_                    0x200040ac   0x1d8  Data  Lc  dlmalloc.o [3]
_main                   0x08011953          Code  Gb  cmain.o [5]
a                       0x08008920    0x40  Data  Lc  iar_Atan64.o [4]
aRxBuffer1              0x20005044     0x1  Data  Gb  usart_cfg.o [1]
aRxBuffer2              0x20005045     0x1  Data  Gb  usart_cfg.o [1]
aRxBuffer3              0x20005047     0x1  Data  Gb  usart_cfg.o [1]
aRxBuffer5              0x20005046     0x1  Data  Gb  usart_cfg.o [1]
aRxBuffer6              0x20005048     0x1  Data  Gb  usart_cfg.o [1]
abort                   0x0800345b     0x6  Code  Gb  abort.o [3]
accx_mps                0x20004cc0     0x4  Data  Gb  app_ins_ekf_quaternion.o [1]
accy_mps                0x20004cc4     0x4  Data  Gb  app_ins_ekf_quaternion.o [1]
accz_mps                0x20004cc8     0x4  Data  Gb  app_ins_ekf_quaternion.o [1]
add_segment             0x08002339   0x1f2  Code  Lc  dlmalloc.o [3]
alt_d                   0x20004368     0x4  Data  Gb  app_ano.o [1]
alt_i                   0x20004364     0x4  Data  Gb  app_ano.o [1]
alt_p                   0x20004360     0x4  Data  Gb  app_ano.o [1]
ano_data_to_send        0x20004284    0x64  Data  Lc  app_ano.o [1]
ano_process             0x08009c0d   0x29c  Code  Gb  app_ano.o [1]
ano_process::delay_cnt  0x20004414     0x4  Data  Lc  app_ano.o [1]
app_ano_time_consume_us
                        0x2000504c     0x4  Data  Gb  time.o [1]
app_backend_time_consume_us
                        0x20005050     0x4  Data  Gb  time.o [1]
app_ins_ekf_quaternion_thread
                        0x0800356d    0xe2  Code  Gb  app_ins_ekf_quaternion.o [1]
app_led_thread          0x0800f545    0x96  Code  Gb  app_led.o [1]
app_uwb_time_consume_us
                        0x20005058     0x4  Data  Gb  time.o [1]
asin                    0x08007269    0xf0  Code  Gb  asin64.o [4]
asinl                   0x08007269    0xf0  Code  Gb  asin64.o [4]
atan2                   0x08007359   0x13c  Code  Gb  atan2_64.o [4]
atan2l                  0x08007359   0x13c  Code  Gb  atan2_64.o [4]
atof                    0x0800720d     0x8  Code  Gb  strto64.o [4]
atoi                    0x0800fc19     0x2  Code  Gb  iar_Stoulx.o [3]
cos                     0x080078d9     0x4  Code  Gb  cos_sin64.o [4]
cosl                    0x080078d9     0x4  Code  Gb  cos_sin64.o [4]
cycle_T                 0x200047c8    0xf0  Data  Gb  time.o [1]
d1d2_convert_step       0x20004fcc     0x4  Data  Lc  ms5803.o [1]
data_from_ANO_updata    0x20004330     0x4  Data  Lc  app_ano.o [1]
data_from_ros_updata    0x2000477c     0x4  Data  Lc  app_ros.o [1]
data_trans_with_ano     0x08008ab9   0x8a0  Code  Gb  app_ano.o [1]
ddiv                    0x08006d95    0xd0  Code  Lc  strto64.o [4]
defaultTaskHandle       0x20004cf0     0x4  Data  Gb  freertos.o [1]
det_t_s                 0x20004ff4    0x18  Data  Gb  time.o [1]
digits                  0x0800fc24    0x28  Data  Lc  iar_Stoulx.o [3]
dmul                    0x08006cc1    0xd2  Code  Lc  strto64.o [4]
ekf_P                   0x200001a4     0xc  Data  Gb  app_ins_ekf_quaternion.o [1]
ekf_basedon_quaternion  0x08003665  0x147a  Code  Gb  app_ins_ekf_quaternion.o [1]
ekf_basedon_quaternion::RunOnce
                        0x20000194     0x4  Data  Lc  app_ins_ekf_quaternion.o [1]
ekf_sigmas_accelBias_process_noise_mps2
                        0x20000184     0x4  Data  Gb  app_ins_ekf_quaternion.o [1]
ekf_sigmas_accel_bias_mps2
                        0x20000170     0x4  Data  Gb  app_ins_ekf_quaternion.o [1]
ekf_sigmas_gyroBias_process_noise_rps
                        0x20000180     0x4  Data  Gb  app_ins_ekf_quaternion.o [1]
ekf_sigmas_gyro_bias_rps
                        0x2000016c     0x4  Data  Gb  app_ins_ekf_quaternion.o [1]
ekf_sigmas_mag3D_unitVector_meas
                        0x20000188     0x4  Data  Gb  app_ins_ekf_quaternion.o [1]
ekf_sigmas_pos_meas_m   0x2000018c     0x4  Data  Gb  app_ins_ekf_quaternion.o [1]
ekf_sigmas_pos_process_noise_m
                        0x20000178     0x4  Data  Gb  app_ins_ekf_quaternion.o [1]
ekf_sigmas_quad_process_noise
                        0x20000174     0x4  Data  Gb  app_ins_ekf_quaternion.o [1]
ekf_sigmas_vel_meas_m   0x20000190     0x4  Data  Gb  app_ins_ekf_quaternion.o [1]
ekf_sigmas_vel_process_noise_mps
                        0x2000017c     0x4  Data  Gb  app_ins_ekf_quaternion.o [1]
ekf_xhat                0x20000198     0xc  Data  Gb  app_ins_ekf_quaternion.o [1]
exit                    0x0801195b     0x4  Code  Gb  exit.o [3]
flash_byte_to_float     0x0800ad8d    0x2e  Code  Gb  flash_on_chip.o [1]
flash_read_parameters   0x0800a781   0x454  Code  Gb  flash_on_chip.o [1]
flash_save_parameters   0x0800a031   0x736  Code  Gb  flash_on_chip.o [1]
free                    0x0800344f     0x4  Code  Gb  heaptramp0.o [3]
get_cycle_time          0x0800f9f1    0x4e  Code  Gb  time.o [1]
get_data_from_ANO       0x20004328     0x4  Data  Lc  app_ano.o [1]
get_sys_time_us         0x0800fa3f    0x22  Code  Gb  time.o [1]
gps_m8n                 0x20000000   0x120  Data  Gb  gps_m8n.o [1]
gps_m8n_buffer          0x20004a34    0x98  Data  Gb  gps_m8n.o [1]
gps_m8n_data_extraction
                        0x0800b839   0x3c0  Code  Gb  gps_m8n.o [1]
gps_m8n_evt             0x20004ca8     0xc  Data  Gb  app_ins_ekf_quaternion.o [1]
gps_m8n_receive         0x0800b749    0xea  Code  Gb  gps_m8n.o [1]
gps_m8n_receive::_data_cnt
                        0x20004ad4     0x4  Data  Lc  gps_m8n.o [1]
gps_m8n_receive::_data_len
                        0x20004ad0     0x4  Data  Lc  gps_m8n.o [1]
gps_m8n_receive::data_receive_stage
                        0x20004acc     0x4  Data  Lc  gps_m8n.o [1]
gps_m8n_set_home_point::gps_valid_data_cnt
                        0x2000014c     0x4  Data  Lc  gps_m8n.o [1]
gps_m8n_set_home_point::temp_home_point_latitude
                        0x20000130     0x8  Data  Lc  gps_m8n.o [1]
gps_m8n_set_home_point::temp_home_point_longitude
                        0x20000138     0x8  Data  Lc  gps_m8n.o [1]
gps_m8n_status_preparation::gps_update_watchdog
                        0x20000148     0x4  Data  Lc  gps_m8n.o [1]
gps_m8n_thread          0x0800b5a5   0x1a4  Code  Gb  gps_m8n.o [1]
gps_m8n_time_consume_us
                        0x2000505c     0x4  Data  Gb  time.o [1]
gps_m8n_wgs84_to_ned_haversine
                        0x0800bc0d   0x2b8  Code  Gb  gps_m8n.o [1]
gravity_mps2            0x2000015c     0x4  Data  Gb  app_ins_ekf_quaternion.o [1]
gyrox_rps               0x20004cb4     0x4  Data  Gb  app_ins_ekf_quaternion.o [1]
gyroy_rps               0x20004cb8     0x4  Data  Gb  app_ins_ekf_quaternion.o [1]
gyroz_rps               0x20004cbc     0x4  Data  Gb  app_ins_ekf_quaternion.o [1]
hdma_spi1_rx            0x200048b8    0x60  Data  Gb  spi.o [1]
hdma_spi1_tx            0x20004918    0x60  Data  Gb  spi.o [1]
hdma_uart4_tx           0x20003e6c    0x60  Data  Gb  usart.o [1]
hdma_uart5_tx           0x20003ecc    0x60  Data  Gb  usart.o [1]
hdma_usart1_tx          0x20003f2c    0x60  Data  Gb  usart.o [1]
hdma_usart2_tx          0x20003f8c    0x60  Data  Gb  usart.o [1]
hdma_usart3_tx          0x20003fec    0x60  Data  Gb  usart.o [1]
hdma_usart6_tx          0x2000404c    0x60  Data  Gb  usart.o [1]
home_point_latitude     0x20000120     0x8  Data  Gb  gps_m8n.o [1]
home_point_longitude    0x20000128     0x8  Data  Gb  gps_m8n.o [1]
hspi1                   0x20004bf8    0x58  Data  Gb  spi.o [1]
hspi2                   0x20004c50    0x58  Data  Gb  spi.o [1]
htim1                   0x20004eb8    0x3c  Data  Gb  tim.o [1]
htim2                   0x20004ef4    0x3c  Data  Gb  tim.o [1]
htim3                   0x20004f30    0x3c  Data  Gb  tim.o [1]
htim4                   0x20004f6c    0x3c  Data  Gb  tim.o [1]
htim8                   0x20004780    0x3c  Data  Gb  stm32f4xx_hal_timebase_TIM.o [1]
huart1                  0x20004db8    0x40  Data  Gb  usart.o [1]
huart2                  0x20004df8    0x40  Data  Gb  usart.o [1]
huart3                  0x20004e38    0x40  Data  Gb  usart.o [1]
huart4                  0x20004d38    0x40  Data  Gb  usart.o [1]
huart5                  0x20004d78    0x40  Data  Gb  usart.o [1]
huart6                  0x20004e78    0x40  Data  Gb  usart.o [1]
init_mparams            0x08001f93    0x32  Code  Lc  dlmalloc.o [3]
init_top                0x08001fc5    0x32  Code  Lc  dlmalloc.o [3]
isalpha                 0x080089af    0x14  Code  Gb  isalpha.o [3]
isspace                 0x0800899b    0x14  Code  Gb  isspace.o [3]
large_pos_uncertainty_m
                        0x20000164     0x4  Data  Gb  app_ins_ekf_quaternion.o [1]
large_quad_uncertainty  0x20000160     0x4  Data  Gb  app_ins_ekf_quaternion.o [1]
large_vel_uncertainty_mps
                        0x20000168     0x4  Data  Gb  app_ins_ekf_quaternion.o [1]
ldexp                   0x08007dfd          Code  Gb  ldexp.o [4]
ldexpl                  0x08007dfd          Code  Gb  ldexp.o [4]
led_init                0x0800f5db    0x20  Code  Gb  app_led.o [1]
localeconv              0x08008a05     0x4  Code  Gb  xlocale_c.o [3]
magx_ut                 0x20004ccc     0x4  Data  Gb  app_ins_ekf_quaternion.o [1]
magy_ut                 0x20004cd0     0x4  Data  Gb  app_ins_ekf_quaternion.o [1]
magz_ut                 0x20004cd4     0x4  Data  Gb  app_ins_ekf_quaternion.o [1]
main                    0x0800b465   0x114  Code  Gb  main.o [1]
memchr                  0x08008a11          Code  Gb  memchr.o [5]
motor_esc_init          0x0800e331   0x1bc  Code  Gb  motor_pwm.o [1]
mparams                 0x2000500c    0x18  Data  Lc  dlmalloc.o [3]
mpu9250                 0x20004978    0x54  Data  Gb  mpu9250.o [1]
mpu9250_evt             0x20005038     0xc  Data  Gb  app_ins_ekf_quaternion.o [1]
mpu9250_time_consume_us
                        0x20005054     0x4  Data  Gb  time.o [1]
mpu_data_ok             0x20004a00     0x1  Data  Gb  mpu9250.o [1]
myBinarySem01MPU9250GyroAccCalibrateOffsetHandle
                        0x20004d1c     0x4  Data  Gb  freertos.o [1]
myBinarySem02LED1ONHandle
                        0x20004d20     0x4  Data  Gb  freertos.o [1]
myBinarySem03LED2ONHandle
                        0x20004d24     0x4  Data  Gb  freertos.o [1]
myBinarySem04MPU9250MagCalibrateHandle
                        0x20004d30     0x4  Data  Gb  freertos.o [1]
myBinarySem05LED1PulsateHandle
                        0x20004d28     0x4  Data  Gb  freertos.o [1]
myBinarySem06LED2PulsateHandle
                        0x20004d2c     0x4  Data  Gb  freertos.o [1]
myBinarySem07GPSUpdateHandle
                        0x20004d34     0x4  Data  Gb  freertos.o [1]
myQueue01MPU9250ToANOHandle
                        0x20004d14     0x4  Data  Gb  freertos.o [1]
myQueue02GPSM8NToInsHandle
                        0x20004d10     0x4  Data  Gb  freertos.o [1]
myQueue03MPU9250ToInsHandle
                        0x20004d18     0x4  Data  Gb  freertos.o [1]
myTask02LEDHandle       0x20004cf4     0x4  Data  Gb  freertos.o [1]
myTask03COMHandle       0x20004cf8     0x4  Data  Gb  freertos.o [1]
myTask04MPU9250Handle   0x20004cfc     0x4  Data  Gb  freertos.o [1]
myTask05MS5803Handle    0x20004d00     0x4  Data  Gb  freertos.o [1]
myTask06BackEndHandle   0x20004d04     0x4  Data  Gb  freertos.o [1]
myTask07UWBHandle       0x20004d08     0x4  Data  Gb  freertos.o [1]
myTask08GPSHandle       0x20004d0c     0x4  Data  Gb  freertos.o [1]
ndigs                   0x0800fc4c    0x28  Data  Lc  iar_Stoulx.o [3]
osDelay                 0x08004b27    0x12  Code  Gb  cmsis_os.o [1]
osKernelStart           0x08004ae9     0xe  Code  Gb  cmsis_os.o [1]
osMessageCreate         0x08004c0d     0xa  Code  Gb  cmsis_os.o [1]
osMessageGet            0x08004c65    0x94  Code  Gb  cmsis_os.o [1]
osMessagePut            0x08004c17    0x4e  Code  Gb  cmsis_os.o [1]
osSemaphoreCreate       0x08004b39    0x2c  Code  Gb  cmsis_os.o [1]
osSemaphoreRelease      0x08004bc3    0x4a  Code  Gb  cmsis_os.o [1]
osSemaphoreWait         0x08004b65    0x5e  Code  Gb  cmsis_os.o [1]
osSystickHandler        0x08004cf9    0x1a  Code  Gb  cmsis_os.o [1]
osThreadCreate          0x08004af7    0x30  Code  Gb  cmsis_os.o [1]
pFlash                  0x20004fd4    0x20  Data  Gb  stm32f4xx_hal_flash.o [1]
pid10_d                 0x200043b0     0x4  Data  Gb  app_ano.o [1]
pid10_i                 0x200043ac     0x4  Data  Gb  app_ano.o [1]
pid10_p                 0x200043a8     0x4  Data  Gb  app_ano.o [1]
pid11_d                 0x200043bc     0x4  Data  Gb  app_ano.o [1]
pid11_i                 0x200043b8     0x4  Data  Gb  app_ano.o [1]
pid11_p                 0x200043b4     0x4  Data  Gb  app_ano.o [1]
pid12_d                 0x200043c8     0x4  Data  Gb  app_ano.o [1]
pid12_i                 0x200043c4     0x4  Data  Gb  app_ano.o [1]
pid12_p                 0x200043c0     0x4  Data  Gb  app_ano.o [1]
pid13_d                 0x200043d4     0x4  Data  Gb  app_ano.o [1]
pid13_i                 0x200043d0     0x4  Data  Gb  app_ano.o [1]
pid13_p                 0x200043cc     0x4  Data  Gb  app_ano.o [1]
pid14_d                 0x200043e0     0x4  Data  Gb  app_ano.o [1]
pid14_i                 0x200043dc     0x4  Data  Gb  app_ano.o [1]
pid14_p                 0x200043d8     0x4  Data  Gb  app_ano.o [1]
pid15_d                 0x200043ec     0x4  Data  Gb  app_ano.o [1]
pid15_i                 0x200043e8     0x4  Data  Gb  app_ano.o [1]
pid15_p                 0x200043e4     0x4  Data  Gb  app_ano.o [1]
pid16_d                 0x200043f8     0x4  Data  Gb  app_ano.o [1]
pid16_i                 0x200043f4     0x4  Data  Gb  app_ano.o [1]
pid16_p                 0x200043f0     0x4  Data  Gb  app_ano.o [1]
pid17_d                 0x20004404     0x4  Data  Gb  app_ano.o [1]
pid17_i                 0x20004400     0x4  Data  Gb  app_ano.o [1]
pid17_p                 0x200043fc     0x4  Data  Gb  app_ano.o [1]
pid18_d                 0x20004410     0x4  Data  Gb  app_ano.o [1]
pid18_i                 0x2000440c     0x4  Data  Gb  app_ano.o [1]
pid18_p                 0x20004408     0x4  Data  Gb  app_ano.o [1]
pid6_d                  0x20004380     0x4  Data  Gb  app_ano.o [1]
pid6_i                  0x2000437c     0x4  Data  Gb  app_ano.o [1]
pid6_p                  0x20004378     0x4  Data  Gb  app_ano.o [1]
pid7_d                  0x2000438c     0x4  Data  Gb  app_ano.o [1]
pid7_i                  0x20004388     0x4  Data  Gb  app_ano.o [1]
pid7_p                  0x20004384     0x4  Data  Gb  app_ano.o [1]
pid8_d                  0x20004398     0x4  Data  Gb  app_ano.o [1]
pid8_i                  0x20004394     0x4  Data  Gb  app_ano.o [1]
pid8_p                  0x20004390     0x4  Data  Gb  app_ano.o [1]
pid9_d                  0x200043a4     0x4  Data  Gb  app_ano.o [1]
pid9_i                  0x200043a0     0x4  Data  Gb  app_ano.o [1]
pid9_p                  0x2000439c     0x4  Data  Gb  app_ano.o [1]
pit_d                   0x20004350     0x4  Data  Gb  app_ano.o [1]
pit_i                   0x2000434c     0x4  Data  Gb  app_ano.o [1]
pit_p                   0x20004348     0x4  Data  Gb  app_ano.o [1]
pitch_deg               0x20000154     0x4  Data  Gb  app_ins_ekf_quaternion.o [1]
pos_alt                 0x20004ce0     0x4  Data  Gb  app_ins_ekf_quaternion.o [1]
pos_d                   0x20004374     0x4  Data  Gb  app_ano.o [1]
pos_east                0x20004cdc     0x4  Data  Gb  app_ins_ekf_quaternion.o [1]
pos_i                   0x20004370     0x4  Data  Gb  app_ano.o [1]
pos_north               0x20004cd8     0x4  Data  Gb  app_ins_ekf_quaternion.o [1]
pos_p                   0x2000436c     0x4  Data  Gb  app_ano.o [1]
pows                    0x08007220    0x48  Data  Lc  strto64.o [4]
prepend_alloc           0x08001ff7   0x342  Code  Lc  dlmalloc.o [3]
prvIdleTask             0x08005e8d   0x15a  Code  Lc  tasks.o [1]
prvTaskExitError        0x08006a9d    0x28  Code  Lc  port.o [1]
pvPortMalloc            0x080078e1   0x1e0  Code  Gb  heap_4.o [1]
pvTaskIncrementMutexHeldCount
                        0x08006149    0x18  Code  Gb  tasks.o [1]
pxCurrentTCB            0x200045f8     0x4  Data  Gb  tasks.o [1]
pxDelayedTaskList       0x200045fc     0x4  Data  Lc  tasks.o [1]
pxEnd                   0x2000025c     0x4  Data  Lc  heap_4.o [1]
pxOverflowDelayedTaskList
                        0x20004600     0x4  Data  Lc  tasks.o [1]
pxPortInitialiseStack   0x08006a75    0x28  Code  Gb  port.o [1]
pxReadyTasksLists       0x2000456c    0x8c  Data  Lc  tasks.o [1]
read_data_from_inner_flash
                        0x20004338     0x4  Data  Lc  app_ano.o [1]
rol_d                   0x20004344     0x4  Data  Gb  app_ano.o [1]
rol_i                   0x20004340     0x4  Data  Gb  app_ano.o [1]
rol_p                   0x2000433c     0x4  Data  Gb  app_ano.o [1]
roll_deg                0x20000150     0x4  Data  Gb  app_ins_ekf_quaternion.o [1]
ros_a_x                 0x20004734     0x4  Data  Gb  app_ros.o [1]
ros_a_y                 0x20004738     0x4  Data  Gb  app_ros.o [1]
ros_a_z                 0x2000473c     0x4  Data  Gb  app_ros.o [1]
ros_b_x                 0x20004740     0x4  Data  Gb  app_ros.o [1]
ros_b_y                 0x20004744     0x4  Data  Gb  app_ros.o [1]
ros_b_z                 0x20004748     0x4  Data  Gb  app_ros.o [1]
ros_c_x                 0x2000474c     0x4  Data  Gb  app_ros.o [1]
ros_c_y                 0x20004750     0x4  Data  Gb  app_ros.o [1]
ros_c_z                 0x20004754     0x4  Data  Gb  app_ros.o [1]
ros_d_x                 0x20004758     0x4  Data  Gb  app_ros.o [1]
ros_d_y                 0x2000475c     0x4  Data  Gb  app_ros.o [1]
ros_d_z                 0x20004760     0x4  Data  Gb  app_ros.o [1]
ros_data_receive_prepara
                        0x0800bf2d   0x36c  Code  Gb  app_ros.o [1]
ros_e_x                 0x20004764     0x4  Data  Gb  app_ros.o [1]
ros_e_y                 0x20004768     0x4  Data  Gb  app_ros.o [1]
ros_e_z                 0x2000476c     0x4  Data  Gb  app_ros.o [1]
save_arry               0x20004418   0x12c  Data  Gb  flash_on_chip.o [1]
scalbln                 0x08007dfd          Code  Gb  ldexp.o [4]
scalblnl                0x08007dfd          Code  Gb  ldexp.o [4]
scalbn                  0x08007dfd          Code  Gb  ldexp.o [4]
scalbnl                 0x08007dfd          Code  Gb  ldexp.o [4]
segment_holding         0x08001f75    0x1e  Code  Lc  dlmalloc.o [3]
send_pid_para           0x2000432c     0x4  Data  Lc  app_ano.o [1]
simpdelay               0x0800e4f5     0xe  Code  Lc  mpu9250.o [1]
sin                     0x080078dd     0x4  Code  Gb  cos_sin64.o [4]
sinl                    0x080078dd     0x4  Code  Gb  cos_sin64.o [4]
sqrt                    0x08004d71          Code  Gb  sqrt.o [4]
sqrtl                   0x08004d71          Code  Gb  sqrt.o [4]
state                   0x2000431c     0x4  Data  Lc  app_ano.o [1]
state                   0x20004770     0x4  Data  Lc  app_ros.o [1]
strchr                  0x080116dd          Code  Gb  strchr.o [5]
strcmp                  0x0800fa85          Code  Gb  strcmp.o [5]
strstr                  0x0800facf    0x30  Code  Gb  strstr.o [3]
strtod                  0x08007215     0x6  Code  Gb  strto64.o [4]
strtold                 0x08007215     0x6  Code  Gb  strto64.o [4]
sysTickUptime           0x200047c0     0x8  Data  Gb  time.o [1]
sys_alloc               0x08002531   0x164  Code  Lc  dlmalloc.o [3]
sys_trim                0x08002695    0x66  Code  Lc  dlmalloc.o [3]
time_consume            0x20004ad8    0xa0  Data  Gb  time.o [1]
time_inc_tick           0x0800fa61    0x16  Code  Gb  time.o [1]
timer1_channel1_PE9_DiffCapture
                        0x20004ba0     0x4  Data  Gb  rc_pwm.o [1]
timer1_channel1_PE9_IC1Value1
                        0x20004b98     0x4  Data  Gb  rc_pwm.o [1]
timer1_channel1_PE9_IC1Value2
                        0x20004b9c     0x4  Data  Gb  rc_pwm.o [1]
timer1_channel2_PE11_DiffCapture
                        0x20004bac     0x4  Data  Gb  rc_pwm.o [1]
timer1_channel2_PE11_IC1Value1
                        0x20004ba4     0x4  Data  Gb  rc_pwm.o [1]
timer1_channel2_PE11_IC1Value2
                        0x20004ba8     0x4  Data  Gb  rc_pwm.o [1]
timer1_channel3_PE13_DiffCapture
                        0x20004bb8     0x4  Data  Gb  rc_pwm.o [1]
timer1_channel3_PE13_IC1Value1
                        0x20004bb0     0x4  Data  Gb  rc_pwm.o [1]
timer1_channel3_PE13_IC1Value2
                        0x20004bb4     0x4  Data  Gb  rc_pwm.o [1]
timer1_channel4_PE14_DiffCapture
                        0x20004bc4     0x4  Data  Gb  rc_pwm.o [1]
timer1_channel4_PE14_IC1Value1
                        0x20004bbc     0x4  Data  Gb  rc_pwm.o [1]
timer1_channel4_PE14_IC1Value2
                        0x20004bc0     0x4  Data  Gb  rc_pwm.o [1]
timer2_channel1_PA5_DiffCapture
                        0x20004bd0     0x4  Data  Gb  rc_pwm.o [1]
timer2_channel1_PA5_IC1Value1
                        0x20004bc8     0x4  Data  Gb  rc_pwm.o [1]
timer2_channel1_PA5_IC1Value2
                        0x20004bcc     0x4  Data  Gb  rc_pwm.o [1]
timer2_channel2_PA1_DiffCapture
                        0x20004bdc     0x4  Data  Gb  rc_pwm.o [1]
timer2_channel2_PA1_IC1Value1
                        0x20004bd4     0x4  Data  Gb  rc_pwm.o [1]
timer2_channel2_PA1_IC1Value2
                        0x20004bd8     0x4  Data  Gb  rc_pwm.o [1]
timer2_channel3_PB10_DiffCapture
                        0x20004be8     0x4  Data  Gb  rc_pwm.o [1]
timer2_channel3_PB10_IC1Value1
                        0x20004be0     0x4  Data  Gb  rc_pwm.o [1]
timer2_channel3_PB10_IC1Value2
                        0x20004be4     0x4  Data  Gb  rc_pwm.o [1]
timer2_channel4_PB11_DiffCapture
                        0x20004bf4     0x4  Data  Gb  rc_pwm.o [1]
timer2_channel4_PB11_IC1Value1
                        0x20004bec     0x4  Data  Gb  rc_pwm.o [1]
timer2_channel4_PB11_IC1Value2
                        0x20004bf0     0x4  Data  Gb  rc_pwm.o [1]
tmalloc_large           0x08002709   0x384  Code  Lc  dlmalloc.o [3]
tmalloc_small           0x08002a8d   0x1fe  Code  Lc  dlmalloc.o [3]
tolower                 0x080116f3    0x14  Code  Gb  tolower.o [3]
ucHeap                  0x2000026c  0x3c00  Data  Lc  heap_4.o [1]
ucMaxSysCallPriority    0x200001b0     0x1  Data  Lc  port.o [1]
ulMaxPRIGROUPValue      0x200001b8     0x4  Data  Lc  port.o [1]
uwTick                  0x200001c0     0x4  Data  Gb  stm32f4xx_hal.o [1]
uwTickFreq              0x200001bc     0x1  Data  Gb  stm32f4xx_hal.o [1]
uwTickPrio              0x200001c4     0x4  Data  Gb  stm32f4xx_hal.o [1]
uxCriticalNesting       0x200001b4     0x4  Data  Lc  port.o [1]
uxCurrentNumberOfTasks  0x2000461c     0x4  Data  Lc  tasks.o [1]
uxDeletedTasksWaitingCleanUp
                        0x20004604     0x4  Data  Lc  tasks.o [1]
uxListRemove            0x08007c15    0x24  Code  Gb  list.o [1]
uxPendedTicks           0x2000462c     0x4  Data  Lc  tasks.o [1]
uxSchedulerSuspended    0x20004640     0x4  Data  Lc  tasks.o [1]
uxTaskNumber            0x20004638     0x4  Data  Lc  tasks.o [1]
uxTopReadyPriority      0x20004624     0x4  Data  Lc  tasks.o [1]
vApplicationIdleHook    0x08007c3b     0x2  Code  Wk  freertos.o [1]
vApplicationTickHook    0x08007c39     0x2  Code  Wk  freertos.o [1]
vListInitialise         0x08007b81    0x1a  Code  Gb  list.o [1]
vListInitialiseItem     0x08007b9b     0x6  Code  Gb  list.o [1]
vListInsert             0x08007bb9    0x5c  Code  Gb  list.o [1]
vListInsertEnd          0x08007ba1    0x18  Code  Gb  list.o [1]
vPortEnableVFP          0x08007d71          Code  Gb  portasm.o [1]
vPortEnterCritical      0x08006bbb    0x32  Code  Gb  port.o [1]
vPortExitCritical       0x08006bed    0x22  Code  Gb  port.o [1]
vPortFree               0x08007ac1    0xbc  Code  Gb  heap_4.o [1]
vPortStartFirstTask     0x08007d59          Code  Gb  portasm.o [1]
vPortValidateInterruptPriority
                        0x08006c39    0x44  Code  Gb  port.o [1]
vTaskDelay              0x080054cd   0x296  Code  Gb  tasks.o [1]
vTaskMissedYield        0x08005e7d     0xc  Code  Gb  tasks.o [1]
vTaskPlaceOnEventList   0x08005cd7    0x98  Code  Gb  tasks.o [1]
vTaskPriorityInherit    0x08006003    0xa0  Code  Gb  tasks.o [1]
vTaskSetTimeOutState    0x08005de1    0x24  Code  Gb  tasks.o [1]
vTaskStartScheduler     0x08005765   0x1ce  Code  Gb  tasks.o [1]
vTaskSuspendAll         0x0800593d    0x10  Code  Gb  tasks.o [1]
vTaskSwitchContext      0x08005c77    0x60  Code  Gb  tasks.o [1]
vel_down                0x20004cec     0x4  Data  Gb  app_ins_ekf_quaternion.o [1]
vel_east                0x20004ce8     0x4  Data  Gb  app_ins_ekf_quaternion.o [1]
vel_north               0x20004ce4     0x4  Data  Gb  app_ins_ekf_quaternion.o [1]
write_data_to_inner_flash
                        0x20004334     0x4  Data  Lc  app_ano.o [1]
xBlockAllocatedBit      0x20000268     0x4  Data  Lc  heap_4.o [1]
xDelayedTaskList1       0x20004644    0x14  Data  Lc  tasks.o [1]
xDelayedTaskList2       0x20004658    0x14  Data  Lc  tasks.o [1]
xFreeBytesRemaining     0x20000260     0x4  Data  Lc  heap_4.o [1]
xMinimumEverFreeBytesRemaining
                        0x20000264     0x4  Data  Lc  heap_4.o [1]
xNextTaskUnblockTime    0x2000463c     0x4  Data  Lc  tasks.o [1]
xNumOfOverflows         0x20004634     0x4  Data  Lc  tasks.o [1]
xPendingReadyList       0x20004544    0x14  Data  Lc  tasks.o [1]
xPortStartScheduler     0x08006ac5    0xf6  Code  Gb  port.o [1]
xPortSysTickHandler     0x08006c0f    0x2a  Code  Gb  port.o [1]
xQueueCreateCountingSemaphore
                        0x080061ef    0x8c  Code  Gb  queue.o [1]
xQueueGenericCreate     0x08006169    0x86  Code  Gb  queue.o [1]
xQueueGenericReceive    0x08006715   0x29a  Code  Gb  queue.o [1]
xQueueGenericSend       0x0800627d   0x2d2  Code  Gb  queue.o [1]
xQueueGenericSendFromISR
                        0x0800654f   0x120  Code  Gb  queue.o [1]
xQueueGiveFromISR       0x0800666f    0xa6  Code  Gb  queue.o [1]
xQueueReceiveFromISR    0x080069b5    0xbe  Code  Gb  queue.o [1]
xSchedulerRunning       0x20004628     0x4  Data  Lc  tasks.o [1]
xStart                  0x20000254     0x8  Data  Lc  heap_4.o [1]
xSuspendedTaskList      0x20004608    0x14  Data  Lc  tasks.o [1]
xTaskCheckForTimeOut    0x08005e05    0x78  Code  Gb  tasks.o [1]
xTaskCreate             0x08005305   0x1c6  Code  Gb  tasks.o [1]
xTaskGetSchedulerState  0x08005fe7    0x1c  Code  Gb  tasks.o [1]
xTaskIncrementTick      0x08005b5b   0x11c  Code  Gb  tasks.o [1]
xTaskPriorityDisinherit
                        0x080060a3    0xa6  Code  Gb  tasks.o [1]
xTaskRemoveFromEventList
                        0x08005d6f    0x72  Code  Gb  tasks.o [1]
xTaskResumeAll          0x08005955   0x206  Code  Gb  tasks.o [1]
xTasksWaitingTermination
                        0x20004558    0x14  Data  Lc  tasks.o [1]
xTickCount              0x20004620     0x4  Data  Lc  tasks.o [1]
xYieldPending           0x20004630     0x4  Data  Lc  tasks.o [1]
yaw_d                   0x2000435c     0x4  Data  Gb  app_ano.o [1]
yaw_deg                 0x20000158     0x4  Data  Gb  app_ins_ekf_quaternion.o [1]
yaw_i                   0x20004358     0x4  Data  Gb  app_ano.o [1]
yaw_p                   0x20004354     0x4  Data  Gb  app_ano.o [1]


[1] = D:\WORK\DEVO\CODE\SFOX_ZERO\SFOX_ZERO\EWARM\SFOX_ZERO\Obj
[2] = command line
[3] = dl7M_tlf.a
[4] = m7M_tls.a
[5] = rt7M_tl.a
[6] = shb_l.a

   72 116 bytes of readonly  code memory
      354 bytes of readonly  data memory
  108 132 bytes of readwrite data memory

Errors: none
Warnings: none
