###############################################################################
#
# IAR ELF Linker V8.22.1.15669/W32 for ARM                28/May/2018  18:25:58
# Copyright 2007-2018 IAR Systems AB.
#
#    Output file  =  
#        I:\DEVELOPE\LAN\CODE\SFOX_ZERO\SFOX_ZERO\EWARM\SFOX_ZERO\Exe\SFOX_ZERO.out
#    Map file     =  
#        I:\DEVELOPE\LAN\CODE\SFOX_ZERO\SFOX_ZERO\EWARM\SFOX_ZERO\List\SFOX_ZERO.map
#    Command line =  
#        -f C:\Users\tsuig\AppData\Local\Temp\EW1F84.tmp
#        (I:\DEVELOPE\LAN\CODE\SFOX_ZERO\SFOX_ZERO\EWARM\SFOX_ZERO\Obj\app_ano.o
#        I:\DEVELOPE\LAN\CODE\SFOX_ZERO\SFOX_ZERO\EWARM\SFOX_ZERO\Obj\app_ctrl.o
#        I:\DEVELOPE\LAN\CODE\SFOX_ZERO\SFOX_ZERO\EWARM\SFOX_ZERO\Obj\app_ins.o
#        I:\DEVELOPE\LAN\CODE\SFOX_ZERO\SFOX_ZERO\EWARM\SFOX_ZERO\Obj\app_led.o
#        I:\DEVELOPE\LAN\CODE\SFOX_ZERO\SFOX_ZERO\EWARM\SFOX_ZERO\Obj\app_ros.o
#        I:\DEVELOPE\LAN\CODE\SFOX_ZERO\SFOX_ZERO\EWARM\SFOX_ZERO\Obj\cmsis_os.o
#        I:\DEVELOPE\LAN\CODE\SFOX_ZERO\SFOX_ZERO\EWARM\SFOX_ZERO\Obj\croutine.o
#        I:\DEVELOPE\LAN\CODE\SFOX_ZERO\SFOX_ZERO\EWARM\SFOX_ZERO\Obj\dma.o
#        I:\DEVELOPE\LAN\CODE\SFOX_ZERO\SFOX_ZERO\EWARM\SFOX_ZERO\Obj\event_groups.o
#        I:\DEVELOPE\LAN\CODE\SFOX_ZERO\SFOX_ZERO\EWARM\SFOX_ZERO\Obj\flash_on_chip.o
#        I:\DEVELOPE\LAN\CODE\SFOX_ZERO\SFOX_ZERO\EWARM\SFOX_ZERO\Obj\freertos.o
#        I:\DEVELOPE\LAN\CODE\SFOX_ZERO\SFOX_ZERO\EWARM\SFOX_ZERO\Obj\gpio.o
#        I:\DEVELOPE\LAN\CODE\SFOX_ZERO\SFOX_ZERO\EWARM\SFOX_ZERO\Obj\heap_4.o
#        I:\DEVELOPE\LAN\CODE\SFOX_ZERO\SFOX_ZERO\EWARM\SFOX_ZERO\Obj\list.o
#        I:\DEVELOPE\LAN\CODE\SFOX_ZERO\SFOX_ZERO\EWARM\SFOX_ZERO\Obj\main.o
#        I:\DEVELOPE\LAN\CODE\SFOX_ZERO\SFOX_ZERO\EWARM\SFOX_ZERO\Obj\motor_pwm.o
#        I:\DEVELOPE\LAN\CODE\SFOX_ZERO\SFOX_ZERO\EWARM\SFOX_ZERO\Obj\mpu9250.o
#        I:\DEVELOPE\LAN\CODE\SFOX_ZERO\SFOX_ZERO\EWARM\SFOX_ZERO\Obj\ms5803.o
#        I:\DEVELOPE\LAN\CODE\SFOX_ZERO\SFOX_ZERO\EWARM\SFOX_ZERO\Obj\port.o
#        I:\DEVELOPE\LAN\CODE\SFOX_ZERO\SFOX_ZERO\EWARM\SFOX_ZERO\Obj\portasm.o
#        I:\DEVELOPE\LAN\CODE\SFOX_ZERO\SFOX_ZERO\EWARM\SFOX_ZERO\Obj\queue.o
#        I:\DEVELOPE\LAN\CODE\SFOX_ZERO\SFOX_ZERO\EWARM\SFOX_ZERO\Obj\rc_pwm.o
#        I:\DEVELOPE\LAN\CODE\SFOX_ZERO\SFOX_ZERO\EWARM\SFOX_ZERO\Obj\spi.o
#        I:\DEVELOPE\LAN\CODE\SFOX_ZERO\SFOX_ZERO\EWARM\SFOX_ZERO\Obj\startup_stm32f407xx.o
#        I:\DEVELOPE\LAN\CODE\SFOX_ZERO\SFOX_ZERO\EWARM\SFOX_ZERO\Obj\stm32f4xx_hal.o
#        I:\DEVELOPE\LAN\CODE\SFOX_ZERO\SFOX_ZERO\EWARM\SFOX_ZERO\Obj\stm32f4xx_hal_cortex.o
#        I:\DEVELOPE\LAN\CODE\SFOX_ZERO\SFOX_ZERO\EWARM\SFOX_ZERO\Obj\stm32f4xx_hal_dma.o
#        I:\DEVELOPE\LAN\CODE\SFOX_ZERO\SFOX_ZERO\EWARM\SFOX_ZERO\Obj\stm32f4xx_hal_dma_ex.o
#        I:\DEVELOPE\LAN\CODE\SFOX_ZERO\SFOX_ZERO\EWARM\SFOX_ZERO\Obj\stm32f4xx_hal_flash.o
#        I:\DEVELOPE\LAN\CODE\SFOX_ZERO\SFOX_ZERO\EWARM\SFOX_ZERO\Obj\stm32f4xx_hal_flash_ex.o
#        I:\DEVELOPE\LAN\CODE\SFOX_ZERO\SFOX_ZERO\EWARM\SFOX_ZERO\Obj\stm32f4xx_hal_flash_ramfunc.o
#        I:\DEVELOPE\LAN\CODE\SFOX_ZERO\SFOX_ZERO\EWARM\SFOX_ZERO\Obj\stm32f4xx_hal_gpio.o
#        I:\DEVELOPE\LAN\CODE\SFOX_ZERO\SFOX_ZERO\EWARM\SFOX_ZERO\Obj\stm32f4xx_hal_msp.o
#        I:\DEVELOPE\LAN\CODE\SFOX_ZERO\SFOX_ZERO\EWARM\SFOX_ZERO\Obj\stm32f4xx_hal_pwr.o
#        I:\DEVELOPE\LAN\CODE\SFOX_ZERO\SFOX_ZERO\EWARM\SFOX_ZERO\Obj\stm32f4xx_hal_pwr_ex.o
#        I:\DEVELOPE\LAN\CODE\SFOX_ZERO\SFOX_ZERO\EWARM\SFOX_ZERO\Obj\stm32f4xx_hal_rcc.o
#        I:\DEVELOPE\LAN\CODE\SFOX_ZERO\SFOX_ZERO\EWARM\SFOX_ZERO\Obj\stm32f4xx_hal_rcc_ex.o
#        I:\DEVELOPE\LAN\CODE\SFOX_ZERO\SFOX_ZERO\EWARM\SFOX_ZERO\Obj\stm32f4xx_hal_spi.o
#        I:\DEVELOPE\LAN\CODE\SFOX_ZERO\SFOX_ZERO\EWARM\SFOX_ZERO\Obj\stm32f4xx_hal_tim.o
#        I:\DEVELOPE\LAN\CODE\SFOX_ZERO\SFOX_ZERO\EWARM\SFOX_ZERO\Obj\stm32f4xx_hal_tim_ex.o
#        I:\DEVELOPE\LAN\CODE\SFOX_ZERO\SFOX_ZERO\EWARM\SFOX_ZERO\Obj\stm32f4xx_hal_timebase_TIM.o
#        I:\DEVELOPE\LAN\CODE\SFOX_ZERO\SFOX_ZERO\EWARM\SFOX_ZERO\Obj\stm32f4xx_hal_uart.o
#        I:\DEVELOPE\LAN\CODE\SFOX_ZERO\SFOX_ZERO\EWARM\SFOX_ZERO\Obj\stm32f4xx_it.o
#        I:\DEVELOPE\LAN\CODE\SFOX_ZERO\SFOX_ZERO\EWARM\SFOX_ZERO\Obj\system_stm32f4xx.o
#        I:\DEVELOPE\LAN\CODE\SFOX_ZERO\SFOX_ZERO\EWARM\SFOX_ZERO\Obj\tasks.o
#        I:\DEVELOPE\LAN\CODE\SFOX_ZERO\SFOX_ZERO\EWARM\SFOX_ZERO\Obj\tim.o
#        I:\DEVELOPE\LAN\CODE\SFOX_ZERO\SFOX_ZERO\EWARM\SFOX_ZERO\Obj\time.o
#        I:\DEVELOPE\LAN\CODE\SFOX_ZERO\SFOX_ZERO\EWARM\SFOX_ZERO\Obj\timers.o
#        I:\DEVELOPE\LAN\CODE\SFOX_ZERO\SFOX_ZERO\EWARM\SFOX_ZERO\Obj\usart.o
#        I:\DEVELOPE\LAN\CODE\SFOX_ZERO\SFOX_ZERO\EWARM\SFOX_ZERO\Obj\usart_cfg.o
#        I:\DEVELOPE\LAN\CODE\SFOX_ZERO\SFOX_ZERO\EWARM\SFOX_ZERO\Obj\uwb1000.o
#        --redirect _Printf=_PrintfFull --redirect _Scanf=_ScanfFull -o
#        I:\DEVELOPE\LAN\CODE\SFOX_ZERO\SFOX_ZERO\EWARM\SFOX_ZERO\Exe\SFOX_ZERO.out
#        --map
#        I:\DEVELOPE\LAN\CODE\SFOX_ZERO\SFOX_ZERO\EWARM\SFOX_ZERO\List\SFOX_ZERO.map
#        --config
#        I:\DEVELOPE\LAN\CODE\SFOX_ZERO\SFOX_ZERO\EWARM/stm32f407xx_flash.icf
#        --semihosting --entry __iar_program_start --vfe --text_out locale)
#
###############################################################################

*******************************************************************************
*** RUNTIME MODEL ATTRIBUTES
***

CppFlavor       = *
__SystemLibrary = DLib
__dlib_version  = 6


*******************************************************************************
*** HEAP SELECTION
***

The basic heap was selected because no calls to memory allocation
functions were found in the application outside of system library
functions, and there are calls to deallocation functions in the
application.


*******************************************************************************
*** PLACEMENT SUMMARY
***

"A0":  place at 0x08000000 { ro section .intvec };
"P1":  place in [from 0x08000000 to 0x080fffff] { ro };
define block CSTACK with size = 1536, alignment = 8 { };
define block HEAP with size = 512, alignment = 8 { };
"P2":  place in [from 0x20000000 to 0x2001ffff] {
          rw, block CSTACK, block HEAP };
initialize by copy { rw };

  Section            Kind        Address    Size  Object
  -------            ----        -------    ----  ------
"A0":                                      0x188
  .intvec            ro code  0x08000000   0x188  startup_stm32f407xx.o [1]
                            - 0x08000188   0x188

"P1":                                     0x8fe9
  .text              ro code  0x08000188   0xb04  app_ano.o [1]
  .text              ro code  0x08000c8c   0x164  usart_cfg.o [1]
  .text              ro code  0x08000df0   0x134  cmsis_os.o [1]
  .text              ro code  0x08000f24    0x22  S32ToDbl.o [4]
  .text              ro code  0x08000f48    0x68  DblToFlt.o [4]
  .text              ro code  0x08000fb0   0x1a2  DblMul.o [4]
  .text              ro code  0x08001154   0x7c4  flash_on_chip.o [1]
  .text              ro code  0x08001918   0x566  stm32f4xx_hal_uart.o [1]
  .text              ro code  0x08001e80   0x142  main.o [1]
  .text              ro code  0x08001fc4   0x190  uwb1000.o [1]
  .text              ro code  0x08002154   0x4da  app_ros.o [1]
  .text              ro code  0x08002630   0x774  tasks.o [1]
  .text              ro code  0x08002da4   0x5b0  queue.o [1]
  .text              ro code  0x08003354   0x1ec  port.o [1]
  .text              ro code  0x08003540   0x1d4  stm32f4xx_hal_flash.o [1]
  .text              ro code  0x08003714   0x15c  stm32f4xx_hal_flash_ex.o [1]
  .text              ro code  0x08003870    0x28  stm32f4xx_hal.o [1]
  .text              ro code  0x08003898   0x488  usart.o [1]
  .text              ro code  0x08003d20   0x400  stm32f4xx_hal_dma.o [1]
  .text              ro code  0x08004120     0x2  stm32f4xx_hal_uart.o [1]
  .text              ro code  0x08004122     0x2  stm32f4xx_hal_uart.o [1]
  .text              ro code  0x08004124     0x2  stm32f4xx_hal_uart.o [1]
  .text              ro code  0x08004128   0x1dc  stm32f4xx_hal_rcc.o [1]
  .text              ro code  0x08004304    0x34  stm32f4xx_hal.o [1]
  .text              ro code  0x08004338    0xb2  gpio.o [1]
  .text              ro code  0x080043ec    0xb8  dma.o [1]
  .text              ro code  0x080044a4   0x1f4  spi.o [1]
  .text              ro code  0x08004698   0x3dc  tim.o [1]
  .text              ro code  0x08004a74   0x744  mpu9250.o [1]
  .text              ro code  0x080051b8   0x352  ms5803.o [1]
  .text              ro code  0x0800550c   0x296  rc_pwm.o [1]
  .text              ro code  0x080057a4    0xb4  app_led.o [1]
  .text              ro code  0x08005858   0x29c  freertos.o [1]
  .text              ro code  0x08005af4   0x2f0  stm32f4xx_hal_rcc.o [1]
  .text              ro code  0x08005de4    0xe0  stm32f4xx_hal_cortex.o [1]
  .text              ro code  0x08005ec4    0x10  stm32f4xx_hal.o [1]
  .text              ro code  0x08005ed4   0x174  iar_Stoulx.o [3]
  .text              ro code  0x08006048   0x1b4  heap_4.o [1]
  .text              ro code  0x080061fc    0x8e  list.o [1]
  .text              ro code  0x0800628a     0x2  freertos.o [1]
  .text              ro code  0x0800628c     0x2  freertos.o [1]
  .text              ro code  0x08006290    0xa6  ABImemcpy.o [5]
  CODE               ro code  0x08006338    0xa8  portasm.o [1]
  .text              ro code  0x080063e0     0xc  stm32f4xx_hal.o [1]
  .text              ro code  0x080063ec   0x200  stm32f4xx_hal_gpio.o [1]
  .text              ro code  0x080065ec    0x7c  stm32f4xx_hal_timebase_TIM.o [1]
  .text              ro code  0x08006668   0x272  I64DivMod.o [5]
  .text              ro code  0x080068da    0x60  stm32f4xx_hal_msp.o [1]
  .text              ro code  0x0800693c   0x95a  stm32f4xx_hal_spi.o [1]
  .text              ro code  0x08007298   0x770  stm32f4xx_hal_tim.o [1]
  .text              ro code  0x08007a08    0x4a  stm32f4xx_hal_tim_ex.o [1]
  .text              ro code  0x08007a54    0x58  S64ToFlt.o [4]
  .text              ro code  0x08007aac    0x48  FltToDbl.o [4]
  .text              ro code  0x08007af4    0x78  time.o [1]
  .text              ro code  0x08007b6c   0x50c  app_ins.o [1]
  .text              ro code  0x08008078    0x90  app_ctrl.o [1]
  .text              ro code  0x08008108    0x14  isspace.o [3]
  .text              ro code  0x0800811c    0x14  tolower.o [3]
  .text              ro code  0x08008130    0x58  memchr.o [5]
  .text              ro code  0x08008188     0x2  I64DivZer.o [5]
  .text              ro code  0x0800818a     0x2  stm32f4xx_hal_spi.o [1]
  .text              ro code  0x0800818c     0x2  stm32f4xx_hal_spi.o [1]
  .text              ro code  0x0800818e     0x2  stm32f4xx_hal_spi.o [1]
  .text              ro code  0x08008190     0x2  stm32f4xx_hal_spi.o [1]
  .text              ro code  0x08008192     0x2  stm32f4xx_hal_tim.o [1]
  .text              ro code  0x08008194     0x2  stm32f4xx_hal_tim_ex.o [1]
  .text              ro code  0x08008196     0x2  stm32f4xx_hal_tim.o [1]
  .text              ro code  0x08008198     0x2  stm32f4xx_hal_tim_ex.o [1]
  .text              ro code  0x0800819a     0x2  stm32f4xx_hal_tim.o [1]
  .text              ro code  0x0800819c   0x102  sqrt.o [4]
  .text              ro code  0x0800829e    0x22  math_wrappers64.o [4]
  .text              ro code  0x080082c0    0x98  motor_pwm.o [1]
  .text              ro code  0x08008358    0x34  xlocale_c.o [3]
  .text              ro code  0x0800838c    0xf0  asin64.o [4]
  .text              ro code  0x0800847c   0x13c  atan2_64.o [4]
  .text              ro code  0x080085b8    0x2e  DblCmpLe.o [4]
  .text              ro code  0x080085e8    0xe2  DblSub.o [4]
  .text              ro code  0x080086cc   0x178  DblAdd.o [4]
  .text              ro code  0x08008844   0x246  DblDiv.o [4]
  .rodata            const    0x08008a8c    0x54  freertos.o [1]
  .text              ro code  0x08008ae0   0x208  iar_Atan64.o [4]
  .text              ro code  0x08008ce8    0x20  DblCmpEq.o [4]
  .text              ro code  0x08008d08    0x2e  DblCmpGe.o [4]
  .text              ro code  0x08008d38    0xd0  stm32f4xx_it.o [1]
  .text              ro code  0x08008e08    0x60  system_stm32f4xx.o [1]
  .text              ro code  0x08008e68    0x40  zero_init3.o [5]
  .text              ro code  0x08008ea8    0x38  packbits_init_single.o [5]
  .text              ro code  0x08008ee0    0x28  data_init.o [5]
  .text              ro code  0x08008f08    0x22  fpinit_M.o [4]
  .iar.init_table    const    0x08008f2c    0x20  - Linker created -
  .text              ro code  0x08008f4c    0x1e  cmain.o [5]
  .text              ro code  0x08008f6a     0x4  low_level_init.o [3]
  .text              ro code  0x08008f6e     0x4  exit.o [3]
  .text              ro code  0x08008f74     0xa  cexit.o [5]
  .text              ro code  0x08008f80    0x14  exit.o [6]
  .text              ro code  0x08008f94    0x10  startup_stm32f407xx.o [1]
  .text              ro code  0x08008fa4     0xc  cstartup_M.o [5]
  .rodata            const    0x08008fb0     0x8  system_stm32f4xx.o [1]
  .text              ro code  0x08008fb8     0x4  startup_stm32f407xx.o [1]
  .text              ro code  0x08008fbc     0x4  startup_stm32f407xx.o [1]
  .text              ro code  0x08008fc0     0x4  startup_stm32f407xx.o [1]
  .text              ro code  0x08008fc4     0x4  startup_stm32f407xx.o [1]
  .text              ro code  0x08008fc8     0x4  startup_stm32f407xx.o [1]
  .text              ro code  0x08008fcc     0x4  startup_stm32f407xx.o [1]
  .text              ro code  0x08008fd0     0x4  startup_stm32f407xx.o [1]
  .text              ro code  0x08008fd4     0x4  startup_stm32f407xx.o [1]
  .text              ro code  0x08008fd8     0x4  startup_stm32f407xx.o [1]
  .text              ro code  0x08008fdc     0x4  startup_stm32f407xx.o [1]
  .text              ro code  0x08008fe0     0x4  startup_stm32f407xx.o [1]
  .text              ro code  0x08008fe4     0x4  startup_stm32f407xx.o [1]
  .text              ro code  0x08008fe8     0x4  startup_stm32f407xx.o [1]
  .text              ro code  0x08008fec     0x4  startup_stm32f407xx.o [1]
  .text              ro code  0x08008ff0     0x4  startup_stm32f407xx.o [1]
  .text              ro code  0x08008ff4     0x4  startup_stm32f407xx.o [1]
  .text              ro code  0x08008ff8     0x4  startup_stm32f407xx.o [1]
  .text              ro code  0x08008ffc     0x4  startup_stm32f407xx.o [1]
  .text              ro code  0x08009000     0x4  startup_stm32f407xx.o [1]
  .text              ro code  0x08009004     0x4  startup_stm32f407xx.o [1]
  .text              ro code  0x08009008     0x4  startup_stm32f407xx.o [1]
  .text              ro code  0x0800900c     0x4  startup_stm32f407xx.o [1]
  .text              ro code  0x08009010     0x4  startup_stm32f407xx.o [1]
  .text              ro code  0x08009014     0x4  startup_stm32f407xx.o [1]
  .text              ro code  0x08009018     0x4  startup_stm32f407xx.o [1]
  .text              ro code  0x0800901c     0x4  startup_stm32f407xx.o [1]
  .text              ro code  0x08009020     0x4  startup_stm32f407xx.o [1]
  .text              ro code  0x08009024     0x4  startup_stm32f407xx.o [1]
  .text              ro code  0x08009028     0x4  startup_stm32f407xx.o [1]
  .text              ro code  0x0800902c     0x4  startup_stm32f407xx.o [1]
  .text              ro code  0x08009030     0x4  startup_stm32f407xx.o [1]
  .text              ro code  0x08009034     0x4  startup_stm32f407xx.o [1]
  .text              ro code  0x08009038     0x4  startup_stm32f407xx.o [1]
  .text              ro code  0x0800903c     0x4  startup_stm32f407xx.o [1]
  .text              ro code  0x08009040     0x4  startup_stm32f407xx.o [1]
  .text              ro code  0x08009044     0x4  startup_stm32f407xx.o [1]
  .text              ro code  0x08009048     0x4  startup_stm32f407xx.o [1]
  .text              ro code  0x0800904c     0x4  startup_stm32f407xx.o [1]
  .text              ro code  0x08009050     0x4  startup_stm32f407xx.o [1]
  .text              ro code  0x08009054     0x4  startup_stm32f407xx.o [1]
  .text              ro code  0x08009058     0x4  startup_stm32f407xx.o [1]
  .text              ro code  0x0800905c     0x4  startup_stm32f407xx.o [1]
  .text              ro code  0x08009060     0x4  startup_stm32f407xx.o [1]
  .text              ro code  0x08009064     0x4  startup_stm32f407xx.o [1]
  .text              ro code  0x08009068     0x4  startup_stm32f407xx.o [1]
  .text              ro code  0x0800906c     0x4  startup_stm32f407xx.o [1]
  .text              ro code  0x08009070     0x4  startup_stm32f407xx.o [1]
  .text              ro code  0x08009074     0x4  startup_stm32f407xx.o [1]
  .text              ro code  0x08009078     0x4  startup_stm32f407xx.o [1]
  .text              ro code  0x0800907c     0x4  startup_stm32f407xx.o [1]
  .text              ro code  0x08009080     0x4  startup_stm32f407xx.o [1]
  .text              ro code  0x08009084     0x4  startup_stm32f407xx.o [1]
  .text              ro code  0x08009088     0x4  startup_stm32f407xx.o [1]
  .text              ro code  0x0800908c     0x4  startup_stm32f407xx.o [1]
  .text              ro code  0x08009090     0x4  startup_stm32f407xx.o [1]
  .text              ro code  0x08009094     0x4  startup_stm32f407xx.o [1]
  .text              ro code  0x08009098     0x4  startup_stm32f407xx.o [1]
  .text              ro code  0x0800909c     0x4  startup_stm32f407xx.o [1]
  .text              ro code  0x080090a0     0x4  startup_stm32f407xx.o [1]
  .text              ro code  0x080090a4     0x4  startup_stm32f407xx.o [1]
  .text              ro code  0x080090a8     0x4  startup_stm32f407xx.o [1]
  .text              ro code  0x080090ac     0x4  startup_stm32f407xx.o [1]
  .text              ro code  0x080090b0     0x4  startup_stm32f407xx.o [1]
  .rodata            const    0x080090b4     0x2  xlocale_c.o [3]
  .rodata            const    0x080090b6     0x0  zero_init3.o [5]
  .rodata            const    0x080090b6     0x0  packbits_init_single.o [5]
  Initializer bytes  const    0x080090b6    0x92  <for P2-1>
                            - 0x08009148  0x8fc0

"P2", part 1 of 3:                         0xa20
  P2-1                        0x20000000   0xa20  <Init block>
    .data            inited   0x20000000   0x96c  app_ins.o [1]
    .data            inited   0x2000096c    0x1c  app_ins.o [1]
    .data            inited   0x20000988    0x34  mpu9250.o [1]
    .data            inited   0x200009bc     0xc  port.o [1]
    .data            inited   0x200009c8     0xc  stm32f4xx_hal.o [1]
    .data            inited   0x200009d4     0x4  system_stm32f4xx.o [1]
    .data            inited   0x200009d8    0x48  xlocale_c.o [3]
                            - 0x20000a20   0xa20

"P2", part 2 of 3:                        0x4ec0
  .bss               zero     0x20000a20  0x3c18  heap_4.o [1]
  .bss               zero     0x20004638   0x2dc  uwb1000.o [1]
  .bss               zero     0x20004914   0x240  usart.o [1]
  .bss               zero     0x20004b54   0x12c  flash_on_chip.o [1]
  .bss               zero     0x20004c80    0xf0  time.o [1]
  .bss               zero     0x20004d70    0xc8  app_ros.o [1]
  .bss               zero     0x20004e38    0xc8  app_ros.o [1]
  .bss               zero     0x20004f00    0xc0  spi.o [1]
  .bss               zero     0x20004fc0    0xa0  tasks.o [1]
  .bss               zero     0x20005060    0xa0  time.o [1]
  .bss               zero     0x20005100    0x8c  tasks.o [1]
  .bss               zero     0x2000518c    0x84  mpu9250.o [1]
  .bss               zero     0x20005210    0x80  app_ano.o [1]
  .bss               zero     0x20005290    0x80  rc_pwm.o [1]
  .bss               zero     0x20005310    0x7c  app_ano.o [1]
  .bss               zero     0x2000538c    0x64  app_ano.o [1]
  .bss               zero     0x200053f0    0x58  spi.o [1]
  .bss               zero     0x20005448    0x58  spi.o [1]
  .bss               zero     0x200054a0    0x40  usart.o [1]
  .bss               zero     0x200054e0    0x40  usart.o [1]
  .bss               zero     0x20005520    0x40  usart.o [1]
  .bss               zero     0x20005560    0x40  usart.o [1]
  .bss               zero     0x200055a0    0x40  usart.o [1]
  .bss               zero     0x200055e0    0x40  usart.o [1]
  .bss               zero     0x20005620    0x3c  app_ros.o [1]
  .bss               zero     0x2000565c    0x3c  stm32f4xx_hal_timebase_TIM.o [1]
  .bss               zero     0x20005698    0x3c  tim.o [1]
  .bss               zero     0x200056d4    0x3c  tim.o [1]
  .bss               zero     0x20005710    0x3c  tim.o [1]
  .bss               zero     0x2000574c    0x3c  tim.o [1]
  .bss               zero     0x20005788    0x34  app_ano.o [1]
  .bss               zero     0x200057bc    0x30  freertos.o [1]
  .bss               zero     0x200057ec    0x1c  app_ctrl.o [1]
  .bss               zero     0x20005808    0x30  ms5803.o [1]
  .bss               zero     0x20005838    0x28  uwb1000.o [1]
  .bss               zero     0x20005860    0x20  stm32f4xx_hal_flash.o [1]
  .bss               zero     0x20005880    0x14  flash_on_chip.o [1]
  .bss               zero     0x20005894    0x10  app_ctrl.o [1]
  .bss               zero     0x200058a4    0x10  app_ros.o [1]
  .bss               zero     0x200058b4     0xc  time.o [1]
  .bss               zero     0x200058c0     0x8  time.o [1]
  .bss               zero     0x200058c8     0x5  usart_cfg.o [1]
  .bss               zero     0x200058d0     0x4  mpu9250.o [1]
  .bss               zero     0x200058d4     0x4  time.o [1]
  .bss               zero     0x200058d8     0x4  time.o [1]
  .bss               zero     0x200058dc     0x4  time.o [1]
                            - 0x200058e0  0x4ec0

"P2", part 3 of 3:                         0x600
  CSTACK                      0x200058e0   0x600  <Block>
    CSTACK           uninit   0x200058e0   0x600  <Block tail>
                            - 0x20005ee0   0x600


*******************************************************************************
*** INIT TABLE
***

          Address     Size
          -------     ----
Zero (__iar_zero_init3)
    1 destination range, total size 0x4ec0:
          0x20000a20  0x4ec0

Copy/packbits (__iar_packbits_init_single3)
    1 source range, total size 0x92 (5% of destination):
          0x080090b6    0x92
    1 destination range, total size 0xa20:
          0x20000000   0xa20



*******************************************************************************
*** MODULE SUMMARY
***

    Module                        ro code  ro data  rw data
    ------                        -------  -------  -------
I:\DEVELOPE\LAN\CODE\SFOX_ZERO\SFOX_ZERO\EWARM\SFOX_ZERO\Obj: [1]
    app_ano.o                       2 820               404
    app_ctrl.o                        144                44
    app_ins.o                       1 292      137    2 440
    app_led.o                         180
    app_ros.o                       1 242               476
    cmsis_os.o                        308
    dma.o                             184
    flash_on_chip.o                 1 988               320
    freertos.o                        672       84       48
    gpio.o                            178
    heap_4.o                          436            15 384
    list.o                            142
    main.o                            322
    motor_pwm.o                       152
    mpu9250.o                       1 860        3      188
    ms5803.o                          850                48
    port.o                            492        1       12
    portasm.o                         168
    queue.o                         1 456
    rc_pwm.o                          662               128
    spi.o                             500               368
    startup_stm32f407xx.o             660
    stm32f4xx_hal.o                   120                12
    stm32f4xx_hal_cortex.o            224
    stm32f4xx_hal_dma.o             1 024
    stm32f4xx_hal_flash.o             468                32
    stm32f4xx_hal_flash_ex.o          348
    stm32f4xx_hal_gpio.o              512
    stm32f4xx_hal_msp.o                96
    stm32f4xx_hal_rcc.o             1 228
    stm32f4xx_hal_spi.o             2 402
    stm32f4xx_hal_tim.o             1 910
    stm32f4xx_hal_tim_ex.o             78
    stm32f4xx_hal_timebase_TIM.o      124                60
    stm32f4xx_hal_uart.o            1 388
    stm32f4xx_it.o                    208
    system_stm32f4xx.o                 96        8        4
    tasks.o                         1 908               300
    tim.o                             988               240
    time.o                            120               432
    usart.o                         1 160               960
    usart_cfg.o                       356                 5
    uwb1000.o                         400               772
    -------------------------------------------------------
    Total:                         31 866      233   22 677

command line: [2]
    -------------------------------------------------------
    Total:

dl7M_tlf.a: [3]
    exit.o                              4
    iar_Stoulx.o                      372
    isspace.o                          20
    low_level_init.o                    4
    tolower.o                          20
    xlocale_c.o                        52        7       72
    -------------------------------------------------------
    Total:                            472        7       72

m7M_tls.a: [4]
    DblAdd.o                          376
    DblCmpEq.o                         32
    DblCmpGe.o                         46
    DblCmpLe.o                         46
    DblDiv.o                          582
    DblMul.o                          418
    DblSub.o                          226
    DblToFlt.o                        104
    FltToDbl.o                         72
    S32ToDbl.o                         34
    S64ToFlt.o                         88
    asin64.o                          240
    atan2_64.o                        316
    fpinit_M.o                         34
    iar_Atan64.o                      520
    math_wrappers64.o                  34
    sqrt.o                            258
    -------------------------------------------------------
    Total:                          3 426

rt7M_tl.a: [5]
    ABImemcpy.o                       166
    I64DivMod.o                       626
    I64DivZer.o                         2
    cexit.o                            10
    cmain.o                            30
    cstartup_M.o                       12
    data_init.o                        40
    memchr.o                           88
    packbits_init_single.o             56
    zero_init3.o                       64
    -------------------------------------------------------
    Total:                          1 094

shb_l.a: [6]
    exit.o                             20
    -------------------------------------------------------
    Total:                             20

    Gaps                               38        4        3
    Linker created                              32    1 536
-----------------------------------------------------------
    Grand Total:                   36 916      276   24 288


*******************************************************************************
*** ENTRY LIST
***

Entry                      Address    Size  Type      Object
-----                      -------    ----  ----      ------
.iar.init_table$$Base   0x08008f2c           --   Gb  - Linker created -
.iar.init_table$$Limit  0x08008f4c           --   Gb  - Linker created -
?main                   0x08008f4d          Code  Gb  cmain.o [5]
AHBPrescTable           0x08008e58    0x10  Data  Gb  system_stm32f4xx.o [1]
ANCHOR_INDEX            0x20004908     0x2  Data  Gb  uwb1000.o [1]
ANO_DT_Data_Receive_Anl
                        0x08000719   0x494  Code  Gb  app_ano.o [1]
ANO_DT_Send_Check       0x08000bd3    0x30  Code  Gb  app_ano.o [1]
ANO_DT_Send_PID         0x08000411   0x134  Code  Gb  app_ano.o [1]
ANO_data_receive_prepara
                        0x08000691    0x84  Code  Gb  app_ano.o [1]
ANO_send_15_data        0x08000271   0x190  Code  Gb  app_ano.o [1]
ANO_sending             0x08000189    0xdc  Code  Gb  app_ano.o [1]
ANO_usart_send_data     0x08000265     0xa  Code  Gb  app_ano.o [1]
APBPrescTable           0x08008fb0     0x8  Data  Gb  system_stm32f4xx.o [1]
BusFault_Handler        0x08008d3f     0x2  Code  Gb  stm32f4xx_it.o [1]
CSTACK$$Base            0x200058e0           --   Gb  - Linker created -
CSTACK$$Limit           0x20005ee0           --   Gb  - Linker created -
DMA1_Stream3_IRQHandler
                        0x08008d53     0x6  Code  Gb  stm32f4xx_it.o [1]
DMA1_Stream4_IRQHandler
                        0x08008d59     0x6  Code  Gb  stm32f4xx_it.o [1]
DMA1_Stream6_IRQHandler
                        0x08008d5f     0x6  Code  Gb  stm32f4xx_it.o [1]
DMA1_Stream7_IRQHandler
                        0x08008d8f     0x6  Code  Gb  stm32f4xx_it.o [1]
DMA2_Stream0_IRQHandler
                        0x08008da1     0x6  Code  Gb  stm32f4xx_it.o [1]
DMA2_Stream3_IRQHandler
                        0x08008da7     0x6  Code  Gb  stm32f4xx_it.o [1]
DMA2_Stream6_IRQHandler
                        0x08008dad     0x6  Code  Gb  stm32f4xx_it.o [1]
DMA2_Stream7_IRQHandler
                        0x08008db3     0x6  Code  Gb  stm32f4xx_it.o [1]
DMA_CalcBaseAndBitshift
                        0x080040f1    0x28  Code  Lc  stm32f4xx_hal_dma.o [1]
DMA_CalcBaseAndBitshift::flagBitshiftOffset
                        0x08004118     0x8  Data  Lc  stm32f4xx_hal_dma.o [1]
DMA_SetConfig           0x080040d1    0x20  Code  Lc  stm32f4xx_hal_dma.o [1]
DebugMon_Handler        0x08008d43     0x2  Code  Gb  stm32f4xx_it.o [1]
EraseInitStruct         0x20005880    0x14  Data  Gb  flash_on_chip.o [1]
FLASH_Erase_Sector      0x080037c7    0x4c  Code  Gb  stm32f4xx_hal_flash_ex.o [1]
FLASH_FlushCaches       0x08003813    0x50  Code  Gb  stm32f4xx_hal_flash_ex.o [1]
FLASH_MassErase         0x080037a7    0x20  Code  Lc  stm32f4xx_hal_flash_ex.o [1]
FLASH_Program_Byte      0x08003687    0x14  Code  Lc  stm32f4xx_hal_flash.o [1]
FLASH_Program_DoubleWord
                        0x08003625    0x24  Code  Lc  stm32f4xx_hal_flash.o [1]
FLASH_Program_HalfWord  0x0800365b    0x12  Code  Lc  stm32f4xx_hal_flash.o [1]
FLASH_Program_Word      0x08003649    0x12  Code  Lc  stm32f4xx_hal_flash.o [1]
FLASH_SetErrorCode      0x0800369b    0x60  Code  Lc  stm32f4xx_hal_flash.o [1]
FLASH_WaitForLastOperation
                        0x080035d9    0x4c  Code  Gb  stm32f4xx_hal_flash.o [1]
FLASHinit               0x080016d1    0x26  Code  Gb  flash_on_chip.o [1]
GetSector               0x0800166b    0x66  Code  Lc  flash_on_chip.o [1]
HAL_DMA_Abort           0x08003e71    0x8a  Code  Gb  stm32f4xx_hal_dma.o [1]
HAL_DMA_Abort_IT        0x08003efb    0x24  Code  Gb  stm32f4xx_hal_dma.o [1]
HAL_DMA_IRQHandler      0x08003f1f   0x188  Code  Gb  stm32f4xx_hal_dma.o [1]
HAL_DMA_Init            0x08003d21    0xe6  Code  Gb  stm32f4xx_hal_dma.o [1]
HAL_DMA_Start_IT        0x08003e07    0x6a  Code  Gb  stm32f4xx_hal_dma.o [1]
HAL_Delay               0x08003871    0x28  Code  Wk  stm32f4xx_hal.o [1]
HAL_FLASHEx_Erase       0x08003715    0x92  Code  Gb  stm32f4xx_hal_flash_ex.o [1]
HAL_FLASH_Lock          0x080035cb     0x8  Code  Gb  stm32f4xx_hal_flash.o [1]
HAL_FLASH_Program       0x08003541    0x6e  Code  Gb  stm32f4xx_hal_flash.o [1]
HAL_FLASH_Unlock        0x080035af    0x1c  Code  Gb  stm32f4xx_hal_flash.o [1]
HAL_GPIO_Init           0x080063ed   0x1b2  Code  Gb  stm32f4xx_hal_gpio.o [1]
HAL_GPIO_ReadPin        0x0800659f     0xc  Code  Gb  stm32f4xx_hal_gpio.o [1]
HAL_GPIO_TogglePin      0x080065b7     0x8  Code  Gb  stm32f4xx_hal_gpio.o [1]
HAL_GPIO_WritePin       0x080065ab     0xc  Code  Gb  stm32f4xx_hal_gpio.o [1]
HAL_GetTick             0x080063e1     0xc  Code  Wk  stm32f4xx_hal.o [1]
HAL_IncTick             0x08005ec5    0x10  Code  Wk  stm32f4xx_hal.o [1]
HAL_Init                0x08004305    0x30  Code  Gb  stm32f4xx_hal.o [1]
HAL_InitTick            0x080065ed    0x6c  Code  Gb  stm32f4xx_hal_timebase_TIM.o [1]
HAL_MspInit             0x080068db    0x60  Code  Gb  stm32f4xx_hal_msp.o [1]
HAL_NVIC_EnableIRQ      0x08005e57     0xa  Code  Gb  stm32f4xx_hal_cortex.o [1]
HAL_NVIC_SetPriority    0x08005e1d    0x3a  Code  Gb  stm32f4xx_hal_cortex.o [1]
HAL_NVIC_SetPriorityGrouping
                        0x08005e03    0x1a  Code  Gb  stm32f4xx_hal_cortex.o [1]
HAL_RCC_ClockConfig     0x08004129    0xfe  Code  Gb  stm32f4xx_hal_rcc.o [1]
HAL_RCC_GetClockConfig  0x0800425d    0x36  Code  Gb  stm32f4xx_hal_rcc.o [1]
HAL_RCC_GetHCLKFreq     0x08004233     0x6  Code  Gb  stm32f4xx_hal_rcc.o [1]
HAL_RCC_GetPCLK1Freq    0x08004239    0x10  Code  Gb  stm32f4xx_hal_rcc.o [1]
HAL_RCC_GetPCLK2Freq    0x08004249     0xe  Code  Gb  stm32f4xx_hal_rcc.o [1]
HAL_RCC_OscConfig       0x08005af5   0x2f0  Code  Wk  stm32f4xx_hal_rcc.o [1]
HAL_SPI_DMAStop         0x08006fdb    0x22  Code  Gb  stm32f4xx_hal_spi.o [1]
HAL_SPI_IRQHandler      0x08006ffd    0xf4  Code  Gb  stm32f4xx_hal_spi.o [1]
HAL_SPI_Init            0x0800693d    0x78  Code  Gb  stm32f4xx_hal_spi.o [1]
HAL_SPI_MspInit         0x0800450f   0x112  Code  Gb  spi.o [1]
HAL_SPI_Receive         0x08006b2d   0x12a  Code  Gb  stm32f4xx_hal_spi.o [1]
HAL_SPI_Receive_DMA     0x08006e37    0x98  Code  Gb  stm32f4xx_hal_spi.o [1]
HAL_SPI_RxCpltCallback  0x08004d69    0x10  Code  Gb  mpu9250.o [1]
HAL_SPI_Transmit        0x080069c1   0x16c  Code  Gb  stm32f4xx_hal_spi.o [1]
HAL_SPI_TransmitReceive
                        0x08006c57   0x1a4  Code  Gb  stm32f4xx_hal_spi.o [1]
HAL_SPI_TransmitReceive_DMA
                        0x08006ecf    0x92  Code  Gb  stm32f4xx_hal_spi.o [1]
HAL_SYSTICK_CLKSourceConfig
                        0x08005e93    0x1a  Code  Gb  stm32f4xx_hal_cortex.o [1]
HAL_SYSTICK_Config      0x08005e6b    0x28  Code  Gb  stm32f4xx_hal_cortex.o [1]
HAL_TIMEx_BreakCallback
                        0x08008195     0x2  Code  Wk  stm32f4xx_hal_tim_ex.o [1]
HAL_TIMEx_CommutationCallback
                        0x08008199     0x2  Code  Wk  stm32f4xx_hal_tim_ex.o [1]
HAL_TIMEx_MasterConfigSynchronization
                        0x08007a09    0x4a  Code  Gb  stm32f4xx_hal_tim_ex.o [1]
HAL_TIM_Base_Init       0x08007299    0x1a  Code  Gb  stm32f4xx_hal_tim.o [1]
HAL_TIM_Base_Start_IT   0x080072b3    0x16  Code  Gb  stm32f4xx_hal_tim.o [1]
HAL_TIM_IC_CaptureCallback
                        0x0800554d   0x1f2  Code  Gb  rc_pwm.o [1]
HAL_TIM_IC_ConfigChannel
                        0x08007519   0x104  Code  Gb  stm32f4xx_hal_tim.o [1]
HAL_TIM_IC_Init         0x08007353    0x1a  Code  Gb  stm32f4xx_hal_tim.o [1]
HAL_TIM_IC_MspInit      0x080048b7    0x94  Code  Gb  tim.o [1]
HAL_TIM_IC_Start_IT     0x0800737d    0x38  Code  Gb  stm32f4xx_hal_tim.o [1]
HAL_TIM_IRQHandler      0x080073d1   0x142  Code  Gb  stm32f4xx_hal_tim.o [1]
HAL_TIM_MspPostInit     0x0800499d    0x62  Code  Gb  tim.o [1]
HAL_TIM_PWM_ConfigChannel
                        0x0800761d    0xc0  Code  Gb  stm32f4xx_hal_tim.o [1]
HAL_TIM_PWM_Init        0x080072f3    0x1a  Code  Gb  stm32f4xx_hal_tim.o [1]
HAL_TIM_PWM_MspInit     0x0800495d    0x40  Code  Gb  tim.o [1]
HAL_TIM_PWM_Start       0x0800730d    0x14  Code  Gb  stm32f4xx_hal_tim.o [1]
HAL_TIM_PeriodElapsedCallback
                        0x08001f9d     0xe  Code  Gb  main.o [1]
HAL_TIM_ReadCapturedValue
                        0x0800770b    0x44  Code  Gb  stm32f4xx_hal_tim.o [1]
HAL_UART_IRQHandler     0x08001a65   0x152  Code  Gb  stm32f4xx_hal_uart.o [1]
HAL_UART_Init           0x08001919    0x1e  Code  Gb  stm32f4xx_hal_uart.o [1]
HAL_UART_MspInit        0x0800395b   0x2e4  Code  Gb  usart.o [1]
HAL_UART_Receive_IT     0x08001991    0x4a  Code  Gb  stm32f4xx_hal_uart.o [1]
HAL_UART_RxCpltCallback
                        0x08000ceb    0x66  Code  Gb  usart_cfg.o [1]
HAL_UART_Transmit_DMA   0x080019e1    0x78  Code  Gb  stm32f4xx_hal_uart.o [1]
HardFault_Handler       0x08008d3b     0x2  Code  Gb  stm32f4xx_it.o [1]
MPU9250_Check           0x08004c4b    0xb0  Code  Gb  mpu9250.o [1]
MPU9250_ERROR           0x20005204     0x4  Data  Gb  mpu9250.o [1]
MPU9250_Handler         0x200051c4     0x4  Data  Gb  mpu9250.o [1]
MPU9250_Init            0x08004bf9    0x52  Code  Gb  mpu9250.o [1]
MPU9250_Mag_ReadReg     0x08004b7b    0x4e  Code  Gb  mpu9250.o [1]
MPU9250_Mag_ReadRegs    0x08004bc9    0x22  Code  Gb  mpu9250.o [1]
MPU9250_Mag_WriteReg    0x08004b23    0x52  Code  Gb  mpu9250.o [1]
MPU9250_ReadReg         0x08004a83    0x48  Code  Gb  mpu9250.o [1]
MPU9250_WriteReg        0x08004acd    0x4a  Code  Gb  mpu9250.o [1]
MPU9250_data_buffer     0x2000518c    0x1c  Data  Gb  mpu9250.o [1]
MPU9250_data_push       0x08004f71   0x154  Code  Gb  mpu9250.o [1]
MPU9250_data_ready_to_read
                        0x08004d55    0x14  Code  Gb  mpu9250.o [1]
MPU9250_gyro_acc_calibrate_offset_func
                        0x08004d79   0x10c  Code  Gb  mpu9250.o [1]
MPU9250_gyro_acc_calibrate_offset_func::cnt_g
                        0x200051aa     0x2  Data  Lc  mpu9250.o [1]
MPU9250_gyro_acc_calibrate_offset_func::gyrox_high
                        0x2000520c     0x4  Data  Lc  mpu9250.o [1]
MPU9250_gyro_acc_calibrate_offset_func::gyrox_low
                        0x20005208     0x4  Data  Lc  mpu9250.o [1]
MPU9250_gyro_acc_calibrate_offset_func::tempAcc
                        0x200051b8     0xc  Data  Lc  mpu9250.o [1]
MPU9250_gyro_acc_calibrate_offset_func::tempGyro
                        0x200051ac     0xc  Data  Lc  mpu9250.o [1]
MPU9250_mag_calibrate   0x08004e85    0xec  Code  Gb  mpu9250.o [1]
MPU9250_mag_calibrate::cnt
                        0x200009b8     0x4  Data  Lc  mpu9250.o [1]
MPU9250_mag_calibrate::magx_high
                        0x200009a4     0x4  Data  Lc  mpu9250.o [1]
MPU9250_mag_calibrate::magx_low
                        0x200009a0     0x4  Data  Lc  mpu9250.o [1]
MPU9250_mag_calibrate::magy_high
                        0x200009ac     0x4  Data  Lc  mpu9250.o [1]
MPU9250_mag_calibrate::magy_low
                        0x200009a8     0x4  Data  Lc  mpu9250.o [1]
MPU9250_mag_calibrate::magz_high
                        0x200009b4     0x4  Data  Lc  mpu9250.o [1]
MPU9250_mag_calibrate::magz_low
                        0x200009b0     0x4  Data  Lc  mpu9250.o [1]
MPU9250_process         0x080050c9    0x8a  Code  Gb  mpu9250.o [1]
MPU9250_process::MPU9250MagCalibrateStart
                        0x200058d0     0x4  Data  Lc  mpu9250.o [1]
MPU9250_read_raw_data   0x08004d09    0x4c  Code  Gb  mpu9250.o [1]
MS5803_C1               0x20005808     0x2  Data  Gb  ms5803.o [1]
MS5803_C2               0x2000580a     0x2  Data  Gb  ms5803.o [1]
MS5803_C3               0x2000580c     0x2  Data  Gb  ms5803.o [1]
MS5803_C4               0x2000580e     0x2  Data  Gb  ms5803.o [1]
MS5803_C5               0x20005810     0x2  Data  Gb  ms5803.o [1]
MS5803_C6               0x20005812     0x2  Data  Gb  ms5803.o [1]
MS5803_D1               0x20005828     0x4  Data  Gb  ms5803.o [1]
MS5803_D2               0x2000582c     0x4  Data  Gb  ms5803.o [1]
MS5803_Handler          0x20005834     0x4  Data  Gb  ms5803.o [1]
MS5803_Init             0x080051b9    0xaa  Code  Gb  ms5803.o [1]
MS5803_ReadRegs         0x08005485    0x32  Code  Gb  ms5803.o [1]
MS5803_WriteReg         0x080054cb    0x22  Code  Gb  ms5803.o [1]
MS5803_caculate         0x08005271   0x19a  Code  Gb  ms5803.o [1]
MS5803_pressure         0x20005818     0x8  Data  Gb  ms5803.o [1]
MS5803_process          0x08005263     0xc  Code  Gb  ms5803.o [1]
MS5803_read_data        0x08005421    0x4a  Code  Gb  ms5803.o [1]
MS5803_temperature      0x20005820     0x8  Data  Gb  ms5803.o [1]
MX_DMA_Init             0x080043ed    0xb8  Code  Gb  dma.o [1]
MX_FREERTOS_Init        0x08005859   0x108  Code  Gb  freertos.o [1]
MX_GPIO_Init            0x08004339    0x9e  Code  Gb  gpio.o [1]
MX_SPI1_Init            0x080044a5    0x1c  Code  Gb  spi.o [1]
MX_SPI2_Init            0x080044c1    0x1c  Code  Gb  spi.o [1]
MX_TIM1_Init            0x08004699    0x6a  Code  Gb  tim.o [1]
MX_TIM2_Init            0x08004703    0x68  Code  Gb  tim.o [1]
MX_TIM3_Init            0x080047ad    0x5c  Code  Gb  tim.o [1]
MX_TIM4_Init            0x08004817    0x5a  Code  Gb  tim.o [1]
MX_UART4_Init           0x08003899    0x1a  Code  Gb  usart.o [1]
MX_UART5_Init           0x080038b3    0x1a  Code  Gb  usart.o [1]
MX_USART1_UART_Init     0x080038d5    0x1a  Code  Gb  usart.o [1]
MX_USART2_UART_Init     0x080038ef    0x1a  Code  Gb  usart.o [1]
MX_USART3_UART_Init     0x08003927    0x1a  Code  Gb  usart.o [1]
MX_USART6_UART_Init     0x08003941    0x1a  Code  Gb  usart.o [1]
MemManage_Handler       0x08008d3d     0x2  Code  Gb  stm32f4xx_it.o [1]
NMI_Handler             0x08008d39     0x2  Code  Gb  stm32f4xx_it.o [1]
NVIC_SetPriority        0x08005de5    0x1e  Code  Lc  stm32f4xx_hal_cortex.o [1]
PendSV_Handler          0x08006339          Code  Gb  portasm.o [1]
RC_PWM                  0x20005290    0x20  Data  Gb  rc_pwm.o [1]
RC_PWM_init             0x0800550d    0x38  Code  Gb  rc_pwm.o [1]
ReadTheFLASH            0x080018b9    0x24  Code  Gb  flash_on_chip.o [1]
Region$$Table$$Base     0x08008f2c           --   Gb  - Linker created -
Region$$Table$$Limit    0x08008f4c           --   Gb  - Linker created -
RxBuffer                0x20005788    0x34  Data  Lc  app_ano.o [1]
RxBuffer                0x20004e38    0xc8  Data  Lc  app_ros.o [1]
SPI1_IRQHandler         0x08008d71     0x6  Code  Gb  stm32f4xx_it.o [1]
SPI_CheckFlag_BSY       0x0800725d    0x1a  Code  Lc  stm32f4xx_hal_spi.o [1]
SPI_DMAAbortOnError     0x080071c5     0xc  Code  Lc  stm32f4xx_hal_spi.o [1]
SPI_DMAError            0x080071a5    0x1e  Code  Lc  stm32f4xx_hal_spi.o [1]
SPI_DMAHalfReceiveCplt  0x08007195     0x6  Code  Lc  stm32f4xx_hal_spi.o [1]
SPI_DMAHalfTransmitReceiveCplt
                        0x0800719d     0x6  Code  Lc  stm32f4xx_hal_spi.o [1]
SPI_DMAReceiveCplt      0x080070f1    0x4e  Code  Lc  stm32f4xx_hal_spi.o [1]
SPI_DMATransmitReceiveCplt
                        0x08007141    0x34  Code  Lc  stm32f4xx_hal_spi.o [1]
SPI_WaitFlagStateUntilTimeout
                        0x080071d1    0x8c  Code  Lc  stm32f4xx_hal_spi.o [1]
SVC_Handler             0x08006391          Code  Gb  portasm.o [1]
StartDefaultTask        0x0800596f     0x8  Code  Gb  freertos.o [1]
StartTask02LED          0x08005977     0x8  Code  Gb  freertos.o [1]
StartTask03COM          0x0800597f    0x40  Code  Gb  freertos.o [1]
StartTask04MPU9250      0x080059bf    0x34  Code  Gb  freertos.o [1]
StartTask05MS5803       0x08005a03     0xe  Code  Gb  freertos.o [1]
StartTask06BackEnd      0x08005a11    0x3c  Code  Gb  freertos.o [1]
SysTick_Handler         0x08008d45     0xe  Code  Gb  stm32f4xx_it.o [1]
SystemClock_Config      0x08001eef    0xae  Code  Gb  main.o [1]
SystemCoreClock         0x200009d4     0x4  Data  Gb  system_stm32f4xx.o [1]
SystemInit              0x08008e09    0x3a  Code  Gb  system_stm32f4xx.o [1]
TIM1_CC_IRQHandler      0x08008d65     0x6  Code  Gb  stm32f4xx_it.o [1]
TIM2_IRQHandler         0x08008d6b     0x6  Code  Gb  stm32f4xx_it.o [1]
TIM8_TRG_COM_TIM14_IRQHandler
                        0x08008d89     0x6  Code  Gb  stm32f4xx_it.o [1]
TIM_Base_SetConfig      0x0800774f    0x8e  Code  Gb  stm32f4xx_hal_tim.o [1]
TIM_CCxChannelCmd       0x0800789f    0x14  Code  Gb  stm32f4xx_hal_tim.o [1]
TIM_OC1_SetConfig       0x080078b3    0x4a  Code  Lc  stm32f4xx_hal_tim.o [1]
TIM_OC2_SetConfig       0x08007845    0x58  Code  Gb  stm32f4xx_hal_tim.o [1]
TIM_OC3_SetConfig       0x080078fd    0x50  Code  Lc  stm32f4xx_hal_tim.o [1]
TIM_OC4_SetConfig       0x08007959    0x46  Code  Lc  stm32f4xx_hal_tim.o [1]
TIM_TI1_SetConfig       0x080077df    0x66  Code  Gb  stm32f4xx_hal_tim.o [1]
TIM_TI2_SetConfig       0x080079d3    0x34  Code  Lc  stm32f4xx_hal_tim.o [1]
UART4_IRQHandler        0x08008d95     0x6  Code  Gb  stm32f4xx_it.o [1]
UART5_IRQHandler        0x08008d9b     0x6  Code  Gb  stm32f4xx_it.o [1]
UART_DMAAbortOnError    0x08001c65     0xc  Code  Lc  stm32f4xx_hal_uart.o [1]
UART_DMAError           0x08001bed    0x4a  Code  Lc  stm32f4xx_hal_uart.o [1]
UART_DMATransmitCplt    0x08001bb9    0x2a  Code  Lc  stm32f4xx_hal_uart.o [1]
UART_DMATxHalfCplt      0x08001be5     0x6  Code  Lc  stm32f4xx_hal_uart.o [1]
UART_EndRxTransfer      0x08001c49    0x1c  Code  Lc  stm32f4xx_hal_uart.o [1]
UART_EndTxTransfer      0x08001c37    0x12  Code  Lc  stm32f4xx_hal_uart.o [1]
UART_Receive_IT         0x08001c71    0x8c  Code  Lc  stm32f4xx_hal_uart.o [1]
UART_SetConfig          0x08001cfd   0x13a  Code  Lc  stm32f4xx_hal_uart.o [1]
USART1_DMA_send_data    0x08000d6f     0xa  Code  Gb  usart_cfg.o [1]
USART1_IRQHandler       0x08008d77     0x6  Code  Gb  stm32f4xx_it.o [1]
USART2_IRQHandler       0x08008d7d     0x6  Code  Gb  stm32f4xx_it.o [1]
USART3_IRQHandler       0x08008d83     0x6  Code  Gb  stm32f4xx_it.o [1]
USART4_DMA_send_data    0x08000d79     0xa  Code  Gb  usart_cfg.o [1]
USART6_IRQHandler       0x08008db9     0x6  Code  Gb  stm32f4xx_it.o [1]
USART_init              0x08000c8d    0x58  Code  Gb  usart_cfg.o [1]
UpdateTheFLASH          0x080016f9    0x90  Code  Gb  flash_on_chip.o [1]
UsageFault_Handler      0x08008d41     0x2  Code  Gb  stm32f4xx_it.o [1]
_Error_Handler          0x08001fc1     0x2  Code  Gb  main.o [1]
_LocaleC_isspace        0x08008365    0x14  Code  Gb  xlocale_c.o [3]
_LocaleC_isupper        0x08008359     0x2  Code  Gb  xlocale_c.o [3]
_LocaleC_tolower        0x08008379     0xc  Code  Gb  xlocale_c.o [3]
__aeabi_cdcmpeq         0x08008ce9          Code  Gb  DblCmpEq.o [4]
__aeabi_cdcmple         0x080085b9          Code  Gb  DblCmpLe.o [4]
__aeabi_cdrcmple        0x08008d09          Code  Gb  DblCmpGe.o [4]
__aeabi_d2f             0x08000f49          Code  Gb  DblToFlt.o [4]
__aeabi_dadd            0x080086cd          Code  Gb  DblAdd.o [4]
__aeabi_ddiv            0x08008845          Code  Gb  DblDiv.o [4]
__aeabi_dmul            0x08000fb1          Code  Gb  DblMul.o [4]
__aeabi_dsub            0x080085e9          Code  Gb  DblSub.o [4]
__aeabi_f2d             0x08007aad          Code  Gb  FltToDbl.o [4]
__aeabi_i2d             0x08000f25          Code  Gb  S32ToDbl.o [4]
__aeabi_l2f             0x08007a55          Code  Gb  S64ToFlt.o [4]
__aeabi_ldiv0           0x08008189          Code  Gb  I64DivZer.o [5]
__aeabi_ldivmod         0x08006669          Code  Gb  I64DivMod.o [5]
__aeabi_memcpy          0x08006291          Code  Gb  ABImemcpy.o [5]
__aeabi_memcpy4         0x080062b1          Code  Gb  ABImemcpy.o [5]
__aeabi_memcpy8         0x080062b1          Code  Gb  ABImemcpy.o [5]
__aeabi_uldivmod        0x080066ad          Code  Gb  I64DivMod.o [5]
__cmain                 0x08008f4d          Code  Gb  cmain.o [5]
__exit                  0x08008f81    0x14  Code  Gb  exit.o [6]
__iar_Atan64            0x08008ae1   0x170  Code  Gb  iar_Atan64.o [4]
__iar_Memchr            0x08008131          Code  Gb  memchr.o [5]
__iar_Stoulx            0x08005ed5   0x112  Code  Gb  iar_Stoulx.o [3]
__iar_asin64            0x0800838d    0xf0  Code  Gb  asin64.o [4]
__iar_atan2_64          0x0800847d   0x13c  Code  Gb  atan2_64.o [4]
__iar_dadd              0x080085f9          Code  Gb  DblSub.o [4]
__iar_data_init3        0x08008ee1    0x28  Code  Gb  data_init.o [5]
__iar_dsub              0x080086dd          Code  Gb  DblAdd.o [4]
__iar_dsubStart         0x080086ef          Code  Gb  DblAdd.o [4]
__iar_globLocale        0x200009d8    0x48  Data  Lc  xlocale_c.o [3]
__iar_global_Locale     0x08008385     0x4  Code  Gb  xlocale_c.o [3]
__iar_init_vfp          0x08008f09          Code  Gb  fpinit_M.o [4]
__iar_packbits_init_single3
                        0x08008ea9    0x38  Code  Gb  packbits_init_single.o [5]
__iar_program_start     0x08008fa5          Code  Gb  cstartup_M.o [5]
__iar_sqrt64            0x080081ad          Code  Gb  sqrt.o [4]
__iar_systems$$module {Abs}
                        0x00000001          Data  Gb  command line/config [2]
__iar_vfp___iar_sqrt64  0x0800819d          Code  Gb  sqrt.o [4]
__iar_vfp_asin          0x080082a5     0xc  Code  Gb  math_wrappers64.o [4]
__iar_vfp_atan2         0x080082b1    0x10  Code  Gb  math_wrappers64.o [4]
__iar_vfp_sqrt          0x0800819d          Code  Gb  sqrt.o [4]
__iar_vfp_sqrtl         0x0800819d          Code  Gb  sqrt.o [4]
__iar_zero_init3        0x08008e69    0x40  Code  Gb  zero_init3.o [5]
__low_level_init        0x08008f6b     0x4  Code  Gb  low_level_init.o [3]
__vector_table          0x08000000          Data  Gb  startup_stm32f407xx.o [1]
_buf_index              0x2000490c     0x4  Data  Lc  uwb1000.o [1]
_call_main              0x08008f59          Code  Gb  cmain.o [5]
_comma_index            0x20004910     0x4  Data  Lc  uwb1000.o [1]
_data_cnt               0x20005318     0x4  Data  Lc  app_ano.o [1]
_data_cnt               0x200058ac     0x4  Data  Lc  app_ros.o [1]
_data_cnt               0x2000585c     0x4  Data  Lc  uwb1000.o [1]
_data_len               0x20005314     0x4  Data  Lc  app_ano.o [1]
_data_len               0x200058a8     0x4  Data  Lc  app_ros.o [1]
_data_len               0x20005858     0x4  Data  Lc  uwb1000.o [1]
_exit                   0x08008f75          Code  Gb  cexit.o [5]
_main                   0x08008f67          Code  Gb  cmain.o [5]
a                       0x08008ca8    0x40  Data  Lc  iar_Atan64.o [4]
aRxBuffer1              0x200058c8     0x1  Data  Gb  usart_cfg.o [1]
aRxBuffer2              0x200058c9     0x1  Data  Gb  usart_cfg.o [1]
aRxBuffer3              0x200058cb     0x1  Data  Gb  usart_cfg.o [1]
aRxBuffer5              0x200058ca     0x1  Data  Gb  usart_cfg.o [1]
aRxBuffer6              0x200058cc     0x1  Data  Gb  usart_cfg.o [1]
accx_raw_bias_mps       0x200051d4     0x4  Data  Gb  mpu9250.o [1]
accx_raw_mps            0x200051c8     0x4  Data  Gb  mpu9250.o [1]
accy_raw_bias_mps       0x200051d8     0x4  Data  Gb  mpu9250.o [1]
accy_raw_mps            0x200051cc     0x4  Data  Gb  mpu9250.o [1]
accz_raw_bias_mps       0x200051dc     0x4  Data  Gb  mpu9250.o [1]
accz_raw_mps            0x200051d0     0x4  Data  Gb  mpu9250.o [1]
alt_d                   0x2000523c     0x4  Data  Gb  app_ano.o [1]
alt_i                   0x20005238     0x4  Data  Gb  app_ano.o [1]
alt_p                   0x20005234     0x4  Data  Gb  app_ano.o [1]
anchor                  0x20004638   0x2d0  Data  Gb  uwb1000.o [1]
anchor_index            0x2000490a     0x1  Data  Gb  uwb1000.o [1]
ano_data_to_send        0x2000538c    0x64  Data  Lc  app_ano.o [1]
ano_process             0x08000c03    0x46  Code  Gb  app_ano.o [1]
ano_process::delay_cnt  0x20005388     0x4  Data  Lc  app_ano.o [1]
app_ano_time_comsume_us
                        0x200058d4     0x4  Data  Gb  time.o [1]
app_backend_time_comsume_us
                        0x200058d8     0x4  Data  Gb  time.o [1]
app_ctrl_thread         0x08008079    0x16  Code  Gb  app_ctrl.o [1]
app_ins_thread          0x08007b6d    0x64  Code  Gb  app_ins.o [1]
app_led_thread          0x080057a5    0x58  Code  Gb  app_led.o [1]
app_ros_thread          0x08002625     0xa  Code  Gb  app_ros.o [1]
asin                    0x0800838d    0xf0  Code  Gb  asin64.o [4]
asinl                   0x0800838d    0xf0  Code  Gb  asin64.o [4]
atan2                   0x0800847d   0x13c  Code  Gb  atan2_64.o [4]
atan2l                  0x0800847d   0x13c  Code  Gb  atan2_64.o [4]
atoi                    0x08005fed     0x2  Code  Gb  iar_Stoulx.o [3]
cycle_T                 0x20004c80    0xf0  Data  Gb  time.o [1]
d1d2_convert_step       0x20005830     0x4  Data  Lc  ms5803.o [1]
data_from_ANO_updata    0x20005324     0x4  Data  Lc  app_ano.o [1]
data_from_ros_updata    0x200058b0     0x4  Data  Lc  app_ros.o [1]
data_parse_state        0x20005854     0x1  Data  Gb  uwb1000.o [1]
data_shift              0x08007c8b    0x5e  Code  Gb  app_ins.o [1]
data_shift_1            0x08007c4b    0x14  Code  Gb  app_ins.o [1]
data_trans_with_ano     0x08000545   0x146  Code  Gb  app_ano.o [1]
defaultTaskHandle       0x200057bc     0x4  Data  Gb  freertos.o [1]
det_t_s                 0x200058b4     0xc  Data  Gb  time.o [1]
digits                  0x08005ff8    0x28  Data  Lc  iar_Stoulx.o [3]
exit                    0x08008f6f     0x4  Code  Gb  exit.o [3]
filter                  0x08007ce9    0x9a  Code  Gb  app_ins.o [1]
filter_fir              0x08007c5f    0x2c  Code  Gb  app_ins.o [1]
flash_byte_to_float     0x080018dd    0x26  Code  Gb  flash_on_chip.o [1]
flash_float_to_byte     0x08001903    0x16  Code  Gb  flash_on_chip.o [1]
flash_read_parameters   0x08001415   0x252  Code  Gb  flash_on_chip.o [1]
flash_save_parameters   0x08001155   0x2bc  Code  Gb  flash_on_chip.o [1]
get_cycle_time          0x08007af5    0x34  Code  Gb  time.o [1]
get_data_from_ANO       0x2000531c     0x4  Data  Lc  app_ano.o [1]
get_sys_time_us         0x08007b29    0x20  Code  Gb  time.o [1]
gyro_c                  0x2000093c    0x30  Data  Lc  app_ins.o [1]
gyrox_raw_bias_dps      0x200051ec     0x4  Data  Gb  mpu9250.o [1]
gyrox_raw_dps           0x200051e0     0x4  Data  Gb  mpu9250.o [1]
gyroy_raw_bias_dps      0x200051f0     0x4  Data  Gb  mpu9250.o [1]
gyroy_raw_dps           0x200051e4     0x4  Data  Gb  mpu9250.o [1]
gyroz_raw_bias_dps      0x200051f4     0x4  Data  Gb  mpu9250.o [1]
gyroz_raw_dps           0x200051e8     0x4  Data  Gb  mpu9250.o [1]
hdma_spi1_rx            0x20004f00    0x60  Data  Gb  spi.o [1]
hdma_spi1_tx            0x20004f60    0x60  Data  Gb  spi.o [1]
hdma_uart4_tx           0x20004914    0x60  Data  Gb  usart.o [1]
hdma_uart5_tx           0x20004974    0x60  Data  Gb  usart.o [1]
hdma_usart1_tx          0x200049d4    0x60  Data  Gb  usart.o [1]
hdma_usart2_tx          0x20004a34    0x60  Data  Gb  usart.o [1]
hdma_usart3_tx          0x20004a94    0x60  Data  Gb  usart.o [1]
hdma_usart6_tx          0x20004af4    0x60  Data  Gb  usart.o [1]
hspi1                   0x200053f0    0x58  Data  Gb  spi.o [1]
hspi2                   0x20005448    0x58  Data  Gb  spi.o [1]
htim1                   0x20005698    0x3c  Data  Gb  tim.o [1]
htim14                  0x2000565c    0x3c  Data  Gb  stm32f4xx_hal_timebase_TIM.o [1]
htim2                   0x200056d4    0x3c  Data  Gb  tim.o [1]
htim3                   0x20005710    0x3c  Data  Gb  tim.o [1]
htim4                   0x2000574c    0x3c  Data  Gb  tim.o [1]
huart1                  0x20005520    0x40  Data  Gb  usart.o [1]
huart2                  0x20005560    0x40  Data  Gb  usart.o [1]
huart3                  0x200055a0    0x40  Data  Gb  usart.o [1]
huart4                  0x200054a0    0x40  Data  Gb  usart.o [1]
huart5                  0x200054e0    0x40  Data  Gb  usart.o [1]
huart6                  0x200055e0    0x40  Data  Gb  usart.o [1]
ins_update              0x08007d89   0x2b2  Code  Gb  app_ins.o [1]
ins_update::exInt       0x2000097c     0x4  Data  Lc  app_ins.o [1]
ins_update::eyInt       0x20000980     0x4  Data  Lc  app_ins.o [1]
ins_update::ezInt       0x20000984     0x4  Data  Lc  app_ins.o [1]
ins_update::q0          0x2000096c     0x4  Data  Lc  app_ins.o [1]
ins_update::q1          0x20000970     0x4  Data  Lc  app_ins.o [1]
ins_update::q2          0x20000974     0x4  Data  Lc  app_ins.o [1]
ins_update::q3          0x20000978     0x4  Data  Lc  app_ins.o [1]
isspace                 0x08008109    0x14  Code  Gb  isspace.o [3]
led_init                0x08005805     0x4  Code  Gb  app_led.o [1]
led_one_off             0x08005817     0x2  Code  Gb  app_led.o [1]
led_one_on              0x08005813     0x4  Code  Gb  app_led.o [1]
led_one_toggle          0x08005823     0x6  Code  Gb  app_led.o [1]
led_two_off             0x08005831     0x8  Code  Gb  app_led.o [1]
led_two_on              0x08005829     0x8  Code  Gb  app_led.o [1]
magx_gain               0x20000994     0x4  Data  Gb  mpu9250.o [1]
magx_offset             0x20000988     0x4  Data  Gb  mpu9250.o [1]
magx_raw_uT             0x200051f8     0x4  Data  Gb  mpu9250.o [1]
magy_gain               0x20000998     0x4  Data  Gb  mpu9250.o [1]
magy_offset             0x2000098c     0x4  Data  Gb  mpu9250.o [1]
magy_raw_uT             0x200051fc     0x4  Data  Gb  mpu9250.o [1]
magz_gain               0x2000099c     0x4  Data  Gb  mpu9250.o [1]
magz_offset             0x20000990     0x4  Data  Gb  mpu9250.o [1]
magz_raw_uT             0x20005200     0x4  Data  Gb  mpu9250.o [1]
main                    0x08001e81    0x6e  Code  Gb  main.o [1]
makeFreeRtosPriority    0x08000df1     0xc  Code  Lc  cmsis_os.o [1]
memchr                  0x08008131          Code  Gb  memchr.o [5]
motor_pwm_set_value     0x080082c1    0x20  Code  Gb  motor_pwm.o [1]
mpu9250_time_comsume_us
                        0x200058dc     0x4  Data  Gb  time.o [1]
mpu_data_ok             0x200051a8     0x1  Data  Gb  mpu9250.o [1]
myBinarySem01MPU9250GyroAccCalibrateOffsetHandle
                        0x200057d4     0x4  Data  Gb  freertos.o [1]
myBinarySem02LED1ONHandle
                        0x200057d8     0x4  Data  Gb  freertos.o [1]
myBinarySem03LED2ONHandle
                        0x200057dc     0x4  Data  Gb  freertos.o [1]
myBinarySem04MPU9250MagCalibrateHandle
                        0x200057e8     0x4  Data  Gb  freertos.o [1]
myBinarySem05LED1PulsateHandle
                        0x200057e0     0x4  Data  Gb  freertos.o [1]
myBinarySem06LED2PulsateHandle
                        0x200057e4     0x4  Data  Gb  freertos.o [1]
myTask02LEDHandle       0x200057c0     0x4  Data  Gb  freertos.o [1]
myTask03COMHandle       0x200057c4     0x4  Data  Gb  freertos.o [1]
myTask04MPU9250Handle   0x200057c8     0x4  Data  Gb  freertos.o [1]
myTask05MS5803Handle    0x200057cc     0x4  Data  Gb  freertos.o [1]
myTask06BackEndHandle   0x200057d0     0x4  Data  Gb  freertos.o [1]
ndigs                   0x08006020    0x28  Data  Lc  iar_Stoulx.o [3]
obtain_imu_data         0x08007bd1    0x7a  Code  Gb  app_ins.o [1]
osDelay                 0x08000e35     0xe  Code  Gb  cmsis_os.o [1]
osKernelStart           0x08000dfd     0xa  Code  Gb  cmsis_os.o [1]
osSemaphoreCreate       0x08000e43    0x2c  Code  Gb  cmsis_os.o [1]
osSemaphoreRelease      0x08000ebd    0x30  Code  Gb  cmsis_os.o [1]
osSemaphoreWait         0x08000e6f    0x42  Code  Gb  cmsis_os.o [1]
osSystickHandler        0x08000f0d    0x14  Code  Gb  cmsis_os.o [1]
osThreadCreate          0x08000e07    0x2e  Code  Gb  cmsis_os.o [1]
pFlash                  0x20005860    0x20  Data  Gb  stm32f4xx_hal_flash.o [1]
parse_ready             0x20005855     0x1  Data  Lc  uwb1000.o [1]
pid10_d                 0x20005284     0x4  Data  Gb  app_ano.o [1]
pid10_i                 0x20005280     0x4  Data  Gb  app_ano.o [1]
pid10_p                 0x2000527c     0x4  Data  Gb  app_ano.o [1]
pid11_d                 0x20005330     0x4  Data  Gb  app_ano.o [1]
pid11_i                 0x2000528c     0x4  Data  Gb  app_ano.o [1]
pid11_p                 0x20005288     0x4  Data  Gb  app_ano.o [1]
pid12_d                 0x2000533c     0x4  Data  Gb  app_ano.o [1]
pid12_i                 0x20005338     0x4  Data  Gb  app_ano.o [1]
pid12_p                 0x20005334     0x4  Data  Gb  app_ano.o [1]
pid13_d                 0x20005348     0x4  Data  Gb  app_ano.o [1]
pid13_i                 0x20005344     0x4  Data  Gb  app_ano.o [1]
pid13_p                 0x20005340     0x4  Data  Gb  app_ano.o [1]
pid14_d                 0x20005354     0x4  Data  Gb  app_ano.o [1]
pid14_i                 0x20005350     0x4  Data  Gb  app_ano.o [1]
pid14_p                 0x2000534c     0x4  Data  Gb  app_ano.o [1]
pid15_d                 0x20005360     0x4  Data  Gb  app_ano.o [1]
pid15_i                 0x2000535c     0x4  Data  Gb  app_ano.o [1]
pid15_p                 0x20005358     0x4  Data  Gb  app_ano.o [1]
pid16_d                 0x2000536c     0x4  Data  Gb  app_ano.o [1]
pid16_i                 0x20005368     0x4  Data  Gb  app_ano.o [1]
pid16_p                 0x20005364     0x4  Data  Gb  app_ano.o [1]
pid17_d                 0x20005378     0x4  Data  Gb  app_ano.o [1]
pid17_i                 0x20005374     0x4  Data  Gb  app_ano.o [1]
pid17_p                 0x20005370     0x4  Data  Gb  app_ano.o [1]
pid18_d                 0x20005384     0x4  Data  Gb  app_ano.o [1]
pid18_i                 0x20005380     0x4  Data  Gb  app_ano.o [1]
pid18_p                 0x2000537c     0x4  Data  Gb  app_ano.o [1]
pid6_d                  0x20005254     0x4  Data  Gb  app_ano.o [1]
pid6_i                  0x20005250     0x4  Data  Gb  app_ano.o [1]
pid6_p                  0x2000524c     0x4  Data  Gb  app_ano.o [1]
pid7_d                  0x20005260     0x4  Data  Gb  app_ano.o [1]
pid7_i                  0x2000525c     0x4  Data  Gb  app_ano.o [1]
pid7_p                  0x20005258     0x4  Data  Gb  app_ano.o [1]
pid8_d                  0x2000526c     0x4  Data  Gb  app_ano.o [1]
pid8_i                  0x20005268     0x4  Data  Gb  app_ano.o [1]
pid8_p                  0x20005264     0x4  Data  Gb  app_ano.o [1]
pid9_d                  0x20005278     0x4  Data  Gb  app_ano.o [1]
pid9_i                  0x20005274     0x4  Data  Gb  app_ano.o [1]
pid9_p                  0x20005270     0x4  Data  Gb  app_ano.o [1]
pit_d                   0x20005224     0x4  Data  Gb  app_ano.o [1]
pit_i                   0x20005220     0x4  Data  Gb  app_ano.o [1]
pit_p                   0x2000521c     0x4  Data  Gb  app_ano.o [1]
pitch_for_motor         0x2000589c     0x4  Data  Gb  app_ctrl.o [1]
pos_d                   0x20005248     0x4  Data  Gb  app_ano.o [1]
pos_i                   0x20005244     0x4  Data  Gb  app_ano.o [1]
pos_p                   0x20005240     0x4  Data  Gb  app_ano.o [1]
prvAddCurrentTaskToDelayedList
                        0x08002d29    0x64  Code  Lc  tasks.o [1]
prvAddNewTaskToReadyList
                        0x08002701    0xa6  Code  Lc  tasks.o [1]
prvCopyDataFromQueue    0x080032af    0x28  Code  Lc  queue.o [1]
prvCopyDataToQueue      0x08003247    0x68  Code  Lc  queue.o [1]
prvDeleteTCB            0x08002b81    0x14  Code  Lc  tasks.o [1]
prvIdleTask             0x08002b15    0x66  Code  Lc  tasks.o [1]
prvInitialiseNewQueue   0x08002e55    0x16  Code  Lc  queue.o [1]
prvInitialiseNewTask    0x08002689    0x78  Code  Lc  tasks.o [1]
prvInsertBlockIntoFreeList
                        0x080061af    0x46  Code  Lc  heap_4.o [1]
prvIsQueueEmpty         0x0800333b    0x16  Code  Lc  queue.o [1]
prvResetNextTaskUnblockTime
                        0x08002b95    0x1c  Code  Lc  tasks.o [1]
prvTaskExitError        0x0800337d    0x28  Code  Lc  port.o [1]
prvUnlockQueue          0x080032d7    0x64  Code  Lc  queue.o [1]
pvPortMalloc            0x08006049   0x104  Code  Gb  heap_4.o [1]
pvTaskIncrementMutexHeldCount
                        0x08002cd1    0x14  Code  Gb  tasks.o [1]
pxCurrentTCB            0x20004fe8     0x4  Data  Gb  tasks.o [1]
pxDelayedTaskList       0x20004fec     0x4  Data  Lc  tasks.o [1]
pxEnd                   0x20000a28     0x4  Data  Lc  heap_4.o [1]
pxOverflowDelayedTaskList
                        0x20004ff0     0x4  Data  Lc  tasks.o [1]
pxPortInitialiseStack   0x08003355    0x26  Code  Gb  port.o [1]
pxReadyTasksLists       0x20005100    0x8c  Data  Lc  tasks.o [1]
rc_d                    0x20005804     0x4  Data  Gb  app_ctrl.o [1]
rc_e                    0x200057fc     0x4  Data  Gb  app_ctrl.o [1]
rc_g                    0x20005800     0x4  Data  Gb  app_ctrl.o [1]
rc_pitch                0x200057f0     0x4  Data  Gb  app_ctrl.o [1]
rc_roll                 0x200057ec     0x4  Data  Gb  app_ctrl.o [1]
rc_throttle             0x200057f4     0x4  Data  Gb  app_ctrl.o [1]
rc_yaw                  0x200057f8     0x4  Data  Gb  app_ctrl.o [1]
read_data_from_inner_flash
                        0x2000532c     0x4  Data  Lc  app_ano.o [1]
remote_control_data_obtain
                        0x080080d7    0x22  Code  Gb  app_ctrl.o [1]
rol_d                   0x20005218     0x4  Data  Gb  app_ano.o [1]
rol_i                   0x20005214     0x4  Data  Gb  app_ano.o [1]
rol_p                   0x20005210     0x4  Data  Gb  app_ano.o [1]
roll_for_motor          0x20005898     0x4  Data  Gb  app_ctrl.o [1]
ros_a_x                 0x20005620     0x4  Data  Gb  app_ros.o [1]
ros_a_y                 0x20005624     0x4  Data  Gb  app_ros.o [1]
ros_a_z                 0x20005628     0x4  Data  Gb  app_ros.o [1]
ros_b_x                 0x2000562c     0x4  Data  Gb  app_ros.o [1]
ros_b_y                 0x20005630     0x4  Data  Gb  app_ros.o [1]
ros_b_z                 0x20005634     0x4  Data  Gb  app_ros.o [1]
ros_c_x                 0x20005638     0x4  Data  Gb  app_ros.o [1]
ros_c_y                 0x2000563c     0x4  Data  Gb  app_ros.o [1]
ros_c_z                 0x20005640     0x4  Data  Gb  app_ros.o [1]
ros_d_x                 0x20005644     0x4  Data  Gb  app_ros.o [1]
ros_d_y                 0x20005648     0x4  Data  Gb  app_ros.o [1]
ros_d_z                 0x2000564c     0x4  Data  Gb  app_ros.o [1]
ros_data_receive_analyse
                        0x08002281   0x156  Code  Gb  app_ros.o [1]
ros_data_receive_prepara
                        0x080021eb    0x96  Code  Gb  app_ros.o [1]
ros_data_to_send        0x20004d70    0xc8  Data  Lc  app_ros.o [1]
ros_e_x                 0x20005650     0x4  Data  Gb  app_ros.o [1]
ros_e_y                 0x20005654     0x4  Data  Gb  app_ros.o [1]
ros_e_z                 0x20005658     0x4  Data  Gb  app_ros.o [1]
ros_send_15_data        0x080023f7   0x200  Code  Gb  app_ros.o [1]
ros_sending             0x08002155    0x8c  Code  Gb  app_ros.o [1]
save_arry               0x20004b54   0x12c  Data  Gb  flash_on_chip.o [1]
send_pid_para           0x20005320     0x4  Data  Lc  app_ano.o [1]
simpdelay               0x08004a75     0xe  Code  Lc  mpu9250.o [1]
sqrt                    0x080081ad          Code  Gb  sqrt.o [4]
sqrtl                   0x080081ad          Code  Gb  sqrt.o [4]
state                   0x20005310     0x4  Data  Lc  app_ano.o [1]
state                   0x200058a4     0x4  Data  Lc  app_ros.o [1]
sysTickUptime           0x200058c0     0x8  Data  Gb  time.o [1]
t_pitch                 0x20000000   0x314  Data  Gb  app_ins.o [1]
t_roll                  0x20000314   0x314  Data  Gb  app_ins.o [1]
t_yaw                   0x20000628   0x314  Data  Gb  app_ins.o [1]
throttle_for_motor      0x20005894     0x2  Data  Gb  app_ctrl.o [1]
time_consume            0x20005060    0xa0  Data  Gb  time.o [1]
time_inc_tick           0x08007b49    0x14  Code  Gb  time.o [1]
timer1_channel1_PE9_DiffCapture
                        0x200052b8     0x4  Data  Gb  rc_pwm.o [1]
timer1_channel1_PE9_IC1Value1
                        0x200052b0     0x4  Data  Gb  rc_pwm.o [1]
timer1_channel1_PE9_IC1Value2
                        0x200052b4     0x4  Data  Gb  rc_pwm.o [1]
timer1_channel2_PE11_DiffCapture
                        0x200052c4     0x4  Data  Gb  rc_pwm.o [1]
timer1_channel2_PE11_IC1Value1
                        0x200052bc     0x4  Data  Gb  rc_pwm.o [1]
timer1_channel2_PE11_IC1Value2
                        0x200052c0     0x4  Data  Gb  rc_pwm.o [1]
timer1_channel3_PE13_DiffCapture
                        0x200052d0     0x4  Data  Gb  rc_pwm.o [1]
timer1_channel3_PE13_IC1Value1
                        0x200052c8     0x4  Data  Gb  rc_pwm.o [1]
timer1_channel3_PE13_IC1Value2
                        0x200052cc     0x4  Data  Gb  rc_pwm.o [1]
timer1_channel4_PE14_DiffCapture
                        0x200052dc     0x4  Data  Gb  rc_pwm.o [1]
timer1_channel4_PE14_IC1Value1
                        0x200052d4     0x4  Data  Gb  rc_pwm.o [1]
timer1_channel4_PE14_IC1Value2
                        0x200052d8     0x4  Data  Gb  rc_pwm.o [1]
timer2_channel1_PA5_DiffCapture
                        0x200052e8     0x4  Data  Gb  rc_pwm.o [1]
timer2_channel1_PA5_IC1Value1
                        0x200052e0     0x4  Data  Gb  rc_pwm.o [1]
timer2_channel1_PA5_IC1Value2
                        0x200052e4     0x4  Data  Gb  rc_pwm.o [1]
timer2_channel2_PA1_DiffCapture
                        0x200052f4     0x4  Data  Gb  rc_pwm.o [1]
timer2_channel2_PA1_IC1Value1
                        0x200052ec     0x4  Data  Gb  rc_pwm.o [1]
timer2_channel2_PA1_IC1Value2
                        0x200052f0     0x4  Data  Gb  rc_pwm.o [1]
timer2_channel3_PB10_DiffCapture
                        0x20005300     0x4  Data  Gb  rc_pwm.o [1]
timer2_channel3_PB10_IC1Value1
                        0x200052f8     0x4  Data  Gb  rc_pwm.o [1]
timer2_channel3_PB10_IC1Value2
                        0x200052fc     0x4  Data  Gb  rc_pwm.o [1]
timer2_channel4_PB11_DiffCapture
                        0x2000530c     0x4  Data  Gb  rc_pwm.o [1]
timer2_channel4_PB11_IC1Value1
                        0x20005304     0x4  Data  Gb  rc_pwm.o [1]
timer2_channel4_PB11_IC1Value2
                        0x20005308     0x4  Data  Gb  rc_pwm.o [1]
timer4_channel1_PD12_PWM_setvalue
                        0x080082e1     0xc  Code  Gb  motor_pwm.o [1]
timer4_channel2_PD13_PWM_setvalue
                        0x0800830b    0x14  Code  Gb  motor_pwm.o [1]
timer4_channel3_PD14_PWM_setvalue
                        0x0800831f    0x14  Code  Gb  motor_pwm.o [1]
timer4_channel4_PD15_PWM_setvalue
                        0x08008333    0x14  Code  Gb  motor_pwm.o [1]
tolower                 0x0800811d    0x14  Code  Gb  tolower.o [3]
ucHeap                  0x20000a38  0x3c00  Data  Lc  heap_4.o [1]
ucMaxSysCallPriority    0x200009bc     0x1  Data  Lc  port.o [1]
ulMaxPRIGROUPValue      0x200009c4     0x4  Data  Lc  port.o [1]
uwTick                  0x200009cc     0x4  Data  Gb  stm32f4xx_hal.o [1]
uwTickFreq              0x200009c8     0x1  Data  Gb  stm32f4xx_hal.o [1]
uwTickPrio              0x200009d0     0x4  Data  Gb  stm32f4xx_hal.o [1]
uwb1000_buffer          0x20005838    0x1c  Data  Gb  uwb1000.o [1]
uwb1000_buffer_fill     0x0800208d    0x82  Code  Gb  uwb1000.o [1]
uwb1000_data_prepare    0x08001fc5    0xc8  Code  Gb  uwb1000.o [1]
uwb1000_data_prepare::Sbuf
                        0x2000490b     0x1  Data  Lc  uwb1000.o [1]
uwb1000_str_find        0x08002119    0x34  Code  Gb  uwb1000.o [1]
uxCriticalNesting       0x200009c0     0x4  Data  Lc  port.o [1]
uxCurrentNumberOfTasks  0x2000500c     0x4  Data  Lc  tasks.o [1]
uxDeletedTasksWaitingCleanUp
                        0x20004ff4     0x4  Data  Lc  tasks.o [1]
uxListRemove            0x08006267    0x24  Code  Gb  list.o [1]
uxPendedTicks           0x2000501c     0x4  Data  Lc  tasks.o [1]
uxSchedulerSuspended    0x20005030     0x4  Data  Lc  tasks.o [1]
uxTaskNumber            0x20005028     0x4  Data  Lc  tasks.o [1]
uxTopReadyPriority      0x20005014     0x4  Data  Lc  tasks.o [1]
vApplicationIdleHook    0x0800628d     0x2  Code  Wk  freertos.o [1]
vApplicationTickHook    0x0800628b     0x2  Code  Wk  freertos.o [1]
vListInitialise         0x080061fd    0x1a  Code  Gb  list.o [1]
vListInitialiseItem     0x08006217     0x6  Code  Gb  list.o [1]
vListInsert             0x08006235    0x32  Code  Gb  list.o [1]
vListInsertEnd          0x0800621d    0x18  Code  Gb  list.o [1]
vPortEnableVFP          0x080063c5          Code  Gb  portasm.o [1]
vPortEnterCritical      0x0800343f    0x32  Code  Gb  port.o [1]
vPortExitCritical       0x08003471    0x22  Code  Gb  port.o [1]
vPortFree               0x0800615b    0x46  Code  Gb  heap_4.o [1]
vPortStartFirstTask     0x080063ad          Code  Gb  portasm.o [1]
vPortValidateInterruptPriority
                        0x080034b9    0x42  Code  Gb  port.o [1]
vTaskDelay              0x080027a7    0x2a  Code  Gb  tasks.o [1]
vTaskMissedYield        0x08002b09     0xa  Code  Gb  tasks.o [1]
vTaskPlaceOnEventList   0x08002a17    0x22  Code  Gb  tasks.o [1]
vTaskPriorityInherit    0x08002bc9    0x76  Code  Gb  tasks.o [1]
vTaskSetTimeOutState    0x08002a91    0x20  Code  Gb  tasks.o [1]
vTaskStartScheduler     0x080027f5    0x54  Code  Gb  tasks.o [1]
vTaskSuspendAll         0x08002849     0xc  Code  Gb  tasks.o [1]
vTaskSwitchContext      0x080029c1    0x56  Code  Gb  tasks.o [1]
write_data_to_inner_flash
                        0x20005328     0x4  Data  Lc  app_ano.o [1]
write_motor             0x0800808f    0x48  Code  Gb  app_ctrl.o [1]
xBlockAllocatedBit      0x20000a34     0x4  Data  Lc  heap_4.o [1]
xDelayedTaskList1       0x20005034    0x14  Data  Lc  tasks.o [1]
xDelayedTaskList2       0x20005048    0x14  Data  Lc  tasks.o [1]
xFreeBytesRemaining     0x20000a2c     0x4  Data  Lc  heap_4.o [1]
xIdleTaskHandle         0x2000505c     0x4  Data  Lc  tasks.o [1]
xMinimumEverFreeBytesRemaining
                        0x20000a30     0x4  Data  Lc  heap_4.o [1]
xNextTaskUnblockTime    0x2000502c     0x4  Data  Lc  tasks.o [1]
xNumOfOverflows         0x20005024     0x4  Data  Lc  tasks.o [1]
xPendingReadyList       0x20004fc0    0x14  Data  Lc  tasks.o [1]
xPortStartScheduler     0x080033a5    0x88  Code  Gb  port.o [1]
xPortSysTickHandler     0x08003493    0x26  Code  Gb  port.o [1]
xQueueCreateCountingSemaphore
                        0x08002e6b    0x2e  Code  Gb  queue.o [1]
xQueueGenericCreate     0x08002e1d    0x38  Code  Gb  queue.o [1]
xQueueGenericReceive    0x08003053   0x14e  Code  Gb  queue.o [1]
xQueueGenericReset      0x08002da5    0x78  Code  Gb  queue.o [1]
xQueueGenericSend       0x08002e99   0x136  Code  Gb  queue.o [1]
xQueueGiveFromISR       0x08002fcf    0x70  Code  Gb  queue.o [1]
xQueueReceiveFromISR    0x080031a7    0x82  Code  Gb  queue.o [1]
xSchedulerRunning       0x20005018     0x4  Data  Lc  tasks.o [1]
xStart                  0x20000a20     0x8  Data  Lc  heap_4.o [1]
xSuspendedTaskList      0x20004ff8    0x14  Data  Lc  tasks.o [1]
xTaskCheckForTimeOut    0x08002ab1    0x58  Code  Gb  tasks.o [1]
xTaskCreate             0x08002631    0x58  Code  Gb  tasks.o [1]
xTaskGetSchedulerState  0x08002bb1    0x18  Code  Gb  tasks.o [1]
xTaskIncrementTick      0x080028f9    0xc8  Code  Gb  tasks.o [1]
xTaskPriorityDisinherit
                        0x08002c3f    0x82  Code  Gb  tasks.o [1]
xTaskRemoveFromEventList
                        0x08002a3d    0x4e  Code  Gb  tasks.o [1]
xTaskResumeAll          0x08002855    0x9c  Code  Gb  tasks.o [1]
xTasksWaitingTermination
                        0x20004fd4    0x14  Data  Lc  tasks.o [1]
xTickCount              0x20005010     0x4  Data  Lc  tasks.o [1]
xYieldPending           0x20005020     0x4  Data  Lc  tasks.o [1]
yaw_d                   0x20005230     0x4  Data  Gb  app_ano.o [1]
yaw_for_motor           0x200058a0     0x4  Data  Gb  app_ctrl.o [1]
yaw_i                   0x2000522c     0x4  Data  Gb  app_ano.o [1]
yaw_p                   0x20005228     0x4  Data  Gb  app_ano.o [1]


[1] = I:\DEVELOPE\LAN\CODE\SFOX_ZERO\SFOX_ZERO\EWARM\SFOX_ZERO\Obj
[2] = command line
[3] = dl7M_tlf.a
[4] = m7M_tls.a
[5] = rt7M_tl.a
[6] = shb_l.a

  36 916 bytes of readonly  code memory
     276 bytes of readonly  data memory
  24 288 bytes of readwrite data memory

Errors: none
Warnings: none
